<ff_energy.configmaker.ConfigMaker object at 0x7fcdf980f0a0>
<ff_energy.configmaker.ConfigMaker object at 0x7fcdccbb4730>
<ff_energy.configmaker.ConfigMaker object at 0x7fcdcca19490>
Running jobs:  0
Jobs:  76651
76651
water_cluster/pbe0dz/test459/coloumb
0/76651 = submitted job /home/boittier/homeb/water_cluster/pbe0dz/test459/coloumb/test459_1_2.sh to Slurm scheduler
water_cluster/pbe0dz/test459/coloumb
1/76651 = submitted job /home/boittier/homeb/water_cluster/pbe0dz/test459/coloumb/test459_1_3.sh to Slurm scheduler
water_cluster/pbe0dz/test459/coloumb
2/76651 = submitted job /home/boittier/homeb/water_cluster/pbe0dz/test459/coloumb/test459_1_4.sh to Slurm scheduler
water_cluster/pbe0dz/test459/coloumb
3/76651 = submitted job /home/boittier/homeb/water_cluster/pbe0dz/test459/coloumb/test459_1_5.sh to Slurm scheduler
water_cluster/pbe0dz/test459/coloumb
4/76651 = submitted job /home/boittier/homeb/water_cluster/pbe0dz/test459/coloumb/test459_1_6.sh to Slurm scheduler
water_cluster/pbe0dz/test459/coloumb
5/76651 = submitted job /home/boittier/homeb/water_cluster/pbe0dz/test459/coloumb/test459_1_7.sh to Slurm scheduler
water_cluster/pbe0dz/test459/coloumb
6/76651 = submitted job /home/boittier/homeb/water_cluster/pbe0dz/test459/coloumb/test459_1_8.sh to Slurm scheduler
water_cluster/pbe0dz/test459/coloumb
7/76651 = submitted job /home/boittier/homeb/water_cluster/pbe0dz/test459/coloumb/test459_1_9.sh to Slurm scheduler
water_cluster/pbe0dz/test459/coloumb
8/76651 = submitted job /home/boittier/homeb/water_cluster/pbe0dz/test459/coloumb/test459_1_10.sh to Slurm scheduler
water_cluster/pbe0dz/test459/coloumb
9/76651 = submitted job /home/boittier/homeb/water_cluster/pbe0dz/test459/coloumb/test459_1_11.sh to Slurm scheduler
water_cluster/pbe0dz/test459/coloumb
10/76651 = submitted job /home/boittier/homeb/water_cluster/pbe0dz/test459/coloumb/test459_1_12.sh to Slurm scheduler
water_cluster/pbe0dz/test459/coloumb
11/76651 = submitted job /home/boittier/homeb/water_cluster/pbe0dz/test459/coloumb/test459_1_13.sh to Slurm scheduler
water_cluster/pbe0dz/test459/coloumb
12/76651 = submitted job /home/boittier/homeb/water_cluster/pbe0dz/test459/coloumb/test459_1_14.sh to Slurm scheduler
water_cluster/pbe0dz/test459/coloumb
13/76651 = submitted job /home/boittier/homeb/water_cluster/pbe0dz/test459/coloumb/test459_1_15.sh to Slurm scheduler
water_cluster/pbe0dz/test459/coloumb
14/76651 = submitted job /home/boittier/homeb/water_cluster/pbe0dz/test459/coloumb/test459_1_16.sh to Slurm scheduler
water_cluster/pbe0dz/test459/coloumb
15/76651 = submitted job /home/boittier/homeb/water_cluster/pbe0dz/test459/coloumb/test459_1_17.sh to Slurm scheduler
water_cluster/pbe0dz/test459/coloumb
16/76651 = submitted job /home/boittier/homeb/water_cluster/pbe0dz/test459/coloumb/test459_1_18.sh to Slurm scheduler
water_cluster/pbe0dz/test459/coloumb
17/76651 = submitted job /home/boittier/homeb/water_cluster/pbe0dz/test459/coloumb/test459_1_19.sh to Slurm scheduler
water_cluster/pbe0dz/test459/coloumb
18/76651 = submitted job /home/boittier/homeb/water_cluster/pbe0dz/test459/coloumb/test459_1_20.sh to Slurm scheduler
water_cluster/pbe0dz/test459/coloumb
19/76651 = submitted job /home/boittier/homeb/water_cluster/pbe0dz/test459/coloumb/test459_2_3.sh to Slurm scheduler
water_cluster/pbe0dz/test459/coloumb
20/76651 = submitted job /home/boittier/homeb/water_cluster/pbe0dz/test459/coloumb/test459_2_4.sh to Slurm scheduler
water_cluster/pbe0dz/test459/coloumb
21/76651 = submitted job /home/boittier/homeb/water_cluster/pbe0dz/test459/coloumb/test459_2_5.sh to Slurm scheduler
water_cluster/pbe0dz/test459/coloumb
22/76651 = submitted job /home/boittier/homeb/water_cluster/pbe0dz/test459/coloumb/test459_2_6.sh to Slurm scheduler
water_cluster/pbe0dz/test459/coloumb
23/76651 = submitted job /home/boittier/homeb/water_cluster/pbe0dz/test459/coloumb/test459_2_7.sh to Slurm scheduler
water_cluster/pbe0dz/test459/coloumb
24/76651 = submitted job /home/boittier/homeb/water_cluster/pbe0dz/test459/coloumb/test459_2_8.sh to Slurm scheduler
water_cluster/pbe0dz/test459/coloumb
25/76651 = submitted job /home/boittier/homeb/water_cluster/pbe0dz/test459/coloumb/test459_2_9.sh to Slurm scheduler
water_cluster/pbe0dz/test459/coloumb
26/76651 = submitted job /home/boittier/homeb/water_cluster/pbe0dz/test459/coloumb/test459_2_10.sh to Slurm scheduler
water_cluster/pbe0dz/test459/coloumb
27/76651 = submitted job /home/boittier/homeb/water_cluster/pbe0dz/test459/coloumb/test459_2_11.sh to Slurm scheduler
water_cluster/pbe0dz/test459/coloumb
28/76651 = submitted job /home/boittier/homeb/water_cluster/pbe0dz/test459/coloumb/test459_2_12.sh to Slurm scheduler
water_cluster/pbe0dz/test459/coloumb
29/76651 = submitted job /home/boittier/homeb/water_cluster/pbe0dz/test459/coloumb/test459_2_13.sh to Slurm scheduler
water_cluster/pbe0dz/test459/coloumb
30/76651 = submitted job /home/boittier/homeb/water_cluster/pbe0dz/test459/coloumb/test459_2_14.sh to Slurm scheduler
water_cluster/pbe0dz/test459/coloumb
31/76651 = submitted job /home/boittier/homeb/water_cluster/pbe0dz/test459/coloumb/test459_2_15.sh to Slurm scheduler
water_cluster/pbe0dz/test459/coloumb
32/76651 = submitted job /home/boittier/homeb/water_cluster/pbe0dz/test459/coloumb/test459_2_16.sh to Slurm scheduler
water_cluster/pbe0dz/test459/coloumb
33/76651 = submitted job /home/boittier/homeb/water_cluster/pbe0dz/test459/coloumb/test459_2_17.sh to Slurm scheduler
water_cluster/pbe0dz/test459/coloumb
34/76651 = submitted job /home/boittier/homeb/water_cluster/pbe0dz/test459/coloumb/test459_2_18.sh to Slurm scheduler
water_cluster/pbe0dz/test459/coloumb
35/76651 = submitted job /home/boittier/homeb/water_cluster/pbe0dz/test459/coloumb/test459_2_19.sh to Slurm scheduler
water_cluster/pbe0dz/test459/coloumb
36/76651 = submitted job /home/boittier/homeb/water_cluster/pbe0dz/test459/coloumb/test459_2_20.sh to Slurm scheduler
water_cluster/pbe0dz/test459/coloumb
37/76651 = submitted job /home/boittier/homeb/water_cluster/pbe0dz/test459/coloumb/test459_3_4.sh to Slurm scheduler
water_cluster/pbe0dz/test459/coloumb
38/76651 = submitted job /home/boittier/homeb/water_cluster/pbe0dz/test459/coloumb/test459_3_5.sh to Slurm scheduler
water_cluster/pbe0dz/test459/coloumb
39/76651 = submitted job /home/boittier/homeb/water_cluster/pbe0dz/test459/coloumb/test459_3_6.sh to Slurm scheduler
water_cluster/pbe0dz/test459/coloumb
40/76651 = submitted job /home/boittier/homeb/water_cluster/pbe0dz/test459/coloumb/test459_3_7.sh to Slurm scheduler
water_cluster/pbe0dz/test459/coloumb
41/76651 = submitted job /home/boittier/homeb/water_cluster/pbe0dz/test459/coloumb/test459_3_8.sh to Slurm scheduler
water_cluster/pbe0dz/test459/coloumb
42/76651 = submitted job /home/boittier/homeb/water_cluster/pbe0dz/test459/coloumb/test459_3_9.sh to Slurm scheduler
water_cluster/pbe0dz/test459/coloumb
43/76651 = submitted job /home/boittier/homeb/water_cluster/pbe0dz/test459/coloumb/test459_3_10.sh to Slurm scheduler
water_cluster/pbe0dz/test459/coloumb
44/76651 = submitted job /home/boittier/homeb/water_cluster/pbe0dz/test459/coloumb/test459_3_11.sh to Slurm scheduler
water_cluster/pbe0dz/test459/coloumb
45/76651 = submitted job /home/boittier/homeb/water_cluster/pbe0dz/test459/coloumb/test459_3_12.sh to Slurm scheduler
water_cluster/pbe0dz/test459/coloumb
46/76651 = submitted job /home/boittier/homeb/water_cluster/pbe0dz/test459/coloumb/test459_3_13.sh to Slurm scheduler
water_cluster/pbe0dz/test459/coloumb
47/76651 = submitted job /home/boittier/homeb/water_cluster/pbe0dz/test459/coloumb/test459_3_14.sh to Slurm scheduler
water_cluster/pbe0dz/test459/coloumb
48/76651 = submitted job /home/boittier/homeb/water_cluster/pbe0dz/test459/coloumb/test459_3_15.sh to Slurm scheduler
water_cluster/pbe0dz/test459/coloumb
49/76651 = submitted job /home/boittier/homeb/water_cluster/pbe0dz/test459/coloumb/test459_3_16.sh to Slurm scheduler
water_cluster/pbe0dz/test459/coloumb
50/76651 = submitted job /home/boittier/homeb/water_cluster/pbe0dz/test459/coloumb/test459_3_17.sh to Slurm scheduler
water_cluster/pbe0dz/test459/coloumb
51/76651 = submitted job /home/boittier/homeb/water_cluster/pbe0dz/test459/coloumb/test459_3_18.sh to Slurm scheduler
water_cluster/pbe0dz/test459/coloumb
52/76651 = submitted job /home/boittier/homeb/water_cluster/pbe0dz/test459/coloumb/test459_3_19.sh to Slurm scheduler
water_cluster/pbe0dz/test459/coloumb
53/76651 = submitted job /home/boittier/homeb/water_cluster/pbe0dz/test459/coloumb/test459_3_20.sh to Slurm scheduler
water_cluster/pbe0dz/test459/coloumb
54/76651 = submitted job /home/boittier/homeb/water_cluster/pbe0dz/test459/coloumb/test459_4_5.sh to Slurm scheduler
water_cluster/pbe0dz/test459/coloumb
55/76651 = submitted job /home/boittier/homeb/water_cluster/pbe0dz/test459/coloumb/test459_4_6.sh to Slurm scheduler
water_cluster/pbe0dz/test459/coloumb
56/76651 = submitted job /home/boittier/homeb/water_cluster/pbe0dz/test459/coloumb/test459_4_7.sh to Slurm scheduler
water_cluster/pbe0dz/test459/coloumb
57/76651 = submitted job /home/boittier/homeb/water_cluster/pbe0dz/test459/coloumb/test459_4_8.sh to Slurm scheduler
water_cluster/pbe0dz/test459/coloumb
58/76651 = submitted job /home/boittier/homeb/water_cluster/pbe0dz/test459/coloumb/test459_4_9.sh to Slurm scheduler
water_cluster/pbe0dz/test459/coloumb
59/76651 = submitted job /home/boittier/homeb/water_cluster/pbe0dz/test459/coloumb/test459_4_10.sh to Slurm scheduler
water_cluster/pbe0dz/test459/coloumb
60/76651 = submitted job /home/boittier/homeb/water_cluster/pbe0dz/test459/coloumb/test459_4_11.sh to Slurm scheduler
water_cluster/pbe0dz/test459/coloumb
61/76651 = submitted job /home/boittier/homeb/water_cluster/pbe0dz/test459/coloumb/test459_4_12.sh to Slurm scheduler
water_cluster/pbe0dz/test459/coloumb
62/76651 = submitted job /home/boittier/homeb/water_cluster/pbe0dz/test459/coloumb/test459_4_13.sh to Slurm scheduler
water_cluster/pbe0dz/test459/coloumb
63/76651 = submitted job /home/boittier/homeb/water_cluster/pbe0dz/test459/coloumb/test459_4_14.sh to Slurm scheduler
water_cluster/pbe0dz/test459/coloumb
64/76651 = submitted job /home/boittier/homeb/water_cluster/pbe0dz/test459/coloumb/test459_4_15.sh to Slurm scheduler
water_cluster/pbe0dz/test459/coloumb
65/76651 = submitted job /home/boittier/homeb/water_cluster/pbe0dz/test459/coloumb/test459_4_16.sh to Slurm scheduler
water_cluster/pbe0dz/test459/coloumb
66/76651 = submitted job /home/boittier/homeb/water_cluster/pbe0dz/test459/coloumb/test459_4_17.sh to Slurm scheduler
water_cluster/pbe0dz/test459/coloumb
67/76651 = submitted job /home/boittier/homeb/water_cluster/pbe0dz/test459/coloumb/test459_4_18.sh to Slurm scheduler
water_cluster/pbe0dz/test459/coloumb
68/76651 = submitted job /home/boittier/homeb/water_cluster/pbe0dz/test459/coloumb/test459_4_19.sh to Slurm scheduler
water_cluster/pbe0dz/test459/coloumb
69/76651 = submitted job /home/boittier/homeb/water_cluster/pbe0dz/test459/coloumb/test459_4_20.sh to Slurm scheduler
water_cluster/pbe0dz/test459/coloumb
70/76651 = submitted job /home/boittier/homeb/water_cluster/pbe0dz/test459/coloumb/test459_5_6.sh to Slurm scheduler
water_cluster/pbe0dz/test459/coloumb
71/76651 = submitted job /home/boittier/homeb/water_cluster/pbe0dz/test459/coloumb/test459_5_7.sh to Slurm scheduler
water_cluster/pbe0dz/test459/coloumb
72/76651 = submitted job /home/boittier/homeb/water_cluster/pbe0dz/test459/coloumb/test459_5_8.sh to Slurm scheduler
water_cluster/pbe0dz/test459/coloumb
73/76651 = submitted job /home/boittier/homeb/water_cluster/pbe0dz/test459/coloumb/test459_5_9.sh to Slurm scheduler
water_cluster/pbe0dz/test459/coloumb
74/76651 = submitted job /home/boittier/homeb/water_cluster/pbe0dz/test459/coloumb/test459_5_10.sh to Slurm scheduler
water_cluster/pbe0dz/test459/coloumb
75/76651 = submitted job /home/boittier/homeb/water_cluster/pbe0dz/test459/coloumb/test459_5_11.sh to Slurm scheduler
water_cluster/pbe0dz/test459/coloumb
76/76651 = submitted job /home/boittier/homeb/water_cluster/pbe0dz/test459/coloumb/test459_5_12.sh to Slurm scheduler
water_cluster/pbe0dz/test459/coloumb
77/76651 = submitted job /home/boittier/homeb/water_cluster/pbe0dz/test459/coloumb/test459_5_13.sh to Slurm scheduler
water_cluster/pbe0dz/test459/coloumb
78/76651 = submitted job /home/boittier/homeb/water_cluster/pbe0dz/test459/coloumb/test459_5_14.sh to Slurm scheduler
water_cluster/pbe0dz/test459/coloumb
79/76651 = submitted job /home/boittier/homeb/water_cluster/pbe0dz/test459/coloumb/test459_5_15.sh to Slurm scheduler
water_cluster/pbe0dz/test459/coloumb
80/76651 = submitted job /home/boittier/homeb/water_cluster/pbe0dz/test459/coloumb/test459_5_16.sh to Slurm scheduler
water_cluster/pbe0dz/test459/coloumb
81/76651 = submitted job /home/boittier/homeb/water_cluster/pbe0dz/test459/coloumb/test459_5_17.sh to Slurm scheduler
water_cluster/pbe0dz/test459/coloumb
82/76651 = submitted job /home/boittier/homeb/water_cluster/pbe0dz/test459/coloumb/test459_5_18.sh to Slurm scheduler
water_cluster/pbe0dz/test459/coloumb
83/76651 = submitted job /home/boittier/homeb/water_cluster/pbe0dz/test459/coloumb/test459_5_19.sh to Slurm scheduler
water_cluster/pbe0dz/test459/coloumb
84/76651 = submitted job /home/boittier/homeb/water_cluster/pbe0dz/test459/coloumb/test459_5_20.sh to Slurm scheduler
water_cluster/pbe0dz/test459/coloumb
85/76651 = submitted job /home/boittier/homeb/water_cluster/pbe0dz/test459/coloumb/test459_6_7.sh to Slurm scheduler
water_cluster/pbe0dz/test459/coloumb
86/76651 = submitted job /home/boittier/homeb/water_cluster/pbe0dz/test459/coloumb/test459_6_8.sh to Slurm scheduler
water_cluster/pbe0dz/test459/coloumb
87/76651 = submitted job /home/boittier/homeb/water_cluster/pbe0dz/test459/coloumb/test459_6_9.sh to Slurm scheduler
water_cluster/pbe0dz/test459/coloumb
88/76651 = submitted job /home/boittier/homeb/water_cluster/pbe0dz/test459/coloumb/test459_6_10.sh to Slurm scheduler
water_cluster/pbe0dz/test459/coloumb
89/76651 = submitted job /home/boittier/homeb/water_cluster/pbe0dz/test459/coloumb/test459_6_11.sh to Slurm scheduler
water_cluster/pbe0dz/test459/coloumb
90/76651 = submitted job /home/boittier/homeb/water_cluster/pbe0dz/test459/coloumb/test459_6_12.sh to Slurm scheduler
water_cluster/pbe0dz/test459/coloumb
91/76651 = submitted job /home/boittier/homeb/water_cluster/pbe0dz/test459/coloumb/test459_6_13.sh to Slurm scheduler
water_cluster/pbe0dz/test459/coloumb
92/76651 = submitted job /home/boittier/homeb/water_cluster/pbe0dz/test459/coloumb/test459_6_14.sh to Slurm scheduler
water_cluster/pbe0dz/test459/coloumb
93/76651 = submitted job /home/boittier/homeb/water_cluster/pbe0dz/test459/coloumb/test459_6_15.sh to Slurm scheduler
water_cluster/pbe0dz/test459/coloumb
94/76651 = submitted job /home/boittier/homeb/water_cluster/pbe0dz/test459/coloumb/test459_6_16.sh to Slurm scheduler
water_cluster/pbe0dz/test459/coloumb
95/76651 = submitted job /home/boittier/homeb/water_cluster/pbe0dz/test459/coloumb/test459_6_17.sh to Slurm scheduler
water_cluster/pbe0dz/test459/coloumb
96/76651 = submitted job /home/boittier/homeb/water_cluster/pbe0dz/test459/coloumb/test459_6_18.sh to Slurm scheduler
water_cluster/pbe0dz/test459/coloumb
97/76651 = submitted job /home/boittier/homeb/water_cluster/pbe0dz/test459/coloumb/test459_6_19.sh to Slurm scheduler
water_cluster/pbe0dz/test459/coloumb
98/76651 = submitted job /home/boittier/homeb/water_cluster/pbe0dz/test459/coloumb/test459_6_20.sh to Slurm scheduler
water_cluster/pbe0dz/test459/coloumb
99/76651 = submitted job /home/boittier/homeb/water_cluster/pbe0dz/test459/coloumb/test459_7_8.sh to Slurm scheduler
water_cluster/pbe0dz/test459/coloumb
100/76651 = submitted job /home/boittier/homeb/water_cluster/pbe0dz/test459/coloumb/test459_7_9.sh to Slurm scheduler
water_cluster/pbe0dz/test459/coloumb
101/76651 = submitted job /home/boittier/homeb/water_cluster/pbe0dz/test459/coloumb/test459_7_10.sh to Slurm scheduler
water_cluster/pbe0dz/test459/coloumb
102/76651 = submitted job /home/boittier/homeb/water_cluster/pbe0dz/test459/coloumb/test459_7_11.sh to Slurm scheduler
water_cluster/pbe0dz/test459/coloumb
103/76651 = submitted job /home/boittier/homeb/water_cluster/pbe0dz/test459/coloumb/test459_7_12.sh to Slurm scheduler
water_cluster/pbe0dz/test459/coloumb
104/76651 = submitted job /home/boittier/homeb/water_cluster/pbe0dz/test459/coloumb/test459_7_13.sh to Slurm scheduler
water_cluster/pbe0dz/test459/coloumb
105/76651 = submitted job /home/boittier/homeb/water_cluster/pbe0dz/test459/coloumb/test459_7_14.sh to Slurm scheduler
water_cluster/pbe0dz/test459/coloumb
106/76651 = submitted job /home/boittier/homeb/water_cluster/pbe0dz/test459/coloumb/test459_7_15.sh to Slurm scheduler
water_cluster/pbe0dz/test459/coloumb
107/76651 = submitted job /home/boittier/homeb/water_cluster/pbe0dz/test459/coloumb/test459_7_16.sh to Slurm scheduler
water_cluster/pbe0dz/test459/coloumb
108/76651 = submitted job /home/boittier/homeb/water_cluster/pbe0dz/test459/coloumb/test459_7_17.sh to Slurm scheduler
water_cluster/pbe0dz/test459/coloumb
109/76651 = submitted job /home/boittier/homeb/water_cluster/pbe0dz/test459/coloumb/test459_7_18.sh to Slurm scheduler
water_cluster/pbe0dz/test459/coloumb
110/76651 = submitted job /home/boittier/homeb/water_cluster/pbe0dz/test459/coloumb/test459_7_19.sh to Slurm scheduler
water_cluster/pbe0dz/test459/coloumb
111/76651 = submitted job /home/boittier/homeb/water_cluster/pbe0dz/test459/coloumb/test459_7_20.sh to Slurm scheduler
water_cluster/pbe0dz/test459/coloumb
112/76651 = submitted job /home/boittier/homeb/water_cluster/pbe0dz/test459/coloumb/test459_8_9.sh to Slurm scheduler
water_cluster/pbe0dz/test459/coloumb
113/76651 = submitted job /home/boittier/homeb/water_cluster/pbe0dz/test459/coloumb/test459_8_10.sh to Slurm scheduler
water_cluster/pbe0dz/test459/coloumb
114/76651 = submitted job /home/boittier/homeb/water_cluster/pbe0dz/test459/coloumb/test459_8_11.sh to Slurm scheduler
water_cluster/pbe0dz/test459/coloumb
115/76651 = submitted job /home/boittier/homeb/water_cluster/pbe0dz/test459/coloumb/test459_8_12.sh to Slurm scheduler
water_cluster/pbe0dz/test459/coloumb
116/76651 = submitted job /home/boittier/homeb/water_cluster/pbe0dz/test459/coloumb/test459_8_13.sh to Slurm scheduler
water_cluster/pbe0dz/test459/coloumb
117/76651 = submitted job /home/boittier/homeb/water_cluster/pbe0dz/test459/coloumb/test459_8_14.sh to Slurm scheduler
water_cluster/pbe0dz/test459/coloumb
118/76651 = submitted job /home/boittier/homeb/water_cluster/pbe0dz/test459/coloumb/test459_8_15.sh to Slurm scheduler
water_cluster/pbe0dz/test459/coloumb
119/76651 = submitted job /home/boittier/homeb/water_cluster/pbe0dz/test459/coloumb/test459_8_16.sh to Slurm scheduler
water_cluster/pbe0dz/test459/coloumb
120/76651 = submitted job /home/boittier/homeb/water_cluster/pbe0dz/test459/coloumb/test459_8_17.sh to Slurm scheduler
water_cluster/pbe0dz/test459/coloumb
121/76651 = submitted job /home/boittier/homeb/water_cluster/pbe0dz/test459/coloumb/test459_8_18.sh to Slurm scheduler
water_cluster/pbe0dz/test459/coloumb
122/76651 = submitted job /home/boittier/homeb/water_cluster/pbe0dz/test459/coloumb/test459_8_19.sh to Slurm scheduler
water_cluster/pbe0dz/test459/coloumb
123/76651 = submitted job /home/boittier/homeb/water_cluster/pbe0dz/test459/coloumb/test459_8_20.sh to Slurm scheduler
water_cluster/pbe0dz/test459/coloumb
124/76651 = submitted job /home/boittier/homeb/water_cluster/pbe0dz/test459/coloumb/test459_9_10.sh to Slurm scheduler
water_cluster/pbe0dz/test459/coloumb
125/76651 = submitted job /home/boittier/homeb/water_cluster/pbe0dz/test459/coloumb/test459_9_11.sh to Slurm scheduler
water_cluster/pbe0dz/test459/coloumb
126/76651 = submitted job /home/boittier/homeb/water_cluster/pbe0dz/test459/coloumb/test459_9_12.sh to Slurm scheduler
water_cluster/pbe0dz/test459/coloumb
127/76651 = submitted job /home/boittier/homeb/water_cluster/pbe0dz/test459/coloumb/test459_9_13.sh to Slurm scheduler
water_cluster/pbe0dz/test459/coloumb
128/76651 = submitted job /home/boittier/homeb/water_cluster/pbe0dz/test459/coloumb/test459_9_14.sh to Slurm scheduler
water_cluster/pbe0dz/test459/coloumb
129/76651 = submitted job /home/boittier/homeb/water_cluster/pbe0dz/test459/coloumb/test459_9_15.sh to Slurm scheduler
water_cluster/pbe0dz/test459/coloumb
130/76651 = submitted job /home/boittier/homeb/water_cluster/pbe0dz/test459/coloumb/test459_9_16.sh to Slurm scheduler
water_cluster/pbe0dz/test459/coloumb
131/76651 = submitted job /home/boittier/homeb/water_cluster/pbe0dz/test459/coloumb/test459_9_17.sh to Slurm scheduler
water_cluster/pbe0dz/test459/coloumb
132/76651 = submitted job /home/boittier/homeb/water_cluster/pbe0dz/test459/coloumb/test459_9_18.sh to Slurm scheduler
water_cluster/pbe0dz/test459/coloumb
133/76651 = submitted job /home/boittier/homeb/water_cluster/pbe0dz/test459/coloumb/test459_9_19.sh to Slurm scheduler
water_cluster/pbe0dz/test459/coloumb
134/76651 = submitted job /home/boittier/homeb/water_cluster/pbe0dz/test459/coloumb/test459_9_20.sh to Slurm scheduler
water_cluster/pbe0dz/test459/coloumb
135/76651 = submitted job /home/boittier/homeb/water_cluster/pbe0dz/test459/coloumb/test459_10_11.sh to Slurm scheduler
water_cluster/pbe0dz/test459/coloumb
136/76651 = submitted job /home/boittier/homeb/water_cluster/pbe0dz/test459/coloumb/test459_10_12.sh to Slurm scheduler
water_cluster/pbe0dz/test459/coloumb
137/76651 = submitted job /home/boittier/homeb/water_cluster/pbe0dz/test459/coloumb/test459_10_13.sh to Slurm scheduler
water_cluster/pbe0dz/test459/coloumb
138/76651 = submitted job /home/boittier/homeb/water_cluster/pbe0dz/test459/coloumb/test459_10_14.sh to Slurm scheduler
water_cluster/pbe0dz/test459/coloumb
139/76651 = submitted job /home/boittier/homeb/water_cluster/pbe0dz/test459/coloumb/test459_10_15.sh to Slurm scheduler
water_cluster/pbe0dz/test459/coloumb
140/76651 = submitted job /home/boittier/homeb/water_cluster/pbe0dz/test459/coloumb/test459_10_16.sh to Slurm scheduler
water_cluster/pbe0dz/test459/coloumb
141/76651 = submitted job /home/boittier/homeb/water_cluster/pbe0dz/test459/coloumb/test459_10_17.sh to Slurm scheduler
water_cluster/pbe0dz/test459/coloumb
142/76651 = submitted job /home/boittier/homeb/water_cluster/pbe0dz/test459/coloumb/test459_10_18.sh to Slurm scheduler
water_cluster/pbe0dz/test459/coloumb
143/76651 = submitted job /home/boittier/homeb/water_cluster/pbe0dz/test459/coloumb/test459_10_19.sh to Slurm scheduler
water_cluster/pbe0dz/test459/coloumb
144/76651 = submitted job /home/boittier/homeb/water_cluster/pbe0dz/test459/coloumb/test459_10_20.sh to Slurm scheduler
water_cluster/pbe0dz/test459/coloumb
145/76651 = submitted job /home/boittier/homeb/water_cluster/pbe0dz/test459/coloumb/test459_11_12.sh to Slurm scheduler
water_cluster/pbe0dz/test459/coloumb
146/76651 = submitted job /home/boittier/homeb/water_cluster/pbe0dz/test459/coloumb/test459_11_13.sh to Slurm scheduler
water_cluster/pbe0dz/test459/coloumb
147/76651 = submitted job /home/boittier/homeb/water_cluster/pbe0dz/test459/coloumb/test459_11_14.sh to Slurm scheduler
water_cluster/pbe0dz/test459/coloumb
148/76651 = submitted job /home/boittier/homeb/water_cluster/pbe0dz/test459/coloumb/test459_11_15.sh to Slurm scheduler
water_cluster/pbe0dz/test459/coloumb
149/76651 = submitted job /home/boittier/homeb/water_cluster/pbe0dz/test459/coloumb/test459_11_16.sh to Slurm scheduler
water_cluster/pbe0dz/test459/coloumb
150/76651 = submitted job /home/boittier/homeb/water_cluster/pbe0dz/test459/coloumb/test459_11_17.sh to Slurm scheduler
water_cluster/pbe0dz/test459/coloumb
151/76651 = submitted job /home/boittier/homeb/water_cluster/pbe0dz/test459/coloumb/test459_11_18.sh to Slurm scheduler
water_cluster/pbe0dz/test459/coloumb
152/76651 = submitted job /home/boittier/homeb/water_cluster/pbe0dz/test459/coloumb/test459_11_19.sh to Slurm scheduler
water_cluster/pbe0dz/test459/coloumb
153/76651 = submitted job /home/boittier/homeb/water_cluster/pbe0dz/test459/coloumb/test459_11_20.sh to Slurm scheduler
water_cluster/pbe0dz/test459/coloumb
154/76651 = submitted job /home/boittier/homeb/water_cluster/pbe0dz/test459/coloumb/test459_12_13.sh to Slurm scheduler
water_cluster/pbe0dz/test459/coloumb
155/76651 = submitted job /home/boittier/homeb/water_cluster/pbe0dz/test459/coloumb/test459_12_14.sh to Slurm scheduler
water_cluster/pbe0dz/test459/coloumb
156/76651 = submitted job /home/boittier/homeb/water_cluster/pbe0dz/test459/coloumb/test459_12_15.sh to Slurm scheduler
water_cluster/pbe0dz/test459/coloumb
157/76651 = submitted job /home/boittier/homeb/water_cluster/pbe0dz/test459/coloumb/test459_12_16.sh to Slurm scheduler
water_cluster/pbe0dz/test459/coloumb
158/76651 = submitted job /home/boittier/homeb/water_cluster/pbe0dz/test459/coloumb/test459_12_17.sh to Slurm scheduler
water_cluster/pbe0dz/test459/coloumb
159/76651 = submitted job /home/boittier/homeb/water_cluster/pbe0dz/test459/coloumb/test459_12_18.sh to Slurm scheduler
water_cluster/pbe0dz/test459/coloumb
160/76651 = submitted job /home/boittier/homeb/water_cluster/pbe0dz/test459/coloumb/test459_12_19.sh to Slurm scheduler
water_cluster/pbe0dz/test459/coloumb
161/76651 = submitted job /home/boittier/homeb/water_cluster/pbe0dz/test459/coloumb/test459_12_20.sh to Slurm scheduler
water_cluster/pbe0dz/test459/coloumb
162/76651 = submitted job /home/boittier/homeb/water_cluster/pbe0dz/test459/coloumb/test459_13_14.sh to Slurm scheduler
water_cluster/pbe0dz/test459/coloumb
163/76651 = submitted job /home/boittier/homeb/water_cluster/pbe0dz/test459/coloumb/test459_13_15.sh to Slurm scheduler
water_cluster/pbe0dz/test459/coloumb
164/76651 = submitted job /home/boittier/homeb/water_cluster/pbe0dz/test459/coloumb/test459_13_16.sh to Slurm scheduler
water_cluster/pbe0dz/test459/coloumb
165/76651 = submitted job /home/boittier/homeb/water_cluster/pbe0dz/test459/coloumb/test459_13_17.sh to Slurm scheduler
water_cluster/pbe0dz/test459/coloumb
166/76651 = submitted job /home/boittier/homeb/water_cluster/pbe0dz/test459/coloumb/test459_13_18.sh to Slurm scheduler
water_cluster/pbe0dz/test459/coloumb
167/76651 = submitted job /home/boittier/homeb/water_cluster/pbe0dz/test459/coloumb/test459_13_19.sh to Slurm scheduler
water_cluster/pbe0dz/test459/coloumb
168/76651 = submitted job /home/boittier/homeb/water_cluster/pbe0dz/test459/coloumb/test459_13_20.sh to Slurm scheduler
water_cluster/pbe0dz/test459/coloumb
169/76651 = submitted job /home/boittier/homeb/water_cluster/pbe0dz/test459/coloumb/test459_14_15.sh to Slurm scheduler
water_cluster/pbe0dz/test459/coloumb
170/76651 = submitted job /home/boittier/homeb/water_cluster/pbe0dz/test459/coloumb/test459_14_16.sh to Slurm scheduler
water_cluster/pbe0dz/test459/coloumb
171/76651 = submitted job /home/boittier/homeb/water_cluster/pbe0dz/test459/coloumb/test459_14_17.sh to Slurm scheduler
water_cluster/pbe0dz/test459/coloumb
172/76651 = submitted job /home/boittier/homeb/water_cluster/pbe0dz/test459/coloumb/test459_14_18.sh to Slurm scheduler
water_cluster/pbe0dz/test459/coloumb
173/76651 = submitted job /home/boittier/homeb/water_cluster/pbe0dz/test459/coloumb/test459_14_19.sh to Slurm scheduler
water_cluster/pbe0dz/test459/coloumb
174/76651 = submitted job /home/boittier/homeb/water_cluster/pbe0dz/test459/coloumb/test459_14_20.sh to Slurm scheduler
water_cluster/pbe0dz/test459/coloumb
175/76651 = submitted job /home/boittier/homeb/water_cluster/pbe0dz/test459/coloumb/test459_15_16.sh to Slurm scheduler
water_cluster/pbe0dz/test459/coloumb
176/76651 = submitted job /home/boittier/homeb/water_cluster/pbe0dz/test459/coloumb/test459_15_17.sh to Slurm scheduler
water_cluster/pbe0dz/test459/coloumb
177/76651 = submitted job /home/boittier/homeb/water_cluster/pbe0dz/test459/coloumb/test459_15_18.sh to Slurm scheduler
water_cluster/pbe0dz/test459/coloumb
178/76651 = submitted job /home/boittier/homeb/water_cluster/pbe0dz/test459/coloumb/test459_15_19.sh to Slurm scheduler
water_cluster/pbe0dz/test459/coloumb
179/76651 = submitted job /home/boittier/homeb/water_cluster/pbe0dz/test459/coloumb/test459_15_20.sh to Slurm scheduler
water_cluster/pbe0dz/test459/coloumb
180/76651 = submitted job /home/boittier/homeb/water_cluster/pbe0dz/test459/coloumb/test459_16_17.sh to Slurm scheduler
water_cluster/pbe0dz/test459/coloumb
181/76651 = submitted job /home/boittier/homeb/water_cluster/pbe0dz/test459/coloumb/test459_16_18.sh to Slurm scheduler
water_cluster/pbe0dz/test459/coloumb
182/76651 = submitted job /home/boittier/homeb/water_cluster/pbe0dz/test459/coloumb/test459_16_19.sh to Slurm scheduler
water_cluster/pbe0dz/test459/coloumb
183/76651 = submitted job /home/boittier/homeb/water_cluster/pbe0dz/test459/coloumb/test459_16_20.sh to Slurm scheduler
water_cluster/pbe0dz/test459/coloumb
184/76651 = submitted job /home/boittier/homeb/water_cluster/pbe0dz/test459/coloumb/test459_17_18.sh to Slurm scheduler
water_cluster/pbe0dz/test459/coloumb
185/76651 = submitted job /home/boittier/homeb/water_cluster/pbe0dz/test459/coloumb/test459_17_19.sh to Slurm scheduler
water_cluster/pbe0dz/test459/coloumb
186/76651 = submitted job /home/boittier/homeb/water_cluster/pbe0dz/test459/coloumb/test459_17_20.sh to Slurm scheduler
water_cluster/pbe0dz/test459/coloumb
187/76651 = submitted job /home/boittier/homeb/water_cluster/pbe0dz/test459/coloumb/test459_18_19.sh to Slurm scheduler
water_cluster/pbe0dz/test459/coloumb
188/76651 = submitted job /home/boittier/homeb/water_cluster/pbe0dz/test459/coloumb/test459_18_20.sh to Slurm scheduler
water_cluster/pbe0dz/test459/coloumb
189/76651 = submitted job /home/boittier/homeb/water_cluster/pbe0dz/test459/coloumb/test459_19_20.sh to Slurm scheduler
water_cluster/pbe0dz/test471/coloumb
190/76651 = submitted job /home/boittier/homeb/water_cluster/pbe0dz/test471/coloumb/test471_1_2.sh to Slurm scheduler
water_cluster/pbe0dz/test471/coloumb
191/76651 = submitted job /home/boittier/homeb/water_cluster/pbe0dz/test471/coloumb/test471_1_3.sh to Slurm scheduler
water_cluster/pbe0dz/test471/coloumb
192/76651 = submitted job /home/boittier/homeb/water_cluster/pbe0dz/test471/coloumb/test471_1_4.sh to Slurm scheduler
water_cluster/pbe0dz/test471/coloumb
193/76651 = submitted job /home/boittier/homeb/water_cluster/pbe0dz/test471/coloumb/test471_1_5.sh to Slurm scheduler
water_cluster/pbe0dz/test471/coloumb
194/76651 = submitted job /home/boittier/homeb/water_cluster/pbe0dz/test471/coloumb/test471_1_6.sh to Slurm scheduler
water_cluster/pbe0dz/test471/coloumb
195/76651 = submitted job /home/boittier/homeb/water_cluster/pbe0dz/test471/coloumb/test471_1_7.sh to Slurm scheduler
water_cluster/pbe0dz/test471/coloumb
196/76651 = submitted job /home/boittier/homeb/water_cluster/pbe0dz/test471/coloumb/test471_1_8.sh to Slurm scheduler
water_cluster/pbe0dz/test471/coloumb
197/76651 = submitted job /home/boittier/homeb/water_cluster/pbe0dz/test471/coloumb/test471_1_9.sh to Slurm scheduler
water_cluster/pbe0dz/test471/coloumb
198/76651 = submitted job /home/boittier/homeb/water_cluster/pbe0dz/test471/coloumb/test471_1_10.sh to Slurm scheduler
water_cluster/pbe0dz/test471/coloumb
199/76651 = submitted job /home/boittier/homeb/water_cluster/pbe0dz/test471/coloumb/test471_1_11.sh to Slurm scheduler
water_cluster/pbe0dz/test471/coloumb
200/76651 = submitted job /home/boittier/homeb/water_cluster/pbe0dz/test471/coloumb/test471_1_12.sh to Slurm scheduler
water_cluster/pbe0dz/test471/coloumb
201/76651 = submitted job /home/boittier/homeb/water_cluster/pbe0dz/test471/coloumb/test471_1_13.sh to Slurm scheduler
water_cluster/pbe0dz/test471/coloumb
202/76651 = submitted job /home/boittier/homeb/water_cluster/pbe0dz/test471/coloumb/test471_1_14.sh to Slurm scheduler
water_cluster/pbe0dz/test471/coloumb
203/76651 = submitted job /home/boittier/homeb/water_cluster/pbe0dz/test471/coloumb/test471_1_15.sh to Slurm scheduler
water_cluster/pbe0dz/test471/coloumb
204/76651 = submitted job /home/boittier/homeb/water_cluster/pbe0dz/test471/coloumb/test471_1_16.sh to Slurm scheduler
water_cluster/pbe0dz/test471/coloumb
205/76651 = submitted job /home/boittier/homeb/water_cluster/pbe0dz/test471/coloumb/test471_1_17.sh to Slurm scheduler
water_cluster/pbe0dz/test471/coloumb
206/76651 = submitted job /home/boittier/homeb/water_cluster/pbe0dz/test471/coloumb/test471_1_18.sh to Slurm scheduler
water_cluster/pbe0dz/test471/coloumb
207/76651 = submitted job /home/boittier/homeb/water_cluster/pbe0dz/test471/coloumb/test471_1_19.sh to Slurm scheduler
water_cluster/pbe0dz/test471/coloumb
208/76651 = submitted job /home/boittier/homeb/water_cluster/pbe0dz/test471/coloumb/test471_1_20.sh to Slurm scheduler
water_cluster/pbe0dz/test471/coloumb
209/76651 = submitted job /home/boittier/homeb/water_cluster/pbe0dz/test471/coloumb/test471_2_3.sh to Slurm scheduler
water_cluster/pbe0dz/test471/coloumb
210/76651 = submitted job /home/boittier/homeb/water_cluster/pbe0dz/test471/coloumb/test471_2_4.sh to Slurm scheduler
water_cluster/pbe0dz/test471/coloumb
211/76651 = submitted job /home/boittier/homeb/water_cluster/pbe0dz/test471/coloumb/test471_2_5.sh to Slurm scheduler
water_cluster/pbe0dz/test471/coloumb
212/76651 = submitted job /home/boittier/homeb/water_cluster/pbe0dz/test471/coloumb/test471_2_6.sh to Slurm scheduler
water_cluster/pbe0dz/test471/coloumb
213/76651 = submitted job /home/boittier/homeb/water_cluster/pbe0dz/test471/coloumb/test471_2_7.sh to Slurm scheduler
water_cluster/pbe0dz/test471/coloumb
214/76651 = submitted job /home/boittier/homeb/water_cluster/pbe0dz/test471/coloumb/test471_2_8.sh to Slurm scheduler
water_cluster/pbe0dz/test471/coloumb
215/76651 = submitted job /home/boittier/homeb/water_cluster/pbe0dz/test471/coloumb/test471_2_9.sh to Slurm scheduler
water_cluster/pbe0dz/test471/coloumb
216/76651 = submitted job /home/boittier/homeb/water_cluster/pbe0dz/test471/coloumb/test471_2_10.sh to Slurm scheduler
water_cluster/pbe0dz/test471/coloumb
217/76651 = submitted job /home/boittier/homeb/water_cluster/pbe0dz/test471/coloumb/test471_2_11.sh to Slurm scheduler
water_cluster/pbe0dz/test471/coloumb
218/76651 = submitted job /home/boittier/homeb/water_cluster/pbe0dz/test471/coloumb/test471_2_12.sh to Slurm scheduler
water_cluster/pbe0dz/test471/coloumb
219/76651 = submitted job /home/boittier/homeb/water_cluster/pbe0dz/test471/coloumb/test471_2_13.sh to Slurm scheduler
water_cluster/pbe0dz/test471/coloumb
220/76651 = submitted job /home/boittier/homeb/water_cluster/pbe0dz/test471/coloumb/test471_2_14.sh to Slurm scheduler
water_cluster/pbe0dz/test471/coloumb
221/76651 = submitted job /home/boittier/homeb/water_cluster/pbe0dz/test471/coloumb/test471_2_15.sh to Slurm scheduler
water_cluster/pbe0dz/test471/coloumb
222/76651 = submitted job /home/boittier/homeb/water_cluster/pbe0dz/test471/coloumb/test471_2_16.sh to Slurm scheduler
water_cluster/pbe0dz/test471/coloumb
223/76651 = submitted job /home/boittier/homeb/water_cluster/pbe0dz/test471/coloumb/test471_2_17.sh to Slurm scheduler
water_cluster/pbe0dz/test471/coloumb
224/76651 = submitted job /home/boittier/homeb/water_cluster/pbe0dz/test471/coloumb/test471_2_18.sh to Slurm scheduler
water_cluster/pbe0dz/test471/coloumb
225/76651 = submitted job /home/boittier/homeb/water_cluster/pbe0dz/test471/coloumb/test471_2_19.sh to Slurm scheduler
water_cluster/pbe0dz/test471/coloumb
226/76651 = submitted job /home/boittier/homeb/water_cluster/pbe0dz/test471/coloumb/test471_2_20.sh to Slurm scheduler
water_cluster/pbe0dz/test471/coloumb
227/76651 = submitted job /home/boittier/homeb/water_cluster/pbe0dz/test471/coloumb/test471_3_4.sh to Slurm scheduler
water_cluster/pbe0dz/test471/coloumb
228/76651 = submitted job /home/boittier/homeb/water_cluster/pbe0dz/test471/coloumb/test471_3_5.sh to Slurm scheduler
water_cluster/pbe0dz/test471/coloumb
229/76651 = submitted job /home/boittier/homeb/water_cluster/pbe0dz/test471/coloumb/test471_3_6.sh to Slurm scheduler
water_cluster/pbe0dz/test471/coloumb
230/76651 = submitted job /home/boittier/homeb/water_cluster/pbe0dz/test471/coloumb/test471_3_7.sh to Slurm scheduler
water_cluster/pbe0dz/test471/coloumb
231/76651 = submitted job /home/boittier/homeb/water_cluster/pbe0dz/test471/coloumb/test471_3_8.sh to Slurm scheduler
water_cluster/pbe0dz/test471/coloumb
232/76651 = submitted job /home/boittier/homeb/water_cluster/pbe0dz/test471/coloumb/test471_3_9.sh to Slurm scheduler
water_cluster/pbe0dz/test471/coloumb
233/76651 = submitted job /home/boittier/homeb/water_cluster/pbe0dz/test471/coloumb/test471_3_10.sh to Slurm scheduler
water_cluster/pbe0dz/test471/coloumb
234/76651 = submitted job /home/boittier/homeb/water_cluster/pbe0dz/test471/coloumb/test471_3_11.sh to Slurm scheduler
water_cluster/pbe0dz/test471/coloumb
235/76651 = submitted job /home/boittier/homeb/water_cluster/pbe0dz/test471/coloumb/test471_3_12.sh to Slurm scheduler
water_cluster/pbe0dz/test471/coloumb
236/76651 = submitted job /home/boittier/homeb/water_cluster/pbe0dz/test471/coloumb/test471_3_13.sh to Slurm scheduler
water_cluster/pbe0dz/test471/coloumb
237/76651 = submitted job /home/boittier/homeb/water_cluster/pbe0dz/test471/coloumb/test471_3_14.sh to Slurm scheduler
water_cluster/pbe0dz/test471/coloumb
238/76651 = submitted job /home/boittier/homeb/water_cluster/pbe0dz/test471/coloumb/test471_3_15.sh to Slurm scheduler
water_cluster/pbe0dz/test471/coloumb
239/76651 = submitted job /home/boittier/homeb/water_cluster/pbe0dz/test471/coloumb/test471_3_16.sh to Slurm scheduler
water_cluster/pbe0dz/test471/coloumb
240/76651 = submitted job /home/boittier/homeb/water_cluster/pbe0dz/test471/coloumb/test471_3_17.sh to Slurm scheduler
water_cluster/pbe0dz/test471/coloumb
241/76651 = submitted job /home/boittier/homeb/water_cluster/pbe0dz/test471/coloumb/test471_3_18.sh to Slurm scheduler
water_cluster/pbe0dz/test471/coloumb
242/76651 = submitted job /home/boittier/homeb/water_cluster/pbe0dz/test471/coloumb/test471_3_19.sh to Slurm scheduler
water_cluster/pbe0dz/test471/coloumb
243/76651 = submitted job /home/boittier/homeb/water_cluster/pbe0dz/test471/coloumb/test471_3_20.sh to Slurm scheduler
water_cluster/pbe0dz/test471/coloumb
244/76651 = submitted job /home/boittier/homeb/water_cluster/pbe0dz/test471/coloumb/test471_4_5.sh to Slurm scheduler
water_cluster/pbe0dz/test471/coloumb
245/76651 = submitted job /home/boittier/homeb/water_cluster/pbe0dz/test471/coloumb/test471_4_6.sh to Slurm scheduler
water_cluster/pbe0dz/test471/coloumb
246/76651 = submitted job /home/boittier/homeb/water_cluster/pbe0dz/test471/coloumb/test471_4_7.sh to Slurm scheduler
water_cluster/pbe0dz/test471/coloumb
247/76651 = submitted job /home/boittier/homeb/water_cluster/pbe0dz/test471/coloumb/test471_4_8.sh to Slurm scheduler
water_cluster/pbe0dz/test471/coloumb
248/76651 = submitted job /home/boittier/homeb/water_cluster/pbe0dz/test471/coloumb/test471_4_9.sh to Slurm scheduler
water_cluster/pbe0dz/test471/coloumb
249/76651 = submitted job /home/boittier/homeb/water_cluster/pbe0dz/test471/coloumb/test471_4_10.sh to Slurm scheduler
water_cluster/pbe0dz/test471/coloumb
250/76651 = submitted job /home/boittier/homeb/water_cluster/pbe0dz/test471/coloumb/test471_4_11.sh to Slurm scheduler
water_cluster/pbe0dz/test471/coloumb
251/76651 = submitted job /home/boittier/homeb/water_cluster/pbe0dz/test471/coloumb/test471_4_12.sh to Slurm scheduler
water_cluster/pbe0dz/test471/coloumb
252/76651 = submitted job /home/boittier/homeb/water_cluster/pbe0dz/test471/coloumb/test471_4_13.sh to Slurm scheduler
water_cluster/pbe0dz/test471/coloumb
253/76651 = submitted job /home/boittier/homeb/water_cluster/pbe0dz/test471/coloumb/test471_4_14.sh to Slurm scheduler
water_cluster/pbe0dz/test471/coloumb
254/76651 = submitted job /home/boittier/homeb/water_cluster/pbe0dz/test471/coloumb/test471_4_15.sh to Slurm scheduler
water_cluster/pbe0dz/test471/coloumb
255/76651 = submitted job /home/boittier/homeb/water_cluster/pbe0dz/test471/coloumb/test471_4_16.sh to Slurm scheduler
water_cluster/pbe0dz/test471/coloumb
256/76651 = submitted job /home/boittier/homeb/water_cluster/pbe0dz/test471/coloumb/test471_4_17.sh to Slurm scheduler
water_cluster/pbe0dz/test471/coloumb
257/76651 = submitted job /home/boittier/homeb/water_cluster/pbe0dz/test471/coloumb/test471_4_18.sh to Slurm scheduler
water_cluster/pbe0dz/test471/coloumb
258/76651 = submitted job /home/boittier/homeb/water_cluster/pbe0dz/test471/coloumb/test471_4_19.sh to Slurm scheduler
water_cluster/pbe0dz/test471/coloumb
259/76651 = submitted job /home/boittier/homeb/water_cluster/pbe0dz/test471/coloumb/test471_4_20.sh to Slurm scheduler
water_cluster/pbe0dz/test471/coloumb
260/76651 = submitted job /home/boittier/homeb/water_cluster/pbe0dz/test471/coloumb/test471_5_6.sh to Slurm scheduler
water_cluster/pbe0dz/test471/coloumb
261/76651 = submitted job /home/boittier/homeb/water_cluster/pbe0dz/test471/coloumb/test471_5_7.sh to Slurm scheduler
water_cluster/pbe0dz/test471/coloumb
262/76651 = submitted job /home/boittier/homeb/water_cluster/pbe0dz/test471/coloumb/test471_5_8.sh to Slurm scheduler
water_cluster/pbe0dz/test471/coloumb
263/76651 = submitted job /home/boittier/homeb/water_cluster/pbe0dz/test471/coloumb/test471_5_9.sh to Slurm scheduler
water_cluster/pbe0dz/test471/coloumb
264/76651 = submitted job /home/boittier/homeb/water_cluster/pbe0dz/test471/coloumb/test471_5_10.sh to Slurm scheduler
water_cluster/pbe0dz/test471/coloumb
265/76651 = submitted job /home/boittier/homeb/water_cluster/pbe0dz/test471/coloumb/test471_5_11.sh to Slurm scheduler
water_cluster/pbe0dz/test471/coloumb
266/76651 = submitted job /home/boittier/homeb/water_cluster/pbe0dz/test471/coloumb/test471_5_12.sh to Slurm scheduler
water_cluster/pbe0dz/test471/coloumb
267/76651 = submitted job /home/boittier/homeb/water_cluster/pbe0dz/test471/coloumb/test471_5_13.sh to Slurm scheduler
water_cluster/pbe0dz/test471/coloumb
268/76651 = submitted job /home/boittier/homeb/water_cluster/pbe0dz/test471/coloumb/test471_5_14.sh to Slurm scheduler
water_cluster/pbe0dz/test471/coloumb
269/76651 = submitted job /home/boittier/homeb/water_cluster/pbe0dz/test471/coloumb/test471_5_15.sh to Slurm scheduler
water_cluster/pbe0dz/test471/coloumb
270/76651 = submitted job /home/boittier/homeb/water_cluster/pbe0dz/test471/coloumb/test471_5_16.sh to Slurm scheduler
water_cluster/pbe0dz/test471/coloumb
271/76651 = submitted job /home/boittier/homeb/water_cluster/pbe0dz/test471/coloumb/test471_5_17.sh to Slurm scheduler
water_cluster/pbe0dz/test471/coloumb
272/76651 = submitted job /home/boittier/homeb/water_cluster/pbe0dz/test471/coloumb/test471_5_18.sh to Slurm scheduler
water_cluster/pbe0dz/test471/coloumb
273/76651 = submitted job /home/boittier/homeb/water_cluster/pbe0dz/test471/coloumb/test471_5_19.sh to Slurm scheduler
water_cluster/pbe0dz/test471/coloumb
274/76651 = submitted job /home/boittier/homeb/water_cluster/pbe0dz/test471/coloumb/test471_5_20.sh to Slurm scheduler
water_cluster/pbe0dz/test471/coloumb
275/76651 = submitted job /home/boittier/homeb/water_cluster/pbe0dz/test471/coloumb/test471_6_7.sh to Slurm scheduler
water_cluster/pbe0dz/test471/coloumb
276/76651 = submitted job /home/boittier/homeb/water_cluster/pbe0dz/test471/coloumb/test471_6_8.sh to Slurm scheduler
water_cluster/pbe0dz/test471/coloumb
277/76651 = submitted job /home/boittier/homeb/water_cluster/pbe0dz/test471/coloumb/test471_6_9.sh to Slurm scheduler
water_cluster/pbe0dz/test471/coloumb
278/76651 = submitted job /home/boittier/homeb/water_cluster/pbe0dz/test471/coloumb/test471_6_10.sh to Slurm scheduler
water_cluster/pbe0dz/test471/coloumb
279/76651 = submitted job /home/boittier/homeb/water_cluster/pbe0dz/test471/coloumb/test471_6_11.sh to Slurm scheduler
water_cluster/pbe0dz/test471/coloumb
280/76651 = submitted job /home/boittier/homeb/water_cluster/pbe0dz/test471/coloumb/test471_6_12.sh to Slurm scheduler
water_cluster/pbe0dz/test471/coloumb
281/76651 = submitted job /home/boittier/homeb/water_cluster/pbe0dz/test471/coloumb/test471_6_13.sh to Slurm scheduler
water_cluster/pbe0dz/test471/coloumb
282/76651 = submitted job /home/boittier/homeb/water_cluster/pbe0dz/test471/coloumb/test471_6_14.sh to Slurm scheduler
water_cluster/pbe0dz/test471/coloumb
283/76651 = submitted job /home/boittier/homeb/water_cluster/pbe0dz/test471/coloumb/test471_6_15.sh to Slurm scheduler
water_cluster/pbe0dz/test471/coloumb
284/76651 = submitted job /home/boittier/homeb/water_cluster/pbe0dz/test471/coloumb/test471_6_16.sh to Slurm scheduler
water_cluster/pbe0dz/test471/coloumb
285/76651 = submitted job /home/boittier/homeb/water_cluster/pbe0dz/test471/coloumb/test471_6_17.sh to Slurm scheduler
water_cluster/pbe0dz/test471/coloumb
286/76651 = submitted job /home/boittier/homeb/water_cluster/pbe0dz/test471/coloumb/test471_6_18.sh to Slurm scheduler
water_cluster/pbe0dz/test471/coloumb
287/76651 = submitted job /home/boittier/homeb/water_cluster/pbe0dz/test471/coloumb/test471_6_19.sh to Slurm scheduler
water_cluster/pbe0dz/test471/coloumb
288/76651 = submitted job /home/boittier/homeb/water_cluster/pbe0dz/test471/coloumb/test471_6_20.sh to Slurm scheduler
water_cluster/pbe0dz/test471/coloumb
289/76651 = submitted job /home/boittier/homeb/water_cluster/pbe0dz/test471/coloumb/test471_7_8.sh to Slurm scheduler
water_cluster/pbe0dz/test471/coloumb
290/76651 = submitted job /home/boittier/homeb/water_cluster/pbe0dz/test471/coloumb/test471_7_9.sh to Slurm scheduler
water_cluster/pbe0dz/test471/coloumb
291/76651 = submitted job /home/boittier/homeb/water_cluster/pbe0dz/test471/coloumb/test471_7_10.sh to Slurm scheduler
water_cluster/pbe0dz/test471/coloumb
292/76651 = submitted job /home/boittier/homeb/water_cluster/pbe0dz/test471/coloumb/test471_7_11.sh to Slurm scheduler
water_cluster/pbe0dz/test471/coloumb
293/76651 = submitted job /home/boittier/homeb/water_cluster/pbe0dz/test471/coloumb/test471_7_12.sh to Slurm scheduler
water_cluster/pbe0dz/test471/coloumb
294/76651 = submitted job /home/boittier/homeb/water_cluster/pbe0dz/test471/coloumb/test471_7_13.sh to Slurm scheduler
water_cluster/pbe0dz/test471/coloumb
295/76651 = submitted job /home/boittier/homeb/water_cluster/pbe0dz/test471/coloumb/test471_7_14.sh to Slurm scheduler
water_cluster/pbe0dz/test471/coloumb
296/76651 = submitted job /home/boittier/homeb/water_cluster/pbe0dz/test471/coloumb/test471_7_15.sh to Slurm scheduler
water_cluster/pbe0dz/test471/coloumb
297/76651 = submitted job /home/boittier/homeb/water_cluster/pbe0dz/test471/coloumb/test471_7_16.sh to Slurm scheduler
water_cluster/pbe0dz/test471/coloumb
298/76651 = submitted job /home/boittier/homeb/water_cluster/pbe0dz/test471/coloumb/test471_7_17.sh to Slurm scheduler
water_cluster/pbe0dz/test471/coloumb
299/76651 = submitted job /home/boittier/homeb/water_cluster/pbe0dz/test471/coloumb/test471_7_18.sh to Slurm scheduler
water_cluster/pbe0dz/test471/coloumb
300/76651 = submitted job /home/boittier/homeb/water_cluster/pbe0dz/test471/coloumb/test471_7_19.sh to Slurm scheduler
water_cluster/pbe0dz/test471/coloumb
301/76651 = submitted job /home/boittier/homeb/water_cluster/pbe0dz/test471/coloumb/test471_7_20.sh to Slurm scheduler
water_cluster/pbe0dz/test471/coloumb
302/76651 = submitted job /home/boittier/homeb/water_cluster/pbe0dz/test471/coloumb/test471_8_9.sh to Slurm scheduler
water_cluster/pbe0dz/test471/coloumb
303/76651 = submitted job /home/boittier/homeb/water_cluster/pbe0dz/test471/coloumb/test471_8_10.sh to Slurm scheduler
water_cluster/pbe0dz/test471/coloumb
304/76651 = submitted job /home/boittier/homeb/water_cluster/pbe0dz/test471/coloumb/test471_8_11.sh to Slurm scheduler
water_cluster/pbe0dz/test471/coloumb
305/76651 = submitted job /home/boittier/homeb/water_cluster/pbe0dz/test471/coloumb/test471_8_12.sh to Slurm scheduler
water_cluster/pbe0dz/test471/coloumb
306/76651 = submitted job /home/boittier/homeb/water_cluster/pbe0dz/test471/coloumb/test471_8_13.sh to Slurm scheduler
water_cluster/pbe0dz/test471/coloumb
307/76651 = submitted job /home/boittier/homeb/water_cluster/pbe0dz/test471/coloumb/test471_8_14.sh to Slurm scheduler
water_cluster/pbe0dz/test471/coloumb
308/76651 = submitted job /home/boittier/homeb/water_cluster/pbe0dz/test471/coloumb/test471_8_15.sh to Slurm scheduler
water_cluster/pbe0dz/test471/coloumb
309/76651 = submitted job /home/boittier/homeb/water_cluster/pbe0dz/test471/coloumb/test471_8_16.sh to Slurm scheduler
water_cluster/pbe0dz/test471/coloumb
310/76651 = submitted job /home/boittier/homeb/water_cluster/pbe0dz/test471/coloumb/test471_8_17.sh to Slurm scheduler
water_cluster/pbe0dz/test471/coloumb
311/76651 = submitted job /home/boittier/homeb/water_cluster/pbe0dz/test471/coloumb/test471_8_18.sh to Slurm scheduler
water_cluster/pbe0dz/test471/coloumb
312/76651 = submitted job /home/boittier/homeb/water_cluster/pbe0dz/test471/coloumb/test471_8_19.sh to Slurm scheduler
water_cluster/pbe0dz/test471/coloumb
313/76651 = submitted job /home/boittier/homeb/water_cluster/pbe0dz/test471/coloumb/test471_8_20.sh to Slurm scheduler
water_cluster/pbe0dz/test471/coloumb
314/76651 = submitted job /home/boittier/homeb/water_cluster/pbe0dz/test471/coloumb/test471_9_10.sh to Slurm scheduler
water_cluster/pbe0dz/test471/coloumb
315/76651 = submitted job /home/boittier/homeb/water_cluster/pbe0dz/test471/coloumb/test471_9_11.sh to Slurm scheduler
water_cluster/pbe0dz/test471/coloumb
316/76651 = submitted job /home/boittier/homeb/water_cluster/pbe0dz/test471/coloumb/test471_9_12.sh to Slurm scheduler
water_cluster/pbe0dz/test471/coloumb
317/76651 = submitted job /home/boittier/homeb/water_cluster/pbe0dz/test471/coloumb/test471_9_13.sh to Slurm scheduler
water_cluster/pbe0dz/test471/coloumb
318/76651 = submitted job /home/boittier/homeb/water_cluster/pbe0dz/test471/coloumb/test471_9_14.sh to Slurm scheduler
water_cluster/pbe0dz/test471/coloumb
319/76651 = submitted job /home/boittier/homeb/water_cluster/pbe0dz/test471/coloumb/test471_9_15.sh to Slurm scheduler
water_cluster/pbe0dz/test471/coloumb
320/76651 = submitted job /home/boittier/homeb/water_cluster/pbe0dz/test471/coloumb/test471_9_16.sh to Slurm scheduler
water_cluster/pbe0dz/test471/coloumb
321/76651 = submitted job /home/boittier/homeb/water_cluster/pbe0dz/test471/coloumb/test471_9_17.sh to Slurm scheduler
water_cluster/pbe0dz/test471/coloumb
322/76651 = submitted job /home/boittier/homeb/water_cluster/pbe0dz/test471/coloumb/test471_9_18.sh to Slurm scheduler
water_cluster/pbe0dz/test471/coloumb
323/76651 = submitted job /home/boittier/homeb/water_cluster/pbe0dz/test471/coloumb/test471_9_19.sh to Slurm scheduler
water_cluster/pbe0dz/test471/coloumb
324/76651 = submitted job /home/boittier/homeb/water_cluster/pbe0dz/test471/coloumb/test471_9_20.sh to Slurm scheduler
water_cluster/pbe0dz/test471/coloumb
325/76651 = submitted job /home/boittier/homeb/water_cluster/pbe0dz/test471/coloumb/test471_10_11.sh to Slurm scheduler
water_cluster/pbe0dz/test471/coloumb
326/76651 = submitted job /home/boittier/homeb/water_cluster/pbe0dz/test471/coloumb/test471_10_12.sh to Slurm scheduler
water_cluster/pbe0dz/test471/coloumb
327/76651 = submitted job /home/boittier/homeb/water_cluster/pbe0dz/test471/coloumb/test471_10_13.sh to Slurm scheduler
water_cluster/pbe0dz/test471/coloumb
328/76651 = submitted job /home/boittier/homeb/water_cluster/pbe0dz/test471/coloumb/test471_10_14.sh to Slurm scheduler
water_cluster/pbe0dz/test471/coloumb
329/76651 = submitted job /home/boittier/homeb/water_cluster/pbe0dz/test471/coloumb/test471_10_15.sh to Slurm scheduler
water_cluster/pbe0dz/test471/coloumb
330/76651 = submitted job /home/boittier/homeb/water_cluster/pbe0dz/test471/coloumb/test471_10_16.sh to Slurm scheduler
water_cluster/pbe0dz/test471/coloumb
331/76651 = submitted job /home/boittier/homeb/water_cluster/pbe0dz/test471/coloumb/test471_10_17.sh to Slurm scheduler
water_cluster/pbe0dz/test471/coloumb
332/76651 = submitted job /home/boittier/homeb/water_cluster/pbe0dz/test471/coloumb/test471_10_18.sh to Slurm scheduler
water_cluster/pbe0dz/test471/coloumb
333/76651 = submitted job /home/boittier/homeb/water_cluster/pbe0dz/test471/coloumb/test471_10_19.sh to Slurm scheduler
water_cluster/pbe0dz/test471/coloumb
334/76651 = submitted job /home/boittier/homeb/water_cluster/pbe0dz/test471/coloumb/test471_10_20.sh to Slurm scheduler
water_cluster/pbe0dz/test471/coloumb
335/76651 = submitted job /home/boittier/homeb/water_cluster/pbe0dz/test471/coloumb/test471_11_12.sh to Slurm scheduler
water_cluster/pbe0dz/test471/coloumb
336/76651 = submitted job /home/boittier/homeb/water_cluster/pbe0dz/test471/coloumb/test471_11_13.sh to Slurm scheduler
water_cluster/pbe0dz/test471/coloumb
337/76651 = submitted job /home/boittier/homeb/water_cluster/pbe0dz/test471/coloumb/test471_11_14.sh to Slurm scheduler
water_cluster/pbe0dz/test471/coloumb
338/76651 = submitted job /home/boittier/homeb/water_cluster/pbe0dz/test471/coloumb/test471_11_15.sh to Slurm scheduler
water_cluster/pbe0dz/test471/coloumb
339/76651 = submitted job /home/boittier/homeb/water_cluster/pbe0dz/test471/coloumb/test471_11_16.sh to Slurm scheduler
water_cluster/pbe0dz/test471/coloumb
340/76651 = submitted job /home/boittier/homeb/water_cluster/pbe0dz/test471/coloumb/test471_11_17.sh to Slurm scheduler
water_cluster/pbe0dz/test471/coloumb
341/76651 = submitted job /home/boittier/homeb/water_cluster/pbe0dz/test471/coloumb/test471_11_18.sh to Slurm scheduler
water_cluster/pbe0dz/test471/coloumb
342/76651 = submitted job /home/boittier/homeb/water_cluster/pbe0dz/test471/coloumb/test471_11_19.sh to Slurm scheduler
water_cluster/pbe0dz/test471/coloumb
343/76651 = submitted job /home/boittier/homeb/water_cluster/pbe0dz/test471/coloumb/test471_11_20.sh to Slurm scheduler
water_cluster/pbe0dz/test471/coloumb
344/76651 = submitted job /home/boittier/homeb/water_cluster/pbe0dz/test471/coloumb/test471_12_13.sh to Slurm scheduler
water_cluster/pbe0dz/test471/coloumb
345/76651 = submitted job /home/boittier/homeb/water_cluster/pbe0dz/test471/coloumb/test471_12_14.sh to Slurm scheduler
water_cluster/pbe0dz/test471/coloumb
346/76651 = submitted job /home/boittier/homeb/water_cluster/pbe0dz/test471/coloumb/test471_12_15.sh to Slurm scheduler
water_cluster/pbe0dz/test471/coloumb
347/76651 = submitted job /home/boittier/homeb/water_cluster/pbe0dz/test471/coloumb/test471_12_16.sh to Slurm scheduler
water_cluster/pbe0dz/test471/coloumb
348/76651 = submitted job /home/boittier/homeb/water_cluster/pbe0dz/test471/coloumb/test471_12_17.sh to Slurm scheduler
water_cluster/pbe0dz/test471/coloumb
349/76651 = submitted job /home/boittier/homeb/water_cluster/pbe0dz/test471/coloumb/test471_12_18.sh to Slurm scheduler
water_cluster/pbe0dz/test471/coloumb
350/76651 = submitted job /home/boittier/homeb/water_cluster/pbe0dz/test471/coloumb/test471_12_19.sh to Slurm scheduler
water_cluster/pbe0dz/test471/coloumb
351/76651 = submitted job /home/boittier/homeb/water_cluster/pbe0dz/test471/coloumb/test471_12_20.sh to Slurm scheduler
water_cluster/pbe0dz/test471/coloumb
352/76651 = submitted job /home/boittier/homeb/water_cluster/pbe0dz/test471/coloumb/test471_13_14.sh to Slurm scheduler
water_cluster/pbe0dz/test471/coloumb
353/76651 = submitted job /home/boittier/homeb/water_cluster/pbe0dz/test471/coloumb/test471_13_15.sh to Slurm scheduler
water_cluster/pbe0dz/test471/coloumb
354/76651 = submitted job /home/boittier/homeb/water_cluster/pbe0dz/test471/coloumb/test471_13_16.sh to Slurm scheduler
water_cluster/pbe0dz/test471/coloumb
355/76651 = submitted job /home/boittier/homeb/water_cluster/pbe0dz/test471/coloumb/test471_13_17.sh to Slurm scheduler
water_cluster/pbe0dz/test471/coloumb
356/76651 = submitted job /home/boittier/homeb/water_cluster/pbe0dz/test471/coloumb/test471_13_18.sh to Slurm scheduler
water_cluster/pbe0dz/test471/coloumb
357/76651 = submitted job /home/boittier/homeb/water_cluster/pbe0dz/test471/coloumb/test471_13_19.sh to Slurm scheduler
water_cluster/pbe0dz/test471/coloumb
358/76651 = submitted job /home/boittier/homeb/water_cluster/pbe0dz/test471/coloumb/test471_13_20.sh to Slurm scheduler
water_cluster/pbe0dz/test471/coloumb
359/76651 = submitted job /home/boittier/homeb/water_cluster/pbe0dz/test471/coloumb/test471_14_15.sh to Slurm scheduler
water_cluster/pbe0dz/test471/coloumb
360/76651 = submitted job /home/boittier/homeb/water_cluster/pbe0dz/test471/coloumb/test471_14_16.sh to Slurm scheduler
water_cluster/pbe0dz/test471/coloumb
361/76651 = submitted job /home/boittier/homeb/water_cluster/pbe0dz/test471/coloumb/test471_14_17.sh to Slurm scheduler
water_cluster/pbe0dz/test471/coloumb
362/76651 = submitted job /home/boittier/homeb/water_cluster/pbe0dz/test471/coloumb/test471_14_18.sh to Slurm scheduler
water_cluster/pbe0dz/test471/coloumb
363/76651 = submitted job /home/boittier/homeb/water_cluster/pbe0dz/test471/coloumb/test471_14_19.sh to Slurm scheduler
water_cluster/pbe0dz/test471/coloumb
364/76651 = submitted job /home/boittier/homeb/water_cluster/pbe0dz/test471/coloumb/test471_14_20.sh to Slurm scheduler
water_cluster/pbe0dz/test471/coloumb
365/76651 = submitted job /home/boittier/homeb/water_cluster/pbe0dz/test471/coloumb/test471_15_16.sh to Slurm scheduler
water_cluster/pbe0dz/test471/coloumb
366/76651 = submitted job /home/boittier/homeb/water_cluster/pbe0dz/test471/coloumb/test471_15_17.sh to Slurm scheduler
water_cluster/pbe0dz/test471/coloumb
367/76651 = submitted job /home/boittier/homeb/water_cluster/pbe0dz/test471/coloumb/test471_15_18.sh to Slurm scheduler
water_cluster/pbe0dz/test471/coloumb
368/76651 = submitted job /home/boittier/homeb/water_cluster/pbe0dz/test471/coloumb/test471_15_19.sh to Slurm scheduler
water_cluster/pbe0dz/test471/coloumb
369/76651 = submitted job /home/boittier/homeb/water_cluster/pbe0dz/test471/coloumb/test471_15_20.sh to Slurm scheduler
water_cluster/pbe0dz/test471/coloumb
370/76651 = submitted job /home/boittier/homeb/water_cluster/pbe0dz/test471/coloumb/test471_16_17.sh to Slurm scheduler
water_cluster/pbe0dz/test471/coloumb
371/76651 = submitted job /home/boittier/homeb/water_cluster/pbe0dz/test471/coloumb/test471_16_18.sh to Slurm scheduler
water_cluster/pbe0dz/test471/coloumb
372/76651 = submitted job /home/boittier/homeb/water_cluster/pbe0dz/test471/coloumb/test471_16_19.sh to Slurm scheduler
water_cluster/pbe0dz/test471/coloumb
373/76651 = submitted job /home/boittier/homeb/water_cluster/pbe0dz/test471/coloumb/test471_16_20.sh to Slurm scheduler
water_cluster/pbe0dz/test471/coloumb
374/76651 = submitted job /home/boittier/homeb/water_cluster/pbe0dz/test471/coloumb/test471_17_18.sh to Slurm scheduler
water_cluster/pbe0dz/test471/coloumb
375/76651 = submitted job /home/boittier/homeb/water_cluster/pbe0dz/test471/coloumb/test471_17_19.sh to Slurm scheduler
water_cluster/pbe0dz/test471/coloumb
376/76651 = submitted job /home/boittier/homeb/water_cluster/pbe0dz/test471/coloumb/test471_17_20.sh to Slurm scheduler
water_cluster/pbe0dz/test471/coloumb
377/76651 = submitted job /home/boittier/homeb/water_cluster/pbe0dz/test471/coloumb/test471_18_19.sh to Slurm scheduler
water_cluster/pbe0dz/test471/coloumb
378/76651 = submitted job /home/boittier/homeb/water_cluster/pbe0dz/test471/coloumb/test471_18_20.sh to Slurm scheduler
water_cluster/pbe0dz/test471/coloumb
379/76651 = submitted job /home/boittier/homeb/water_cluster/pbe0dz/test471/coloumb/test471_19_20.sh to Slurm scheduler
water_cluster/pbe0dz/test370/coloumb
380/76651 = submitted job /home/boittier/homeb/water_cluster/pbe0dz/test370/coloumb/test370_1_2.sh to Slurm scheduler
water_cluster/pbe0dz/test370/coloumb
381/76651 = submitted job /home/boittier/homeb/water_cluster/pbe0dz/test370/coloumb/test370_1_3.sh to Slurm scheduler
water_cluster/pbe0dz/test370/coloumb
382/76651 = submitted job /home/boittier/homeb/water_cluster/pbe0dz/test370/coloumb/test370_1_4.sh to Slurm scheduler
water_cluster/pbe0dz/test370/coloumb
383/76651 = submitted job /home/boittier/homeb/water_cluster/pbe0dz/test370/coloumb/test370_1_5.sh to Slurm scheduler
water_cluster/pbe0dz/test370/coloumb
384/76651 = submitted job /home/boittier/homeb/water_cluster/pbe0dz/test370/coloumb/test370_1_6.sh to Slurm scheduler
water_cluster/pbe0dz/test370/coloumb
385/76651 = submitted job /home/boittier/homeb/water_cluster/pbe0dz/test370/coloumb/test370_1_7.sh to Slurm scheduler
water_cluster/pbe0dz/test370/coloumb
386/76651 = submitted job /home/boittier/homeb/water_cluster/pbe0dz/test370/coloumb/test370_1_8.sh to Slurm scheduler
water_cluster/pbe0dz/test370/coloumb
387/76651 = submitted job /home/boittier/homeb/water_cluster/pbe0dz/test370/coloumb/test370_1_9.sh to Slurm scheduler
water_cluster/pbe0dz/test370/coloumb
388/76651 = submitted job /home/boittier/homeb/water_cluster/pbe0dz/test370/coloumb/test370_1_10.sh to Slurm scheduler
water_cluster/pbe0dz/test370/coloumb
389/76651 = submitted job /home/boittier/homeb/water_cluster/pbe0dz/test370/coloumb/test370_1_11.sh to Slurm scheduler
water_cluster/pbe0dz/test370/coloumb
390/76651 = submitted job /home/boittier/homeb/water_cluster/pbe0dz/test370/coloumb/test370_1_12.sh to Slurm scheduler
water_cluster/pbe0dz/test370/coloumb
391/76651 = submitted job /home/boittier/homeb/water_cluster/pbe0dz/test370/coloumb/test370_1_13.sh to Slurm scheduler
water_cluster/pbe0dz/test370/coloumb
392/76651 = submitted job /home/boittier/homeb/water_cluster/pbe0dz/test370/coloumb/test370_1_14.sh to Slurm scheduler
water_cluster/pbe0dz/test370/coloumb
393/76651 = submitted job /home/boittier/homeb/water_cluster/pbe0dz/test370/coloumb/test370_1_15.sh to Slurm scheduler
water_cluster/pbe0dz/test370/coloumb
394/76651 = submitted job /home/boittier/homeb/water_cluster/pbe0dz/test370/coloumb/test370_1_16.sh to Slurm scheduler
water_cluster/pbe0dz/test370/coloumb
395/76651 = submitted job /home/boittier/homeb/water_cluster/pbe0dz/test370/coloumb/test370_1_17.sh to Slurm scheduler
water_cluster/pbe0dz/test370/coloumb
396/76651 = submitted job /home/boittier/homeb/water_cluster/pbe0dz/test370/coloumb/test370_1_18.sh to Slurm scheduler
water_cluster/pbe0dz/test370/coloumb
397/76651 = submitted job /home/boittier/homeb/water_cluster/pbe0dz/test370/coloumb/test370_1_19.sh to Slurm scheduler
water_cluster/pbe0dz/test370/coloumb
398/76651 = submitted job /home/boittier/homeb/water_cluster/pbe0dz/test370/coloumb/test370_1_20.sh to Slurm scheduler
water_cluster/pbe0dz/test370/coloumb
399/76651 = submitted job /home/boittier/homeb/water_cluster/pbe0dz/test370/coloumb/test370_2_3.sh to Slurm scheduler
water_cluster/pbe0dz/test370/coloumb
400/76651 = submitted job /home/boittier/homeb/water_cluster/pbe0dz/test370/coloumb/test370_2_4.sh to Slurm scheduler
water_cluster/pbe0dz/test370/coloumb
401/76651 = submitted job /home/boittier/homeb/water_cluster/pbe0dz/test370/coloumb/test370_2_5.sh to Slurm scheduler
water_cluster/pbe0dz/test370/coloumb
402/76651 = submitted job /home/boittier/homeb/water_cluster/pbe0dz/test370/coloumb/test370_2_6.sh to Slurm scheduler
water_cluster/pbe0dz/test370/coloumb
403/76651 = submitted job /home/boittier/homeb/water_cluster/pbe0dz/test370/coloumb/test370_2_7.sh to Slurm scheduler
water_cluster/pbe0dz/test370/coloumb
404/76651 = submitted job /home/boittier/homeb/water_cluster/pbe0dz/test370/coloumb/test370_2_8.sh to Slurm scheduler
water_cluster/pbe0dz/test370/coloumb
405/76651 = submitted job /home/boittier/homeb/water_cluster/pbe0dz/test370/coloumb/test370_2_9.sh to Slurm scheduler
water_cluster/pbe0dz/test370/coloumb
406/76651 = submitted job /home/boittier/homeb/water_cluster/pbe0dz/test370/coloumb/test370_2_10.sh to Slurm scheduler
water_cluster/pbe0dz/test370/coloumb
407/76651 = submitted job /home/boittier/homeb/water_cluster/pbe0dz/test370/coloumb/test370_2_11.sh to Slurm scheduler
water_cluster/pbe0dz/test370/coloumb
408/76651 = submitted job /home/boittier/homeb/water_cluster/pbe0dz/test370/coloumb/test370_2_12.sh to Slurm scheduler
water_cluster/pbe0dz/test370/coloumb
409/76651 = submitted job /home/boittier/homeb/water_cluster/pbe0dz/test370/coloumb/test370_2_13.sh to Slurm scheduler
water_cluster/pbe0dz/test370/coloumb
410/76651 = submitted job /home/boittier/homeb/water_cluster/pbe0dz/test370/coloumb/test370_2_14.sh to Slurm scheduler
water_cluster/pbe0dz/test370/coloumb
411/76651 = submitted job /home/boittier/homeb/water_cluster/pbe0dz/test370/coloumb/test370_2_15.sh to Slurm scheduler
water_cluster/pbe0dz/test370/coloumb
412/76651 = submitted job /home/boittier/homeb/water_cluster/pbe0dz/test370/coloumb/test370_2_16.sh to Slurm scheduler
water_cluster/pbe0dz/test370/coloumb
413/76651 = submitted job /home/boittier/homeb/water_cluster/pbe0dz/test370/coloumb/test370_2_17.sh to Slurm scheduler
water_cluster/pbe0dz/test370/coloumb
414/76651 = submitted job /home/boittier/homeb/water_cluster/pbe0dz/test370/coloumb/test370_2_18.sh to Slurm scheduler
water_cluster/pbe0dz/test370/coloumb
415/76651 = submitted job /home/boittier/homeb/water_cluster/pbe0dz/test370/coloumb/test370_2_19.sh to Slurm scheduler
water_cluster/pbe0dz/test370/coloumb
416/76651 = submitted job /home/boittier/homeb/water_cluster/pbe0dz/test370/coloumb/test370_2_20.sh to Slurm scheduler
water_cluster/pbe0dz/test370/coloumb
417/76651 = submitted job /home/boittier/homeb/water_cluster/pbe0dz/test370/coloumb/test370_3_4.sh to Slurm scheduler
water_cluster/pbe0dz/test370/coloumb
418/76651 = submitted job /home/boittier/homeb/water_cluster/pbe0dz/test370/coloumb/test370_3_5.sh to Slurm scheduler
water_cluster/pbe0dz/test370/coloumb
419/76651 = submitted job /home/boittier/homeb/water_cluster/pbe0dz/test370/coloumb/test370_3_6.sh to Slurm scheduler
water_cluster/pbe0dz/test370/coloumb
420/76651 = submitted job /home/boittier/homeb/water_cluster/pbe0dz/test370/coloumb/test370_3_7.sh to Slurm scheduler
water_cluster/pbe0dz/test370/coloumb
421/76651 = submitted job /home/boittier/homeb/water_cluster/pbe0dz/test370/coloumb/test370_3_8.sh to Slurm scheduler
water_cluster/pbe0dz/test370/coloumb
422/76651 = submitted job /home/boittier/homeb/water_cluster/pbe0dz/test370/coloumb/test370_3_9.sh to Slurm scheduler
water_cluster/pbe0dz/test370/coloumb
423/76651 = submitted job /home/boittier/homeb/water_cluster/pbe0dz/test370/coloumb/test370_3_10.sh to Slurm scheduler
water_cluster/pbe0dz/test370/coloumb
424/76651 = submitted job /home/boittier/homeb/water_cluster/pbe0dz/test370/coloumb/test370_3_11.sh to Slurm scheduler
water_cluster/pbe0dz/test370/coloumb
425/76651 = submitted job /home/boittier/homeb/water_cluster/pbe0dz/test370/coloumb/test370_3_12.sh to Slurm scheduler
water_cluster/pbe0dz/test370/coloumb
426/76651 = submitted job /home/boittier/homeb/water_cluster/pbe0dz/test370/coloumb/test370_3_13.sh to Slurm scheduler
water_cluster/pbe0dz/test370/coloumb
427/76651 = submitted job /home/boittier/homeb/water_cluster/pbe0dz/test370/coloumb/test370_3_14.sh to Slurm scheduler
water_cluster/pbe0dz/test370/coloumb
428/76651 = submitted job /home/boittier/homeb/water_cluster/pbe0dz/test370/coloumb/test370_3_15.sh to Slurm scheduler
water_cluster/pbe0dz/test370/coloumb
429/76651 = submitted job /home/boittier/homeb/water_cluster/pbe0dz/test370/coloumb/test370_3_16.sh to Slurm scheduler
water_cluster/pbe0dz/test370/coloumb
430/76651 = submitted job /home/boittier/homeb/water_cluster/pbe0dz/test370/coloumb/test370_3_17.sh to Slurm scheduler
water_cluster/pbe0dz/test370/coloumb
431/76651 = submitted job /home/boittier/homeb/water_cluster/pbe0dz/test370/coloumb/test370_3_18.sh to Slurm scheduler
water_cluster/pbe0dz/test370/coloumb
432/76651 = submitted job /home/boittier/homeb/water_cluster/pbe0dz/test370/coloumb/test370_3_19.sh to Slurm scheduler
water_cluster/pbe0dz/test370/coloumb
433/76651 = submitted job /home/boittier/homeb/water_cluster/pbe0dz/test370/coloumb/test370_3_20.sh to Slurm scheduler
water_cluster/pbe0dz/test370/coloumb
434/76651 = submitted job /home/boittier/homeb/water_cluster/pbe0dz/test370/coloumb/test370_4_5.sh to Slurm scheduler
water_cluster/pbe0dz/test370/coloumb
435/76651 = submitted job /home/boittier/homeb/water_cluster/pbe0dz/test370/coloumb/test370_4_6.sh to Slurm scheduler
water_cluster/pbe0dz/test370/coloumb
436/76651 = submitted job /home/boittier/homeb/water_cluster/pbe0dz/test370/coloumb/test370_4_7.sh to Slurm scheduler
water_cluster/pbe0dz/test370/coloumb
437/76651 = submitted job /home/boittier/homeb/water_cluster/pbe0dz/test370/coloumb/test370_4_8.sh to Slurm scheduler
water_cluster/pbe0dz/test370/coloumb
438/76651 = submitted job /home/boittier/homeb/water_cluster/pbe0dz/test370/coloumb/test370_4_9.sh to Slurm scheduler
water_cluster/pbe0dz/test370/coloumb
439/76651 = submitted job /home/boittier/homeb/water_cluster/pbe0dz/test370/coloumb/test370_4_10.sh to Slurm scheduler
water_cluster/pbe0dz/test370/coloumb
440/76651 = submitted job /home/boittier/homeb/water_cluster/pbe0dz/test370/coloumb/test370_4_11.sh to Slurm scheduler
water_cluster/pbe0dz/test370/coloumb
441/76651 = submitted job /home/boittier/homeb/water_cluster/pbe0dz/test370/coloumb/test370_4_12.sh to Slurm scheduler
water_cluster/pbe0dz/test370/coloumb
442/76651 = submitted job /home/boittier/homeb/water_cluster/pbe0dz/test370/coloumb/test370_4_13.sh to Slurm scheduler
water_cluster/pbe0dz/test370/coloumb
443/76651 = submitted job /home/boittier/homeb/water_cluster/pbe0dz/test370/coloumb/test370_4_14.sh to Slurm scheduler
water_cluster/pbe0dz/test370/coloumb
444/76651 = submitted job /home/boittier/homeb/water_cluster/pbe0dz/test370/coloumb/test370_4_15.sh to Slurm scheduler
water_cluster/pbe0dz/test370/coloumb
445/76651 = submitted job /home/boittier/homeb/water_cluster/pbe0dz/test370/coloumb/test370_4_16.sh to Slurm scheduler
water_cluster/pbe0dz/test370/coloumb
446/76651 = submitted job /home/boittier/homeb/water_cluster/pbe0dz/test370/coloumb/test370_4_17.sh to Slurm scheduler
water_cluster/pbe0dz/test370/coloumb
447/76651 = submitted job /home/boittier/homeb/water_cluster/pbe0dz/test370/coloumb/test370_4_18.sh to Slurm scheduler
water_cluster/pbe0dz/test370/coloumb
448/76651 = submitted job /home/boittier/homeb/water_cluster/pbe0dz/test370/coloumb/test370_4_19.sh to Slurm scheduler
water_cluster/pbe0dz/test370/coloumb
449/76651 = submitted job /home/boittier/homeb/water_cluster/pbe0dz/test370/coloumb/test370_4_20.sh to Slurm scheduler
water_cluster/pbe0dz/test370/coloumb
450/76651 = submitted job /home/boittier/homeb/water_cluster/pbe0dz/test370/coloumb/test370_5_6.sh to Slurm scheduler
water_cluster/pbe0dz/test370/coloumb
451/76651 = submitted job /home/boittier/homeb/water_cluster/pbe0dz/test370/coloumb/test370_5_7.sh to Slurm scheduler
water_cluster/pbe0dz/test370/coloumb
452/76651 = submitted job /home/boittier/homeb/water_cluster/pbe0dz/test370/coloumb/test370_5_8.sh to Slurm scheduler
water_cluster/pbe0dz/test370/coloumb
453/76651 = submitted job /home/boittier/homeb/water_cluster/pbe0dz/test370/coloumb/test370_5_9.sh to Slurm scheduler
water_cluster/pbe0dz/test370/coloumb
454/76651 = submitted job /home/boittier/homeb/water_cluster/pbe0dz/test370/coloumb/test370_5_10.sh to Slurm scheduler
water_cluster/pbe0dz/test370/coloumb
455/76651 = submitted job /home/boittier/homeb/water_cluster/pbe0dz/test370/coloumb/test370_5_11.sh to Slurm scheduler
water_cluster/pbe0dz/test370/coloumb
456/76651 = submitted job /home/boittier/homeb/water_cluster/pbe0dz/test370/coloumb/test370_5_12.sh to Slurm scheduler
water_cluster/pbe0dz/test370/coloumb
457/76651 = submitted job /home/boittier/homeb/water_cluster/pbe0dz/test370/coloumb/test370_5_13.sh to Slurm scheduler
water_cluster/pbe0dz/test370/coloumb
458/76651 = submitted job /home/boittier/homeb/water_cluster/pbe0dz/test370/coloumb/test370_5_14.sh to Slurm scheduler
water_cluster/pbe0dz/test370/coloumb
459/76651 = submitted job /home/boittier/homeb/water_cluster/pbe0dz/test370/coloumb/test370_5_15.sh to Slurm scheduler
water_cluster/pbe0dz/test370/coloumb
460/76651 = submitted job /home/boittier/homeb/water_cluster/pbe0dz/test370/coloumb/test370_5_16.sh to Slurm scheduler
water_cluster/pbe0dz/test370/coloumb
461/76651 = submitted job /home/boittier/homeb/water_cluster/pbe0dz/test370/coloumb/test370_5_17.sh to Slurm scheduler
water_cluster/pbe0dz/test370/coloumb
462/76651 = submitted job /home/boittier/homeb/water_cluster/pbe0dz/test370/coloumb/test370_5_18.sh to Slurm scheduler
water_cluster/pbe0dz/test370/coloumb
463/76651 = submitted job /home/boittier/homeb/water_cluster/pbe0dz/test370/coloumb/test370_5_19.sh to Slurm scheduler
water_cluster/pbe0dz/test370/coloumb
464/76651 = submitted job /home/boittier/homeb/water_cluster/pbe0dz/test370/coloumb/test370_5_20.sh to Slurm scheduler
water_cluster/pbe0dz/test370/coloumb
465/76651 = submitted job /home/boittier/homeb/water_cluster/pbe0dz/test370/coloumb/test370_6_7.sh to Slurm scheduler
water_cluster/pbe0dz/test370/coloumb
466/76651 = submitted job /home/boittier/homeb/water_cluster/pbe0dz/test370/coloumb/test370_6_8.sh to Slurm scheduler
water_cluster/pbe0dz/test370/coloumb
467/76651 = submitted job /home/boittier/homeb/water_cluster/pbe0dz/test370/coloumb/test370_6_9.sh to Slurm scheduler
water_cluster/pbe0dz/test370/coloumb
468/76651 = submitted job /home/boittier/homeb/water_cluster/pbe0dz/test370/coloumb/test370_6_10.sh to Slurm scheduler
water_cluster/pbe0dz/test370/coloumb
469/76651 = submitted job /home/boittier/homeb/water_cluster/pbe0dz/test370/coloumb/test370_6_11.sh to Slurm scheduler
water_cluster/pbe0dz/test370/coloumb
470/76651 = submitted job /home/boittier/homeb/water_cluster/pbe0dz/test370/coloumb/test370_6_12.sh to Slurm scheduler
water_cluster/pbe0dz/test370/coloumb
471/76651 = submitted job /home/boittier/homeb/water_cluster/pbe0dz/test370/coloumb/test370_6_13.sh to Slurm scheduler
water_cluster/pbe0dz/test370/coloumb
472/76651 = submitted job /home/boittier/homeb/water_cluster/pbe0dz/test370/coloumb/test370_6_14.sh to Slurm scheduler
water_cluster/pbe0dz/test370/coloumb
473/76651 = submitted job /home/boittier/homeb/water_cluster/pbe0dz/test370/coloumb/test370_6_15.sh to Slurm scheduler
water_cluster/pbe0dz/test370/coloumb
474/76651 = submitted job /home/boittier/homeb/water_cluster/pbe0dz/test370/coloumb/test370_6_16.sh to Slurm scheduler
water_cluster/pbe0dz/test370/coloumb
475/76651 = submitted job /home/boittier/homeb/water_cluster/pbe0dz/test370/coloumb/test370_6_17.sh to Slurm scheduler
water_cluster/pbe0dz/test370/coloumb
476/76651 = submitted job /home/boittier/homeb/water_cluster/pbe0dz/test370/coloumb/test370_6_18.sh to Slurm scheduler
water_cluster/pbe0dz/test370/coloumb
477/76651 = submitted job /home/boittier/homeb/water_cluster/pbe0dz/test370/coloumb/test370_6_19.sh to Slurm scheduler
water_cluster/pbe0dz/test370/coloumb
478/76651 = submitted job /home/boittier/homeb/water_cluster/pbe0dz/test370/coloumb/test370_6_20.sh to Slurm scheduler
water_cluster/pbe0dz/test370/coloumb
479/76651 = submitted job /home/boittier/homeb/water_cluster/pbe0dz/test370/coloumb/test370_7_8.sh to Slurm scheduler
water_cluster/pbe0dz/test370/coloumb
480/76651 = submitted job /home/boittier/homeb/water_cluster/pbe0dz/test370/coloumb/test370_7_9.sh to Slurm scheduler
water_cluster/pbe0dz/test370/coloumb
481/76651 = submitted job /home/boittier/homeb/water_cluster/pbe0dz/test370/coloumb/test370_7_10.sh to Slurm scheduler
water_cluster/pbe0dz/test370/coloumb
482/76651 = submitted job /home/boittier/homeb/water_cluster/pbe0dz/test370/coloumb/test370_7_11.sh to Slurm scheduler
water_cluster/pbe0dz/test370/coloumb
483/76651 = submitted job /home/boittier/homeb/water_cluster/pbe0dz/test370/coloumb/test370_7_12.sh to Slurm scheduler
water_cluster/pbe0dz/test370/coloumb
484/76651 = submitted job /home/boittier/homeb/water_cluster/pbe0dz/test370/coloumb/test370_7_13.sh to Slurm scheduler
water_cluster/pbe0dz/test370/coloumb
485/76651 = submitted job /home/boittier/homeb/water_cluster/pbe0dz/test370/coloumb/test370_7_14.sh to Slurm scheduler
water_cluster/pbe0dz/test370/coloumb
486/76651 = submitted job /home/boittier/homeb/water_cluster/pbe0dz/test370/coloumb/test370_7_15.sh to Slurm scheduler
water_cluster/pbe0dz/test370/coloumb
487/76651 = submitted job /home/boittier/homeb/water_cluster/pbe0dz/test370/coloumb/test370_7_16.sh to Slurm scheduler
water_cluster/pbe0dz/test370/coloumb
488/76651 = submitted job /home/boittier/homeb/water_cluster/pbe0dz/test370/coloumb/test370_7_17.sh to Slurm scheduler
water_cluster/pbe0dz/test370/coloumb
489/76651 = submitted job /home/boittier/homeb/water_cluster/pbe0dz/test370/coloumb/test370_7_18.sh to Slurm scheduler
water_cluster/pbe0dz/test370/coloumb
490/76651 = submitted job /home/boittier/homeb/water_cluster/pbe0dz/test370/coloumb/test370_7_19.sh to Slurm scheduler
water_cluster/pbe0dz/test370/coloumb
491/76651 = submitted job /home/boittier/homeb/water_cluster/pbe0dz/test370/coloumb/test370_7_20.sh to Slurm scheduler
water_cluster/pbe0dz/test370/coloumb
492/76651 = submitted job /home/boittier/homeb/water_cluster/pbe0dz/test370/coloumb/test370_8_9.sh to Slurm scheduler
water_cluster/pbe0dz/test370/coloumb
493/76651 = submitted job /home/boittier/homeb/water_cluster/pbe0dz/test370/coloumb/test370_8_10.sh to Slurm scheduler
water_cluster/pbe0dz/test370/coloumb
494/76651 = submitted job /home/boittier/homeb/water_cluster/pbe0dz/test370/coloumb/test370_8_11.sh to Slurm scheduler
water_cluster/pbe0dz/test370/coloumb
495/76651 = submitted job /home/boittier/homeb/water_cluster/pbe0dz/test370/coloumb/test370_8_12.sh to Slurm scheduler
water_cluster/pbe0dz/test370/coloumb
496/76651 = submitted job /home/boittier/homeb/water_cluster/pbe0dz/test370/coloumb/test370_8_13.sh to Slurm scheduler
water_cluster/pbe0dz/test370/coloumb
497/76651 = submitted job /home/boittier/homeb/water_cluster/pbe0dz/test370/coloumb/test370_8_14.sh to Slurm scheduler
water_cluster/pbe0dz/test370/coloumb
498/76651 = submitted job /home/boittier/homeb/water_cluster/pbe0dz/test370/coloumb/test370_8_15.sh to Slurm scheduler
water_cluster/pbe0dz/test370/coloumb
499/76651 = submitted job /home/boittier/homeb/water_cluster/pbe0dz/test370/coloumb/test370_8_16.sh to Slurm scheduler
water_cluster/pbe0dz/test370/coloumb
500/76651 = submitted job /home/boittier/homeb/water_cluster/pbe0dz/test370/coloumb/test370_8_17.sh to Slurm scheduler
water_cluster/pbe0dz/test370/coloumb
501/76651 = submitted job /home/boittier/homeb/water_cluster/pbe0dz/test370/coloumb/test370_8_18.sh to Slurm scheduler
water_cluster/pbe0dz/test370/coloumb
502/76651 = submitted job /home/boittier/homeb/water_cluster/pbe0dz/test370/coloumb/test370_8_19.sh to Slurm scheduler
water_cluster/pbe0dz/test370/coloumb
503/76651 = submitted job /home/boittier/homeb/water_cluster/pbe0dz/test370/coloumb/test370_8_20.sh to Slurm scheduler
water_cluster/pbe0dz/test370/coloumb
504/76651 = submitted job /home/boittier/homeb/water_cluster/pbe0dz/test370/coloumb/test370_9_10.sh to Slurm scheduler
water_cluster/pbe0dz/test370/coloumb
505/76651 = submitted job /home/boittier/homeb/water_cluster/pbe0dz/test370/coloumb/test370_9_11.sh to Slurm scheduler
water_cluster/pbe0dz/test370/coloumb
506/76651 = submitted job /home/boittier/homeb/water_cluster/pbe0dz/test370/coloumb/test370_9_12.sh to Slurm scheduler
water_cluster/pbe0dz/test370/coloumb
507/76651 = submitted job /home/boittier/homeb/water_cluster/pbe0dz/test370/coloumb/test370_9_13.sh to Slurm scheduler
water_cluster/pbe0dz/test370/coloumb
508/76651 = submitted job /home/boittier/homeb/water_cluster/pbe0dz/test370/coloumb/test370_9_14.sh to Slurm scheduler
water_cluster/pbe0dz/test370/coloumb
509/76651 = submitted job /home/boittier/homeb/water_cluster/pbe0dz/test370/coloumb/test370_9_15.sh to Slurm scheduler
water_cluster/pbe0dz/test370/coloumb
510/76651 = submitted job /home/boittier/homeb/water_cluster/pbe0dz/test370/coloumb/test370_9_16.sh to Slurm scheduler
water_cluster/pbe0dz/test370/coloumb
511/76651 = submitted job /home/boittier/homeb/water_cluster/pbe0dz/test370/coloumb/test370_9_17.sh to Slurm scheduler
water_cluster/pbe0dz/test370/coloumb
512/76651 = submitted job /home/boittier/homeb/water_cluster/pbe0dz/test370/coloumb/test370_9_18.sh to Slurm scheduler
water_cluster/pbe0dz/test370/coloumb
513/76651 = submitted job /home/boittier/homeb/water_cluster/pbe0dz/test370/coloumb/test370_9_19.sh to Slurm scheduler
water_cluster/pbe0dz/test370/coloumb
514/76651 = submitted job /home/boittier/homeb/water_cluster/pbe0dz/test370/coloumb/test370_9_20.sh to Slurm scheduler
water_cluster/pbe0dz/test370/coloumb
515/76651 = submitted job /home/boittier/homeb/water_cluster/pbe0dz/test370/coloumb/test370_10_11.sh to Slurm scheduler
water_cluster/pbe0dz/test370/coloumb
516/76651 = submitted job /home/boittier/homeb/water_cluster/pbe0dz/test370/coloumb/test370_10_12.sh to Slurm scheduler
water_cluster/pbe0dz/test370/coloumb
517/76651 = submitted job /home/boittier/homeb/water_cluster/pbe0dz/test370/coloumb/test370_10_13.sh to Slurm scheduler
water_cluster/pbe0dz/test370/coloumb
518/76651 = submitted job /home/boittier/homeb/water_cluster/pbe0dz/test370/coloumb/test370_10_14.sh to Slurm scheduler
water_cluster/pbe0dz/test370/coloumb
519/76651 = submitted job /home/boittier/homeb/water_cluster/pbe0dz/test370/coloumb/test370_10_15.sh to Slurm scheduler
water_cluster/pbe0dz/test370/coloumb
520/76651 = submitted job /home/boittier/homeb/water_cluster/pbe0dz/test370/coloumb/test370_10_16.sh to Slurm scheduler
water_cluster/pbe0dz/test370/coloumb
521/76651 = submitted job /home/boittier/homeb/water_cluster/pbe0dz/test370/coloumb/test370_10_17.sh to Slurm scheduler
water_cluster/pbe0dz/test370/coloumb
522/76651 = submitted job /home/boittier/homeb/water_cluster/pbe0dz/test370/coloumb/test370_10_18.sh to Slurm scheduler
water_cluster/pbe0dz/test370/coloumb
523/76651 = submitted job /home/boittier/homeb/water_cluster/pbe0dz/test370/coloumb/test370_10_19.sh to Slurm scheduler
water_cluster/pbe0dz/test370/coloumb
524/76651 = submitted job /home/boittier/homeb/water_cluster/pbe0dz/test370/coloumb/test370_10_20.sh to Slurm scheduler
water_cluster/pbe0dz/test370/coloumb
525/76651 = submitted job /home/boittier/homeb/water_cluster/pbe0dz/test370/coloumb/test370_11_12.sh to Slurm scheduler
water_cluster/pbe0dz/test370/coloumb
526/76651 = submitted job /home/boittier/homeb/water_cluster/pbe0dz/test370/coloumb/test370_11_13.sh to Slurm scheduler
water_cluster/pbe0dz/test370/coloumb
527/76651 = submitted job /home/boittier/homeb/water_cluster/pbe0dz/test370/coloumb/test370_11_14.sh to Slurm scheduler
water_cluster/pbe0dz/test370/coloumb
528/76651 = submitted job /home/boittier/homeb/water_cluster/pbe0dz/test370/coloumb/test370_11_15.sh to Slurm scheduler
water_cluster/pbe0dz/test370/coloumb
529/76651 = submitted job /home/boittier/homeb/water_cluster/pbe0dz/test370/coloumb/test370_11_16.sh to Slurm scheduler
water_cluster/pbe0dz/test370/coloumb
530/76651 = submitted job /home/boittier/homeb/water_cluster/pbe0dz/test370/coloumb/test370_11_17.sh to Slurm scheduler
water_cluster/pbe0dz/test370/coloumb
531/76651 = submitted job /home/boittier/homeb/water_cluster/pbe0dz/test370/coloumb/test370_11_18.sh to Slurm scheduler
water_cluster/pbe0dz/test370/coloumb
532/76651 = submitted job /home/boittier/homeb/water_cluster/pbe0dz/test370/coloumb/test370_11_19.sh to Slurm scheduler
water_cluster/pbe0dz/test370/coloumb
533/76651 = submitted job /home/boittier/homeb/water_cluster/pbe0dz/test370/coloumb/test370_11_20.sh to Slurm scheduler
water_cluster/pbe0dz/test370/coloumb
534/76651 = submitted job /home/boittier/homeb/water_cluster/pbe0dz/test370/coloumb/test370_12_13.sh to Slurm scheduler
water_cluster/pbe0dz/test370/coloumb
535/76651 = submitted job /home/boittier/homeb/water_cluster/pbe0dz/test370/coloumb/test370_12_14.sh to Slurm scheduler
water_cluster/pbe0dz/test370/coloumb
536/76651 = submitted job /home/boittier/homeb/water_cluster/pbe0dz/test370/coloumb/test370_12_15.sh to Slurm scheduler
water_cluster/pbe0dz/test370/coloumb
537/76651 = submitted job /home/boittier/homeb/water_cluster/pbe0dz/test370/coloumb/test370_12_16.sh to Slurm scheduler
water_cluster/pbe0dz/test370/coloumb
538/76651 = submitted job /home/boittier/homeb/water_cluster/pbe0dz/test370/coloumb/test370_12_17.sh to Slurm scheduler
water_cluster/pbe0dz/test370/coloumb
539/76651 = submitted job /home/boittier/homeb/water_cluster/pbe0dz/test370/coloumb/test370_12_18.sh to Slurm scheduler
water_cluster/pbe0dz/test370/coloumb
540/76651 = submitted job /home/boittier/homeb/water_cluster/pbe0dz/test370/coloumb/test370_12_19.sh to Slurm scheduler
water_cluster/pbe0dz/test370/coloumb
541/76651 = submitted job /home/boittier/homeb/water_cluster/pbe0dz/test370/coloumb/test370_12_20.sh to Slurm scheduler
water_cluster/pbe0dz/test370/coloumb
542/76651 = submitted job /home/boittier/homeb/water_cluster/pbe0dz/test370/coloumb/test370_13_14.sh to Slurm scheduler
water_cluster/pbe0dz/test370/coloumb
543/76651 = submitted job /home/boittier/homeb/water_cluster/pbe0dz/test370/coloumb/test370_13_15.sh to Slurm scheduler
water_cluster/pbe0dz/test370/coloumb
544/76651 = submitted job /home/boittier/homeb/water_cluster/pbe0dz/test370/coloumb/test370_13_16.sh to Slurm scheduler
water_cluster/pbe0dz/test370/coloumb
545/76651 = submitted job /home/boittier/homeb/water_cluster/pbe0dz/test370/coloumb/test370_13_17.sh to Slurm scheduler
water_cluster/pbe0dz/test370/coloumb
546/76651 = submitted job /home/boittier/homeb/water_cluster/pbe0dz/test370/coloumb/test370_13_18.sh to Slurm scheduler
water_cluster/pbe0dz/test370/coloumb
547/76651 = submitted job /home/boittier/homeb/water_cluster/pbe0dz/test370/coloumb/test370_13_19.sh to Slurm scheduler
water_cluster/pbe0dz/test370/coloumb
548/76651 = submitted job /home/boittier/homeb/water_cluster/pbe0dz/test370/coloumb/test370_13_20.sh to Slurm scheduler
water_cluster/pbe0dz/test370/coloumb
549/76651 = submitted job /home/boittier/homeb/water_cluster/pbe0dz/test370/coloumb/test370_14_15.sh to Slurm scheduler
water_cluster/pbe0dz/test370/coloumb
550/76651 = submitted job /home/boittier/homeb/water_cluster/pbe0dz/test370/coloumb/test370_14_16.sh to Slurm scheduler
water_cluster/pbe0dz/test370/coloumb
551/76651 = submitted job /home/boittier/homeb/water_cluster/pbe0dz/test370/coloumb/test370_14_17.sh to Slurm scheduler
water_cluster/pbe0dz/test370/coloumb
552/76651 = submitted job /home/boittier/homeb/water_cluster/pbe0dz/test370/coloumb/test370_14_18.sh to Slurm scheduler
water_cluster/pbe0dz/test370/coloumb
553/76651 = submitted job /home/boittier/homeb/water_cluster/pbe0dz/test370/coloumb/test370_14_19.sh to Slurm scheduler
water_cluster/pbe0dz/test370/coloumb
554/76651 = submitted job /home/boittier/homeb/water_cluster/pbe0dz/test370/coloumb/test370_14_20.sh to Slurm scheduler
water_cluster/pbe0dz/test370/coloumb
555/76651 = submitted job /home/boittier/homeb/water_cluster/pbe0dz/test370/coloumb/test370_15_16.sh to Slurm scheduler
water_cluster/pbe0dz/test370/coloumb
556/76651 = submitted job /home/boittier/homeb/water_cluster/pbe0dz/test370/coloumb/test370_15_17.sh to Slurm scheduler
water_cluster/pbe0dz/test370/coloumb
557/76651 = submitted job /home/boittier/homeb/water_cluster/pbe0dz/test370/coloumb/test370_15_18.sh to Slurm scheduler
water_cluster/pbe0dz/test370/coloumb
558/76651 = submitted job /home/boittier/homeb/water_cluster/pbe0dz/test370/coloumb/test370_15_19.sh to Slurm scheduler
water_cluster/pbe0dz/test370/coloumb
559/76651 = submitted job /home/boittier/homeb/water_cluster/pbe0dz/test370/coloumb/test370_15_20.sh to Slurm scheduler
water_cluster/pbe0dz/test370/coloumb
560/76651 = submitted job /home/boittier/homeb/water_cluster/pbe0dz/test370/coloumb/test370_16_17.sh to Slurm scheduler
water_cluster/pbe0dz/test370/coloumb
561/76651 = submitted job /home/boittier/homeb/water_cluster/pbe0dz/test370/coloumb/test370_16_18.sh to Slurm scheduler
water_cluster/pbe0dz/test370/coloumb
562/76651 = submitted job /home/boittier/homeb/water_cluster/pbe0dz/test370/coloumb/test370_16_19.sh to Slurm scheduler
water_cluster/pbe0dz/test370/coloumb
563/76651 = submitted job /home/boittier/homeb/water_cluster/pbe0dz/test370/coloumb/test370_16_20.sh to Slurm scheduler
water_cluster/pbe0dz/test370/coloumb
564/76651 = submitted job /home/boittier/homeb/water_cluster/pbe0dz/test370/coloumb/test370_17_18.sh to Slurm scheduler
water_cluster/pbe0dz/test370/coloumb
565/76651 = submitted job /home/boittier/homeb/water_cluster/pbe0dz/test370/coloumb/test370_17_19.sh to Slurm scheduler
water_cluster/pbe0dz/test370/coloumb
566/76651 = submitted job /home/boittier/homeb/water_cluster/pbe0dz/test370/coloumb/test370_17_20.sh to Slurm scheduler
water_cluster/pbe0dz/test370/coloumb
567/76651 = submitted job /home/boittier/homeb/water_cluster/pbe0dz/test370/coloumb/test370_18_19.sh to Slurm scheduler
water_cluster/pbe0dz/test370/coloumb
568/76651 = submitted job /home/boittier/homeb/water_cluster/pbe0dz/test370/coloumb/test370_18_20.sh to Slurm scheduler
water_cluster/pbe0dz/test370/coloumb
569/76651 = submitted job /home/boittier/homeb/water_cluster/pbe0dz/test370/coloumb/test370_19_20.sh to Slurm scheduler
water_cluster/pbe0dz/test233/coloumb
570/76651 = submitted job /home/boittier/homeb/water_cluster/pbe0dz/test233/coloumb/test233_1_2.sh to Slurm scheduler
water_cluster/pbe0dz/test233/coloumb
571/76651 = submitted job /home/boittier/homeb/water_cluster/pbe0dz/test233/coloumb/test233_1_3.sh to Slurm scheduler
water_cluster/pbe0dz/test233/coloumb
572/76651 = submitted job /home/boittier/homeb/water_cluster/pbe0dz/test233/coloumb/test233_1_4.sh to Slurm scheduler
water_cluster/pbe0dz/test233/coloumb
573/76651 = submitted job /home/boittier/homeb/water_cluster/pbe0dz/test233/coloumb/test233_1_5.sh to Slurm scheduler
water_cluster/pbe0dz/test233/coloumb
574/76651 = submitted job /home/boittier/homeb/water_cluster/pbe0dz/test233/coloumb/test233_1_6.sh to Slurm scheduler
water_cluster/pbe0dz/test233/coloumb
575/76651 = submitted job /home/boittier/homeb/water_cluster/pbe0dz/test233/coloumb/test233_1_7.sh to Slurm scheduler
water_cluster/pbe0dz/test233/coloumb
576/76651 = submitted job /home/boittier/homeb/water_cluster/pbe0dz/test233/coloumb/test233_1_8.sh to Slurm scheduler
water_cluster/pbe0dz/test233/coloumb
577/76651 = submitted job /home/boittier/homeb/water_cluster/pbe0dz/test233/coloumb/test233_1_9.sh to Slurm scheduler
water_cluster/pbe0dz/test233/coloumb
578/76651 = submitted job /home/boittier/homeb/water_cluster/pbe0dz/test233/coloumb/test233_1_10.sh to Slurm scheduler
water_cluster/pbe0dz/test233/coloumb
579/76651 = submitted job /home/boittier/homeb/water_cluster/pbe0dz/test233/coloumb/test233_1_11.sh to Slurm scheduler
water_cluster/pbe0dz/test233/coloumb
580/76651 = submitted job /home/boittier/homeb/water_cluster/pbe0dz/test233/coloumb/test233_1_12.sh to Slurm scheduler
water_cluster/pbe0dz/test233/coloumb
581/76651 = submitted job /home/boittier/homeb/water_cluster/pbe0dz/test233/coloumb/test233_1_13.sh to Slurm scheduler
water_cluster/pbe0dz/test233/coloumb
582/76651 = submitted job /home/boittier/homeb/water_cluster/pbe0dz/test233/coloumb/test233_1_14.sh to Slurm scheduler
water_cluster/pbe0dz/test233/coloumb
583/76651 = submitted job /home/boittier/homeb/water_cluster/pbe0dz/test233/coloumb/test233_1_15.sh to Slurm scheduler
water_cluster/pbe0dz/test233/coloumb
584/76651 = submitted job /home/boittier/homeb/water_cluster/pbe0dz/test233/coloumb/test233_1_16.sh to Slurm scheduler
water_cluster/pbe0dz/test233/coloumb
585/76651 = submitted job /home/boittier/homeb/water_cluster/pbe0dz/test233/coloumb/test233_1_17.sh to Slurm scheduler
water_cluster/pbe0dz/test233/coloumb
586/76651 = submitted job /home/boittier/homeb/water_cluster/pbe0dz/test233/coloumb/test233_1_18.sh to Slurm scheduler
water_cluster/pbe0dz/test233/coloumb
587/76651 = submitted job /home/boittier/homeb/water_cluster/pbe0dz/test233/coloumb/test233_1_19.sh to Slurm scheduler
water_cluster/pbe0dz/test233/coloumb
588/76651 = submitted job /home/boittier/homeb/water_cluster/pbe0dz/test233/coloumb/test233_1_20.sh to Slurm scheduler
water_cluster/pbe0dz/test233/coloumb
589/76651 = submitted job /home/boittier/homeb/water_cluster/pbe0dz/test233/coloumb/test233_2_3.sh to Slurm scheduler
water_cluster/pbe0dz/test233/coloumb
590/76651 = submitted job /home/boittier/homeb/water_cluster/pbe0dz/test233/coloumb/test233_2_4.sh to Slurm scheduler
water_cluster/pbe0dz/test233/coloumb
591/76651 = submitted job /home/boittier/homeb/water_cluster/pbe0dz/test233/coloumb/test233_2_5.sh to Slurm scheduler
water_cluster/pbe0dz/test233/coloumb
592/76651 = submitted job /home/boittier/homeb/water_cluster/pbe0dz/test233/coloumb/test233_2_6.sh to Slurm scheduler
water_cluster/pbe0dz/test233/coloumb
593/76651 = submitted job /home/boittier/homeb/water_cluster/pbe0dz/test233/coloumb/test233_2_7.sh to Slurm scheduler
water_cluster/pbe0dz/test233/coloumb
594/76651 = submitted job /home/boittier/homeb/water_cluster/pbe0dz/test233/coloumb/test233_2_8.sh to Slurm scheduler
water_cluster/pbe0dz/test233/coloumb
595/76651 = submitted job /home/boittier/homeb/water_cluster/pbe0dz/test233/coloumb/test233_2_9.sh to Slurm scheduler
water_cluster/pbe0dz/test233/coloumb
596/76651 = submitted job /home/boittier/homeb/water_cluster/pbe0dz/test233/coloumb/test233_2_10.sh to Slurm scheduler
water_cluster/pbe0dz/test233/coloumb
597/76651 = submitted job /home/boittier/homeb/water_cluster/pbe0dz/test233/coloumb/test233_2_11.sh to Slurm scheduler
water_cluster/pbe0dz/test233/coloumb
598/76651 = submitted job /home/boittier/homeb/water_cluster/pbe0dz/test233/coloumb/test233_2_12.sh to Slurm scheduler
water_cluster/pbe0dz/test233/coloumb
599/76651 = submitted job /home/boittier/homeb/water_cluster/pbe0dz/test233/coloumb/test233_2_13.sh to Slurm scheduler
water_cluster/pbe0dz/test233/coloumb
600/76651 = submitted job /home/boittier/homeb/water_cluster/pbe0dz/test233/coloumb/test233_2_14.sh to Slurm scheduler
water_cluster/pbe0dz/test233/coloumb
601/76651 = submitted job /home/boittier/homeb/water_cluster/pbe0dz/test233/coloumb/test233_2_15.sh to Slurm scheduler
water_cluster/pbe0dz/test233/coloumb
602/76651 = submitted job /home/boittier/homeb/water_cluster/pbe0dz/test233/coloumb/test233_2_16.sh to Slurm scheduler
water_cluster/pbe0dz/test233/coloumb
603/76651 = submitted job /home/boittier/homeb/water_cluster/pbe0dz/test233/coloumb/test233_2_17.sh to Slurm scheduler
water_cluster/pbe0dz/test233/coloumb
604/76651 = submitted job /home/boittier/homeb/water_cluster/pbe0dz/test233/coloumb/test233_2_18.sh to Slurm scheduler
water_cluster/pbe0dz/test233/coloumb
605/76651 = submitted job /home/boittier/homeb/water_cluster/pbe0dz/test233/coloumb/test233_2_19.sh to Slurm scheduler
water_cluster/pbe0dz/test233/coloumb
606/76651 = submitted job /home/boittier/homeb/water_cluster/pbe0dz/test233/coloumb/test233_2_20.sh to Slurm scheduler
water_cluster/pbe0dz/test233/coloumb
607/76651 = submitted job /home/boittier/homeb/water_cluster/pbe0dz/test233/coloumb/test233_3_4.sh to Slurm scheduler
water_cluster/pbe0dz/test233/coloumb
608/76651 = submitted job /home/boittier/homeb/water_cluster/pbe0dz/test233/coloumb/test233_3_5.sh to Slurm scheduler
water_cluster/pbe0dz/test233/coloumb
609/76651 = submitted job /home/boittier/homeb/water_cluster/pbe0dz/test233/coloumb/test233_3_6.sh to Slurm scheduler
water_cluster/pbe0dz/test233/coloumb
610/76651 = submitted job /home/boittier/homeb/water_cluster/pbe0dz/test233/coloumb/test233_3_7.sh to Slurm scheduler
water_cluster/pbe0dz/test233/coloumb
611/76651 = submitted job /home/boittier/homeb/water_cluster/pbe0dz/test233/coloumb/test233_3_8.sh to Slurm scheduler
water_cluster/pbe0dz/test233/coloumb
612/76651 = submitted job /home/boittier/homeb/water_cluster/pbe0dz/test233/coloumb/test233_3_9.sh to Slurm scheduler
water_cluster/pbe0dz/test233/coloumb
613/76651 = submitted job /home/boittier/homeb/water_cluster/pbe0dz/test233/coloumb/test233_3_10.sh to Slurm scheduler
water_cluster/pbe0dz/test233/coloumb
614/76651 = submitted job /home/boittier/homeb/water_cluster/pbe0dz/test233/coloumb/test233_3_11.sh to Slurm scheduler
water_cluster/pbe0dz/test233/coloumb
615/76651 = submitted job /home/boittier/homeb/water_cluster/pbe0dz/test233/coloumb/test233_3_12.sh to Slurm scheduler
water_cluster/pbe0dz/test233/coloumb
616/76651 = submitted job /home/boittier/homeb/water_cluster/pbe0dz/test233/coloumb/test233_3_13.sh to Slurm scheduler
water_cluster/pbe0dz/test233/coloumb
617/76651 = submitted job /home/boittier/homeb/water_cluster/pbe0dz/test233/coloumb/test233_3_14.sh to Slurm scheduler
water_cluster/pbe0dz/test233/coloumb
618/76651 = submitted job /home/boittier/homeb/water_cluster/pbe0dz/test233/coloumb/test233_3_15.sh to Slurm scheduler
water_cluster/pbe0dz/test233/coloumb
619/76651 = submitted job /home/boittier/homeb/water_cluster/pbe0dz/test233/coloumb/test233_3_16.sh to Slurm scheduler
water_cluster/pbe0dz/test233/coloumb
620/76651 = submitted job /home/boittier/homeb/water_cluster/pbe0dz/test233/coloumb/test233_3_17.sh to Slurm scheduler
water_cluster/pbe0dz/test233/coloumb
621/76651 = submitted job /home/boittier/homeb/water_cluster/pbe0dz/test233/coloumb/test233_3_18.sh to Slurm scheduler
water_cluster/pbe0dz/test233/coloumb
622/76651 = submitted job /home/boittier/homeb/water_cluster/pbe0dz/test233/coloumb/test233_3_19.sh to Slurm scheduler
water_cluster/pbe0dz/test233/coloumb
623/76651 = submitted job /home/boittier/homeb/water_cluster/pbe0dz/test233/coloumb/test233_3_20.sh to Slurm scheduler
water_cluster/pbe0dz/test233/coloumb
624/76651 = submitted job /home/boittier/homeb/water_cluster/pbe0dz/test233/coloumb/test233_4_5.sh to Slurm scheduler
water_cluster/pbe0dz/test233/coloumb
625/76651 = submitted job /home/boittier/homeb/water_cluster/pbe0dz/test233/coloumb/test233_4_6.sh to Slurm scheduler
water_cluster/pbe0dz/test233/coloumb
626/76651 = submitted job /home/boittier/homeb/water_cluster/pbe0dz/test233/coloumb/test233_4_7.sh to Slurm scheduler
water_cluster/pbe0dz/test233/coloumb
627/76651 = submitted job /home/boittier/homeb/water_cluster/pbe0dz/test233/coloumb/test233_4_8.sh to Slurm scheduler
water_cluster/pbe0dz/test233/coloumb
628/76651 = submitted job /home/boittier/homeb/water_cluster/pbe0dz/test233/coloumb/test233_4_9.sh to Slurm scheduler
water_cluster/pbe0dz/test233/coloumb
629/76651 = submitted job /home/boittier/homeb/water_cluster/pbe0dz/test233/coloumb/test233_4_10.sh to Slurm scheduler
water_cluster/pbe0dz/test233/coloumb
630/76651 = submitted job /home/boittier/homeb/water_cluster/pbe0dz/test233/coloumb/test233_4_11.sh to Slurm scheduler
water_cluster/pbe0dz/test233/coloumb
631/76651 = submitted job /home/boittier/homeb/water_cluster/pbe0dz/test233/coloumb/test233_4_12.sh to Slurm scheduler
water_cluster/pbe0dz/test233/coloumb
632/76651 = submitted job /home/boittier/homeb/water_cluster/pbe0dz/test233/coloumb/test233_4_13.sh to Slurm scheduler
water_cluster/pbe0dz/test233/coloumb
633/76651 = submitted job /home/boittier/homeb/water_cluster/pbe0dz/test233/coloumb/test233_4_14.sh to Slurm scheduler
water_cluster/pbe0dz/test233/coloumb
634/76651 = submitted job /home/boittier/homeb/water_cluster/pbe0dz/test233/coloumb/test233_4_15.sh to Slurm scheduler
water_cluster/pbe0dz/test233/coloumb
635/76651 = submitted job /home/boittier/homeb/water_cluster/pbe0dz/test233/coloumb/test233_4_16.sh to Slurm scheduler
water_cluster/pbe0dz/test233/coloumb
636/76651 = submitted job /home/boittier/homeb/water_cluster/pbe0dz/test233/coloumb/test233_4_17.sh to Slurm scheduler
water_cluster/pbe0dz/test233/coloumb
637/76651 = submitted job /home/boittier/homeb/water_cluster/pbe0dz/test233/coloumb/test233_4_18.sh to Slurm scheduler
water_cluster/pbe0dz/test233/coloumb
638/76651 = submitted job /home/boittier/homeb/water_cluster/pbe0dz/test233/coloumb/test233_4_19.sh to Slurm scheduler
water_cluster/pbe0dz/test233/coloumb
639/76651 = submitted job /home/boittier/homeb/water_cluster/pbe0dz/test233/coloumb/test233_4_20.sh to Slurm scheduler
water_cluster/pbe0dz/test233/coloumb
640/76651 = submitted job /home/boittier/homeb/water_cluster/pbe0dz/test233/coloumb/test233_5_6.sh to Slurm scheduler
water_cluster/pbe0dz/test233/coloumb
641/76651 = submitted job /home/boittier/homeb/water_cluster/pbe0dz/test233/coloumb/test233_5_7.sh to Slurm scheduler
water_cluster/pbe0dz/test233/coloumb
642/76651 = submitted job /home/boittier/homeb/water_cluster/pbe0dz/test233/coloumb/test233_5_8.sh to Slurm scheduler
water_cluster/pbe0dz/test233/coloumb
643/76651 = submitted job /home/boittier/homeb/water_cluster/pbe0dz/test233/coloumb/test233_5_9.sh to Slurm scheduler
water_cluster/pbe0dz/test233/coloumb
644/76651 = submitted job /home/boittier/homeb/water_cluster/pbe0dz/test233/coloumb/test233_5_10.sh to Slurm scheduler
water_cluster/pbe0dz/test233/coloumb
645/76651 = submitted job /home/boittier/homeb/water_cluster/pbe0dz/test233/coloumb/test233_5_11.sh to Slurm scheduler
water_cluster/pbe0dz/test233/coloumb
646/76651 = submitted job /home/boittier/homeb/water_cluster/pbe0dz/test233/coloumb/test233_5_12.sh to Slurm scheduler
water_cluster/pbe0dz/test233/coloumb
647/76651 = submitted job /home/boittier/homeb/water_cluster/pbe0dz/test233/coloumb/test233_5_13.sh to Slurm scheduler
water_cluster/pbe0dz/test233/coloumb
648/76651 = submitted job /home/boittier/homeb/water_cluster/pbe0dz/test233/coloumb/test233_5_14.sh to Slurm scheduler
water_cluster/pbe0dz/test233/coloumb
649/76651 = submitted job /home/boittier/homeb/water_cluster/pbe0dz/test233/coloumb/test233_5_15.sh to Slurm scheduler
water_cluster/pbe0dz/test233/coloumb
650/76651 = submitted job /home/boittier/homeb/water_cluster/pbe0dz/test233/coloumb/test233_5_16.sh to Slurm scheduler
water_cluster/pbe0dz/test233/coloumb
651/76651 = submitted job /home/boittier/homeb/water_cluster/pbe0dz/test233/coloumb/test233_5_17.sh to Slurm scheduler
water_cluster/pbe0dz/test233/coloumb
652/76651 = submitted job /home/boittier/homeb/water_cluster/pbe0dz/test233/coloumb/test233_5_18.sh to Slurm scheduler
water_cluster/pbe0dz/test233/coloumb
653/76651 = submitted job /home/boittier/homeb/water_cluster/pbe0dz/test233/coloumb/test233_5_19.sh to Slurm scheduler
water_cluster/pbe0dz/test233/coloumb
654/76651 = submitted job /home/boittier/homeb/water_cluster/pbe0dz/test233/coloumb/test233_5_20.sh to Slurm scheduler
water_cluster/pbe0dz/test233/coloumb
655/76651 = submitted job /home/boittier/homeb/water_cluster/pbe0dz/test233/coloumb/test233_6_7.sh to Slurm scheduler
water_cluster/pbe0dz/test233/coloumb
656/76651 = submitted job /home/boittier/homeb/water_cluster/pbe0dz/test233/coloumb/test233_6_8.sh to Slurm scheduler
water_cluster/pbe0dz/test233/coloumb
657/76651 = submitted job /home/boittier/homeb/water_cluster/pbe0dz/test233/coloumb/test233_6_9.sh to Slurm scheduler
water_cluster/pbe0dz/test233/coloumb
658/76651 = submitted job /home/boittier/homeb/water_cluster/pbe0dz/test233/coloumb/test233_6_10.sh to Slurm scheduler
water_cluster/pbe0dz/test233/coloumb
659/76651 = submitted job /home/boittier/homeb/water_cluster/pbe0dz/test233/coloumb/test233_6_11.sh to Slurm scheduler
water_cluster/pbe0dz/test233/coloumb
660/76651 = submitted job /home/boittier/homeb/water_cluster/pbe0dz/test233/coloumb/test233_6_12.sh to Slurm scheduler
water_cluster/pbe0dz/test233/coloumb
661/76651 = submitted job /home/boittier/homeb/water_cluster/pbe0dz/test233/coloumb/test233_6_13.sh to Slurm scheduler
water_cluster/pbe0dz/test233/coloumb
662/76651 = submitted job /home/boittier/homeb/water_cluster/pbe0dz/test233/coloumb/test233_6_14.sh to Slurm scheduler
water_cluster/pbe0dz/test233/coloumb
663/76651 = submitted job /home/boittier/homeb/water_cluster/pbe0dz/test233/coloumb/test233_6_15.sh to Slurm scheduler
water_cluster/pbe0dz/test233/coloumb
664/76651 = submitted job /home/boittier/homeb/water_cluster/pbe0dz/test233/coloumb/test233_6_16.sh to Slurm scheduler
water_cluster/pbe0dz/test233/coloumb
665/76651 = submitted job /home/boittier/homeb/water_cluster/pbe0dz/test233/coloumb/test233_6_17.sh to Slurm scheduler
water_cluster/pbe0dz/test233/coloumb
666/76651 = submitted job /home/boittier/homeb/water_cluster/pbe0dz/test233/coloumb/test233_6_18.sh to Slurm scheduler
water_cluster/pbe0dz/test233/coloumb
667/76651 = submitted job /home/boittier/homeb/water_cluster/pbe0dz/test233/coloumb/test233_6_19.sh to Slurm scheduler
water_cluster/pbe0dz/test233/coloumb
668/76651 = submitted job /home/boittier/homeb/water_cluster/pbe0dz/test233/coloumb/test233_6_20.sh to Slurm scheduler
water_cluster/pbe0dz/test233/coloumb
669/76651 = submitted job /home/boittier/homeb/water_cluster/pbe0dz/test233/coloumb/test233_7_8.sh to Slurm scheduler
water_cluster/pbe0dz/test233/coloumb
670/76651 = submitted job /home/boittier/homeb/water_cluster/pbe0dz/test233/coloumb/test233_7_9.sh to Slurm scheduler
water_cluster/pbe0dz/test233/coloumb
671/76651 = submitted job /home/boittier/homeb/water_cluster/pbe0dz/test233/coloumb/test233_7_10.sh to Slurm scheduler
water_cluster/pbe0dz/test233/coloumb
672/76651 = submitted job /home/boittier/homeb/water_cluster/pbe0dz/test233/coloumb/test233_7_11.sh to Slurm scheduler
water_cluster/pbe0dz/test233/coloumb
673/76651 = submitted job /home/boittier/homeb/water_cluster/pbe0dz/test233/coloumb/test233_7_12.sh to Slurm scheduler
water_cluster/pbe0dz/test233/coloumb
674/76651 = submitted job /home/boittier/homeb/water_cluster/pbe0dz/test233/coloumb/test233_7_13.sh to Slurm scheduler
water_cluster/pbe0dz/test233/coloumb
675/76651 = submitted job /home/boittier/homeb/water_cluster/pbe0dz/test233/coloumb/test233_7_14.sh to Slurm scheduler
water_cluster/pbe0dz/test233/coloumb
676/76651 = submitted job /home/boittier/homeb/water_cluster/pbe0dz/test233/coloumb/test233_7_15.sh to Slurm scheduler
water_cluster/pbe0dz/test233/coloumb
677/76651 = submitted job /home/boittier/homeb/water_cluster/pbe0dz/test233/coloumb/test233_7_16.sh to Slurm scheduler
water_cluster/pbe0dz/test233/coloumb
678/76651 = submitted job /home/boittier/homeb/water_cluster/pbe0dz/test233/coloumb/test233_7_17.sh to Slurm scheduler
water_cluster/pbe0dz/test233/coloumb
679/76651 = submitted job /home/boittier/homeb/water_cluster/pbe0dz/test233/coloumb/test233_7_18.sh to Slurm scheduler
water_cluster/pbe0dz/test233/coloumb
680/76651 = submitted job /home/boittier/homeb/water_cluster/pbe0dz/test233/coloumb/test233_7_19.sh to Slurm scheduler
water_cluster/pbe0dz/test233/coloumb
681/76651 = submitted job /home/boittier/homeb/water_cluster/pbe0dz/test233/coloumb/test233_7_20.sh to Slurm scheduler
water_cluster/pbe0dz/test233/coloumb
682/76651 = submitted job /home/boittier/homeb/water_cluster/pbe0dz/test233/coloumb/test233_8_9.sh to Slurm scheduler
water_cluster/pbe0dz/test233/coloumb
683/76651 = submitted job /home/boittier/homeb/water_cluster/pbe0dz/test233/coloumb/test233_8_10.sh to Slurm scheduler
water_cluster/pbe0dz/test233/coloumb
684/76651 = submitted job /home/boittier/homeb/water_cluster/pbe0dz/test233/coloumb/test233_8_11.sh to Slurm scheduler
water_cluster/pbe0dz/test233/coloumb
685/76651 = submitted job /home/boittier/homeb/water_cluster/pbe0dz/test233/coloumb/test233_8_12.sh to Slurm scheduler
water_cluster/pbe0dz/test233/coloumb
686/76651 = submitted job /home/boittier/homeb/water_cluster/pbe0dz/test233/coloumb/test233_8_13.sh to Slurm scheduler
water_cluster/pbe0dz/test233/coloumb
687/76651 = submitted job /home/boittier/homeb/water_cluster/pbe0dz/test233/coloumb/test233_8_14.sh to Slurm scheduler
water_cluster/pbe0dz/test233/coloumb
688/76651 = submitted job /home/boittier/homeb/water_cluster/pbe0dz/test233/coloumb/test233_8_15.sh to Slurm scheduler
water_cluster/pbe0dz/test233/coloumb
689/76651 = submitted job /home/boittier/homeb/water_cluster/pbe0dz/test233/coloumb/test233_8_16.sh to Slurm scheduler
water_cluster/pbe0dz/test233/coloumb
690/76651 = submitted job /home/boittier/homeb/water_cluster/pbe0dz/test233/coloumb/test233_8_17.sh to Slurm scheduler
water_cluster/pbe0dz/test233/coloumb
691/76651 = submitted job /home/boittier/homeb/water_cluster/pbe0dz/test233/coloumb/test233_8_18.sh to Slurm scheduler
water_cluster/pbe0dz/test233/coloumb
692/76651 = submitted job /home/boittier/homeb/water_cluster/pbe0dz/test233/coloumb/test233_8_19.sh to Slurm scheduler
water_cluster/pbe0dz/test233/coloumb
693/76651 = submitted job /home/boittier/homeb/water_cluster/pbe0dz/test233/coloumb/test233_8_20.sh to Slurm scheduler
water_cluster/pbe0dz/test233/coloumb
694/76651 = submitted job /home/boittier/homeb/water_cluster/pbe0dz/test233/coloumb/test233_9_10.sh to Slurm scheduler
water_cluster/pbe0dz/test233/coloumb
695/76651 = submitted job /home/boittier/homeb/water_cluster/pbe0dz/test233/coloumb/test233_9_11.sh to Slurm scheduler
water_cluster/pbe0dz/test233/coloumb
696/76651 = submitted job /home/boittier/homeb/water_cluster/pbe0dz/test233/coloumb/test233_9_12.sh to Slurm scheduler
water_cluster/pbe0dz/test233/coloumb
697/76651 = submitted job /home/boittier/homeb/water_cluster/pbe0dz/test233/coloumb/test233_9_13.sh to Slurm scheduler
water_cluster/pbe0dz/test233/coloumb
698/76651 = submitted job /home/boittier/homeb/water_cluster/pbe0dz/test233/coloumb/test233_9_14.sh to Slurm scheduler
water_cluster/pbe0dz/test233/coloumb
699/76651 = submitted job /home/boittier/homeb/water_cluster/pbe0dz/test233/coloumb/test233_9_15.sh to Slurm scheduler
water_cluster/pbe0dz/test233/coloumb
700/76651 = submitted job /home/boittier/homeb/water_cluster/pbe0dz/test233/coloumb/test233_9_16.sh to Slurm scheduler
water_cluster/pbe0dz/test233/coloumb
701/76651 = submitted job /home/boittier/homeb/water_cluster/pbe0dz/test233/coloumb/test233_9_17.sh to Slurm scheduler
water_cluster/pbe0dz/test233/coloumb
702/76651 = submitted job /home/boittier/homeb/water_cluster/pbe0dz/test233/coloumb/test233_9_18.sh to Slurm scheduler
water_cluster/pbe0dz/test233/coloumb
703/76651 = submitted job /home/boittier/homeb/water_cluster/pbe0dz/test233/coloumb/test233_9_19.sh to Slurm scheduler
water_cluster/pbe0dz/test233/coloumb
704/76651 = submitted job /home/boittier/homeb/water_cluster/pbe0dz/test233/coloumb/test233_9_20.sh to Slurm scheduler
water_cluster/pbe0dz/test233/coloumb
705/76651 = submitted job /home/boittier/homeb/water_cluster/pbe0dz/test233/coloumb/test233_10_11.sh to Slurm scheduler
water_cluster/pbe0dz/test233/coloumb
706/76651 = submitted job /home/boittier/homeb/water_cluster/pbe0dz/test233/coloumb/test233_10_12.sh to Slurm scheduler
water_cluster/pbe0dz/test233/coloumb
707/76651 = submitted job /home/boittier/homeb/water_cluster/pbe0dz/test233/coloumb/test233_10_13.sh to Slurm scheduler
water_cluster/pbe0dz/test233/coloumb
708/76651 = submitted job /home/boittier/homeb/water_cluster/pbe0dz/test233/coloumb/test233_10_14.sh to Slurm scheduler
water_cluster/pbe0dz/test233/coloumb
709/76651 = submitted job /home/boittier/homeb/water_cluster/pbe0dz/test233/coloumb/test233_10_15.sh to Slurm scheduler
water_cluster/pbe0dz/test233/coloumb
710/76651 = submitted job /home/boittier/homeb/water_cluster/pbe0dz/test233/coloumb/test233_10_16.sh to Slurm scheduler
water_cluster/pbe0dz/test233/coloumb
711/76651 = submitted job /home/boittier/homeb/water_cluster/pbe0dz/test233/coloumb/test233_10_17.sh to Slurm scheduler
water_cluster/pbe0dz/test233/coloumb
712/76651 = submitted job /home/boittier/homeb/water_cluster/pbe0dz/test233/coloumb/test233_10_18.sh to Slurm scheduler
water_cluster/pbe0dz/test233/coloumb
713/76651 = submitted job /home/boittier/homeb/water_cluster/pbe0dz/test233/coloumb/test233_10_19.sh to Slurm scheduler
water_cluster/pbe0dz/test233/coloumb
714/76651 = submitted job /home/boittier/homeb/water_cluster/pbe0dz/test233/coloumb/test233_10_20.sh to Slurm scheduler
water_cluster/pbe0dz/test233/coloumb
715/76651 = submitted job /home/boittier/homeb/water_cluster/pbe0dz/test233/coloumb/test233_11_12.sh to Slurm scheduler
water_cluster/pbe0dz/test233/coloumb
716/76651 = submitted job /home/boittier/homeb/water_cluster/pbe0dz/test233/coloumb/test233_11_13.sh to Slurm scheduler
water_cluster/pbe0dz/test233/coloumb
717/76651 = submitted job /home/boittier/homeb/water_cluster/pbe0dz/test233/coloumb/test233_11_14.sh to Slurm scheduler
water_cluster/pbe0dz/test233/coloumb
718/76651 = submitted job /home/boittier/homeb/water_cluster/pbe0dz/test233/coloumb/test233_11_15.sh to Slurm scheduler
water_cluster/pbe0dz/test233/coloumb
719/76651 = submitted job /home/boittier/homeb/water_cluster/pbe0dz/test233/coloumb/test233_11_16.sh to Slurm scheduler
water_cluster/pbe0dz/test233/coloumb
720/76651 = submitted job /home/boittier/homeb/water_cluster/pbe0dz/test233/coloumb/test233_11_17.sh to Slurm scheduler
water_cluster/pbe0dz/test233/coloumb
721/76651 = submitted job /home/boittier/homeb/water_cluster/pbe0dz/test233/coloumb/test233_11_18.sh to Slurm scheduler
water_cluster/pbe0dz/test233/coloumb
722/76651 = submitted job /home/boittier/homeb/water_cluster/pbe0dz/test233/coloumb/test233_11_19.sh to Slurm scheduler
water_cluster/pbe0dz/test233/coloumb
723/76651 = submitted job /home/boittier/homeb/water_cluster/pbe0dz/test233/coloumb/test233_11_20.sh to Slurm scheduler
water_cluster/pbe0dz/test233/coloumb
724/76651 = submitted job /home/boittier/homeb/water_cluster/pbe0dz/test233/coloumb/test233_12_13.sh to Slurm scheduler
water_cluster/pbe0dz/test233/coloumb
725/76651 = submitted job /home/boittier/homeb/water_cluster/pbe0dz/test233/coloumb/test233_12_14.sh to Slurm scheduler
water_cluster/pbe0dz/test233/coloumb
726/76651 = submitted job /home/boittier/homeb/water_cluster/pbe0dz/test233/coloumb/test233_12_15.sh to Slurm scheduler
water_cluster/pbe0dz/test233/coloumb
727/76651 = submitted job /home/boittier/homeb/water_cluster/pbe0dz/test233/coloumb/test233_12_16.sh to Slurm scheduler
water_cluster/pbe0dz/test233/coloumb
728/76651 = submitted job /home/boittier/homeb/water_cluster/pbe0dz/test233/coloumb/test233_12_17.sh to Slurm scheduler
water_cluster/pbe0dz/test233/coloumb
729/76651 = submitted job /home/boittier/homeb/water_cluster/pbe0dz/test233/coloumb/test233_12_18.sh to Slurm scheduler
water_cluster/pbe0dz/test233/coloumb
730/76651 = submitted job /home/boittier/homeb/water_cluster/pbe0dz/test233/coloumb/test233_12_19.sh to Slurm scheduler
water_cluster/pbe0dz/test233/coloumb
731/76651 = submitted job /home/boittier/homeb/water_cluster/pbe0dz/test233/coloumb/test233_12_20.sh to Slurm scheduler
water_cluster/pbe0dz/test233/coloumb
732/76651 = submitted job /home/boittier/homeb/water_cluster/pbe0dz/test233/coloumb/test233_13_14.sh to Slurm scheduler
water_cluster/pbe0dz/test233/coloumb
733/76651 = submitted job /home/boittier/homeb/water_cluster/pbe0dz/test233/coloumb/test233_13_15.sh to Slurm scheduler
water_cluster/pbe0dz/test233/coloumb
734/76651 = submitted job /home/boittier/homeb/water_cluster/pbe0dz/test233/coloumb/test233_13_16.sh to Slurm scheduler
water_cluster/pbe0dz/test233/coloumb
735/76651 = submitted job /home/boittier/homeb/water_cluster/pbe0dz/test233/coloumb/test233_13_17.sh to Slurm scheduler
water_cluster/pbe0dz/test233/coloumb
736/76651 = submitted job /home/boittier/homeb/water_cluster/pbe0dz/test233/coloumb/test233_13_18.sh to Slurm scheduler
water_cluster/pbe0dz/test233/coloumb
737/76651 = submitted job /home/boittier/homeb/water_cluster/pbe0dz/test233/coloumb/test233_13_19.sh to Slurm scheduler
water_cluster/pbe0dz/test233/coloumb
738/76651 = submitted job /home/boittier/homeb/water_cluster/pbe0dz/test233/coloumb/test233_13_20.sh to Slurm scheduler
water_cluster/pbe0dz/test233/coloumb
739/76651 = submitted job /home/boittier/homeb/water_cluster/pbe0dz/test233/coloumb/test233_14_15.sh to Slurm scheduler
water_cluster/pbe0dz/test233/coloumb
740/76651 = submitted job /home/boittier/homeb/water_cluster/pbe0dz/test233/coloumb/test233_14_16.sh to Slurm scheduler
water_cluster/pbe0dz/test233/coloumb
741/76651 = submitted job /home/boittier/homeb/water_cluster/pbe0dz/test233/coloumb/test233_14_17.sh to Slurm scheduler
water_cluster/pbe0dz/test233/coloumb
742/76651 = submitted job /home/boittier/homeb/water_cluster/pbe0dz/test233/coloumb/test233_14_18.sh to Slurm scheduler
water_cluster/pbe0dz/test233/coloumb
743/76651 = submitted job /home/boittier/homeb/water_cluster/pbe0dz/test233/coloumb/test233_14_19.sh to Slurm scheduler
water_cluster/pbe0dz/test233/coloumb
744/76651 = submitted job /home/boittier/homeb/water_cluster/pbe0dz/test233/coloumb/test233_14_20.sh to Slurm scheduler
water_cluster/pbe0dz/test233/coloumb
745/76651 = submitted job /home/boittier/homeb/water_cluster/pbe0dz/test233/coloumb/test233_15_16.sh to Slurm scheduler
water_cluster/pbe0dz/test233/coloumb
746/76651 = submitted job /home/boittier/homeb/water_cluster/pbe0dz/test233/coloumb/test233_15_17.sh to Slurm scheduler
water_cluster/pbe0dz/test233/coloumb
747/76651 = submitted job /home/boittier/homeb/water_cluster/pbe0dz/test233/coloumb/test233_15_18.sh to Slurm scheduler
water_cluster/pbe0dz/test233/coloumb
748/76651 = submitted job /home/boittier/homeb/water_cluster/pbe0dz/test233/coloumb/test233_15_19.sh to Slurm scheduler
water_cluster/pbe0dz/test233/coloumb
749/76651 = submitted job /home/boittier/homeb/water_cluster/pbe0dz/test233/coloumb/test233_15_20.sh to Slurm scheduler
water_cluster/pbe0dz/test233/coloumb
750/76651 = submitted job /home/boittier/homeb/water_cluster/pbe0dz/test233/coloumb/test233_16_17.sh to Slurm scheduler
water_cluster/pbe0dz/test233/coloumb
751/76651 = submitted job /home/boittier/homeb/water_cluster/pbe0dz/test233/coloumb/test233_16_18.sh to Slurm scheduler
water_cluster/pbe0dz/test233/coloumb
752/76651 = submitted job /home/boittier/homeb/water_cluster/pbe0dz/test233/coloumb/test233_16_19.sh to Slurm scheduler
water_cluster/pbe0dz/test233/coloumb
753/76651 = submitted job /home/boittier/homeb/water_cluster/pbe0dz/test233/coloumb/test233_16_20.sh to Slurm scheduler
water_cluster/pbe0dz/test233/coloumb
754/76651 = submitted job /home/boittier/homeb/water_cluster/pbe0dz/test233/coloumb/test233_17_18.sh to Slurm scheduler
water_cluster/pbe0dz/test233/coloumb
755/76651 = submitted job /home/boittier/homeb/water_cluster/pbe0dz/test233/coloumb/test233_17_19.sh to Slurm scheduler
water_cluster/pbe0dz/test233/coloumb
756/76651 = submitted job /home/boittier/homeb/water_cluster/pbe0dz/test233/coloumb/test233_17_20.sh to Slurm scheduler
water_cluster/pbe0dz/test233/coloumb
757/76651 = submitted job /home/boittier/homeb/water_cluster/pbe0dz/test233/coloumb/test233_18_19.sh to Slurm scheduler
water_cluster/pbe0dz/test233/coloumb
758/76651 = submitted job /home/boittier/homeb/water_cluster/pbe0dz/test233/coloumb/test233_18_20.sh to Slurm scheduler
water_cluster/pbe0dz/test233/coloumb
759/76651 = submitted job /home/boittier/homeb/water_cluster/pbe0dz/test233/coloumb/test233_19_20.sh to Slurm scheduler
water_cluster/pbe0dz/test62/coloumb
760/76651 = submitted job /home/boittier/homeb/water_cluster/pbe0dz/test62/coloumb/test62_1_2.sh to Slurm scheduler
water_cluster/pbe0dz/test62/coloumb
761/76651 = submitted job /home/boittier/homeb/water_cluster/pbe0dz/test62/coloumb/test62_1_3.sh to Slurm scheduler
water_cluster/pbe0dz/test62/coloumb
762/76651 = submitted job /home/boittier/homeb/water_cluster/pbe0dz/test62/coloumb/test62_1_4.sh to Slurm scheduler
water_cluster/pbe0dz/test62/coloumb
763/76651 = submitted job /home/boittier/homeb/water_cluster/pbe0dz/test62/coloumb/test62_1_5.sh to Slurm scheduler
water_cluster/pbe0dz/test62/coloumb
764/76651 = submitted job /home/boittier/homeb/water_cluster/pbe0dz/test62/coloumb/test62_1_6.sh to Slurm scheduler
water_cluster/pbe0dz/test62/coloumb
765/76651 = submitted job /home/boittier/homeb/water_cluster/pbe0dz/test62/coloumb/test62_1_7.sh to Slurm scheduler
water_cluster/pbe0dz/test62/coloumb
766/76651 = submitted job /home/boittier/homeb/water_cluster/pbe0dz/test62/coloumb/test62_1_8.sh to Slurm scheduler
water_cluster/pbe0dz/test62/coloumb
767/76651 = submitted job /home/boittier/homeb/water_cluster/pbe0dz/test62/coloumb/test62_1_9.sh to Slurm scheduler
water_cluster/pbe0dz/test62/coloumb
768/76651 = submitted job /home/boittier/homeb/water_cluster/pbe0dz/test62/coloumb/test62_1_10.sh to Slurm scheduler
water_cluster/pbe0dz/test62/coloumb
769/76651 = submitted job /home/boittier/homeb/water_cluster/pbe0dz/test62/coloumb/test62_1_11.sh to Slurm scheduler
water_cluster/pbe0dz/test62/coloumb
770/76651 = submitted job /home/boittier/homeb/water_cluster/pbe0dz/test62/coloumb/test62_1_12.sh to Slurm scheduler
water_cluster/pbe0dz/test62/coloumb
771/76651 = submitted job /home/boittier/homeb/water_cluster/pbe0dz/test62/coloumb/test62_1_13.sh to Slurm scheduler
water_cluster/pbe0dz/test62/coloumb
772/76651 = submitted job /home/boittier/homeb/water_cluster/pbe0dz/test62/coloumb/test62_1_14.sh to Slurm scheduler
water_cluster/pbe0dz/test62/coloumb
773/76651 = submitted job /home/boittier/homeb/water_cluster/pbe0dz/test62/coloumb/test62_1_15.sh to Slurm scheduler
water_cluster/pbe0dz/test62/coloumb
774/76651 = submitted job /home/boittier/homeb/water_cluster/pbe0dz/test62/coloumb/test62_1_16.sh to Slurm scheduler
water_cluster/pbe0dz/test62/coloumb
775/76651 = submitted job /home/boittier/homeb/water_cluster/pbe0dz/test62/coloumb/test62_1_17.sh to Slurm scheduler
water_cluster/pbe0dz/test62/coloumb
776/76651 = submitted job /home/boittier/homeb/water_cluster/pbe0dz/test62/coloumb/test62_1_18.sh to Slurm scheduler
water_cluster/pbe0dz/test62/coloumb
777/76651 = submitted job /home/boittier/homeb/water_cluster/pbe0dz/test62/coloumb/test62_1_19.sh to Slurm scheduler
water_cluster/pbe0dz/test62/coloumb
778/76651 = submitted job /home/boittier/homeb/water_cluster/pbe0dz/test62/coloumb/test62_1_20.sh to Slurm scheduler
water_cluster/pbe0dz/test62/coloumb
779/76651 = submitted job /home/boittier/homeb/water_cluster/pbe0dz/test62/coloumb/test62_2_3.sh to Slurm scheduler
water_cluster/pbe0dz/test62/coloumb
780/76651 = submitted job /home/boittier/homeb/water_cluster/pbe0dz/test62/coloumb/test62_2_4.sh to Slurm scheduler
water_cluster/pbe0dz/test62/coloumb
781/76651 = submitted job /home/boittier/homeb/water_cluster/pbe0dz/test62/coloumb/test62_2_5.sh to Slurm scheduler
water_cluster/pbe0dz/test62/coloumb
782/76651 = submitted job /home/boittier/homeb/water_cluster/pbe0dz/test62/coloumb/test62_2_6.sh to Slurm scheduler
water_cluster/pbe0dz/test62/coloumb
783/76651 = submitted job /home/boittier/homeb/water_cluster/pbe0dz/test62/coloumb/test62_2_7.sh to Slurm scheduler
water_cluster/pbe0dz/test62/coloumb
784/76651 = submitted job /home/boittier/homeb/water_cluster/pbe0dz/test62/coloumb/test62_2_8.sh to Slurm scheduler
water_cluster/pbe0dz/test62/coloumb
785/76651 = submitted job /home/boittier/homeb/water_cluster/pbe0dz/test62/coloumb/test62_2_9.sh to Slurm scheduler
water_cluster/pbe0dz/test62/coloumb
786/76651 = submitted job /home/boittier/homeb/water_cluster/pbe0dz/test62/coloumb/test62_2_10.sh to Slurm scheduler
water_cluster/pbe0dz/test62/coloumb
787/76651 = submitted job /home/boittier/homeb/water_cluster/pbe0dz/test62/coloumb/test62_2_11.sh to Slurm scheduler
water_cluster/pbe0dz/test62/coloumb
788/76651 = submitted job /home/boittier/homeb/water_cluster/pbe0dz/test62/coloumb/test62_2_12.sh to Slurm scheduler
water_cluster/pbe0dz/test62/coloumb
789/76651 = submitted job /home/boittier/homeb/water_cluster/pbe0dz/test62/coloumb/test62_2_13.sh to Slurm scheduler
water_cluster/pbe0dz/test62/coloumb
790/76651 = submitted job /home/boittier/homeb/water_cluster/pbe0dz/test62/coloumb/test62_2_14.sh to Slurm scheduler
water_cluster/pbe0dz/test62/coloumb
791/76651 = submitted job /home/boittier/homeb/water_cluster/pbe0dz/test62/coloumb/test62_2_15.sh to Slurm scheduler
water_cluster/pbe0dz/test62/coloumb
792/76651 = submitted job /home/boittier/homeb/water_cluster/pbe0dz/test62/coloumb/test62_2_16.sh to Slurm scheduler
water_cluster/pbe0dz/test62/coloumb
793/76651 = submitted job /home/boittier/homeb/water_cluster/pbe0dz/test62/coloumb/test62_2_17.sh to Slurm scheduler
water_cluster/pbe0dz/test62/coloumb
794/76651 = submitted job /home/boittier/homeb/water_cluster/pbe0dz/test62/coloumb/test62_2_18.sh to Slurm scheduler
water_cluster/pbe0dz/test62/coloumb
795/76651 = submitted job /home/boittier/homeb/water_cluster/pbe0dz/test62/coloumb/test62_2_19.sh to Slurm scheduler
water_cluster/pbe0dz/test62/coloumb
796/76651 = submitted job /home/boittier/homeb/water_cluster/pbe0dz/test62/coloumb/test62_2_20.sh to Slurm scheduler
water_cluster/pbe0dz/test62/coloumb
797/76651 = submitted job /home/boittier/homeb/water_cluster/pbe0dz/test62/coloumb/test62_3_4.sh to Slurm scheduler
water_cluster/pbe0dz/test62/coloumb
798/76651 = submitted job /home/boittier/homeb/water_cluster/pbe0dz/test62/coloumb/test62_3_5.sh to Slurm scheduler
water_cluster/pbe0dz/test62/coloumb
799/76651 = submitted job /home/boittier/homeb/water_cluster/pbe0dz/test62/coloumb/test62_3_6.sh to Slurm scheduler
water_cluster/pbe0dz/test62/coloumb
800/76651 = submitted job /home/boittier/homeb/water_cluster/pbe0dz/test62/coloumb/test62_3_7.sh to Slurm scheduler
water_cluster/pbe0dz/test62/coloumb
801/76651 = submitted job /home/boittier/homeb/water_cluster/pbe0dz/test62/coloumb/test62_3_8.sh to Slurm scheduler
water_cluster/pbe0dz/test62/coloumb
802/76651 = submitted job /home/boittier/homeb/water_cluster/pbe0dz/test62/coloumb/test62_3_9.sh to Slurm scheduler
water_cluster/pbe0dz/test62/coloumb
803/76651 = submitted job /home/boittier/homeb/water_cluster/pbe0dz/test62/coloumb/test62_3_10.sh to Slurm scheduler
water_cluster/pbe0dz/test62/coloumb
804/76651 = submitted job /home/boittier/homeb/water_cluster/pbe0dz/test62/coloumb/test62_3_11.sh to Slurm scheduler
water_cluster/pbe0dz/test62/coloumb
805/76651 = submitted job /home/boittier/homeb/water_cluster/pbe0dz/test62/coloumb/test62_3_12.sh to Slurm scheduler
water_cluster/pbe0dz/test62/coloumb
806/76651 = submitted job /home/boittier/homeb/water_cluster/pbe0dz/test62/coloumb/test62_3_13.sh to Slurm scheduler
water_cluster/pbe0dz/test62/coloumb
807/76651 = submitted job /home/boittier/homeb/water_cluster/pbe0dz/test62/coloumb/test62_3_14.sh to Slurm scheduler
water_cluster/pbe0dz/test62/coloumb
808/76651 = submitted job /home/boittier/homeb/water_cluster/pbe0dz/test62/coloumb/test62_3_15.sh to Slurm scheduler
water_cluster/pbe0dz/test62/coloumb
809/76651 = submitted job /home/boittier/homeb/water_cluster/pbe0dz/test62/coloumb/test62_3_16.sh to Slurm scheduler
water_cluster/pbe0dz/test62/coloumb
810/76651 = submitted job /home/boittier/homeb/water_cluster/pbe0dz/test62/coloumb/test62_3_17.sh to Slurm scheduler
water_cluster/pbe0dz/test62/coloumb
811/76651 = submitted job /home/boittier/homeb/water_cluster/pbe0dz/test62/coloumb/test62_3_18.sh to Slurm scheduler
water_cluster/pbe0dz/test62/coloumb
812/76651 = submitted job /home/boittier/homeb/water_cluster/pbe0dz/test62/coloumb/test62_3_19.sh to Slurm scheduler
water_cluster/pbe0dz/test62/coloumb
813/76651 = submitted job /home/boittier/homeb/water_cluster/pbe0dz/test62/coloumb/test62_3_20.sh to Slurm scheduler
water_cluster/pbe0dz/test62/coloumb
814/76651 = submitted job /home/boittier/homeb/water_cluster/pbe0dz/test62/coloumb/test62_4_5.sh to Slurm scheduler
water_cluster/pbe0dz/test62/coloumb
815/76651 = submitted job /home/boittier/homeb/water_cluster/pbe0dz/test62/coloumb/test62_4_6.sh to Slurm scheduler
water_cluster/pbe0dz/test62/coloumb
816/76651 = submitted job /home/boittier/homeb/water_cluster/pbe0dz/test62/coloumb/test62_4_7.sh to Slurm scheduler
water_cluster/pbe0dz/test62/coloumb
817/76651 = submitted job /home/boittier/homeb/water_cluster/pbe0dz/test62/coloumb/test62_4_8.sh to Slurm scheduler
water_cluster/pbe0dz/test62/coloumb
818/76651 = submitted job /home/boittier/homeb/water_cluster/pbe0dz/test62/coloumb/test62_4_9.sh to Slurm scheduler
water_cluster/pbe0dz/test62/coloumb
819/76651 = submitted job /home/boittier/homeb/water_cluster/pbe0dz/test62/coloumb/test62_4_10.sh to Slurm scheduler
water_cluster/pbe0dz/test62/coloumb
820/76651 = submitted job /home/boittier/homeb/water_cluster/pbe0dz/test62/coloumb/test62_4_11.sh to Slurm scheduler
water_cluster/pbe0dz/test62/coloumb
821/76651 = submitted job /home/boittier/homeb/water_cluster/pbe0dz/test62/coloumb/test62_4_12.sh to Slurm scheduler
water_cluster/pbe0dz/test62/coloumb
822/76651 = submitted job /home/boittier/homeb/water_cluster/pbe0dz/test62/coloumb/test62_4_13.sh to Slurm scheduler
water_cluster/pbe0dz/test62/coloumb
823/76651 = submitted job /home/boittier/homeb/water_cluster/pbe0dz/test62/coloumb/test62_4_14.sh to Slurm scheduler
water_cluster/pbe0dz/test62/coloumb
824/76651 = submitted job /home/boittier/homeb/water_cluster/pbe0dz/test62/coloumb/test62_4_15.sh to Slurm scheduler
water_cluster/pbe0dz/test62/coloumb
825/76651 = submitted job /home/boittier/homeb/water_cluster/pbe0dz/test62/coloumb/test62_4_16.sh to Slurm scheduler
water_cluster/pbe0dz/test62/coloumb
826/76651 = submitted job /home/boittier/homeb/water_cluster/pbe0dz/test62/coloumb/test62_4_17.sh to Slurm scheduler
water_cluster/pbe0dz/test62/coloumb
827/76651 = submitted job /home/boittier/homeb/water_cluster/pbe0dz/test62/coloumb/test62_4_18.sh to Slurm scheduler
water_cluster/pbe0dz/test62/coloumb
828/76651 = submitted job /home/boittier/homeb/water_cluster/pbe0dz/test62/coloumb/test62_4_19.sh to Slurm scheduler
water_cluster/pbe0dz/test62/coloumb
829/76651 = submitted job /home/boittier/homeb/water_cluster/pbe0dz/test62/coloumb/test62_4_20.sh to Slurm scheduler
water_cluster/pbe0dz/test62/coloumb
830/76651 = submitted job /home/boittier/homeb/water_cluster/pbe0dz/test62/coloumb/test62_5_6.sh to Slurm scheduler
water_cluster/pbe0dz/test62/coloumb
831/76651 = submitted job /home/boittier/homeb/water_cluster/pbe0dz/test62/coloumb/test62_5_7.sh to Slurm scheduler
water_cluster/pbe0dz/test62/coloumb
832/76651 = submitted job /home/boittier/homeb/water_cluster/pbe0dz/test62/coloumb/test62_5_8.sh to Slurm scheduler
water_cluster/pbe0dz/test62/coloumb
833/76651 = submitted job /home/boittier/homeb/water_cluster/pbe0dz/test62/coloumb/test62_5_9.sh to Slurm scheduler
water_cluster/pbe0dz/test62/coloumb
834/76651 = submitted job /home/boittier/homeb/water_cluster/pbe0dz/test62/coloumb/test62_5_10.sh to Slurm scheduler
water_cluster/pbe0dz/test62/coloumb
835/76651 = submitted job /home/boittier/homeb/water_cluster/pbe0dz/test62/coloumb/test62_5_11.sh to Slurm scheduler
water_cluster/pbe0dz/test62/coloumb
836/76651 = submitted job /home/boittier/homeb/water_cluster/pbe0dz/test62/coloumb/test62_5_12.sh to Slurm scheduler
water_cluster/pbe0dz/test62/coloumb
837/76651 = submitted job /home/boittier/homeb/water_cluster/pbe0dz/test62/coloumb/test62_5_13.sh to Slurm scheduler
water_cluster/pbe0dz/test62/coloumb
838/76651 = submitted job /home/boittier/homeb/water_cluster/pbe0dz/test62/coloumb/test62_5_14.sh to Slurm scheduler
water_cluster/pbe0dz/test62/coloumb
839/76651 = submitted job /home/boittier/homeb/water_cluster/pbe0dz/test62/coloumb/test62_5_15.sh to Slurm scheduler
water_cluster/pbe0dz/test62/coloumb
840/76651 = submitted job /home/boittier/homeb/water_cluster/pbe0dz/test62/coloumb/test62_5_16.sh to Slurm scheduler
water_cluster/pbe0dz/test62/coloumb
841/76651 = submitted job /home/boittier/homeb/water_cluster/pbe0dz/test62/coloumb/test62_5_17.sh to Slurm scheduler
water_cluster/pbe0dz/test62/coloumb
842/76651 = submitted job /home/boittier/homeb/water_cluster/pbe0dz/test62/coloumb/test62_5_18.sh to Slurm scheduler
water_cluster/pbe0dz/test62/coloumb
843/76651 = submitted job /home/boittier/homeb/water_cluster/pbe0dz/test62/coloumb/test62_5_19.sh to Slurm scheduler
water_cluster/pbe0dz/test62/coloumb
844/76651 = submitted job /home/boittier/homeb/water_cluster/pbe0dz/test62/coloumb/test62_5_20.sh to Slurm scheduler
water_cluster/pbe0dz/test62/coloumb
845/76651 = submitted job /home/boittier/homeb/water_cluster/pbe0dz/test62/coloumb/test62_6_7.sh to Slurm scheduler
water_cluster/pbe0dz/test62/coloumb
846/76651 = submitted job /home/boittier/homeb/water_cluster/pbe0dz/test62/coloumb/test62_6_8.sh to Slurm scheduler
water_cluster/pbe0dz/test62/coloumb
847/76651 = submitted job /home/boittier/homeb/water_cluster/pbe0dz/test62/coloumb/test62_6_9.sh to Slurm scheduler
water_cluster/pbe0dz/test62/coloumb
848/76651 = submitted job /home/boittier/homeb/water_cluster/pbe0dz/test62/coloumb/test62_6_10.sh to Slurm scheduler
water_cluster/pbe0dz/test62/coloumb
849/76651 = submitted job /home/boittier/homeb/water_cluster/pbe0dz/test62/coloumb/test62_6_11.sh to Slurm scheduler
water_cluster/pbe0dz/test62/coloumb
850/76651 = submitted job /home/boittier/homeb/water_cluster/pbe0dz/test62/coloumb/test62_6_12.sh to Slurm scheduler
water_cluster/pbe0dz/test62/coloumb
851/76651 = submitted job /home/boittier/homeb/water_cluster/pbe0dz/test62/coloumb/test62_6_13.sh to Slurm scheduler
water_cluster/pbe0dz/test62/coloumb
852/76651 = submitted job /home/boittier/homeb/water_cluster/pbe0dz/test62/coloumb/test62_6_14.sh to Slurm scheduler
water_cluster/pbe0dz/test62/coloumb
853/76651 = submitted job /home/boittier/homeb/water_cluster/pbe0dz/test62/coloumb/test62_6_15.sh to Slurm scheduler
water_cluster/pbe0dz/test62/coloumb
854/76651 = submitted job /home/boittier/homeb/water_cluster/pbe0dz/test62/coloumb/test62_6_16.sh to Slurm scheduler
water_cluster/pbe0dz/test62/coloumb
855/76651 = submitted job /home/boittier/homeb/water_cluster/pbe0dz/test62/coloumb/test62_6_17.sh to Slurm scheduler
water_cluster/pbe0dz/test62/coloumb
856/76651 = submitted job /home/boittier/homeb/water_cluster/pbe0dz/test62/coloumb/test62_6_18.sh to Slurm scheduler
water_cluster/pbe0dz/test62/coloumb
857/76651 = submitted job /home/boittier/homeb/water_cluster/pbe0dz/test62/coloumb/test62_6_19.sh to Slurm scheduler
water_cluster/pbe0dz/test62/coloumb
858/76651 = submitted job /home/boittier/homeb/water_cluster/pbe0dz/test62/coloumb/test62_6_20.sh to Slurm scheduler
water_cluster/pbe0dz/test62/coloumb
859/76651 = submitted job /home/boittier/homeb/water_cluster/pbe0dz/test62/coloumb/test62_7_8.sh to Slurm scheduler
water_cluster/pbe0dz/test62/coloumb
860/76651 = submitted job /home/boittier/homeb/water_cluster/pbe0dz/test62/coloumb/test62_7_9.sh to Slurm scheduler
water_cluster/pbe0dz/test62/coloumb
861/76651 = submitted job /home/boittier/homeb/water_cluster/pbe0dz/test62/coloumb/test62_7_10.sh to Slurm scheduler
water_cluster/pbe0dz/test62/coloumb
862/76651 = submitted job /home/boittier/homeb/water_cluster/pbe0dz/test62/coloumb/test62_7_11.sh to Slurm scheduler
water_cluster/pbe0dz/test62/coloumb
863/76651 = submitted job /home/boittier/homeb/water_cluster/pbe0dz/test62/coloumb/test62_7_12.sh to Slurm scheduler
water_cluster/pbe0dz/test62/coloumb
864/76651 = submitted job /home/boittier/homeb/water_cluster/pbe0dz/test62/coloumb/test62_7_13.sh to Slurm scheduler
water_cluster/pbe0dz/test62/coloumb
865/76651 = submitted job /home/boittier/homeb/water_cluster/pbe0dz/test62/coloumb/test62_7_14.sh to Slurm scheduler
water_cluster/pbe0dz/test62/coloumb
866/76651 = submitted job /home/boittier/homeb/water_cluster/pbe0dz/test62/coloumb/test62_7_15.sh to Slurm scheduler
water_cluster/pbe0dz/test62/coloumb
867/76651 = submitted job /home/boittier/homeb/water_cluster/pbe0dz/test62/coloumb/test62_7_16.sh to Slurm scheduler
water_cluster/pbe0dz/test62/coloumb
868/76651 = submitted job /home/boittier/homeb/water_cluster/pbe0dz/test62/coloumb/test62_7_17.sh to Slurm scheduler
water_cluster/pbe0dz/test62/coloumb
869/76651 = submitted job /home/boittier/homeb/water_cluster/pbe0dz/test62/coloumb/test62_7_18.sh to Slurm scheduler
water_cluster/pbe0dz/test62/coloumb
870/76651 = submitted job /home/boittier/homeb/water_cluster/pbe0dz/test62/coloumb/test62_7_19.sh to Slurm scheduler
water_cluster/pbe0dz/test62/coloumb
871/76651 = submitted job /home/boittier/homeb/water_cluster/pbe0dz/test62/coloumb/test62_7_20.sh to Slurm scheduler
water_cluster/pbe0dz/test62/coloumb
872/76651 = submitted job /home/boittier/homeb/water_cluster/pbe0dz/test62/coloumb/test62_8_9.sh to Slurm scheduler
water_cluster/pbe0dz/test62/coloumb
873/76651 = submitted job /home/boittier/homeb/water_cluster/pbe0dz/test62/coloumb/test62_8_10.sh to Slurm scheduler
water_cluster/pbe0dz/test62/coloumb
874/76651 = submitted job /home/boittier/homeb/water_cluster/pbe0dz/test62/coloumb/test62_8_11.sh to Slurm scheduler
water_cluster/pbe0dz/test62/coloumb
875/76651 = submitted job /home/boittier/homeb/water_cluster/pbe0dz/test62/coloumb/test62_8_12.sh to Slurm scheduler
water_cluster/pbe0dz/test62/coloumb
876/76651 = submitted job /home/boittier/homeb/water_cluster/pbe0dz/test62/coloumb/test62_8_13.sh to Slurm scheduler
water_cluster/pbe0dz/test62/coloumb
877/76651 = submitted job /home/boittier/homeb/water_cluster/pbe0dz/test62/coloumb/test62_8_14.sh to Slurm scheduler
water_cluster/pbe0dz/test62/coloumb
878/76651 = submitted job /home/boittier/homeb/water_cluster/pbe0dz/test62/coloumb/test62_8_15.sh to Slurm scheduler
water_cluster/pbe0dz/test62/coloumb
879/76651 = submitted job /home/boittier/homeb/water_cluster/pbe0dz/test62/coloumb/test62_8_16.sh to Slurm scheduler
water_cluster/pbe0dz/test62/coloumb
880/76651 = submitted job /home/boittier/homeb/water_cluster/pbe0dz/test62/coloumb/test62_8_17.sh to Slurm scheduler
water_cluster/pbe0dz/test62/coloumb
881/76651 = submitted job /home/boittier/homeb/water_cluster/pbe0dz/test62/coloumb/test62_8_18.sh to Slurm scheduler
water_cluster/pbe0dz/test62/coloumb
882/76651 = submitted job /home/boittier/homeb/water_cluster/pbe0dz/test62/coloumb/test62_8_19.sh to Slurm scheduler
water_cluster/pbe0dz/test62/coloumb
883/76651 = submitted job /home/boittier/homeb/water_cluster/pbe0dz/test62/coloumb/test62_8_20.sh to Slurm scheduler
water_cluster/pbe0dz/test62/coloumb
884/76651 = submitted job /home/boittier/homeb/water_cluster/pbe0dz/test62/coloumb/test62_9_10.sh to Slurm scheduler
water_cluster/pbe0dz/test62/coloumb
885/76651 = submitted job /home/boittier/homeb/water_cluster/pbe0dz/test62/coloumb/test62_9_11.sh to Slurm scheduler
water_cluster/pbe0dz/test62/coloumb
886/76651 = submitted job /home/boittier/homeb/water_cluster/pbe0dz/test62/coloumb/test62_9_12.sh to Slurm scheduler
water_cluster/pbe0dz/test62/coloumb
887/76651 = submitted job /home/boittier/homeb/water_cluster/pbe0dz/test62/coloumb/test62_9_13.sh to Slurm scheduler
water_cluster/pbe0dz/test62/coloumb
888/76651 = submitted job /home/boittier/homeb/water_cluster/pbe0dz/test62/coloumb/test62_9_14.sh to Slurm scheduler
water_cluster/pbe0dz/test62/coloumb
889/76651 = submitted job /home/boittier/homeb/water_cluster/pbe0dz/test62/coloumb/test62_9_15.sh to Slurm scheduler
water_cluster/pbe0dz/test62/coloumb
890/76651 = submitted job /home/boittier/homeb/water_cluster/pbe0dz/test62/coloumb/test62_9_16.sh to Slurm scheduler
water_cluster/pbe0dz/test62/coloumb
891/76651 = submitted job /home/boittier/homeb/water_cluster/pbe0dz/test62/coloumb/test62_9_17.sh to Slurm scheduler
water_cluster/pbe0dz/test62/coloumb
892/76651 = submitted job /home/boittier/homeb/water_cluster/pbe0dz/test62/coloumb/test62_9_18.sh to Slurm scheduler
water_cluster/pbe0dz/test62/coloumb
893/76651 = submitted job /home/boittier/homeb/water_cluster/pbe0dz/test62/coloumb/test62_9_19.sh to Slurm scheduler
water_cluster/pbe0dz/test62/coloumb
894/76651 = submitted job /home/boittier/homeb/water_cluster/pbe0dz/test62/coloumb/test62_9_20.sh to Slurm scheduler
water_cluster/pbe0dz/test62/coloumb
895/76651 = submitted job /home/boittier/homeb/water_cluster/pbe0dz/test62/coloumb/test62_10_11.sh to Slurm scheduler
water_cluster/pbe0dz/test62/coloumb
896/76651 = submitted job /home/boittier/homeb/water_cluster/pbe0dz/test62/coloumb/test62_10_12.sh to Slurm scheduler
water_cluster/pbe0dz/test62/coloumb
897/76651 = submitted job /home/boittier/homeb/water_cluster/pbe0dz/test62/coloumb/test62_10_13.sh to Slurm scheduler
water_cluster/pbe0dz/test62/coloumb
898/76651 = submitted job /home/boittier/homeb/water_cluster/pbe0dz/test62/coloumb/test62_10_14.sh to Slurm scheduler
water_cluster/pbe0dz/test62/coloumb
899/76651 = submitted job /home/boittier/homeb/water_cluster/pbe0dz/test62/coloumb/test62_10_15.sh to Slurm scheduler
water_cluster/pbe0dz/test62/coloumb
900/76651 = submitted job /home/boittier/homeb/water_cluster/pbe0dz/test62/coloumb/test62_10_16.sh to Slurm scheduler
water_cluster/pbe0dz/test62/coloumb
901/76651 = submitted job /home/boittier/homeb/water_cluster/pbe0dz/test62/coloumb/test62_10_17.sh to Slurm scheduler
water_cluster/pbe0dz/test62/coloumb
902/76651 = submitted job /home/boittier/homeb/water_cluster/pbe0dz/test62/coloumb/test62_10_18.sh to Slurm scheduler
water_cluster/pbe0dz/test62/coloumb
903/76651 = submitted job /home/boittier/homeb/water_cluster/pbe0dz/test62/coloumb/test62_10_19.sh to Slurm scheduler
water_cluster/pbe0dz/test62/coloumb
904/76651 = submitted job /home/boittier/homeb/water_cluster/pbe0dz/test62/coloumb/test62_10_20.sh to Slurm scheduler
water_cluster/pbe0dz/test62/coloumb
905/76651 = submitted job /home/boittier/homeb/water_cluster/pbe0dz/test62/coloumb/test62_11_12.sh to Slurm scheduler
water_cluster/pbe0dz/test62/coloumb
906/76651 = submitted job /home/boittier/homeb/water_cluster/pbe0dz/test62/coloumb/test62_11_13.sh to Slurm scheduler
water_cluster/pbe0dz/test62/coloumb
907/76651 = submitted job /home/boittier/homeb/water_cluster/pbe0dz/test62/coloumb/test62_11_14.sh to Slurm scheduler
water_cluster/pbe0dz/test62/coloumb
908/76651 = submitted job /home/boittier/homeb/water_cluster/pbe0dz/test62/coloumb/test62_11_15.sh to Slurm scheduler
water_cluster/pbe0dz/test62/coloumb
909/76651 = submitted job /home/boittier/homeb/water_cluster/pbe0dz/test62/coloumb/test62_11_16.sh to Slurm scheduler
water_cluster/pbe0dz/test62/coloumb
910/76651 = submitted job /home/boittier/homeb/water_cluster/pbe0dz/test62/coloumb/test62_11_17.sh to Slurm scheduler
water_cluster/pbe0dz/test62/coloumb
911/76651 = submitted job /home/boittier/homeb/water_cluster/pbe0dz/test62/coloumb/test62_11_18.sh to Slurm scheduler
water_cluster/pbe0dz/test62/coloumb
912/76651 = submitted job /home/boittier/homeb/water_cluster/pbe0dz/test62/coloumb/test62_11_19.sh to Slurm scheduler
water_cluster/pbe0dz/test62/coloumb
913/76651 = submitted job /home/boittier/homeb/water_cluster/pbe0dz/test62/coloumb/test62_11_20.sh to Slurm scheduler
water_cluster/pbe0dz/test62/coloumb
914/76651 = submitted job /home/boittier/homeb/water_cluster/pbe0dz/test62/coloumb/test62_12_13.sh to Slurm scheduler
water_cluster/pbe0dz/test62/coloumb
915/76651 = submitted job /home/boittier/homeb/water_cluster/pbe0dz/test62/coloumb/test62_12_14.sh to Slurm scheduler
water_cluster/pbe0dz/test62/coloumb
916/76651 = submitted job /home/boittier/homeb/water_cluster/pbe0dz/test62/coloumb/test62_12_15.sh to Slurm scheduler
water_cluster/pbe0dz/test62/coloumb
917/76651 = submitted job /home/boittier/homeb/water_cluster/pbe0dz/test62/coloumb/test62_12_16.sh to Slurm scheduler
water_cluster/pbe0dz/test62/coloumb
918/76651 = submitted job /home/boittier/homeb/water_cluster/pbe0dz/test62/coloumb/test62_12_17.sh to Slurm scheduler
water_cluster/pbe0dz/test62/coloumb
919/76651 = submitted job /home/boittier/homeb/water_cluster/pbe0dz/test62/coloumb/test62_12_18.sh to Slurm scheduler
water_cluster/pbe0dz/test62/coloumb
920/76651 = submitted job /home/boittier/homeb/water_cluster/pbe0dz/test62/coloumb/test62_12_19.sh to Slurm scheduler
water_cluster/pbe0dz/test62/coloumb
921/76651 = submitted job /home/boittier/homeb/water_cluster/pbe0dz/test62/coloumb/test62_12_20.sh to Slurm scheduler
water_cluster/pbe0dz/test62/coloumb
922/76651 = submitted job /home/boittier/homeb/water_cluster/pbe0dz/test62/coloumb/test62_13_14.sh to Slurm scheduler
water_cluster/pbe0dz/test62/coloumb
923/76651 = submitted job /home/boittier/homeb/water_cluster/pbe0dz/test62/coloumb/test62_13_15.sh to Slurm scheduler
water_cluster/pbe0dz/test62/coloumb
924/76651 = submitted job /home/boittier/homeb/water_cluster/pbe0dz/test62/coloumb/test62_13_16.sh to Slurm scheduler
water_cluster/pbe0dz/test62/coloumb
925/76651 = submitted job /home/boittier/homeb/water_cluster/pbe0dz/test62/coloumb/test62_13_17.sh to Slurm scheduler
water_cluster/pbe0dz/test62/coloumb
926/76651 = submitted job /home/boittier/homeb/water_cluster/pbe0dz/test62/coloumb/test62_13_18.sh to Slurm scheduler
water_cluster/pbe0dz/test62/coloumb
927/76651 = submitted job /home/boittier/homeb/water_cluster/pbe0dz/test62/coloumb/test62_13_19.sh to Slurm scheduler
water_cluster/pbe0dz/test62/coloumb
928/76651 = submitted job /home/boittier/homeb/water_cluster/pbe0dz/test62/coloumb/test62_13_20.sh to Slurm scheduler
water_cluster/pbe0dz/test62/coloumb
929/76651 = submitted job /home/boittier/homeb/water_cluster/pbe0dz/test62/coloumb/test62_14_15.sh to Slurm scheduler
water_cluster/pbe0dz/test62/coloumb
930/76651 = submitted job /home/boittier/homeb/water_cluster/pbe0dz/test62/coloumb/test62_14_16.sh to Slurm scheduler
water_cluster/pbe0dz/test62/coloumb
931/76651 = submitted job /home/boittier/homeb/water_cluster/pbe0dz/test62/coloumb/test62_14_17.sh to Slurm scheduler
water_cluster/pbe0dz/test62/coloumb
932/76651 = submitted job /home/boittier/homeb/water_cluster/pbe0dz/test62/coloumb/test62_14_18.sh to Slurm scheduler
water_cluster/pbe0dz/test62/coloumb
933/76651 = submitted job /home/boittier/homeb/water_cluster/pbe0dz/test62/coloumb/test62_14_19.sh to Slurm scheduler
water_cluster/pbe0dz/test62/coloumb
934/76651 = submitted job /home/boittier/homeb/water_cluster/pbe0dz/test62/coloumb/test62_14_20.sh to Slurm scheduler
water_cluster/pbe0dz/test62/coloumb
935/76651 = submitted job /home/boittier/homeb/water_cluster/pbe0dz/test62/coloumb/test62_15_16.sh to Slurm scheduler
water_cluster/pbe0dz/test62/coloumb
936/76651 = submitted job /home/boittier/homeb/water_cluster/pbe0dz/test62/coloumb/test62_15_17.sh to Slurm scheduler
water_cluster/pbe0dz/test62/coloumb
937/76651 = submitted job /home/boittier/homeb/water_cluster/pbe0dz/test62/coloumb/test62_15_18.sh to Slurm scheduler
water_cluster/pbe0dz/test62/coloumb
938/76651 = submitted job /home/boittier/homeb/water_cluster/pbe0dz/test62/coloumb/test62_15_19.sh to Slurm scheduler
water_cluster/pbe0dz/test62/coloumb
939/76651 = submitted job /home/boittier/homeb/water_cluster/pbe0dz/test62/coloumb/test62_15_20.sh to Slurm scheduler
water_cluster/pbe0dz/test62/coloumb
940/76651 = submitted job /home/boittier/homeb/water_cluster/pbe0dz/test62/coloumb/test62_16_17.sh to Slurm scheduler
water_cluster/pbe0dz/test62/coloumb
941/76651 = submitted job /home/boittier/homeb/water_cluster/pbe0dz/test62/coloumb/test62_16_18.sh to Slurm scheduler
water_cluster/pbe0dz/test62/coloumb
942/76651 = submitted job /home/boittier/homeb/water_cluster/pbe0dz/test62/coloumb/test62_16_19.sh to Slurm scheduler
water_cluster/pbe0dz/test62/coloumb
943/76651 = submitted job /home/boittier/homeb/water_cluster/pbe0dz/test62/coloumb/test62_16_20.sh to Slurm scheduler
water_cluster/pbe0dz/test62/coloumb
944/76651 = submitted job /home/boittier/homeb/water_cluster/pbe0dz/test62/coloumb/test62_17_18.sh to Slurm scheduler
water_cluster/pbe0dz/test62/coloumb
945/76651 = submitted job /home/boittier/homeb/water_cluster/pbe0dz/test62/coloumb/test62_17_19.sh to Slurm scheduler
water_cluster/pbe0dz/test62/coloumb
946/76651 = submitted job /home/boittier/homeb/water_cluster/pbe0dz/test62/coloumb/test62_17_20.sh to Slurm scheduler
water_cluster/pbe0dz/test62/coloumb
947/76651 = submitted job /home/boittier/homeb/water_cluster/pbe0dz/test62/coloumb/test62_18_19.sh to Slurm scheduler
water_cluster/pbe0dz/test62/coloumb
948/76651 = submitted job /home/boittier/homeb/water_cluster/pbe0dz/test62/coloumb/test62_18_20.sh to Slurm scheduler
water_cluster/pbe0dz/test62/coloumb
949/76651 = submitted job /home/boittier/homeb/water_cluster/pbe0dz/test62/coloumb/test62_19_20.sh to Slurm scheduler
water_cluster/pbe0dz/test308/coloumb
950/76651 = submitted job /home/boittier/homeb/water_cluster/pbe0dz/test308/coloumb/test308_1_2.sh to Slurm scheduler
water_cluster/pbe0dz/test308/coloumb
951/76651 = submitted job /home/boittier/homeb/water_cluster/pbe0dz/test308/coloumb/test308_1_3.sh to Slurm scheduler
water_cluster/pbe0dz/test308/coloumb
952/76651 = submitted job /home/boittier/homeb/water_cluster/pbe0dz/test308/coloumb/test308_1_4.sh to Slurm scheduler
water_cluster/pbe0dz/test308/coloumb
953/76651 = submitted job /home/boittier/homeb/water_cluster/pbe0dz/test308/coloumb/test308_1_5.sh to Slurm scheduler
water_cluster/pbe0dz/test308/coloumb
954/76651 = submitted job /home/boittier/homeb/water_cluster/pbe0dz/test308/coloumb/test308_1_6.sh to Slurm scheduler
water_cluster/pbe0dz/test308/coloumb
955/76651 = submitted job /home/boittier/homeb/water_cluster/pbe0dz/test308/coloumb/test308_1_7.sh to Slurm scheduler
water_cluster/pbe0dz/test308/coloumb
956/76651 = submitted job /home/boittier/homeb/water_cluster/pbe0dz/test308/coloumb/test308_1_8.sh to Slurm scheduler
water_cluster/pbe0dz/test308/coloumb
957/76651 = submitted job /home/boittier/homeb/water_cluster/pbe0dz/test308/coloumb/test308_1_9.sh to Slurm scheduler
water_cluster/pbe0dz/test308/coloumb
958/76651 = submitted job /home/boittier/homeb/water_cluster/pbe0dz/test308/coloumb/test308_1_10.sh to Slurm scheduler
water_cluster/pbe0dz/test308/coloumb
959/76651 = submitted job /home/boittier/homeb/water_cluster/pbe0dz/test308/coloumb/test308_1_11.sh to Slurm scheduler
water_cluster/pbe0dz/test308/coloumb
960/76651 = submitted job /home/boittier/homeb/water_cluster/pbe0dz/test308/coloumb/test308_1_12.sh to Slurm scheduler
water_cluster/pbe0dz/test308/coloumb
961/76651 = submitted job /home/boittier/homeb/water_cluster/pbe0dz/test308/coloumb/test308_1_13.sh to Slurm scheduler
water_cluster/pbe0dz/test308/coloumb
962/76651 = submitted job /home/boittier/homeb/water_cluster/pbe0dz/test308/coloumb/test308_1_14.sh to Slurm scheduler
water_cluster/pbe0dz/test308/coloumb
963/76651 = submitted job /home/boittier/homeb/water_cluster/pbe0dz/test308/coloumb/test308_1_15.sh to Slurm scheduler
water_cluster/pbe0dz/test308/coloumb
964/76651 = submitted job /home/boittier/homeb/water_cluster/pbe0dz/test308/coloumb/test308_1_16.sh to Slurm scheduler
water_cluster/pbe0dz/test308/coloumb
965/76651 = submitted job /home/boittier/homeb/water_cluster/pbe0dz/test308/coloumb/test308_1_17.sh to Slurm scheduler
water_cluster/pbe0dz/test308/coloumb
966/76651 = submitted job /home/boittier/homeb/water_cluster/pbe0dz/test308/coloumb/test308_1_18.sh to Slurm scheduler
water_cluster/pbe0dz/test308/coloumb
967/76651 = submitted job /home/boittier/homeb/water_cluster/pbe0dz/test308/coloumb/test308_1_19.sh to Slurm scheduler
water_cluster/pbe0dz/test308/coloumb
968/76651 = submitted job /home/boittier/homeb/water_cluster/pbe0dz/test308/coloumb/test308_1_20.sh to Slurm scheduler
water_cluster/pbe0dz/test308/coloumb
969/76651 = submitted job /home/boittier/homeb/water_cluster/pbe0dz/test308/coloumb/test308_2_3.sh to Slurm scheduler
water_cluster/pbe0dz/test308/coloumb
970/76651 = submitted job /home/boittier/homeb/water_cluster/pbe0dz/test308/coloumb/test308_2_4.sh to Slurm scheduler
water_cluster/pbe0dz/test308/coloumb
971/76651 = submitted job /home/boittier/homeb/water_cluster/pbe0dz/test308/coloumb/test308_2_5.sh to Slurm scheduler
water_cluster/pbe0dz/test308/coloumb
972/76651 = submitted job /home/boittier/homeb/water_cluster/pbe0dz/test308/coloumb/test308_2_6.sh to Slurm scheduler
water_cluster/pbe0dz/test308/coloumb
973/76651 = submitted job /home/boittier/homeb/water_cluster/pbe0dz/test308/coloumb/test308_2_7.sh to Slurm scheduler
water_cluster/pbe0dz/test308/coloumb
974/76651 = submitted job /home/boittier/homeb/water_cluster/pbe0dz/test308/coloumb/test308_2_8.sh to Slurm scheduler
water_cluster/pbe0dz/test308/coloumb
975/76651 = submitted job /home/boittier/homeb/water_cluster/pbe0dz/test308/coloumb/test308_2_9.sh to Slurm scheduler
water_cluster/pbe0dz/test308/coloumb
976/76651 = submitted job /home/boittier/homeb/water_cluster/pbe0dz/test308/coloumb/test308_2_10.sh to Slurm scheduler
water_cluster/pbe0dz/test308/coloumb
977/76651 = submitted job /home/boittier/homeb/water_cluster/pbe0dz/test308/coloumb/test308_2_11.sh to Slurm scheduler
water_cluster/pbe0dz/test308/coloumb
978/76651 = submitted job /home/boittier/homeb/water_cluster/pbe0dz/test308/coloumb/test308_2_12.sh to Slurm scheduler
water_cluster/pbe0dz/test308/coloumb
979/76651 = submitted job /home/boittier/homeb/water_cluster/pbe0dz/test308/coloumb/test308_2_13.sh to Slurm scheduler
water_cluster/pbe0dz/test308/coloumb
980/76651 = submitted job /home/boittier/homeb/water_cluster/pbe0dz/test308/coloumb/test308_2_14.sh to Slurm scheduler
water_cluster/pbe0dz/test308/coloumb
981/76651 = submitted job /home/boittier/homeb/water_cluster/pbe0dz/test308/coloumb/test308_2_15.sh to Slurm scheduler
water_cluster/pbe0dz/test308/coloumb
982/76651 = submitted job /home/boittier/homeb/water_cluster/pbe0dz/test308/coloumb/test308_2_16.sh to Slurm scheduler
water_cluster/pbe0dz/test308/coloumb
983/76651 = submitted job /home/boittier/homeb/water_cluster/pbe0dz/test308/coloumb/test308_2_17.sh to Slurm scheduler
water_cluster/pbe0dz/test308/coloumb
984/76651 = submitted job /home/boittier/homeb/water_cluster/pbe0dz/test308/coloumb/test308_2_18.sh to Slurm scheduler
water_cluster/pbe0dz/test308/coloumb
985/76651 = submitted job /home/boittier/homeb/water_cluster/pbe0dz/test308/coloumb/test308_2_19.sh to Slurm scheduler
water_cluster/pbe0dz/test308/coloumb
986/76651 = submitted job /home/boittier/homeb/water_cluster/pbe0dz/test308/coloumb/test308_2_20.sh to Slurm scheduler
water_cluster/pbe0dz/test308/coloumb
987/76651 = submitted job /home/boittier/homeb/water_cluster/pbe0dz/test308/coloumb/test308_3_4.sh to Slurm scheduler
water_cluster/pbe0dz/test308/coloumb
988/76651 = submitted job /home/boittier/homeb/water_cluster/pbe0dz/test308/coloumb/test308_3_5.sh to Slurm scheduler
water_cluster/pbe0dz/test308/coloumb
989/76651 = submitted job /home/boittier/homeb/water_cluster/pbe0dz/test308/coloumb/test308_3_6.sh to Slurm scheduler
water_cluster/pbe0dz/test308/coloumb
990/76651 = submitted job /home/boittier/homeb/water_cluster/pbe0dz/test308/coloumb/test308_3_7.sh to Slurm scheduler
water_cluster/pbe0dz/test308/coloumb
991/76651 = submitted job /home/boittier/homeb/water_cluster/pbe0dz/test308/coloumb/test308_3_8.sh to Slurm scheduler
water_cluster/pbe0dz/test308/coloumb
992/76651 = submitted job /home/boittier/homeb/water_cluster/pbe0dz/test308/coloumb/test308_3_9.sh to Slurm scheduler
water_cluster/pbe0dz/test308/coloumb
993/76651 = submitted job /home/boittier/homeb/water_cluster/pbe0dz/test308/coloumb/test308_3_10.sh to Slurm scheduler
water_cluster/pbe0dz/test308/coloumb
994/76651 = submitted job /home/boittier/homeb/water_cluster/pbe0dz/test308/coloumb/test308_3_11.sh to Slurm scheduler
water_cluster/pbe0dz/test308/coloumb
995/76651 = submitted job /home/boittier/homeb/water_cluster/pbe0dz/test308/coloumb/test308_3_12.sh to Slurm scheduler
water_cluster/pbe0dz/test308/coloumb
996/76651 = submitted job /home/boittier/homeb/water_cluster/pbe0dz/test308/coloumb/test308_3_13.sh to Slurm scheduler
water_cluster/pbe0dz/test308/coloumb
997/76651 = submitted job /home/boittier/homeb/water_cluster/pbe0dz/test308/coloumb/test308_3_14.sh to Slurm scheduler
water_cluster/pbe0dz/test308/coloumb
998/76651 = submitted job /home/boittier/homeb/water_cluster/pbe0dz/test308/coloumb/test308_3_15.sh to Slurm scheduler
water_cluster/pbe0dz/test308/coloumb
999/76651 = submitted job /home/boittier/homeb/water_cluster/pbe0dz/test308/coloumb/test308_3_16.sh to Slurm scheduler
water_cluster/pbe0dz/test308/coloumb
1000/76651 = submitted job /home/boittier/homeb/water_cluster/pbe0dz/test308/coloumb/test308_3_17.sh to Slurm scheduler
water_cluster/pbe0dz/test308/coloumb
1001/76651 = submitted job /home/boittier/homeb/water_cluster/pbe0dz/test308/coloumb/test308_3_18.sh to Slurm scheduler
water_cluster/pbe0dz/test308/coloumb
1002/76651 = submitted job /home/boittier/homeb/water_cluster/pbe0dz/test308/coloumb/test308_3_19.sh to Slurm scheduler
water_cluster/pbe0dz/test308/coloumb
1003/76651 = submitted job /home/boittier/homeb/water_cluster/pbe0dz/test308/coloumb/test308_3_20.sh to Slurm scheduler
water_cluster/pbe0dz/test308/coloumb
1004/76651 = submitted job /home/boittier/homeb/water_cluster/pbe0dz/test308/coloumb/test308_4_5.sh to Slurm scheduler
water_cluster/pbe0dz/test308/coloumb
1005/76651 = submitted job /home/boittier/homeb/water_cluster/pbe0dz/test308/coloumb/test308_4_6.sh to Slurm scheduler
water_cluster/pbe0dz/test308/coloumb
1006/76651 = submitted job /home/boittier/homeb/water_cluster/pbe0dz/test308/coloumb/test308_4_7.sh to Slurm scheduler
water_cluster/pbe0dz/test308/coloumb
1007/76651 = submitted job /home/boittier/homeb/water_cluster/pbe0dz/test308/coloumb/test308_4_8.sh to Slurm scheduler
water_cluster/pbe0dz/test308/coloumb
1008/76651 = submitted job /home/boittier/homeb/water_cluster/pbe0dz/test308/coloumb/test308_4_9.sh to Slurm scheduler
water_cluster/pbe0dz/test308/coloumb
1009/76651 = submitted job /home/boittier/homeb/water_cluster/pbe0dz/test308/coloumb/test308_4_10.sh to Slurm scheduler
water_cluster/pbe0dz/test308/coloumb
1010/76651 = submitted job /home/boittier/homeb/water_cluster/pbe0dz/test308/coloumb/test308_4_11.sh to Slurm scheduler
water_cluster/pbe0dz/test308/coloumb
1011/76651 = submitted job /home/boittier/homeb/water_cluster/pbe0dz/test308/coloumb/test308_4_12.sh to Slurm scheduler
water_cluster/pbe0dz/test308/coloumb
1012/76651 = submitted job /home/boittier/homeb/water_cluster/pbe0dz/test308/coloumb/test308_4_13.sh to Slurm scheduler
water_cluster/pbe0dz/test308/coloumb
1013/76651 = submitted job /home/boittier/homeb/water_cluster/pbe0dz/test308/coloumb/test308_4_14.sh to Slurm scheduler
water_cluster/pbe0dz/test308/coloumb
1014/76651 = submitted job /home/boittier/homeb/water_cluster/pbe0dz/test308/coloumb/test308_4_15.sh to Slurm scheduler
water_cluster/pbe0dz/test308/coloumb
1015/76651 = submitted job /home/boittier/homeb/water_cluster/pbe0dz/test308/coloumb/test308_4_16.sh to Slurm scheduler
water_cluster/pbe0dz/test308/coloumb
1016/76651 = submitted job /home/boittier/homeb/water_cluster/pbe0dz/test308/coloumb/test308_4_17.sh to Slurm scheduler
water_cluster/pbe0dz/test308/coloumb
1017/76651 = submitted job /home/boittier/homeb/water_cluster/pbe0dz/test308/coloumb/test308_4_18.sh to Slurm scheduler
water_cluster/pbe0dz/test308/coloumb
1018/76651 = submitted job /home/boittier/homeb/water_cluster/pbe0dz/test308/coloumb/test308_4_19.sh to Slurm scheduler
water_cluster/pbe0dz/test308/coloumb
1019/76651 = submitted job /home/boittier/homeb/water_cluster/pbe0dz/test308/coloumb/test308_4_20.sh to Slurm scheduler
water_cluster/pbe0dz/test308/coloumb
1020/76651 = submitted job /home/boittier/homeb/water_cluster/pbe0dz/test308/coloumb/test308_5_6.sh to Slurm scheduler
water_cluster/pbe0dz/test308/coloumb
1021/76651 = submitted job /home/boittier/homeb/water_cluster/pbe0dz/test308/coloumb/test308_5_7.sh to Slurm scheduler
water_cluster/pbe0dz/test308/coloumb
1022/76651 = submitted job /home/boittier/homeb/water_cluster/pbe0dz/test308/coloumb/test308_5_8.sh to Slurm scheduler
water_cluster/pbe0dz/test308/coloumb
1023/76651 = submitted job /home/boittier/homeb/water_cluster/pbe0dz/test308/coloumb/test308_5_9.sh to Slurm scheduler
water_cluster/pbe0dz/test308/coloumb
1024/76651 = submitted job /home/boittier/homeb/water_cluster/pbe0dz/test308/coloumb/test308_5_10.sh to Slurm scheduler
water_cluster/pbe0dz/test308/coloumb
1025/76651 = submitted job /home/boittier/homeb/water_cluster/pbe0dz/test308/coloumb/test308_5_11.sh to Slurm scheduler
water_cluster/pbe0dz/test308/coloumb
1026/76651 = submitted job /home/boittier/homeb/water_cluster/pbe0dz/test308/coloumb/test308_5_12.sh to Slurm scheduler
water_cluster/pbe0dz/test308/coloumb
1027/76651 = submitted job /home/boittier/homeb/water_cluster/pbe0dz/test308/coloumb/test308_5_13.sh to Slurm scheduler
water_cluster/pbe0dz/test308/coloumb
1028/76651 = submitted job /home/boittier/homeb/water_cluster/pbe0dz/test308/coloumb/test308_5_14.sh to Slurm scheduler
water_cluster/pbe0dz/test308/coloumb
1029/76651 = submitted job /home/boittier/homeb/water_cluster/pbe0dz/test308/coloumb/test308_5_15.sh to Slurm scheduler
water_cluster/pbe0dz/test308/coloumb
1030/76651 = submitted job /home/boittier/homeb/water_cluster/pbe0dz/test308/coloumb/test308_5_16.sh to Slurm scheduler
water_cluster/pbe0dz/test308/coloumb
1031/76651 = submitted job /home/boittier/homeb/water_cluster/pbe0dz/test308/coloumb/test308_5_17.sh to Slurm scheduler
water_cluster/pbe0dz/test308/coloumb
1032/76651 = submitted job /home/boittier/homeb/water_cluster/pbe0dz/test308/coloumb/test308_5_18.sh to Slurm scheduler
water_cluster/pbe0dz/test308/coloumb
1033/76651 = submitted job /home/boittier/homeb/water_cluster/pbe0dz/test308/coloumb/test308_5_19.sh to Slurm scheduler
water_cluster/pbe0dz/test308/coloumb
1034/76651 = submitted job /home/boittier/homeb/water_cluster/pbe0dz/test308/coloumb/test308_5_20.sh to Slurm scheduler
water_cluster/pbe0dz/test308/coloumb
1035/76651 = submitted job /home/boittier/homeb/water_cluster/pbe0dz/test308/coloumb/test308_6_7.sh to Slurm scheduler
water_cluster/pbe0dz/test308/coloumb
1036/76651 = submitted job /home/boittier/homeb/water_cluster/pbe0dz/test308/coloumb/test308_6_8.sh to Slurm scheduler
water_cluster/pbe0dz/test308/coloumb
1037/76651 = submitted job /home/boittier/homeb/water_cluster/pbe0dz/test308/coloumb/test308_6_9.sh to Slurm scheduler
water_cluster/pbe0dz/test308/coloumb
1038/76651 = submitted job /home/boittier/homeb/water_cluster/pbe0dz/test308/coloumb/test308_6_10.sh to Slurm scheduler
water_cluster/pbe0dz/test308/coloumb
1039/76651 = submitted job /home/boittier/homeb/water_cluster/pbe0dz/test308/coloumb/test308_6_11.sh to Slurm scheduler
water_cluster/pbe0dz/test308/coloumb
1040/76651 = submitted job /home/boittier/homeb/water_cluster/pbe0dz/test308/coloumb/test308_6_12.sh to Slurm scheduler
water_cluster/pbe0dz/test308/coloumb
1041/76651 = submitted job /home/boittier/homeb/water_cluster/pbe0dz/test308/coloumb/test308_6_13.sh to Slurm scheduler
water_cluster/pbe0dz/test308/coloumb
1042/76651 = submitted job /home/boittier/homeb/water_cluster/pbe0dz/test308/coloumb/test308_6_14.sh to Slurm scheduler
water_cluster/pbe0dz/test308/coloumb
1043/76651 = submitted job /home/boittier/homeb/water_cluster/pbe0dz/test308/coloumb/test308_6_15.sh to Slurm scheduler
water_cluster/pbe0dz/test308/coloumb
1044/76651 = submitted job /home/boittier/homeb/water_cluster/pbe0dz/test308/coloumb/test308_6_16.sh to Slurm scheduler
water_cluster/pbe0dz/test308/coloumb
1045/76651 = submitted job /home/boittier/homeb/water_cluster/pbe0dz/test308/coloumb/test308_6_17.sh to Slurm scheduler
water_cluster/pbe0dz/test308/coloumb
1046/76651 = submitted job /home/boittier/homeb/water_cluster/pbe0dz/test308/coloumb/test308_6_18.sh to Slurm scheduler
water_cluster/pbe0dz/test308/coloumb
1047/76651 = submitted job /home/boittier/homeb/water_cluster/pbe0dz/test308/coloumb/test308_6_19.sh to Slurm scheduler
water_cluster/pbe0dz/test308/coloumb
1048/76651 = submitted job /home/boittier/homeb/water_cluster/pbe0dz/test308/coloumb/test308_6_20.sh to Slurm scheduler
water_cluster/pbe0dz/test308/coloumb
1049/76651 = submitted job /home/boittier/homeb/water_cluster/pbe0dz/test308/coloumb/test308_7_8.sh to Slurm scheduler
water_cluster/pbe0dz/test308/coloumb
1050/76651 = submitted job /home/boittier/homeb/water_cluster/pbe0dz/test308/coloumb/test308_7_9.sh to Slurm scheduler
water_cluster/pbe0dz/test308/coloumb
1051/76651 = submitted job /home/boittier/homeb/water_cluster/pbe0dz/test308/coloumb/test308_7_10.sh to Slurm scheduler
water_cluster/pbe0dz/test308/coloumb
1052/76651 = submitted job /home/boittier/homeb/water_cluster/pbe0dz/test308/coloumb/test308_7_11.sh to Slurm scheduler
water_cluster/pbe0dz/test308/coloumb
1053/76651 = submitted job /home/boittier/homeb/water_cluster/pbe0dz/test308/coloumb/test308_7_12.sh to Slurm scheduler
water_cluster/pbe0dz/test308/coloumb
1054/76651 = submitted job /home/boittier/homeb/water_cluster/pbe0dz/test308/coloumb/test308_7_13.sh to Slurm scheduler
water_cluster/pbe0dz/test308/coloumb
1055/76651 = submitted job /home/boittier/homeb/water_cluster/pbe0dz/test308/coloumb/test308_7_14.sh to Slurm scheduler
water_cluster/pbe0dz/test308/coloumb
1056/76651 = submitted job /home/boittier/homeb/water_cluster/pbe0dz/test308/coloumb/test308_7_15.sh to Slurm scheduler
water_cluster/pbe0dz/test308/coloumb
1057/76651 = submitted job /home/boittier/homeb/water_cluster/pbe0dz/test308/coloumb/test308_7_16.sh to Slurm scheduler
water_cluster/pbe0dz/test308/coloumb
1058/76651 = submitted job /home/boittier/homeb/water_cluster/pbe0dz/test308/coloumb/test308_7_17.sh to Slurm scheduler
water_cluster/pbe0dz/test308/coloumb
1059/76651 = submitted job /home/boittier/homeb/water_cluster/pbe0dz/test308/coloumb/test308_7_18.sh to Slurm scheduler
water_cluster/pbe0dz/test308/coloumb
1060/76651 = submitted job /home/boittier/homeb/water_cluster/pbe0dz/test308/coloumb/test308_7_19.sh to Slurm scheduler
water_cluster/pbe0dz/test308/coloumb
1061/76651 = submitted job /home/boittier/homeb/water_cluster/pbe0dz/test308/coloumb/test308_7_20.sh to Slurm scheduler
water_cluster/pbe0dz/test308/coloumb
1062/76651 = submitted job /home/boittier/homeb/water_cluster/pbe0dz/test308/coloumb/test308_8_9.sh to Slurm scheduler
water_cluster/pbe0dz/test308/coloumb
1063/76651 = submitted job /home/boittier/homeb/water_cluster/pbe0dz/test308/coloumb/test308_8_10.sh to Slurm scheduler
water_cluster/pbe0dz/test308/coloumb
1064/76651 = submitted job /home/boittier/homeb/water_cluster/pbe0dz/test308/coloumb/test308_8_11.sh to Slurm scheduler
water_cluster/pbe0dz/test308/coloumb
1065/76651 = submitted job /home/boittier/homeb/water_cluster/pbe0dz/test308/coloumb/test308_8_12.sh to Slurm scheduler
water_cluster/pbe0dz/test308/coloumb
1066/76651 = submitted job /home/boittier/homeb/water_cluster/pbe0dz/test308/coloumb/test308_8_13.sh to Slurm scheduler
water_cluster/pbe0dz/test308/coloumb
1067/76651 = submitted job /home/boittier/homeb/water_cluster/pbe0dz/test308/coloumb/test308_8_14.sh to Slurm scheduler
water_cluster/pbe0dz/test308/coloumb
1068/76651 = submitted job /home/boittier/homeb/water_cluster/pbe0dz/test308/coloumb/test308_8_15.sh to Slurm scheduler
water_cluster/pbe0dz/test308/coloumb
1069/76651 = submitted job /home/boittier/homeb/water_cluster/pbe0dz/test308/coloumb/test308_8_16.sh to Slurm scheduler
water_cluster/pbe0dz/test308/coloumb
1070/76651 = submitted job /home/boittier/homeb/water_cluster/pbe0dz/test308/coloumb/test308_8_17.sh to Slurm scheduler
water_cluster/pbe0dz/test308/coloumb
1071/76651 = submitted job /home/boittier/homeb/water_cluster/pbe0dz/test308/coloumb/test308_8_18.sh to Slurm scheduler
water_cluster/pbe0dz/test308/coloumb
1072/76651 = submitted job /home/boittier/homeb/water_cluster/pbe0dz/test308/coloumb/test308_8_19.sh to Slurm scheduler
water_cluster/pbe0dz/test308/coloumb
1073/76651 = submitted job /home/boittier/homeb/water_cluster/pbe0dz/test308/coloumb/test308_8_20.sh to Slurm scheduler
water_cluster/pbe0dz/test308/coloumb
1074/76651 = submitted job /home/boittier/homeb/water_cluster/pbe0dz/test308/coloumb/test308_9_10.sh to Slurm scheduler
water_cluster/pbe0dz/test308/coloumb
1075/76651 = submitted job /home/boittier/homeb/water_cluster/pbe0dz/test308/coloumb/test308_9_11.sh to Slurm scheduler
water_cluster/pbe0dz/test308/coloumb
1076/76651 = submitted job /home/boittier/homeb/water_cluster/pbe0dz/test308/coloumb/test308_9_12.sh to Slurm scheduler
water_cluster/pbe0dz/test308/coloumb
1077/76651 = submitted job /home/boittier/homeb/water_cluster/pbe0dz/test308/coloumb/test308_9_13.sh to Slurm scheduler
water_cluster/pbe0dz/test308/coloumb
1078/76651 = submitted job /home/boittier/homeb/water_cluster/pbe0dz/test308/coloumb/test308_9_14.sh to Slurm scheduler
water_cluster/pbe0dz/test308/coloumb
1079/76651 = submitted job /home/boittier/homeb/water_cluster/pbe0dz/test308/coloumb/test308_9_15.sh to Slurm scheduler
water_cluster/pbe0dz/test308/coloumb
1080/76651 = submitted job /home/boittier/homeb/water_cluster/pbe0dz/test308/coloumb/test308_9_16.sh to Slurm scheduler
water_cluster/pbe0dz/test308/coloumb
1081/76651 = submitted job /home/boittier/homeb/water_cluster/pbe0dz/test308/coloumb/test308_9_17.sh to Slurm scheduler
water_cluster/pbe0dz/test308/coloumb
1082/76651 = submitted job /home/boittier/homeb/water_cluster/pbe0dz/test308/coloumb/test308_9_18.sh to Slurm scheduler
water_cluster/pbe0dz/test308/coloumb
1083/76651 = submitted job /home/boittier/homeb/water_cluster/pbe0dz/test308/coloumb/test308_9_19.sh to Slurm scheduler
water_cluster/pbe0dz/test308/coloumb
1084/76651 = submitted job /home/boittier/homeb/water_cluster/pbe0dz/test308/coloumb/test308_9_20.sh to Slurm scheduler
water_cluster/pbe0dz/test308/coloumb
1085/76651 = submitted job /home/boittier/homeb/water_cluster/pbe0dz/test308/coloumb/test308_10_11.sh to Slurm scheduler
water_cluster/pbe0dz/test308/coloumb
1086/76651 = submitted job /home/boittier/homeb/water_cluster/pbe0dz/test308/coloumb/test308_10_12.sh to Slurm scheduler
water_cluster/pbe0dz/test308/coloumb
1087/76651 = submitted job /home/boittier/homeb/water_cluster/pbe0dz/test308/coloumb/test308_10_13.sh to Slurm scheduler
water_cluster/pbe0dz/test308/coloumb
1088/76651 = submitted job /home/boittier/homeb/water_cluster/pbe0dz/test308/coloumb/test308_10_14.sh to Slurm scheduler
water_cluster/pbe0dz/test308/coloumb
1089/76651 = submitted job /home/boittier/homeb/water_cluster/pbe0dz/test308/coloumb/test308_10_15.sh to Slurm scheduler
water_cluster/pbe0dz/test308/coloumb
1090/76651 = submitted job /home/boittier/homeb/water_cluster/pbe0dz/test308/coloumb/test308_10_16.sh to Slurm scheduler
water_cluster/pbe0dz/test308/coloumb
1091/76651 = submitted job /home/boittier/homeb/water_cluster/pbe0dz/test308/coloumb/test308_10_17.sh to Slurm scheduler
water_cluster/pbe0dz/test308/coloumb
1092/76651 = submitted job /home/boittier/homeb/water_cluster/pbe0dz/test308/coloumb/test308_10_18.sh to Slurm scheduler
water_cluster/pbe0dz/test308/coloumb
1093/76651 = submitted job /home/boittier/homeb/water_cluster/pbe0dz/test308/coloumb/test308_10_19.sh to Slurm scheduler
water_cluster/pbe0dz/test308/coloumb
1094/76651 = submitted job /home/boittier/homeb/water_cluster/pbe0dz/test308/coloumb/test308_10_20.sh to Slurm scheduler
water_cluster/pbe0dz/test308/coloumb
1095/76651 = submitted job /home/boittier/homeb/water_cluster/pbe0dz/test308/coloumb/test308_11_12.sh to Slurm scheduler
water_cluster/pbe0dz/test308/coloumb
1096/76651 = submitted job /home/boittier/homeb/water_cluster/pbe0dz/test308/coloumb/test308_11_13.sh to Slurm scheduler
water_cluster/pbe0dz/test308/coloumb
1097/76651 = submitted job /home/boittier/homeb/water_cluster/pbe0dz/test308/coloumb/test308_11_14.sh to Slurm scheduler
water_cluster/pbe0dz/test308/coloumb
1098/76651 = submitted job /home/boittier/homeb/water_cluster/pbe0dz/test308/coloumb/test308_11_15.sh to Slurm scheduler
water_cluster/pbe0dz/test308/coloumb
1099/76651 = submitted job /home/boittier/homeb/water_cluster/pbe0dz/test308/coloumb/test308_11_16.sh to Slurm scheduler
water_cluster/pbe0dz/test308/coloumb
1100/76651 = submitted job /home/boittier/homeb/water_cluster/pbe0dz/test308/coloumb/test308_11_17.sh to Slurm scheduler
water_cluster/pbe0dz/test308/coloumb
1101/76651 = submitted job /home/boittier/homeb/water_cluster/pbe0dz/test308/coloumb/test308_11_18.sh to Slurm scheduler
water_cluster/pbe0dz/test308/coloumb
1102/76651 = submitted job /home/boittier/homeb/water_cluster/pbe0dz/test308/coloumb/test308_11_19.sh to Slurm scheduler
water_cluster/pbe0dz/test308/coloumb
1103/76651 = submitted job /home/boittier/homeb/water_cluster/pbe0dz/test308/coloumb/test308_11_20.sh to Slurm scheduler
water_cluster/pbe0dz/test308/coloumb
1104/76651 = submitted job /home/boittier/homeb/water_cluster/pbe0dz/test308/coloumb/test308_12_13.sh to Slurm scheduler
water_cluster/pbe0dz/test308/coloumb
1105/76651 = submitted job /home/boittier/homeb/water_cluster/pbe0dz/test308/coloumb/test308_12_14.sh to Slurm scheduler
water_cluster/pbe0dz/test308/coloumb
1106/76651 = submitted job /home/boittier/homeb/water_cluster/pbe0dz/test308/coloumb/test308_12_15.sh to Slurm scheduler
water_cluster/pbe0dz/test308/coloumb
1107/76651 = submitted job /home/boittier/homeb/water_cluster/pbe0dz/test308/coloumb/test308_12_16.sh to Slurm scheduler
water_cluster/pbe0dz/test308/coloumb
1108/76651 = submitted job /home/boittier/homeb/water_cluster/pbe0dz/test308/coloumb/test308_12_17.sh to Slurm scheduler
water_cluster/pbe0dz/test308/coloumb
1109/76651 = submitted job /home/boittier/homeb/water_cluster/pbe0dz/test308/coloumb/test308_12_18.sh to Slurm scheduler
water_cluster/pbe0dz/test308/coloumb
1110/76651 = submitted job /home/boittier/homeb/water_cluster/pbe0dz/test308/coloumb/test308_12_19.sh to Slurm scheduler
water_cluster/pbe0dz/test308/coloumb
1111/76651 = submitted job /home/boittier/homeb/water_cluster/pbe0dz/test308/coloumb/test308_12_20.sh to Slurm scheduler
water_cluster/pbe0dz/test308/coloumb
1112/76651 = submitted job /home/boittier/homeb/water_cluster/pbe0dz/test308/coloumb/test308_13_14.sh to Slurm scheduler
water_cluster/pbe0dz/test308/coloumb
1113/76651 = submitted job /home/boittier/homeb/water_cluster/pbe0dz/test308/coloumb/test308_13_15.sh to Slurm scheduler
water_cluster/pbe0dz/test308/coloumb
1114/76651 = submitted job /home/boittier/homeb/water_cluster/pbe0dz/test308/coloumb/test308_13_16.sh to Slurm scheduler
water_cluster/pbe0dz/test308/coloumb
1115/76651 = submitted job /home/boittier/homeb/water_cluster/pbe0dz/test308/coloumb/test308_13_17.sh to Slurm scheduler
water_cluster/pbe0dz/test308/coloumb
1116/76651 = submitted job /home/boittier/homeb/water_cluster/pbe0dz/test308/coloumb/test308_13_18.sh to Slurm scheduler
water_cluster/pbe0dz/test308/coloumb
1117/76651 = submitted job /home/boittier/homeb/water_cluster/pbe0dz/test308/coloumb/test308_13_19.sh to Slurm scheduler
water_cluster/pbe0dz/test308/coloumb
1118/76651 = submitted job /home/boittier/homeb/water_cluster/pbe0dz/test308/coloumb/test308_13_20.sh to Slurm scheduler
water_cluster/pbe0dz/test308/coloumb
1119/76651 = submitted job /home/boittier/homeb/water_cluster/pbe0dz/test308/coloumb/test308_14_15.sh to Slurm scheduler
water_cluster/pbe0dz/test308/coloumb
1120/76651 = submitted job /home/boittier/homeb/water_cluster/pbe0dz/test308/coloumb/test308_14_16.sh to Slurm scheduler
water_cluster/pbe0dz/test308/coloumb
1121/76651 = submitted job /home/boittier/homeb/water_cluster/pbe0dz/test308/coloumb/test308_14_17.sh to Slurm scheduler
water_cluster/pbe0dz/test308/coloumb
1122/76651 = submitted job /home/boittier/homeb/water_cluster/pbe0dz/test308/coloumb/test308_14_18.sh to Slurm scheduler
water_cluster/pbe0dz/test308/coloumb
1123/76651 = submitted job /home/boittier/homeb/water_cluster/pbe0dz/test308/coloumb/test308_14_19.sh to Slurm scheduler
water_cluster/pbe0dz/test308/coloumb
1124/76651 = submitted job /home/boittier/homeb/water_cluster/pbe0dz/test308/coloumb/test308_14_20.sh to Slurm scheduler
water_cluster/pbe0dz/test308/coloumb
1125/76651 = submitted job /home/boittier/homeb/water_cluster/pbe0dz/test308/coloumb/test308_15_16.sh to Slurm scheduler
water_cluster/pbe0dz/test308/coloumb
1126/76651 = submitted job /home/boittier/homeb/water_cluster/pbe0dz/test308/coloumb/test308_15_17.sh to Slurm scheduler
water_cluster/pbe0dz/test308/coloumb
1127/76651 = submitted job /home/boittier/homeb/water_cluster/pbe0dz/test308/coloumb/test308_15_18.sh to Slurm scheduler
water_cluster/pbe0dz/test308/coloumb
1128/76651 = submitted job /home/boittier/homeb/water_cluster/pbe0dz/test308/coloumb/test308_15_19.sh to Slurm scheduler
water_cluster/pbe0dz/test308/coloumb
1129/76651 = submitted job /home/boittier/homeb/water_cluster/pbe0dz/test308/coloumb/test308_15_20.sh to Slurm scheduler
water_cluster/pbe0dz/test308/coloumb
1130/76651 = submitted job /home/boittier/homeb/water_cluster/pbe0dz/test308/coloumb/test308_16_17.sh to Slurm scheduler
water_cluster/pbe0dz/test308/coloumb
1131/76651 = submitted job /home/boittier/homeb/water_cluster/pbe0dz/test308/coloumb/test308_16_18.sh to Slurm scheduler
water_cluster/pbe0dz/test308/coloumb
1132/76651 = submitted job /home/boittier/homeb/water_cluster/pbe0dz/test308/coloumb/test308_16_19.sh to Slurm scheduler
water_cluster/pbe0dz/test308/coloumb
1133/76651 = submitted job /home/boittier/homeb/water_cluster/pbe0dz/test308/coloumb/test308_16_20.sh to Slurm scheduler
water_cluster/pbe0dz/test308/coloumb
1134/76651 = submitted job /home/boittier/homeb/water_cluster/pbe0dz/test308/coloumb/test308_17_18.sh to Slurm scheduler
water_cluster/pbe0dz/test308/coloumb
1135/76651 = submitted job /home/boittier/homeb/water_cluster/pbe0dz/test308/coloumb/test308_17_19.sh to Slurm scheduler
water_cluster/pbe0dz/test308/coloumb
1136/76651 = submitted job /home/boittier/homeb/water_cluster/pbe0dz/test308/coloumb/test308_17_20.sh to Slurm scheduler
water_cluster/pbe0dz/test308/coloumb
1137/76651 = submitted job /home/boittier/homeb/water_cluster/pbe0dz/test308/coloumb/test308_18_19.sh to Slurm scheduler
water_cluster/pbe0dz/test308/coloumb
1138/76651 = submitted job /home/boittier/homeb/water_cluster/pbe0dz/test308/coloumb/test308_18_20.sh to Slurm scheduler
water_cluster/pbe0dz/test308/coloumb
1139/76651 = submitted job /home/boittier/homeb/water_cluster/pbe0dz/test308/coloumb/test308_19_20.sh to Slurm scheduler
water_cluster/pbe0dz/test467/coloumb
1140/76651 = submitted job /home/boittier/homeb/water_cluster/pbe0dz/test467/coloumb/test467_1_2.sh to Slurm scheduler
water_cluster/pbe0dz/test467/coloumb
1141/76651 = submitted job /home/boittier/homeb/water_cluster/pbe0dz/test467/coloumb/test467_1_3.sh to Slurm scheduler
water_cluster/pbe0dz/test467/coloumb
1142/76651 = submitted job /home/boittier/homeb/water_cluster/pbe0dz/test467/coloumb/test467_1_4.sh to Slurm scheduler
water_cluster/pbe0dz/test467/coloumb
1143/76651 = submitted job /home/boittier/homeb/water_cluster/pbe0dz/test467/coloumb/test467_1_5.sh to Slurm scheduler
water_cluster/pbe0dz/test467/coloumb
1144/76651 = submitted job /home/boittier/homeb/water_cluster/pbe0dz/test467/coloumb/test467_1_6.sh to Slurm scheduler
water_cluster/pbe0dz/test467/coloumb
1145/76651 = submitted job /home/boittier/homeb/water_cluster/pbe0dz/test467/coloumb/test467_1_7.sh to Slurm scheduler
water_cluster/pbe0dz/test467/coloumb
1146/76651 = submitted job /home/boittier/homeb/water_cluster/pbe0dz/test467/coloumb/test467_1_8.sh to Slurm scheduler
water_cluster/pbe0dz/test467/coloumb
1147/76651 = submitted job /home/boittier/homeb/water_cluster/pbe0dz/test467/coloumb/test467_1_9.sh to Slurm scheduler
water_cluster/pbe0dz/test467/coloumb
1148/76651 = submitted job /home/boittier/homeb/water_cluster/pbe0dz/test467/coloumb/test467_1_10.sh to Slurm scheduler
water_cluster/pbe0dz/test467/coloumb
1149/76651 = submitted job /home/boittier/homeb/water_cluster/pbe0dz/test467/coloumb/test467_1_11.sh to Slurm scheduler
water_cluster/pbe0dz/test467/coloumb
1150/76651 = submitted job /home/boittier/homeb/water_cluster/pbe0dz/test467/coloumb/test467_1_12.sh to Slurm scheduler
water_cluster/pbe0dz/test467/coloumb
1151/76651 = submitted job /home/boittier/homeb/water_cluster/pbe0dz/test467/coloumb/test467_1_13.sh to Slurm scheduler
water_cluster/pbe0dz/test467/coloumb
1152/76651 = submitted job /home/boittier/homeb/water_cluster/pbe0dz/test467/coloumb/test467_1_14.sh to Slurm scheduler
water_cluster/pbe0dz/test467/coloumb
1153/76651 = submitted job /home/boittier/homeb/water_cluster/pbe0dz/test467/coloumb/test467_1_15.sh to Slurm scheduler
water_cluster/pbe0dz/test467/coloumb
1154/76651 = submitted job /home/boittier/homeb/water_cluster/pbe0dz/test467/coloumb/test467_1_16.sh to Slurm scheduler
water_cluster/pbe0dz/test467/coloumb
1155/76651 = submitted job /home/boittier/homeb/water_cluster/pbe0dz/test467/coloumb/test467_1_17.sh to Slurm scheduler
water_cluster/pbe0dz/test467/coloumb
1156/76651 = submitted job /home/boittier/homeb/water_cluster/pbe0dz/test467/coloumb/test467_1_18.sh to Slurm scheduler
water_cluster/pbe0dz/test467/coloumb
1157/76651 = submitted job /home/boittier/homeb/water_cluster/pbe0dz/test467/coloumb/test467_1_19.sh to Slurm scheduler
water_cluster/pbe0dz/test467/coloumb
1158/76651 = submitted job /home/boittier/homeb/water_cluster/pbe0dz/test467/coloumb/test467_1_20.sh to Slurm scheduler
water_cluster/pbe0dz/test467/coloumb
1159/76651 = submitted job /home/boittier/homeb/water_cluster/pbe0dz/test467/coloumb/test467_2_3.sh to Slurm scheduler
water_cluster/pbe0dz/test467/coloumb
1160/76651 = submitted job /home/boittier/homeb/water_cluster/pbe0dz/test467/coloumb/test467_2_4.sh to Slurm scheduler
water_cluster/pbe0dz/test467/coloumb
1161/76651 = submitted job /home/boittier/homeb/water_cluster/pbe0dz/test467/coloumb/test467_2_5.sh to Slurm scheduler
water_cluster/pbe0dz/test467/coloumb
1162/76651 = submitted job /home/boittier/homeb/water_cluster/pbe0dz/test467/coloumb/test467_2_6.sh to Slurm scheduler
water_cluster/pbe0dz/test467/coloumb
1163/76651 = submitted job /home/boittier/homeb/water_cluster/pbe0dz/test467/coloumb/test467_2_7.sh to Slurm scheduler
water_cluster/pbe0dz/test467/coloumb
1164/76651 = submitted job /home/boittier/homeb/water_cluster/pbe0dz/test467/coloumb/test467_2_8.sh to Slurm scheduler
water_cluster/pbe0dz/test467/coloumb
1165/76651 = submitted job /home/boittier/homeb/water_cluster/pbe0dz/test467/coloumb/test467_2_9.sh to Slurm scheduler
water_cluster/pbe0dz/test467/coloumb
1166/76651 = submitted job /home/boittier/homeb/water_cluster/pbe0dz/test467/coloumb/test467_2_10.sh to Slurm scheduler
water_cluster/pbe0dz/test467/coloumb
1167/76651 = submitted job /home/boittier/homeb/water_cluster/pbe0dz/test467/coloumb/test467_2_11.sh to Slurm scheduler
water_cluster/pbe0dz/test467/coloumb
1168/76651 = submitted job /home/boittier/homeb/water_cluster/pbe0dz/test467/coloumb/test467_2_12.sh to Slurm scheduler
water_cluster/pbe0dz/test467/coloumb
1169/76651 = submitted job /home/boittier/homeb/water_cluster/pbe0dz/test467/coloumb/test467_2_13.sh to Slurm scheduler
water_cluster/pbe0dz/test467/coloumb
1170/76651 = submitted job /home/boittier/homeb/water_cluster/pbe0dz/test467/coloumb/test467_2_14.sh to Slurm scheduler
water_cluster/pbe0dz/test467/coloumb
1171/76651 = submitted job /home/boittier/homeb/water_cluster/pbe0dz/test467/coloumb/test467_2_15.sh to Slurm scheduler
water_cluster/pbe0dz/test467/coloumb
1172/76651 = submitted job /home/boittier/homeb/water_cluster/pbe0dz/test467/coloumb/test467_2_16.sh to Slurm scheduler
water_cluster/pbe0dz/test467/coloumb
1173/76651 = submitted job /home/boittier/homeb/water_cluster/pbe0dz/test467/coloumb/test467_2_17.sh to Slurm scheduler
water_cluster/pbe0dz/test467/coloumb
1174/76651 = submitted job /home/boittier/homeb/water_cluster/pbe0dz/test467/coloumb/test467_2_18.sh to Slurm scheduler
water_cluster/pbe0dz/test467/coloumb
1175/76651 = submitted job /home/boittier/homeb/water_cluster/pbe0dz/test467/coloumb/test467_2_19.sh to Slurm scheduler
water_cluster/pbe0dz/test467/coloumb
1176/76651 = submitted job /home/boittier/homeb/water_cluster/pbe0dz/test467/coloumb/test467_2_20.sh to Slurm scheduler
water_cluster/pbe0dz/test467/coloumb
1177/76651 = submitted job /home/boittier/homeb/water_cluster/pbe0dz/test467/coloumb/test467_3_4.sh to Slurm scheduler
water_cluster/pbe0dz/test467/coloumb
1178/76651 = submitted job /home/boittier/homeb/water_cluster/pbe0dz/test467/coloumb/test467_3_5.sh to Slurm scheduler
water_cluster/pbe0dz/test467/coloumb
1179/76651 = submitted job /home/boittier/homeb/water_cluster/pbe0dz/test467/coloumb/test467_3_6.sh to Slurm scheduler
water_cluster/pbe0dz/test467/coloumb
1180/76651 = submitted job /home/boittier/homeb/water_cluster/pbe0dz/test467/coloumb/test467_3_7.sh to Slurm scheduler
water_cluster/pbe0dz/test467/coloumb
1181/76651 = submitted job /home/boittier/homeb/water_cluster/pbe0dz/test467/coloumb/test467_3_8.sh to Slurm scheduler
water_cluster/pbe0dz/test467/coloumb
1182/76651 = submitted job /home/boittier/homeb/water_cluster/pbe0dz/test467/coloumb/test467_3_9.sh to Slurm scheduler
water_cluster/pbe0dz/test467/coloumb
1183/76651 = submitted job /home/boittier/homeb/water_cluster/pbe0dz/test467/coloumb/test467_3_10.sh to Slurm scheduler
water_cluster/pbe0dz/test467/coloumb
1184/76651 = submitted job /home/boittier/homeb/water_cluster/pbe0dz/test467/coloumb/test467_3_11.sh to Slurm scheduler
water_cluster/pbe0dz/test467/coloumb
1185/76651 = submitted job /home/boittier/homeb/water_cluster/pbe0dz/test467/coloumb/test467_3_12.sh to Slurm scheduler
water_cluster/pbe0dz/test467/coloumb
1186/76651 = submitted job /home/boittier/homeb/water_cluster/pbe0dz/test467/coloumb/test467_3_13.sh to Slurm scheduler
water_cluster/pbe0dz/test467/coloumb
1187/76651 = submitted job /home/boittier/homeb/water_cluster/pbe0dz/test467/coloumb/test467_3_14.sh to Slurm scheduler
water_cluster/pbe0dz/test467/coloumb
1188/76651 = submitted job /home/boittier/homeb/water_cluster/pbe0dz/test467/coloumb/test467_3_15.sh to Slurm scheduler
water_cluster/pbe0dz/test467/coloumb
1189/76651 = submitted job /home/boittier/homeb/water_cluster/pbe0dz/test467/coloumb/test467_3_16.sh to Slurm scheduler
water_cluster/pbe0dz/test467/coloumb
1190/76651 = submitted job /home/boittier/homeb/water_cluster/pbe0dz/test467/coloumb/test467_3_17.sh to Slurm scheduler
water_cluster/pbe0dz/test467/coloumb
1191/76651 = submitted job /home/boittier/homeb/water_cluster/pbe0dz/test467/coloumb/test467_3_18.sh to Slurm scheduler
water_cluster/pbe0dz/test467/coloumb
1192/76651 = submitted job /home/boittier/homeb/water_cluster/pbe0dz/test467/coloumb/test467_3_19.sh to Slurm scheduler
water_cluster/pbe0dz/test467/coloumb
1193/76651 = submitted job /home/boittier/homeb/water_cluster/pbe0dz/test467/coloumb/test467_3_20.sh to Slurm scheduler
water_cluster/pbe0dz/test467/coloumb
1194/76651 = submitted job /home/boittier/homeb/water_cluster/pbe0dz/test467/coloumb/test467_4_5.sh to Slurm scheduler
water_cluster/pbe0dz/test467/coloumb
1195/76651 = submitted job /home/boittier/homeb/water_cluster/pbe0dz/test467/coloumb/test467_4_6.sh to Slurm scheduler
water_cluster/pbe0dz/test467/coloumb
1196/76651 = submitted job /home/boittier/homeb/water_cluster/pbe0dz/test467/coloumb/test467_4_7.sh to Slurm scheduler
water_cluster/pbe0dz/test467/coloumb
1197/76651 = submitted job /home/boittier/homeb/water_cluster/pbe0dz/test467/coloumb/test467_4_8.sh to Slurm scheduler
water_cluster/pbe0dz/test467/coloumb
1198/76651 = submitted job /home/boittier/homeb/water_cluster/pbe0dz/test467/coloumb/test467_4_9.sh to Slurm scheduler
water_cluster/pbe0dz/test467/coloumb
1199/76651 = submitted job /home/boittier/homeb/water_cluster/pbe0dz/test467/coloumb/test467_4_10.sh to Slurm scheduler
water_cluster/pbe0dz/test467/coloumb
1200/76651 = submitted job /home/boittier/homeb/water_cluster/pbe0dz/test467/coloumb/test467_4_11.sh to Slurm scheduler
water_cluster/pbe0dz/test467/coloumb
1201/76651 = submitted job /home/boittier/homeb/water_cluster/pbe0dz/test467/coloumb/test467_4_12.sh to Slurm scheduler
water_cluster/pbe0dz/test467/coloumb
1202/76651 = submitted job /home/boittier/homeb/water_cluster/pbe0dz/test467/coloumb/test467_4_13.sh to Slurm scheduler
water_cluster/pbe0dz/test467/coloumb
1203/76651 = submitted job /home/boittier/homeb/water_cluster/pbe0dz/test467/coloumb/test467_4_14.sh to Slurm scheduler
water_cluster/pbe0dz/test467/coloumb
1204/76651 = submitted job /home/boittier/homeb/water_cluster/pbe0dz/test467/coloumb/test467_4_15.sh to Slurm scheduler
water_cluster/pbe0dz/test467/coloumb
1205/76651 = submitted job /home/boittier/homeb/water_cluster/pbe0dz/test467/coloumb/test467_4_16.sh to Slurm scheduler
water_cluster/pbe0dz/test467/coloumb
1206/76651 = submitted job /home/boittier/homeb/water_cluster/pbe0dz/test467/coloumb/test467_4_17.sh to Slurm scheduler
water_cluster/pbe0dz/test467/coloumb
1207/76651 = submitted job /home/boittier/homeb/water_cluster/pbe0dz/test467/coloumb/test467_4_18.sh to Slurm scheduler
water_cluster/pbe0dz/test467/coloumb
1208/76651 = submitted job /home/boittier/homeb/water_cluster/pbe0dz/test467/coloumb/test467_4_19.sh to Slurm scheduler
water_cluster/pbe0dz/test467/coloumb
1209/76651 = submitted job /home/boittier/homeb/water_cluster/pbe0dz/test467/coloumb/test467_4_20.sh to Slurm scheduler
water_cluster/pbe0dz/test467/coloumb
1210/76651 = submitted job /home/boittier/homeb/water_cluster/pbe0dz/test467/coloumb/test467_5_6.sh to Slurm scheduler
water_cluster/pbe0dz/test467/coloumb
1211/76651 = submitted job /home/boittier/homeb/water_cluster/pbe0dz/test467/coloumb/test467_5_7.sh to Slurm scheduler
water_cluster/pbe0dz/test467/coloumb
1212/76651 = submitted job /home/boittier/homeb/water_cluster/pbe0dz/test467/coloumb/test467_5_8.sh to Slurm scheduler
water_cluster/pbe0dz/test467/coloumb
1213/76651 = submitted job /home/boittier/homeb/water_cluster/pbe0dz/test467/coloumb/test467_5_9.sh to Slurm scheduler
water_cluster/pbe0dz/test467/coloumb
1214/76651 = submitted job /home/boittier/homeb/water_cluster/pbe0dz/test467/coloumb/test467_5_10.sh to Slurm scheduler
water_cluster/pbe0dz/test467/coloumb
1215/76651 = submitted job /home/boittier/homeb/water_cluster/pbe0dz/test467/coloumb/test467_5_11.sh to Slurm scheduler
water_cluster/pbe0dz/test467/coloumb
1216/76651 = submitted job /home/boittier/homeb/water_cluster/pbe0dz/test467/coloumb/test467_5_12.sh to Slurm scheduler
water_cluster/pbe0dz/test467/coloumb
1217/76651 = submitted job /home/boittier/homeb/water_cluster/pbe0dz/test467/coloumb/test467_5_13.sh to Slurm scheduler
water_cluster/pbe0dz/test467/coloumb
1218/76651 = submitted job /home/boittier/homeb/water_cluster/pbe0dz/test467/coloumb/test467_5_14.sh to Slurm scheduler
water_cluster/pbe0dz/test467/coloumb
1219/76651 = submitted job /home/boittier/homeb/water_cluster/pbe0dz/test467/coloumb/test467_5_15.sh to Slurm scheduler
water_cluster/pbe0dz/test467/coloumb
1220/76651 = submitted job /home/boittier/homeb/water_cluster/pbe0dz/test467/coloumb/test467_5_16.sh to Slurm scheduler
water_cluster/pbe0dz/test467/coloumb
1221/76651 = submitted job /home/boittier/homeb/water_cluster/pbe0dz/test467/coloumb/test467_5_17.sh to Slurm scheduler
water_cluster/pbe0dz/test467/coloumb
1222/76651 = submitted job /home/boittier/homeb/water_cluster/pbe0dz/test467/coloumb/test467_5_18.sh to Slurm scheduler
water_cluster/pbe0dz/test467/coloumb
1223/76651 = submitted job /home/boittier/homeb/water_cluster/pbe0dz/test467/coloumb/test467_5_19.sh to Slurm scheduler
water_cluster/pbe0dz/test467/coloumb
1224/76651 = submitted job /home/boittier/homeb/water_cluster/pbe0dz/test467/coloumb/test467_5_20.sh to Slurm scheduler
water_cluster/pbe0dz/test467/coloumb
1225/76651 = submitted job /home/boittier/homeb/water_cluster/pbe0dz/test467/coloumb/test467_6_7.sh to Slurm scheduler
water_cluster/pbe0dz/test467/coloumb
1226/76651 = submitted job /home/boittier/homeb/water_cluster/pbe0dz/test467/coloumb/test467_6_8.sh to Slurm scheduler
water_cluster/pbe0dz/test467/coloumb
1227/76651 = submitted job /home/boittier/homeb/water_cluster/pbe0dz/test467/coloumb/test467_6_9.sh to Slurm scheduler
water_cluster/pbe0dz/test467/coloumb
1228/76651 = submitted job /home/boittier/homeb/water_cluster/pbe0dz/test467/coloumb/test467_6_10.sh to Slurm scheduler
water_cluster/pbe0dz/test467/coloumb
1229/76651 = submitted job /home/boittier/homeb/water_cluster/pbe0dz/test467/coloumb/test467_6_11.sh to Slurm scheduler
water_cluster/pbe0dz/test467/coloumb
1230/76651 = submitted job /home/boittier/homeb/water_cluster/pbe0dz/test467/coloumb/test467_6_12.sh to Slurm scheduler
water_cluster/pbe0dz/test467/coloumb
1231/76651 = submitted job /home/boittier/homeb/water_cluster/pbe0dz/test467/coloumb/test467_6_13.sh to Slurm scheduler
water_cluster/pbe0dz/test467/coloumb
1232/76651 = submitted job /home/boittier/homeb/water_cluster/pbe0dz/test467/coloumb/test467_6_14.sh to Slurm scheduler
water_cluster/pbe0dz/test467/coloumb
1233/76651 = submitted job /home/boittier/homeb/water_cluster/pbe0dz/test467/coloumb/test467_6_15.sh to Slurm scheduler
water_cluster/pbe0dz/test467/coloumb
1234/76651 = submitted job /home/boittier/homeb/water_cluster/pbe0dz/test467/coloumb/test467_6_16.sh to Slurm scheduler
water_cluster/pbe0dz/test467/coloumb
1235/76651 = submitted job /home/boittier/homeb/water_cluster/pbe0dz/test467/coloumb/test467_6_17.sh to Slurm scheduler
water_cluster/pbe0dz/test467/coloumb
1236/76651 = submitted job /home/boittier/homeb/water_cluster/pbe0dz/test467/coloumb/test467_6_18.sh to Slurm scheduler
water_cluster/pbe0dz/test467/coloumb
1237/76651 = submitted job /home/boittier/homeb/water_cluster/pbe0dz/test467/coloumb/test467_6_19.sh to Slurm scheduler
water_cluster/pbe0dz/test467/coloumb
1238/76651 = submitted job /home/boittier/homeb/water_cluster/pbe0dz/test467/coloumb/test467_6_20.sh to Slurm scheduler
water_cluster/pbe0dz/test467/coloumb
1239/76651 = submitted job /home/boittier/homeb/water_cluster/pbe0dz/test467/coloumb/test467_7_8.sh to Slurm scheduler
water_cluster/pbe0dz/test467/coloumb
1240/76651 = submitted job /home/boittier/homeb/water_cluster/pbe0dz/test467/coloumb/test467_7_9.sh to Slurm scheduler
water_cluster/pbe0dz/test467/coloumb
1241/76651 = submitted job /home/boittier/homeb/water_cluster/pbe0dz/test467/coloumb/test467_7_10.sh to Slurm scheduler
water_cluster/pbe0dz/test467/coloumb
1242/76651 = submitted job /home/boittier/homeb/water_cluster/pbe0dz/test467/coloumb/test467_7_11.sh to Slurm scheduler
water_cluster/pbe0dz/test467/coloumb
1243/76651 = submitted job /home/boittier/homeb/water_cluster/pbe0dz/test467/coloumb/test467_7_12.sh to Slurm scheduler
water_cluster/pbe0dz/test467/coloumb
1244/76651 = submitted job /home/boittier/homeb/water_cluster/pbe0dz/test467/coloumb/test467_7_13.sh to Slurm scheduler
water_cluster/pbe0dz/test467/coloumb
1245/76651 = submitted job /home/boittier/homeb/water_cluster/pbe0dz/test467/coloumb/test467_7_14.sh to Slurm scheduler
water_cluster/pbe0dz/test467/coloumb
1246/76651 = submitted job /home/boittier/homeb/water_cluster/pbe0dz/test467/coloumb/test467_7_15.sh to Slurm scheduler
water_cluster/pbe0dz/test467/coloumb
1247/76651 = submitted job /home/boittier/homeb/water_cluster/pbe0dz/test467/coloumb/test467_7_16.sh to Slurm scheduler
water_cluster/pbe0dz/test467/coloumb
1248/76651 = submitted job /home/boittier/homeb/water_cluster/pbe0dz/test467/coloumb/test467_7_17.sh to Slurm scheduler
water_cluster/pbe0dz/test467/coloumb
1249/76651 = submitted job /home/boittier/homeb/water_cluster/pbe0dz/test467/coloumb/test467_7_18.sh to Slurm scheduler
water_cluster/pbe0dz/test467/coloumb
1250/76651 = submitted job /home/boittier/homeb/water_cluster/pbe0dz/test467/coloumb/test467_7_19.sh to Slurm scheduler
water_cluster/pbe0dz/test467/coloumb
1251/76651 = submitted job /home/boittier/homeb/water_cluster/pbe0dz/test467/coloumb/test467_7_20.sh to Slurm scheduler
water_cluster/pbe0dz/test467/coloumb
1252/76651 = submitted job /home/boittier/homeb/water_cluster/pbe0dz/test467/coloumb/test467_8_9.sh to Slurm scheduler
water_cluster/pbe0dz/test467/coloumb
1253/76651 = submitted job /home/boittier/homeb/water_cluster/pbe0dz/test467/coloumb/test467_8_10.sh to Slurm scheduler
water_cluster/pbe0dz/test467/coloumb
1254/76651 = submitted job /home/boittier/homeb/water_cluster/pbe0dz/test467/coloumb/test467_8_11.sh to Slurm scheduler
water_cluster/pbe0dz/test467/coloumb
1255/76651 = submitted job /home/boittier/homeb/water_cluster/pbe0dz/test467/coloumb/test467_8_12.sh to Slurm scheduler
water_cluster/pbe0dz/test467/coloumb
1256/76651 = submitted job /home/boittier/homeb/water_cluster/pbe0dz/test467/coloumb/test467_8_13.sh to Slurm scheduler
water_cluster/pbe0dz/test467/coloumb
1257/76651 = submitted job /home/boittier/homeb/water_cluster/pbe0dz/test467/coloumb/test467_8_14.sh to Slurm scheduler
water_cluster/pbe0dz/test467/coloumb
1258/76651 = submitted job /home/boittier/homeb/water_cluster/pbe0dz/test467/coloumb/test467_8_15.sh to Slurm scheduler
water_cluster/pbe0dz/test467/coloumb
1259/76651 = submitted job /home/boittier/homeb/water_cluster/pbe0dz/test467/coloumb/test467_8_16.sh to Slurm scheduler
water_cluster/pbe0dz/test467/coloumb
1260/76651 = submitted job /home/boittier/homeb/water_cluster/pbe0dz/test467/coloumb/test467_8_17.sh to Slurm scheduler
water_cluster/pbe0dz/test467/coloumb
1261/76651 = submitted job /home/boittier/homeb/water_cluster/pbe0dz/test467/coloumb/test467_8_18.sh to Slurm scheduler
water_cluster/pbe0dz/test467/coloumb
1262/76651 = submitted job /home/boittier/homeb/water_cluster/pbe0dz/test467/coloumb/test467_8_19.sh to Slurm scheduler
water_cluster/pbe0dz/test467/coloumb
1263/76651 = submitted job /home/boittier/homeb/water_cluster/pbe0dz/test467/coloumb/test467_8_20.sh to Slurm scheduler
water_cluster/pbe0dz/test467/coloumb
1264/76651 = submitted job /home/boittier/homeb/water_cluster/pbe0dz/test467/coloumb/test467_9_10.sh to Slurm scheduler
water_cluster/pbe0dz/test467/coloumb
1265/76651 = submitted job /home/boittier/homeb/water_cluster/pbe0dz/test467/coloumb/test467_9_11.sh to Slurm scheduler
water_cluster/pbe0dz/test467/coloumb
1266/76651 = submitted job /home/boittier/homeb/water_cluster/pbe0dz/test467/coloumb/test467_9_12.sh to Slurm scheduler
water_cluster/pbe0dz/test467/coloumb
1267/76651 = submitted job /home/boittier/homeb/water_cluster/pbe0dz/test467/coloumb/test467_9_13.sh to Slurm scheduler
water_cluster/pbe0dz/test467/coloumb
1268/76651 = submitted job /home/boittier/homeb/water_cluster/pbe0dz/test467/coloumb/test467_9_14.sh to Slurm scheduler
water_cluster/pbe0dz/test467/coloumb
1269/76651 = submitted job /home/boittier/homeb/water_cluster/pbe0dz/test467/coloumb/test467_9_15.sh to Slurm scheduler
water_cluster/pbe0dz/test467/coloumb
1270/76651 = submitted job /home/boittier/homeb/water_cluster/pbe0dz/test467/coloumb/test467_9_16.sh to Slurm scheduler
water_cluster/pbe0dz/test467/coloumb
1271/76651 = submitted job /home/boittier/homeb/water_cluster/pbe0dz/test467/coloumb/test467_9_17.sh to Slurm scheduler
water_cluster/pbe0dz/test467/coloumb
1272/76651 = submitted job /home/boittier/homeb/water_cluster/pbe0dz/test467/coloumb/test467_9_18.sh to Slurm scheduler
water_cluster/pbe0dz/test467/coloumb
1273/76651 = submitted job /home/boittier/homeb/water_cluster/pbe0dz/test467/coloumb/test467_9_19.sh to Slurm scheduler
water_cluster/pbe0dz/test467/coloumb
1274/76651 = submitted job /home/boittier/homeb/water_cluster/pbe0dz/test467/coloumb/test467_9_20.sh to Slurm scheduler
water_cluster/pbe0dz/test467/coloumb
1275/76651 = submitted job /home/boittier/homeb/water_cluster/pbe0dz/test467/coloumb/test467_10_11.sh to Slurm scheduler
water_cluster/pbe0dz/test467/coloumb
1276/76651 = submitted job /home/boittier/homeb/water_cluster/pbe0dz/test467/coloumb/test467_10_12.sh to Slurm scheduler
water_cluster/pbe0dz/test467/coloumb
1277/76651 = submitted job /home/boittier/homeb/water_cluster/pbe0dz/test467/coloumb/test467_10_13.sh to Slurm scheduler
water_cluster/pbe0dz/test467/coloumb
1278/76651 = submitted job /home/boittier/homeb/water_cluster/pbe0dz/test467/coloumb/test467_10_14.sh to Slurm scheduler
water_cluster/pbe0dz/test467/coloumb
1279/76651 = submitted job /home/boittier/homeb/water_cluster/pbe0dz/test467/coloumb/test467_10_15.sh to Slurm scheduler
water_cluster/pbe0dz/test467/coloumb
1280/76651 = submitted job /home/boittier/homeb/water_cluster/pbe0dz/test467/coloumb/test467_10_16.sh to Slurm scheduler
water_cluster/pbe0dz/test467/coloumb
1281/76651 = submitted job /home/boittier/homeb/water_cluster/pbe0dz/test467/coloumb/test467_10_17.sh to Slurm scheduler
water_cluster/pbe0dz/test467/coloumb
1282/76651 = submitted job /home/boittier/homeb/water_cluster/pbe0dz/test467/coloumb/test467_10_18.sh to Slurm scheduler
water_cluster/pbe0dz/test467/coloumb
1283/76651 = submitted job /home/boittier/homeb/water_cluster/pbe0dz/test467/coloumb/test467_10_19.sh to Slurm scheduler
water_cluster/pbe0dz/test467/coloumb
1284/76651 = submitted job /home/boittier/homeb/water_cluster/pbe0dz/test467/coloumb/test467_10_20.sh to Slurm scheduler
water_cluster/pbe0dz/test467/coloumb
1285/76651 = submitted job /home/boittier/homeb/water_cluster/pbe0dz/test467/coloumb/test467_11_12.sh to Slurm scheduler
water_cluster/pbe0dz/test467/coloumb
1286/76651 = submitted job /home/boittier/homeb/water_cluster/pbe0dz/test467/coloumb/test467_11_13.sh to Slurm scheduler
water_cluster/pbe0dz/test467/coloumb
1287/76651 = submitted job /home/boittier/homeb/water_cluster/pbe0dz/test467/coloumb/test467_11_14.sh to Slurm scheduler
water_cluster/pbe0dz/test467/coloumb
1288/76651 = submitted job /home/boittier/homeb/water_cluster/pbe0dz/test467/coloumb/test467_11_15.sh to Slurm scheduler
water_cluster/pbe0dz/test467/coloumb
1289/76651 = submitted job /home/boittier/homeb/water_cluster/pbe0dz/test467/coloumb/test467_11_16.sh to Slurm scheduler
water_cluster/pbe0dz/test467/coloumb
1290/76651 = submitted job /home/boittier/homeb/water_cluster/pbe0dz/test467/coloumb/test467_11_17.sh to Slurm scheduler
water_cluster/pbe0dz/test467/coloumb
1291/76651 = submitted job /home/boittier/homeb/water_cluster/pbe0dz/test467/coloumb/test467_11_18.sh to Slurm scheduler
water_cluster/pbe0dz/test467/coloumb
1292/76651 = submitted job /home/boittier/homeb/water_cluster/pbe0dz/test467/coloumb/test467_11_19.sh to Slurm scheduler
water_cluster/pbe0dz/test467/coloumb
1293/76651 = submitted job /home/boittier/homeb/water_cluster/pbe0dz/test467/coloumb/test467_11_20.sh to Slurm scheduler
water_cluster/pbe0dz/test467/coloumb
1294/76651 = submitted job /home/boittier/homeb/water_cluster/pbe0dz/test467/coloumb/test467_12_13.sh to Slurm scheduler
water_cluster/pbe0dz/test467/coloumb
1295/76651 = submitted job /home/boittier/homeb/water_cluster/pbe0dz/test467/coloumb/test467_12_14.sh to Slurm scheduler
water_cluster/pbe0dz/test467/coloumb
1296/76651 = submitted job /home/boittier/homeb/water_cluster/pbe0dz/test467/coloumb/test467_12_15.sh to Slurm scheduler
water_cluster/pbe0dz/test467/coloumb
1297/76651 = submitted job /home/boittier/homeb/water_cluster/pbe0dz/test467/coloumb/test467_12_16.sh to Slurm scheduler
water_cluster/pbe0dz/test467/coloumb
1298/76651 = submitted job /home/boittier/homeb/water_cluster/pbe0dz/test467/coloumb/test467_12_17.sh to Slurm scheduler
water_cluster/pbe0dz/test467/coloumb
1299/76651 = submitted job /home/boittier/homeb/water_cluster/pbe0dz/test467/coloumb/test467_12_18.sh to Slurm scheduler
water_cluster/pbe0dz/test467/coloumb
1300/76651 = submitted job /home/boittier/homeb/water_cluster/pbe0dz/test467/coloumb/test467_12_19.sh to Slurm scheduler
water_cluster/pbe0dz/test467/coloumb
1301/76651 = submitted job /home/boittier/homeb/water_cluster/pbe0dz/test467/coloumb/test467_12_20.sh to Slurm scheduler
water_cluster/pbe0dz/test467/coloumb
1302/76651 = submitted job /home/boittier/homeb/water_cluster/pbe0dz/test467/coloumb/test467_13_14.sh to Slurm scheduler
water_cluster/pbe0dz/test467/coloumb
1303/76651 = submitted job /home/boittier/homeb/water_cluster/pbe0dz/test467/coloumb/test467_13_15.sh to Slurm scheduler
water_cluster/pbe0dz/test467/coloumb
1304/76651 = submitted job /home/boittier/homeb/water_cluster/pbe0dz/test467/coloumb/test467_13_16.sh to Slurm scheduler
water_cluster/pbe0dz/test467/coloumb
1305/76651 = submitted job /home/boittier/homeb/water_cluster/pbe0dz/test467/coloumb/test467_13_17.sh to Slurm scheduler
water_cluster/pbe0dz/test467/coloumb
1306/76651 = submitted job /home/boittier/homeb/water_cluster/pbe0dz/test467/coloumb/test467_13_18.sh to Slurm scheduler
water_cluster/pbe0dz/test467/coloumb
1307/76651 = submitted job /home/boittier/homeb/water_cluster/pbe0dz/test467/coloumb/test467_13_19.sh to Slurm scheduler
water_cluster/pbe0dz/test467/coloumb
1308/76651 = submitted job /home/boittier/homeb/water_cluster/pbe0dz/test467/coloumb/test467_13_20.sh to Slurm scheduler
water_cluster/pbe0dz/test467/coloumb
1309/76651 = submitted job /home/boittier/homeb/water_cluster/pbe0dz/test467/coloumb/test467_14_15.sh to Slurm scheduler
water_cluster/pbe0dz/test467/coloumb
1310/76651 = submitted job /home/boittier/homeb/water_cluster/pbe0dz/test467/coloumb/test467_14_16.sh to Slurm scheduler
water_cluster/pbe0dz/test467/coloumb
1311/76651 = submitted job /home/boittier/homeb/water_cluster/pbe0dz/test467/coloumb/test467_14_17.sh to Slurm scheduler
water_cluster/pbe0dz/test467/coloumb
1312/76651 = submitted job /home/boittier/homeb/water_cluster/pbe0dz/test467/coloumb/test467_14_18.sh to Slurm scheduler
water_cluster/pbe0dz/test467/coloumb
1313/76651 = submitted job /home/boittier/homeb/water_cluster/pbe0dz/test467/coloumb/test467_14_19.sh to Slurm scheduler
water_cluster/pbe0dz/test467/coloumb
1314/76651 = submitted job /home/boittier/homeb/water_cluster/pbe0dz/test467/coloumb/test467_14_20.sh to Slurm scheduler
water_cluster/pbe0dz/test467/coloumb
1315/76651 = submitted job /home/boittier/homeb/water_cluster/pbe0dz/test467/coloumb/test467_15_16.sh to Slurm scheduler
water_cluster/pbe0dz/test467/coloumb
1316/76651 = submitted job /home/boittier/homeb/water_cluster/pbe0dz/test467/coloumb/test467_15_17.sh to Slurm scheduler
water_cluster/pbe0dz/test467/coloumb
1317/76651 = submitted job /home/boittier/homeb/water_cluster/pbe0dz/test467/coloumb/test467_15_18.sh to Slurm scheduler
water_cluster/pbe0dz/test467/coloumb
1318/76651 = submitted job /home/boittier/homeb/water_cluster/pbe0dz/test467/coloumb/test467_15_19.sh to Slurm scheduler
water_cluster/pbe0dz/test467/coloumb
1319/76651 = submitted job /home/boittier/homeb/water_cluster/pbe0dz/test467/coloumb/test467_15_20.sh to Slurm scheduler
water_cluster/pbe0dz/test467/coloumb
1320/76651 = submitted job /home/boittier/homeb/water_cluster/pbe0dz/test467/coloumb/test467_16_17.sh to Slurm scheduler
water_cluster/pbe0dz/test467/coloumb
1321/76651 = submitted job /home/boittier/homeb/water_cluster/pbe0dz/test467/coloumb/test467_16_18.sh to Slurm scheduler
water_cluster/pbe0dz/test467/coloumb
1322/76651 = submitted job /home/boittier/homeb/water_cluster/pbe0dz/test467/coloumb/test467_16_19.sh to Slurm scheduler
water_cluster/pbe0dz/test467/coloumb
1323/76651 = submitted job /home/boittier/homeb/water_cluster/pbe0dz/test467/coloumb/test467_16_20.sh to Slurm scheduler
water_cluster/pbe0dz/test467/coloumb
1324/76651 = submitted job /home/boittier/homeb/water_cluster/pbe0dz/test467/coloumb/test467_17_18.sh to Slurm scheduler
water_cluster/pbe0dz/test467/coloumb
1325/76651 = submitted job /home/boittier/homeb/water_cluster/pbe0dz/test467/coloumb/test467_17_19.sh to Slurm scheduler
water_cluster/pbe0dz/test467/coloumb
1326/76651 = submitted job /home/boittier/homeb/water_cluster/pbe0dz/test467/coloumb/test467_17_20.sh to Slurm scheduler
water_cluster/pbe0dz/test467/coloumb
1327/76651 = submitted job /home/boittier/homeb/water_cluster/pbe0dz/test467/coloumb/test467_18_19.sh to Slurm scheduler
water_cluster/pbe0dz/test467/coloumb
1328/76651 = submitted job /home/boittier/homeb/water_cluster/pbe0dz/test467/coloumb/test467_18_20.sh to Slurm scheduler
water_cluster/pbe0dz/test467/coloumb
1329/76651 = submitted job /home/boittier/homeb/water_cluster/pbe0dz/test467/coloumb/test467_19_20.sh to Slurm scheduler
water_cluster/pbe0dz/test242/coloumb
1330/76651 = submitted job /home/boittier/homeb/water_cluster/pbe0dz/test242/coloumb/test242_1_2.sh to Slurm scheduler
water_cluster/pbe0dz/test242/coloumb
1331/76651 = submitted job /home/boittier/homeb/water_cluster/pbe0dz/test242/coloumb/test242_1_3.sh to Slurm scheduler
water_cluster/pbe0dz/test242/coloumb
1332/76651 = submitted job /home/boittier/homeb/water_cluster/pbe0dz/test242/coloumb/test242_1_4.sh to Slurm scheduler
water_cluster/pbe0dz/test242/coloumb
1333/76651 = submitted job /home/boittier/homeb/water_cluster/pbe0dz/test242/coloumb/test242_1_5.sh to Slurm scheduler
water_cluster/pbe0dz/test242/coloumb
1334/76651 = submitted job /home/boittier/homeb/water_cluster/pbe0dz/test242/coloumb/test242_1_6.sh to Slurm scheduler
water_cluster/pbe0dz/test242/coloumb
1335/76651 = submitted job /home/boittier/homeb/water_cluster/pbe0dz/test242/coloumb/test242_1_7.sh to Slurm scheduler
water_cluster/pbe0dz/test242/coloumb
1336/76651 = submitted job /home/boittier/homeb/water_cluster/pbe0dz/test242/coloumb/test242_1_8.sh to Slurm scheduler
water_cluster/pbe0dz/test242/coloumb
1337/76651 = submitted job /home/boittier/homeb/water_cluster/pbe0dz/test242/coloumb/test242_1_9.sh to Slurm scheduler
water_cluster/pbe0dz/test242/coloumb
1338/76651 = submitted job /home/boittier/homeb/water_cluster/pbe0dz/test242/coloumb/test242_1_10.sh to Slurm scheduler
water_cluster/pbe0dz/test242/coloumb
1339/76651 = submitted job /home/boittier/homeb/water_cluster/pbe0dz/test242/coloumb/test242_1_11.sh to Slurm scheduler
water_cluster/pbe0dz/test242/coloumb
1340/76651 = submitted job /home/boittier/homeb/water_cluster/pbe0dz/test242/coloumb/test242_1_12.sh to Slurm scheduler
water_cluster/pbe0dz/test242/coloumb
1341/76651 = submitted job /home/boittier/homeb/water_cluster/pbe0dz/test242/coloumb/test242_1_13.sh to Slurm scheduler
water_cluster/pbe0dz/test242/coloumb
1342/76651 = submitted job /home/boittier/homeb/water_cluster/pbe0dz/test242/coloumb/test242_1_14.sh to Slurm scheduler
water_cluster/pbe0dz/test242/coloumb
1343/76651 = submitted job /home/boittier/homeb/water_cluster/pbe0dz/test242/coloumb/test242_1_15.sh to Slurm scheduler
water_cluster/pbe0dz/test242/coloumb
1344/76651 = submitted job /home/boittier/homeb/water_cluster/pbe0dz/test242/coloumb/test242_1_16.sh to Slurm scheduler
water_cluster/pbe0dz/test242/coloumb
1345/76651 = submitted job /home/boittier/homeb/water_cluster/pbe0dz/test242/coloumb/test242_1_17.sh to Slurm scheduler
water_cluster/pbe0dz/test242/coloumb
1346/76651 = submitted job /home/boittier/homeb/water_cluster/pbe0dz/test242/coloumb/test242_1_18.sh to Slurm scheduler
water_cluster/pbe0dz/test242/coloumb
1347/76651 = submitted job /home/boittier/homeb/water_cluster/pbe0dz/test242/coloumb/test242_1_19.sh to Slurm scheduler
water_cluster/pbe0dz/test242/coloumb
1348/76651 = submitted job /home/boittier/homeb/water_cluster/pbe0dz/test242/coloumb/test242_1_20.sh to Slurm scheduler
water_cluster/pbe0dz/test242/coloumb
1349/76651 = submitted job /home/boittier/homeb/water_cluster/pbe0dz/test242/coloumb/test242_2_3.sh to Slurm scheduler
water_cluster/pbe0dz/test242/coloumb
1350/76651 = submitted job /home/boittier/homeb/water_cluster/pbe0dz/test242/coloumb/test242_2_4.sh to Slurm scheduler
water_cluster/pbe0dz/test242/coloumb
1351/76651 = submitted job /home/boittier/homeb/water_cluster/pbe0dz/test242/coloumb/test242_2_5.sh to Slurm scheduler
water_cluster/pbe0dz/test242/coloumb
1352/76651 = submitted job /home/boittier/homeb/water_cluster/pbe0dz/test242/coloumb/test242_2_6.sh to Slurm scheduler
water_cluster/pbe0dz/test242/coloumb
1353/76651 = submitted job /home/boittier/homeb/water_cluster/pbe0dz/test242/coloumb/test242_2_7.sh to Slurm scheduler
water_cluster/pbe0dz/test242/coloumb
1354/76651 = submitted job /home/boittier/homeb/water_cluster/pbe0dz/test242/coloumb/test242_2_8.sh to Slurm scheduler
water_cluster/pbe0dz/test242/coloumb
1355/76651 = submitted job /home/boittier/homeb/water_cluster/pbe0dz/test242/coloumb/test242_2_9.sh to Slurm scheduler
water_cluster/pbe0dz/test242/coloumb
1356/76651 = submitted job /home/boittier/homeb/water_cluster/pbe0dz/test242/coloumb/test242_2_10.sh to Slurm scheduler
water_cluster/pbe0dz/test242/coloumb
1357/76651 = submitted job /home/boittier/homeb/water_cluster/pbe0dz/test242/coloumb/test242_2_11.sh to Slurm scheduler
water_cluster/pbe0dz/test242/coloumb
1358/76651 = submitted job /home/boittier/homeb/water_cluster/pbe0dz/test242/coloumb/test242_2_12.sh to Slurm scheduler
water_cluster/pbe0dz/test242/coloumb
1359/76651 = submitted job /home/boittier/homeb/water_cluster/pbe0dz/test242/coloumb/test242_2_13.sh to Slurm scheduler
water_cluster/pbe0dz/test242/coloumb
1360/76651 = submitted job /home/boittier/homeb/water_cluster/pbe0dz/test242/coloumb/test242_2_14.sh to Slurm scheduler
water_cluster/pbe0dz/test242/coloumb
1361/76651 = submitted job /home/boittier/homeb/water_cluster/pbe0dz/test242/coloumb/test242_2_15.sh to Slurm scheduler
water_cluster/pbe0dz/test242/coloumb
1362/76651 = submitted job /home/boittier/homeb/water_cluster/pbe0dz/test242/coloumb/test242_2_16.sh to Slurm scheduler
water_cluster/pbe0dz/test242/coloumb
1363/76651 = submitted job /home/boittier/homeb/water_cluster/pbe0dz/test242/coloumb/test242_2_17.sh to Slurm scheduler
water_cluster/pbe0dz/test242/coloumb
1364/76651 = submitted job /home/boittier/homeb/water_cluster/pbe0dz/test242/coloumb/test242_2_18.sh to Slurm scheduler
water_cluster/pbe0dz/test242/coloumb
1365/76651 = submitted job /home/boittier/homeb/water_cluster/pbe0dz/test242/coloumb/test242_2_19.sh to Slurm scheduler
water_cluster/pbe0dz/test242/coloumb
1366/76651 = submitted job /home/boittier/homeb/water_cluster/pbe0dz/test242/coloumb/test242_2_20.sh to Slurm scheduler
water_cluster/pbe0dz/test242/coloumb
1367/76651 = submitted job /home/boittier/homeb/water_cluster/pbe0dz/test242/coloumb/test242_3_4.sh to Slurm scheduler
water_cluster/pbe0dz/test242/coloumb
1368/76651 = submitted job /home/boittier/homeb/water_cluster/pbe0dz/test242/coloumb/test242_3_5.sh to Slurm scheduler
water_cluster/pbe0dz/test242/coloumb
1369/76651 = submitted job /home/boittier/homeb/water_cluster/pbe0dz/test242/coloumb/test242_3_6.sh to Slurm scheduler
water_cluster/pbe0dz/test242/coloumb
1370/76651 = submitted job /home/boittier/homeb/water_cluster/pbe0dz/test242/coloumb/test242_3_7.sh to Slurm scheduler
water_cluster/pbe0dz/test242/coloumb
1371/76651 = submitted job /home/boittier/homeb/water_cluster/pbe0dz/test242/coloumb/test242_3_8.sh to Slurm scheduler
water_cluster/pbe0dz/test242/coloumb
1372/76651 = submitted job /home/boittier/homeb/water_cluster/pbe0dz/test242/coloumb/test242_3_9.sh to Slurm scheduler
water_cluster/pbe0dz/test242/coloumb
1373/76651 = submitted job /home/boittier/homeb/water_cluster/pbe0dz/test242/coloumb/test242_3_10.sh to Slurm scheduler
water_cluster/pbe0dz/test242/coloumb
1374/76651 = submitted job /home/boittier/homeb/water_cluster/pbe0dz/test242/coloumb/test242_3_11.sh to Slurm scheduler
water_cluster/pbe0dz/test242/coloumb
1375/76651 = submitted job /home/boittier/homeb/water_cluster/pbe0dz/test242/coloumb/test242_3_12.sh to Slurm scheduler
water_cluster/pbe0dz/test242/coloumb
1376/76651 = submitted job /home/boittier/homeb/water_cluster/pbe0dz/test242/coloumb/test242_3_13.sh to Slurm scheduler
water_cluster/pbe0dz/test242/coloumb
1377/76651 = submitted job /home/boittier/homeb/water_cluster/pbe0dz/test242/coloumb/test242_3_14.sh to Slurm scheduler
water_cluster/pbe0dz/test242/coloumb
1378/76651 = submitted job /home/boittier/homeb/water_cluster/pbe0dz/test242/coloumb/test242_3_15.sh to Slurm scheduler
water_cluster/pbe0dz/test242/coloumb
1379/76651 = submitted job /home/boittier/homeb/water_cluster/pbe0dz/test242/coloumb/test242_3_16.sh to Slurm scheduler
water_cluster/pbe0dz/test242/coloumb
1380/76651 = submitted job /home/boittier/homeb/water_cluster/pbe0dz/test242/coloumb/test242_3_17.sh to Slurm scheduler
water_cluster/pbe0dz/test242/coloumb
1381/76651 = submitted job /home/boittier/homeb/water_cluster/pbe0dz/test242/coloumb/test242_3_18.sh to Slurm scheduler
water_cluster/pbe0dz/test242/coloumb
1382/76651 = submitted job /home/boittier/homeb/water_cluster/pbe0dz/test242/coloumb/test242_3_19.sh to Slurm scheduler
water_cluster/pbe0dz/test242/coloumb
1383/76651 = submitted job /home/boittier/homeb/water_cluster/pbe0dz/test242/coloumb/test242_3_20.sh to Slurm scheduler
water_cluster/pbe0dz/test242/coloumb
1384/76651 = submitted job /home/boittier/homeb/water_cluster/pbe0dz/test242/coloumb/test242_4_5.sh to Slurm scheduler
water_cluster/pbe0dz/test242/coloumb
1385/76651 = submitted job /home/boittier/homeb/water_cluster/pbe0dz/test242/coloumb/test242_4_6.sh to Slurm scheduler
water_cluster/pbe0dz/test242/coloumb
1386/76651 = submitted job /home/boittier/homeb/water_cluster/pbe0dz/test242/coloumb/test242_4_7.sh to Slurm scheduler
water_cluster/pbe0dz/test242/coloumb
1387/76651 = submitted job /home/boittier/homeb/water_cluster/pbe0dz/test242/coloumb/test242_4_8.sh to Slurm scheduler
water_cluster/pbe0dz/test242/coloumb
1388/76651 = submitted job /home/boittier/homeb/water_cluster/pbe0dz/test242/coloumb/test242_4_9.sh to Slurm scheduler
water_cluster/pbe0dz/test242/coloumb
1389/76651 = submitted job /home/boittier/homeb/water_cluster/pbe0dz/test242/coloumb/test242_4_10.sh to Slurm scheduler
water_cluster/pbe0dz/test242/coloumb
1390/76651 = submitted job /home/boittier/homeb/water_cluster/pbe0dz/test242/coloumb/test242_4_11.sh to Slurm scheduler
water_cluster/pbe0dz/test242/coloumb
1391/76651 = submitted job /home/boittier/homeb/water_cluster/pbe0dz/test242/coloumb/test242_4_12.sh to Slurm scheduler
water_cluster/pbe0dz/test242/coloumb
1392/76651 = submitted job /home/boittier/homeb/water_cluster/pbe0dz/test242/coloumb/test242_4_13.sh to Slurm scheduler
water_cluster/pbe0dz/test242/coloumb
1393/76651 = submitted job /home/boittier/homeb/water_cluster/pbe0dz/test242/coloumb/test242_4_14.sh to Slurm scheduler
water_cluster/pbe0dz/test242/coloumb
1394/76651 = submitted job /home/boittier/homeb/water_cluster/pbe0dz/test242/coloumb/test242_4_15.sh to Slurm scheduler
water_cluster/pbe0dz/test242/coloumb
1395/76651 = submitted job /home/boittier/homeb/water_cluster/pbe0dz/test242/coloumb/test242_4_16.sh to Slurm scheduler
water_cluster/pbe0dz/test242/coloumb
1396/76651 = submitted job /home/boittier/homeb/water_cluster/pbe0dz/test242/coloumb/test242_4_17.sh to Slurm scheduler
water_cluster/pbe0dz/test242/coloumb
1397/76651 = submitted job /home/boittier/homeb/water_cluster/pbe0dz/test242/coloumb/test242_4_18.sh to Slurm scheduler
water_cluster/pbe0dz/test242/coloumb
1398/76651 = submitted job /home/boittier/homeb/water_cluster/pbe0dz/test242/coloumb/test242_4_19.sh to Slurm scheduler
water_cluster/pbe0dz/test242/coloumb
1399/76651 = submitted job /home/boittier/homeb/water_cluster/pbe0dz/test242/coloumb/test242_4_20.sh to Slurm scheduler
water_cluster/pbe0dz/test242/coloumb
1400/76651 = submitted job /home/boittier/homeb/water_cluster/pbe0dz/test242/coloumb/test242_5_6.sh to Slurm scheduler
water_cluster/pbe0dz/test242/coloumb
1401/76651 = submitted job /home/boittier/homeb/water_cluster/pbe0dz/test242/coloumb/test242_5_7.sh to Slurm scheduler
water_cluster/pbe0dz/test242/coloumb
1402/76651 = submitted job /home/boittier/homeb/water_cluster/pbe0dz/test242/coloumb/test242_5_8.sh to Slurm scheduler
water_cluster/pbe0dz/test242/coloumb
1403/76651 = submitted job /home/boittier/homeb/water_cluster/pbe0dz/test242/coloumb/test242_5_9.sh to Slurm scheduler
water_cluster/pbe0dz/test242/coloumb
1404/76651 = submitted job /home/boittier/homeb/water_cluster/pbe0dz/test242/coloumb/test242_5_10.sh to Slurm scheduler
water_cluster/pbe0dz/test242/coloumb
1405/76651 = submitted job /home/boittier/homeb/water_cluster/pbe0dz/test242/coloumb/test242_5_11.sh to Slurm scheduler
water_cluster/pbe0dz/test242/coloumb
1406/76651 = submitted job /home/boittier/homeb/water_cluster/pbe0dz/test242/coloumb/test242_5_12.sh to Slurm scheduler
water_cluster/pbe0dz/test242/coloumb
1407/76651 = submitted job /home/boittier/homeb/water_cluster/pbe0dz/test242/coloumb/test242_5_13.sh to Slurm scheduler
water_cluster/pbe0dz/test242/coloumb
1408/76651 = submitted job /home/boittier/homeb/water_cluster/pbe0dz/test242/coloumb/test242_5_14.sh to Slurm scheduler
water_cluster/pbe0dz/test242/coloumb
1409/76651 = submitted job /home/boittier/homeb/water_cluster/pbe0dz/test242/coloumb/test242_5_15.sh to Slurm scheduler
water_cluster/pbe0dz/test242/coloumb
1410/76651 = submitted job /home/boittier/homeb/water_cluster/pbe0dz/test242/coloumb/test242_5_16.sh to Slurm scheduler
water_cluster/pbe0dz/test242/coloumb
1411/76651 = submitted job /home/boittier/homeb/water_cluster/pbe0dz/test242/coloumb/test242_5_17.sh to Slurm scheduler
water_cluster/pbe0dz/test242/coloumb
1412/76651 = submitted job /home/boittier/homeb/water_cluster/pbe0dz/test242/coloumb/test242_5_18.sh to Slurm scheduler
water_cluster/pbe0dz/test242/coloumb
1413/76651 = submitted job /home/boittier/homeb/water_cluster/pbe0dz/test242/coloumb/test242_5_19.sh to Slurm scheduler
water_cluster/pbe0dz/test242/coloumb
1414/76651 = submitted job /home/boittier/homeb/water_cluster/pbe0dz/test242/coloumb/test242_5_20.sh to Slurm scheduler
water_cluster/pbe0dz/test242/coloumb
1415/76651 = submitted job /home/boittier/homeb/water_cluster/pbe0dz/test242/coloumb/test242_6_7.sh to Slurm scheduler
water_cluster/pbe0dz/test242/coloumb
1416/76651 = submitted job /home/boittier/homeb/water_cluster/pbe0dz/test242/coloumb/test242_6_8.sh to Slurm scheduler
water_cluster/pbe0dz/test242/coloumb
1417/76651 = submitted job /home/boittier/homeb/water_cluster/pbe0dz/test242/coloumb/test242_6_9.sh to Slurm scheduler
water_cluster/pbe0dz/test242/coloumb
1418/76651 = submitted job /home/boittier/homeb/water_cluster/pbe0dz/test242/coloumb/test242_6_10.sh to Slurm scheduler
water_cluster/pbe0dz/test242/coloumb
1419/76651 = submitted job /home/boittier/homeb/water_cluster/pbe0dz/test242/coloumb/test242_6_11.sh to Slurm scheduler
water_cluster/pbe0dz/test242/coloumb
1420/76651 = submitted job /home/boittier/homeb/water_cluster/pbe0dz/test242/coloumb/test242_6_12.sh to Slurm scheduler
water_cluster/pbe0dz/test242/coloumb
1421/76651 = submitted job /home/boittier/homeb/water_cluster/pbe0dz/test242/coloumb/test242_6_13.sh to Slurm scheduler
water_cluster/pbe0dz/test242/coloumb
1422/76651 = submitted job /home/boittier/homeb/water_cluster/pbe0dz/test242/coloumb/test242_6_14.sh to Slurm scheduler
water_cluster/pbe0dz/test242/coloumb
1423/76651 = submitted job /home/boittier/homeb/water_cluster/pbe0dz/test242/coloumb/test242_6_15.sh to Slurm scheduler
water_cluster/pbe0dz/test242/coloumb
1424/76651 = submitted job /home/boittier/homeb/water_cluster/pbe0dz/test242/coloumb/test242_6_16.sh to Slurm scheduler
water_cluster/pbe0dz/test242/coloumb
1425/76651 = submitted job /home/boittier/homeb/water_cluster/pbe0dz/test242/coloumb/test242_6_17.sh to Slurm scheduler
water_cluster/pbe0dz/test242/coloumb
1426/76651 = submitted job /home/boittier/homeb/water_cluster/pbe0dz/test242/coloumb/test242_6_18.sh to Slurm scheduler
water_cluster/pbe0dz/test242/coloumb
1427/76651 = submitted job /home/boittier/homeb/water_cluster/pbe0dz/test242/coloumb/test242_6_19.sh to Slurm scheduler
water_cluster/pbe0dz/test242/coloumb
1428/76651 = submitted job /home/boittier/homeb/water_cluster/pbe0dz/test242/coloumb/test242_6_20.sh to Slurm scheduler
water_cluster/pbe0dz/test242/coloumb
1429/76651 = submitted job /home/boittier/homeb/water_cluster/pbe0dz/test242/coloumb/test242_7_8.sh to Slurm scheduler
water_cluster/pbe0dz/test242/coloumb
1430/76651 = submitted job /home/boittier/homeb/water_cluster/pbe0dz/test242/coloumb/test242_7_9.sh to Slurm scheduler
water_cluster/pbe0dz/test242/coloumb
1431/76651 = submitted job /home/boittier/homeb/water_cluster/pbe0dz/test242/coloumb/test242_7_10.sh to Slurm scheduler
water_cluster/pbe0dz/test242/coloumb
1432/76651 = submitted job /home/boittier/homeb/water_cluster/pbe0dz/test242/coloumb/test242_7_11.sh to Slurm scheduler
water_cluster/pbe0dz/test242/coloumb
1433/76651 = submitted job /home/boittier/homeb/water_cluster/pbe0dz/test242/coloumb/test242_7_12.sh to Slurm scheduler
water_cluster/pbe0dz/test242/coloumb
1434/76651 = submitted job /home/boittier/homeb/water_cluster/pbe0dz/test242/coloumb/test242_7_13.sh to Slurm scheduler
water_cluster/pbe0dz/test242/coloumb
1435/76651 = submitted job /home/boittier/homeb/water_cluster/pbe0dz/test242/coloumb/test242_7_14.sh to Slurm scheduler
water_cluster/pbe0dz/test242/coloumb
1436/76651 = submitted job /home/boittier/homeb/water_cluster/pbe0dz/test242/coloumb/test242_7_15.sh to Slurm scheduler
water_cluster/pbe0dz/test242/coloumb
1437/76651 = submitted job /home/boittier/homeb/water_cluster/pbe0dz/test242/coloumb/test242_7_16.sh to Slurm scheduler
water_cluster/pbe0dz/test242/coloumb
1438/76651 = submitted job /home/boittier/homeb/water_cluster/pbe0dz/test242/coloumb/test242_7_17.sh to Slurm scheduler
water_cluster/pbe0dz/test242/coloumb
1439/76651 = submitted job /home/boittier/homeb/water_cluster/pbe0dz/test242/coloumb/test242_7_18.sh to Slurm scheduler
water_cluster/pbe0dz/test242/coloumb
1440/76651 = submitted job /home/boittier/homeb/water_cluster/pbe0dz/test242/coloumb/test242_7_19.sh to Slurm scheduler
water_cluster/pbe0dz/test242/coloumb
1441/76651 = submitted job /home/boittier/homeb/water_cluster/pbe0dz/test242/coloumb/test242_7_20.sh to Slurm scheduler
water_cluster/pbe0dz/test242/coloumb
1442/76651 = submitted job /home/boittier/homeb/water_cluster/pbe0dz/test242/coloumb/test242_8_9.sh to Slurm scheduler
water_cluster/pbe0dz/test242/coloumb
1443/76651 = submitted job /home/boittier/homeb/water_cluster/pbe0dz/test242/coloumb/test242_8_10.sh to Slurm scheduler
water_cluster/pbe0dz/test242/coloumb
1444/76651 = submitted job /home/boittier/homeb/water_cluster/pbe0dz/test242/coloumb/test242_8_11.sh to Slurm scheduler
water_cluster/pbe0dz/test242/coloumb
1445/76651 = submitted job /home/boittier/homeb/water_cluster/pbe0dz/test242/coloumb/test242_8_12.sh to Slurm scheduler
water_cluster/pbe0dz/test242/coloumb
1446/76651 = submitted job /home/boittier/homeb/water_cluster/pbe0dz/test242/coloumb/test242_8_13.sh to Slurm scheduler
water_cluster/pbe0dz/test242/coloumb
1447/76651 = submitted job /home/boittier/homeb/water_cluster/pbe0dz/test242/coloumb/test242_8_14.sh to Slurm scheduler
water_cluster/pbe0dz/test242/coloumb
1448/76651 = submitted job /home/boittier/homeb/water_cluster/pbe0dz/test242/coloumb/test242_8_15.sh to Slurm scheduler
water_cluster/pbe0dz/test242/coloumb
1449/76651 = submitted job /home/boittier/homeb/water_cluster/pbe0dz/test242/coloumb/test242_8_16.sh to Slurm scheduler
water_cluster/pbe0dz/test242/coloumb
1450/76651 = submitted job /home/boittier/homeb/water_cluster/pbe0dz/test242/coloumb/test242_8_17.sh to Slurm scheduler
water_cluster/pbe0dz/test242/coloumb
1451/76651 = submitted job /home/boittier/homeb/water_cluster/pbe0dz/test242/coloumb/test242_8_18.sh to Slurm scheduler
water_cluster/pbe0dz/test242/coloumb
1452/76651 = submitted job /home/boittier/homeb/water_cluster/pbe0dz/test242/coloumb/test242_8_19.sh to Slurm scheduler
water_cluster/pbe0dz/test242/coloumb
1453/76651 = submitted job /home/boittier/homeb/water_cluster/pbe0dz/test242/coloumb/test242_8_20.sh to Slurm scheduler
water_cluster/pbe0dz/test242/coloumb
1454/76651 = submitted job /home/boittier/homeb/water_cluster/pbe0dz/test242/coloumb/test242_9_10.sh to Slurm scheduler
water_cluster/pbe0dz/test242/coloumb
1455/76651 = submitted job /home/boittier/homeb/water_cluster/pbe0dz/test242/coloumb/test242_9_11.sh to Slurm scheduler
water_cluster/pbe0dz/test242/coloumb
1456/76651 = submitted job /home/boittier/homeb/water_cluster/pbe0dz/test242/coloumb/test242_9_12.sh to Slurm scheduler
water_cluster/pbe0dz/test242/coloumb
1457/76651 = submitted job /home/boittier/homeb/water_cluster/pbe0dz/test242/coloumb/test242_9_13.sh to Slurm scheduler
water_cluster/pbe0dz/test242/coloumb
1458/76651 = submitted job /home/boittier/homeb/water_cluster/pbe0dz/test242/coloumb/test242_9_14.sh to Slurm scheduler
water_cluster/pbe0dz/test242/coloumb
1459/76651 = submitted job /home/boittier/homeb/water_cluster/pbe0dz/test242/coloumb/test242_9_15.sh to Slurm scheduler
water_cluster/pbe0dz/test242/coloumb
1460/76651 = submitted job /home/boittier/homeb/water_cluster/pbe0dz/test242/coloumb/test242_9_16.sh to Slurm scheduler
water_cluster/pbe0dz/test242/coloumb
1461/76651 = submitted job /home/boittier/homeb/water_cluster/pbe0dz/test242/coloumb/test242_9_17.sh to Slurm scheduler
water_cluster/pbe0dz/test242/coloumb
1462/76651 = submitted job /home/boittier/homeb/water_cluster/pbe0dz/test242/coloumb/test242_9_18.sh to Slurm scheduler
water_cluster/pbe0dz/test242/coloumb
1463/76651 = submitted job /home/boittier/homeb/water_cluster/pbe0dz/test242/coloumb/test242_9_19.sh to Slurm scheduler
water_cluster/pbe0dz/test242/coloumb
1464/76651 = submitted job /home/boittier/homeb/water_cluster/pbe0dz/test242/coloumb/test242_9_20.sh to Slurm scheduler
water_cluster/pbe0dz/test242/coloumb
1465/76651 = submitted job /home/boittier/homeb/water_cluster/pbe0dz/test242/coloumb/test242_10_11.sh to Slurm scheduler
water_cluster/pbe0dz/test242/coloumb
1466/76651 = submitted job /home/boittier/homeb/water_cluster/pbe0dz/test242/coloumb/test242_10_12.sh to Slurm scheduler
water_cluster/pbe0dz/test242/coloumb
1467/76651 = submitted job /home/boittier/homeb/water_cluster/pbe0dz/test242/coloumb/test242_10_13.sh to Slurm scheduler
water_cluster/pbe0dz/test242/coloumb
1468/76651 = submitted job /home/boittier/homeb/water_cluster/pbe0dz/test242/coloumb/test242_10_14.sh to Slurm scheduler
water_cluster/pbe0dz/test242/coloumb
1469/76651 = submitted job /home/boittier/homeb/water_cluster/pbe0dz/test242/coloumb/test242_10_15.sh to Slurm scheduler
water_cluster/pbe0dz/test242/coloumb
1470/76651 = submitted job /home/boittier/homeb/water_cluster/pbe0dz/test242/coloumb/test242_10_16.sh to Slurm scheduler
water_cluster/pbe0dz/test242/coloumb
1471/76651 = submitted job /home/boittier/homeb/water_cluster/pbe0dz/test242/coloumb/test242_10_17.sh to Slurm scheduler
water_cluster/pbe0dz/test242/coloumb
1472/76651 = submitted job /home/boittier/homeb/water_cluster/pbe0dz/test242/coloumb/test242_10_18.sh to Slurm scheduler
water_cluster/pbe0dz/test242/coloumb
1473/76651 = submitted job /home/boittier/homeb/water_cluster/pbe0dz/test242/coloumb/test242_10_19.sh to Slurm scheduler
water_cluster/pbe0dz/test242/coloumb
1474/76651 = submitted job /home/boittier/homeb/water_cluster/pbe0dz/test242/coloumb/test242_10_20.sh to Slurm scheduler
water_cluster/pbe0dz/test242/coloumb
1475/76651 = submitted job /home/boittier/homeb/water_cluster/pbe0dz/test242/coloumb/test242_11_12.sh to Slurm scheduler
water_cluster/pbe0dz/test242/coloumb
1476/76651 = submitted job /home/boittier/homeb/water_cluster/pbe0dz/test242/coloumb/test242_11_13.sh to Slurm scheduler
water_cluster/pbe0dz/test242/coloumb
1477/76651 = submitted job /home/boittier/homeb/water_cluster/pbe0dz/test242/coloumb/test242_11_14.sh to Slurm scheduler
water_cluster/pbe0dz/test242/coloumb
1478/76651 = submitted job /home/boittier/homeb/water_cluster/pbe0dz/test242/coloumb/test242_11_15.sh to Slurm scheduler
water_cluster/pbe0dz/test242/coloumb
1479/76651 = submitted job /home/boittier/homeb/water_cluster/pbe0dz/test242/coloumb/test242_11_16.sh to Slurm scheduler
water_cluster/pbe0dz/test242/coloumb
1480/76651 = submitted job /home/boittier/homeb/water_cluster/pbe0dz/test242/coloumb/test242_11_17.sh to Slurm scheduler
water_cluster/pbe0dz/test242/coloumb
1481/76651 = submitted job /home/boittier/homeb/water_cluster/pbe0dz/test242/coloumb/test242_11_18.sh to Slurm scheduler
water_cluster/pbe0dz/test242/coloumb
1482/76651 = submitted job /home/boittier/homeb/water_cluster/pbe0dz/test242/coloumb/test242_11_19.sh to Slurm scheduler
water_cluster/pbe0dz/test242/coloumb
1483/76651 = submitted job /home/boittier/homeb/water_cluster/pbe0dz/test242/coloumb/test242_11_20.sh to Slurm scheduler
water_cluster/pbe0dz/test242/coloumb
1484/76651 = submitted job /home/boittier/homeb/water_cluster/pbe0dz/test242/coloumb/test242_12_13.sh to Slurm scheduler
water_cluster/pbe0dz/test242/coloumb
1485/76651 = submitted job /home/boittier/homeb/water_cluster/pbe0dz/test242/coloumb/test242_12_14.sh to Slurm scheduler
water_cluster/pbe0dz/test242/coloumb
1486/76651 = submitted job /home/boittier/homeb/water_cluster/pbe0dz/test242/coloumb/test242_12_15.sh to Slurm scheduler
water_cluster/pbe0dz/test242/coloumb
1487/76651 = submitted job /home/boittier/homeb/water_cluster/pbe0dz/test242/coloumb/test242_12_16.sh to Slurm scheduler
water_cluster/pbe0dz/test242/coloumb
1488/76651 = submitted job /home/boittier/homeb/water_cluster/pbe0dz/test242/coloumb/test242_12_17.sh to Slurm scheduler
water_cluster/pbe0dz/test242/coloumb
1489/76651 = submitted job /home/boittier/homeb/water_cluster/pbe0dz/test242/coloumb/test242_12_18.sh to Slurm scheduler
water_cluster/pbe0dz/test242/coloumb
1490/76651 = submitted job /home/boittier/homeb/water_cluster/pbe0dz/test242/coloumb/test242_12_19.sh to Slurm scheduler
water_cluster/pbe0dz/test242/coloumb
1491/76651 = submitted job /home/boittier/homeb/water_cluster/pbe0dz/test242/coloumb/test242_12_20.sh to Slurm scheduler
water_cluster/pbe0dz/test242/coloumb
1492/76651 = submitted job /home/boittier/homeb/water_cluster/pbe0dz/test242/coloumb/test242_13_14.sh to Slurm scheduler
water_cluster/pbe0dz/test242/coloumb
1493/76651 = submitted job /home/boittier/homeb/water_cluster/pbe0dz/test242/coloumb/test242_13_15.sh to Slurm scheduler
water_cluster/pbe0dz/test242/coloumb
1494/76651 = submitted job /home/boittier/homeb/water_cluster/pbe0dz/test242/coloumb/test242_13_16.sh to Slurm scheduler
water_cluster/pbe0dz/test242/coloumb
1495/76651 = submitted job /home/boittier/homeb/water_cluster/pbe0dz/test242/coloumb/test242_13_17.sh to Slurm scheduler
water_cluster/pbe0dz/test242/coloumb
1496/76651 = submitted job /home/boittier/homeb/water_cluster/pbe0dz/test242/coloumb/test242_13_18.sh to Slurm scheduler
water_cluster/pbe0dz/test242/coloumb
1497/76651 = submitted job /home/boittier/homeb/water_cluster/pbe0dz/test242/coloumb/test242_13_19.sh to Slurm scheduler
water_cluster/pbe0dz/test242/coloumb
1498/76651 = submitted job /home/boittier/homeb/water_cluster/pbe0dz/test242/coloumb/test242_13_20.sh to Slurm scheduler
water_cluster/pbe0dz/test242/coloumb
1499/76651 = submitted job /home/boittier/homeb/water_cluster/pbe0dz/test242/coloumb/test242_14_15.sh to Slurm scheduler
water_cluster/pbe0dz/test242/coloumb
1500/76651 = submitted job /home/boittier/homeb/water_cluster/pbe0dz/test242/coloumb/test242_14_16.sh to Slurm scheduler
water_cluster/pbe0dz/test242/coloumb
1501/76651 = submitted job /home/boittier/homeb/water_cluster/pbe0dz/test242/coloumb/test242_14_17.sh to Slurm scheduler
water_cluster/pbe0dz/test242/coloumb
1502/76651 = submitted job /home/boittier/homeb/water_cluster/pbe0dz/test242/coloumb/test242_14_18.sh to Slurm scheduler
water_cluster/pbe0dz/test242/coloumb
1503/76651 = submitted job /home/boittier/homeb/water_cluster/pbe0dz/test242/coloumb/test242_14_19.sh to Slurm scheduler
water_cluster/pbe0dz/test242/coloumb
1504/76651 = submitted job /home/boittier/homeb/water_cluster/pbe0dz/test242/coloumb/test242_14_20.sh to Slurm scheduler
water_cluster/pbe0dz/test242/coloumb
1505/76651 = submitted job /home/boittier/homeb/water_cluster/pbe0dz/test242/coloumb/test242_15_16.sh to Slurm scheduler
water_cluster/pbe0dz/test242/coloumb
1506/76651 = submitted job /home/boittier/homeb/water_cluster/pbe0dz/test242/coloumb/test242_15_17.sh to Slurm scheduler
water_cluster/pbe0dz/test242/coloumb
1507/76651 = submitted job /home/boittier/homeb/water_cluster/pbe0dz/test242/coloumb/test242_15_18.sh to Slurm scheduler
water_cluster/pbe0dz/test242/coloumb
1508/76651 = submitted job /home/boittier/homeb/water_cluster/pbe0dz/test242/coloumb/test242_15_19.sh to Slurm scheduler
water_cluster/pbe0dz/test242/coloumb
1509/76651 = submitted job /home/boittier/homeb/water_cluster/pbe0dz/test242/coloumb/test242_15_20.sh to Slurm scheduler
water_cluster/pbe0dz/test242/coloumb
1510/76651 = submitted job /home/boittier/homeb/water_cluster/pbe0dz/test242/coloumb/test242_16_17.sh to Slurm scheduler
water_cluster/pbe0dz/test242/coloumb
1511/76651 = submitted job /home/boittier/homeb/water_cluster/pbe0dz/test242/coloumb/test242_16_18.sh to Slurm scheduler
water_cluster/pbe0dz/test242/coloumb
1512/76651 = submitted job /home/boittier/homeb/water_cluster/pbe0dz/test242/coloumb/test242_16_19.sh to Slurm scheduler
water_cluster/pbe0dz/test242/coloumb
1513/76651 = submitted job /home/boittier/homeb/water_cluster/pbe0dz/test242/coloumb/test242_16_20.sh to Slurm scheduler
water_cluster/pbe0dz/test242/coloumb
1514/76651 = submitted job /home/boittier/homeb/water_cluster/pbe0dz/test242/coloumb/test242_17_18.sh to Slurm scheduler
water_cluster/pbe0dz/test242/coloumb
1515/76651 = submitted job /home/boittier/homeb/water_cluster/pbe0dz/test242/coloumb/test242_17_19.sh to Slurm scheduler
water_cluster/pbe0dz/test242/coloumb
1516/76651 = submitted job /home/boittier/homeb/water_cluster/pbe0dz/test242/coloumb/test242_17_20.sh to Slurm scheduler
water_cluster/pbe0dz/test242/coloumb
1517/76651 = submitted job /home/boittier/homeb/water_cluster/pbe0dz/test242/coloumb/test242_18_19.sh to Slurm scheduler
water_cluster/pbe0dz/test242/coloumb
1518/76651 = submitted job /home/boittier/homeb/water_cluster/pbe0dz/test242/coloumb/test242_18_20.sh to Slurm scheduler
water_cluster/pbe0dz/test242/coloumb
1519/76651 = submitted job /home/boittier/homeb/water_cluster/pbe0dz/test242/coloumb/test242_19_20.sh to Slurm scheduler
water_cluster/pbe0dz/test362/coloumb
1520/76651 = submitted job /home/boittier/homeb/water_cluster/pbe0dz/test362/coloumb/test362_1_2.sh to Slurm scheduler
water_cluster/pbe0dz/test362/coloumb
1521/76651 = submitted job /home/boittier/homeb/water_cluster/pbe0dz/test362/coloumb/test362_1_3.sh to Slurm scheduler
water_cluster/pbe0dz/test362/coloumb
1522/76651 = submitted job /home/boittier/homeb/water_cluster/pbe0dz/test362/coloumb/test362_1_4.sh to Slurm scheduler
water_cluster/pbe0dz/test362/coloumb
1523/76651 = submitted job /home/boittier/homeb/water_cluster/pbe0dz/test362/coloumb/test362_1_5.sh to Slurm scheduler
water_cluster/pbe0dz/test362/coloumb
1524/76651 = submitted job /home/boittier/homeb/water_cluster/pbe0dz/test362/coloumb/test362_1_6.sh to Slurm scheduler
water_cluster/pbe0dz/test362/coloumb
1525/76651 = submitted job /home/boittier/homeb/water_cluster/pbe0dz/test362/coloumb/test362_1_7.sh to Slurm scheduler
water_cluster/pbe0dz/test362/coloumb
1526/76651 = submitted job /home/boittier/homeb/water_cluster/pbe0dz/test362/coloumb/test362_1_8.sh to Slurm scheduler
water_cluster/pbe0dz/test362/coloumb
1527/76651 = submitted job /home/boittier/homeb/water_cluster/pbe0dz/test362/coloumb/test362_1_9.sh to Slurm scheduler
water_cluster/pbe0dz/test362/coloumb
1528/76651 = submitted job /home/boittier/homeb/water_cluster/pbe0dz/test362/coloumb/test362_1_10.sh to Slurm scheduler
water_cluster/pbe0dz/test362/coloumb
1529/76651 = submitted job /home/boittier/homeb/water_cluster/pbe0dz/test362/coloumb/test362_1_11.sh to Slurm scheduler
water_cluster/pbe0dz/test362/coloumb
1530/76651 = submitted job /home/boittier/homeb/water_cluster/pbe0dz/test362/coloumb/test362_1_12.sh to Slurm scheduler
water_cluster/pbe0dz/test362/coloumb
1531/76651 = submitted job /home/boittier/homeb/water_cluster/pbe0dz/test362/coloumb/test362_1_13.sh to Slurm scheduler
water_cluster/pbe0dz/test362/coloumb
1532/76651 = submitted job /home/boittier/homeb/water_cluster/pbe0dz/test362/coloumb/test362_1_14.sh to Slurm scheduler
water_cluster/pbe0dz/test362/coloumb
1533/76651 = submitted job /home/boittier/homeb/water_cluster/pbe0dz/test362/coloumb/test362_1_15.sh to Slurm scheduler
water_cluster/pbe0dz/test362/coloumb
1534/76651 = submitted job /home/boittier/homeb/water_cluster/pbe0dz/test362/coloumb/test362_1_16.sh to Slurm scheduler
water_cluster/pbe0dz/test362/coloumb
1535/76651 = submitted job /home/boittier/homeb/water_cluster/pbe0dz/test362/coloumb/test362_1_17.sh to Slurm scheduler
water_cluster/pbe0dz/test362/coloumb
1536/76651 = submitted job /home/boittier/homeb/water_cluster/pbe0dz/test362/coloumb/test362_1_18.sh to Slurm scheduler
water_cluster/pbe0dz/test362/coloumb
1537/76651 = submitted job /home/boittier/homeb/water_cluster/pbe0dz/test362/coloumb/test362_1_19.sh to Slurm scheduler
water_cluster/pbe0dz/test362/coloumb
1538/76651 = submitted job /home/boittier/homeb/water_cluster/pbe0dz/test362/coloumb/test362_1_20.sh to Slurm scheduler
water_cluster/pbe0dz/test362/coloumb
1539/76651 = submitted job /home/boittier/homeb/water_cluster/pbe0dz/test362/coloumb/test362_2_3.sh to Slurm scheduler
water_cluster/pbe0dz/test362/coloumb
1540/76651 = submitted job /home/boittier/homeb/water_cluster/pbe0dz/test362/coloumb/test362_2_4.sh to Slurm scheduler
water_cluster/pbe0dz/test362/coloumb
1541/76651 = submitted job /home/boittier/homeb/water_cluster/pbe0dz/test362/coloumb/test362_2_5.sh to Slurm scheduler
water_cluster/pbe0dz/test362/coloumb
1542/76651 = submitted job /home/boittier/homeb/water_cluster/pbe0dz/test362/coloumb/test362_2_6.sh to Slurm scheduler
water_cluster/pbe0dz/test362/coloumb
1543/76651 = submitted job /home/boittier/homeb/water_cluster/pbe0dz/test362/coloumb/test362_2_7.sh to Slurm scheduler
water_cluster/pbe0dz/test362/coloumb
1544/76651 = submitted job /home/boittier/homeb/water_cluster/pbe0dz/test362/coloumb/test362_2_8.sh to Slurm scheduler
water_cluster/pbe0dz/test362/coloumb
1545/76651 = submitted job /home/boittier/homeb/water_cluster/pbe0dz/test362/coloumb/test362_2_9.sh to Slurm scheduler
water_cluster/pbe0dz/test362/coloumb
1546/76651 = submitted job /home/boittier/homeb/water_cluster/pbe0dz/test362/coloumb/test362_2_10.sh to Slurm scheduler
water_cluster/pbe0dz/test362/coloumb
1547/76651 = submitted job /home/boittier/homeb/water_cluster/pbe0dz/test362/coloumb/test362_2_11.sh to Slurm scheduler
water_cluster/pbe0dz/test362/coloumb
1548/76651 = submitted job /home/boittier/homeb/water_cluster/pbe0dz/test362/coloumb/test362_2_12.sh to Slurm scheduler
water_cluster/pbe0dz/test362/coloumb
1549/76651 = submitted job /home/boittier/homeb/water_cluster/pbe0dz/test362/coloumb/test362_2_13.sh to Slurm scheduler
water_cluster/pbe0dz/test362/coloumb
1550/76651 = submitted job /home/boittier/homeb/water_cluster/pbe0dz/test362/coloumb/test362_2_14.sh to Slurm scheduler
water_cluster/pbe0dz/test362/coloumb
1551/76651 = submitted job /home/boittier/homeb/water_cluster/pbe0dz/test362/coloumb/test362_2_15.sh to Slurm scheduler
water_cluster/pbe0dz/test362/coloumb
1552/76651 = submitted job /home/boittier/homeb/water_cluster/pbe0dz/test362/coloumb/test362_2_16.sh to Slurm scheduler
water_cluster/pbe0dz/test362/coloumb
1553/76651 = submitted job /home/boittier/homeb/water_cluster/pbe0dz/test362/coloumb/test362_2_17.sh to Slurm scheduler
water_cluster/pbe0dz/test362/coloumb
1554/76651 = submitted job /home/boittier/homeb/water_cluster/pbe0dz/test362/coloumb/test362_2_18.sh to Slurm scheduler
water_cluster/pbe0dz/test362/coloumb
1555/76651 = submitted job /home/boittier/homeb/water_cluster/pbe0dz/test362/coloumb/test362_2_19.sh to Slurm scheduler
water_cluster/pbe0dz/test362/coloumb
1556/76651 = submitted job /home/boittier/homeb/water_cluster/pbe0dz/test362/coloumb/test362_2_20.sh to Slurm scheduler
water_cluster/pbe0dz/test362/coloumb
1557/76651 = submitted job /home/boittier/homeb/water_cluster/pbe0dz/test362/coloumb/test362_3_4.sh to Slurm scheduler
water_cluster/pbe0dz/test362/coloumb
1558/76651 = submitted job /home/boittier/homeb/water_cluster/pbe0dz/test362/coloumb/test362_3_5.sh to Slurm scheduler
water_cluster/pbe0dz/test362/coloumb
1559/76651 = submitted job /home/boittier/homeb/water_cluster/pbe0dz/test362/coloumb/test362_3_6.sh to Slurm scheduler
water_cluster/pbe0dz/test362/coloumb
1560/76651 = submitted job /home/boittier/homeb/water_cluster/pbe0dz/test362/coloumb/test362_3_7.sh to Slurm scheduler
water_cluster/pbe0dz/test362/coloumb
1561/76651 = submitted job /home/boittier/homeb/water_cluster/pbe0dz/test362/coloumb/test362_3_8.sh to Slurm scheduler
water_cluster/pbe0dz/test362/coloumb
1562/76651 = submitted job /home/boittier/homeb/water_cluster/pbe0dz/test362/coloumb/test362_3_9.sh to Slurm scheduler
water_cluster/pbe0dz/test362/coloumb
1563/76651 = submitted job /home/boittier/homeb/water_cluster/pbe0dz/test362/coloumb/test362_3_10.sh to Slurm scheduler
water_cluster/pbe0dz/test362/coloumb
1564/76651 = submitted job /home/boittier/homeb/water_cluster/pbe0dz/test362/coloumb/test362_3_11.sh to Slurm scheduler
water_cluster/pbe0dz/test362/coloumb
1565/76651 = submitted job /home/boittier/homeb/water_cluster/pbe0dz/test362/coloumb/test362_3_12.sh to Slurm scheduler
water_cluster/pbe0dz/test362/coloumb
1566/76651 = submitted job /home/boittier/homeb/water_cluster/pbe0dz/test362/coloumb/test362_3_13.sh to Slurm scheduler
water_cluster/pbe0dz/test362/coloumb
1567/76651 = submitted job /home/boittier/homeb/water_cluster/pbe0dz/test362/coloumb/test362_3_14.sh to Slurm scheduler
water_cluster/pbe0dz/test362/coloumb
1568/76651 = submitted job /home/boittier/homeb/water_cluster/pbe0dz/test362/coloumb/test362_3_15.sh to Slurm scheduler
water_cluster/pbe0dz/test362/coloumb
1569/76651 = submitted job /home/boittier/homeb/water_cluster/pbe0dz/test362/coloumb/test362_3_16.sh to Slurm scheduler
water_cluster/pbe0dz/test362/coloumb
1570/76651 = submitted job /home/boittier/homeb/water_cluster/pbe0dz/test362/coloumb/test362_3_17.sh to Slurm scheduler
water_cluster/pbe0dz/test362/coloumb
1571/76651 = submitted job /home/boittier/homeb/water_cluster/pbe0dz/test362/coloumb/test362_3_18.sh to Slurm scheduler
water_cluster/pbe0dz/test362/coloumb
1572/76651 = submitted job /home/boittier/homeb/water_cluster/pbe0dz/test362/coloumb/test362_3_19.sh to Slurm scheduler
water_cluster/pbe0dz/test362/coloumb
1573/76651 = submitted job /home/boittier/homeb/water_cluster/pbe0dz/test362/coloumb/test362_3_20.sh to Slurm scheduler
water_cluster/pbe0dz/test362/coloumb
1574/76651 = submitted job /home/boittier/homeb/water_cluster/pbe0dz/test362/coloumb/test362_4_5.sh to Slurm scheduler
water_cluster/pbe0dz/test362/coloumb
1575/76651 = submitted job /home/boittier/homeb/water_cluster/pbe0dz/test362/coloumb/test362_4_6.sh to Slurm scheduler
water_cluster/pbe0dz/test362/coloumb
1576/76651 = submitted job /home/boittier/homeb/water_cluster/pbe0dz/test362/coloumb/test362_4_7.sh to Slurm scheduler
water_cluster/pbe0dz/test362/coloumb
1577/76651 = submitted job /home/boittier/homeb/water_cluster/pbe0dz/test362/coloumb/test362_4_8.sh to Slurm scheduler
water_cluster/pbe0dz/test362/coloumb
1578/76651 = submitted job /home/boittier/homeb/water_cluster/pbe0dz/test362/coloumb/test362_4_9.sh to Slurm scheduler
water_cluster/pbe0dz/test362/coloumb
1579/76651 = submitted job /home/boittier/homeb/water_cluster/pbe0dz/test362/coloumb/test362_4_10.sh to Slurm scheduler
water_cluster/pbe0dz/test362/coloumb
1580/76651 = submitted job /home/boittier/homeb/water_cluster/pbe0dz/test362/coloumb/test362_4_11.sh to Slurm scheduler
water_cluster/pbe0dz/test362/coloumb
1581/76651 = submitted job /home/boittier/homeb/water_cluster/pbe0dz/test362/coloumb/test362_4_12.sh to Slurm scheduler
water_cluster/pbe0dz/test362/coloumb
1582/76651 = submitted job /home/boittier/homeb/water_cluster/pbe0dz/test362/coloumb/test362_4_13.sh to Slurm scheduler
water_cluster/pbe0dz/test362/coloumb
1583/76651 = submitted job /home/boittier/homeb/water_cluster/pbe0dz/test362/coloumb/test362_4_14.sh to Slurm scheduler
water_cluster/pbe0dz/test362/coloumb
1584/76651 = submitted job /home/boittier/homeb/water_cluster/pbe0dz/test362/coloumb/test362_4_15.sh to Slurm scheduler
water_cluster/pbe0dz/test362/coloumb
1585/76651 = submitted job /home/boittier/homeb/water_cluster/pbe0dz/test362/coloumb/test362_4_16.sh to Slurm scheduler
water_cluster/pbe0dz/test362/coloumb
1586/76651 = submitted job /home/boittier/homeb/water_cluster/pbe0dz/test362/coloumb/test362_4_17.sh to Slurm scheduler
water_cluster/pbe0dz/test362/coloumb
1587/76651 = submitted job /home/boittier/homeb/water_cluster/pbe0dz/test362/coloumb/test362_4_18.sh to Slurm scheduler
water_cluster/pbe0dz/test362/coloumb
1588/76651 = submitted job /home/boittier/homeb/water_cluster/pbe0dz/test362/coloumb/test362_4_19.sh to Slurm scheduler
water_cluster/pbe0dz/test362/coloumb
1589/76651 = submitted job /home/boittier/homeb/water_cluster/pbe0dz/test362/coloumb/test362_4_20.sh to Slurm scheduler
water_cluster/pbe0dz/test362/coloumb
1590/76651 = submitted job /home/boittier/homeb/water_cluster/pbe0dz/test362/coloumb/test362_5_6.sh to Slurm scheduler
water_cluster/pbe0dz/test362/coloumb
1591/76651 = submitted job /home/boittier/homeb/water_cluster/pbe0dz/test362/coloumb/test362_5_7.sh to Slurm scheduler
water_cluster/pbe0dz/test362/coloumb
1592/76651 = submitted job /home/boittier/homeb/water_cluster/pbe0dz/test362/coloumb/test362_5_8.sh to Slurm scheduler
water_cluster/pbe0dz/test362/coloumb
1593/76651 = submitted job /home/boittier/homeb/water_cluster/pbe0dz/test362/coloumb/test362_5_9.sh to Slurm scheduler
water_cluster/pbe0dz/test362/coloumb
1594/76651 = submitted job /home/boittier/homeb/water_cluster/pbe0dz/test362/coloumb/test362_5_10.sh to Slurm scheduler
water_cluster/pbe0dz/test362/coloumb
1595/76651 = submitted job /home/boittier/homeb/water_cluster/pbe0dz/test362/coloumb/test362_5_11.sh to Slurm scheduler
water_cluster/pbe0dz/test362/coloumb
1596/76651 = submitted job /home/boittier/homeb/water_cluster/pbe0dz/test362/coloumb/test362_5_12.sh to Slurm scheduler
water_cluster/pbe0dz/test362/coloumb
1597/76651 = submitted job /home/boittier/homeb/water_cluster/pbe0dz/test362/coloumb/test362_5_13.sh to Slurm scheduler
water_cluster/pbe0dz/test362/coloumb
1598/76651 = submitted job /home/boittier/homeb/water_cluster/pbe0dz/test362/coloumb/test362_5_14.sh to Slurm scheduler
water_cluster/pbe0dz/test362/coloumb
1599/76651 = submitted job /home/boittier/homeb/water_cluster/pbe0dz/test362/coloumb/test362_5_15.sh to Slurm scheduler
water_cluster/pbe0dz/test362/coloumb
1600/76651 = submitted job /home/boittier/homeb/water_cluster/pbe0dz/test362/coloumb/test362_5_16.sh to Slurm scheduler
water_cluster/pbe0dz/test362/coloumb
1601/76651 = submitted job /home/boittier/homeb/water_cluster/pbe0dz/test362/coloumb/test362_5_17.sh to Slurm scheduler
water_cluster/pbe0dz/test362/coloumb
1602/76651 = submitted job /home/boittier/homeb/water_cluster/pbe0dz/test362/coloumb/test362_5_18.sh to Slurm scheduler
water_cluster/pbe0dz/test362/coloumb
1603/76651 = submitted job /home/boittier/homeb/water_cluster/pbe0dz/test362/coloumb/test362_5_19.sh to Slurm scheduler
water_cluster/pbe0dz/test362/coloumb
1604/76651 = submitted job /home/boittier/homeb/water_cluster/pbe0dz/test362/coloumb/test362_5_20.sh to Slurm scheduler
water_cluster/pbe0dz/test362/coloumb
1605/76651 = submitted job /home/boittier/homeb/water_cluster/pbe0dz/test362/coloumb/test362_6_7.sh to Slurm scheduler
water_cluster/pbe0dz/test362/coloumb
1606/76651 = submitted job /home/boittier/homeb/water_cluster/pbe0dz/test362/coloumb/test362_6_8.sh to Slurm scheduler
water_cluster/pbe0dz/test362/coloumb
1607/76651 = submitted job /home/boittier/homeb/water_cluster/pbe0dz/test362/coloumb/test362_6_9.sh to Slurm scheduler
water_cluster/pbe0dz/test362/coloumb
1608/76651 = submitted job /home/boittier/homeb/water_cluster/pbe0dz/test362/coloumb/test362_6_10.sh to Slurm scheduler
water_cluster/pbe0dz/test362/coloumb
1609/76651 = submitted job /home/boittier/homeb/water_cluster/pbe0dz/test362/coloumb/test362_6_11.sh to Slurm scheduler
water_cluster/pbe0dz/test362/coloumb
1610/76651 = submitted job /home/boittier/homeb/water_cluster/pbe0dz/test362/coloumb/test362_6_12.sh to Slurm scheduler
water_cluster/pbe0dz/test362/coloumb
1611/76651 = submitted job /home/boittier/homeb/water_cluster/pbe0dz/test362/coloumb/test362_6_13.sh to Slurm scheduler
water_cluster/pbe0dz/test362/coloumb
1612/76651 = submitted job /home/boittier/homeb/water_cluster/pbe0dz/test362/coloumb/test362_6_14.sh to Slurm scheduler
water_cluster/pbe0dz/test362/coloumb
1613/76651 = submitted job /home/boittier/homeb/water_cluster/pbe0dz/test362/coloumb/test362_6_15.sh to Slurm scheduler
water_cluster/pbe0dz/test362/coloumb
1614/76651 = submitted job /home/boittier/homeb/water_cluster/pbe0dz/test362/coloumb/test362_6_16.sh to Slurm scheduler
water_cluster/pbe0dz/test362/coloumb
1615/76651 = submitted job /home/boittier/homeb/water_cluster/pbe0dz/test362/coloumb/test362_6_17.sh to Slurm scheduler
water_cluster/pbe0dz/test362/coloumb
1616/76651 = submitted job /home/boittier/homeb/water_cluster/pbe0dz/test362/coloumb/test362_6_18.sh to Slurm scheduler
water_cluster/pbe0dz/test362/coloumb
1617/76651 = submitted job /home/boittier/homeb/water_cluster/pbe0dz/test362/coloumb/test362_6_19.sh to Slurm scheduler
water_cluster/pbe0dz/test362/coloumb
1618/76651 = submitted job /home/boittier/homeb/water_cluster/pbe0dz/test362/coloumb/test362_6_20.sh to Slurm scheduler
water_cluster/pbe0dz/test362/coloumb
1619/76651 = submitted job /home/boittier/homeb/water_cluster/pbe0dz/test362/coloumb/test362_7_8.sh to Slurm scheduler
water_cluster/pbe0dz/test362/coloumb
1620/76651 = submitted job /home/boittier/homeb/water_cluster/pbe0dz/test362/coloumb/test362_7_9.sh to Slurm scheduler
water_cluster/pbe0dz/test362/coloumb
1621/76651 = submitted job /home/boittier/homeb/water_cluster/pbe0dz/test362/coloumb/test362_7_10.sh to Slurm scheduler
water_cluster/pbe0dz/test362/coloumb
1622/76651 = submitted job /home/boittier/homeb/water_cluster/pbe0dz/test362/coloumb/test362_7_11.sh to Slurm scheduler
water_cluster/pbe0dz/test362/coloumb
1623/76651 = submitted job /home/boittier/homeb/water_cluster/pbe0dz/test362/coloumb/test362_7_12.sh to Slurm scheduler
water_cluster/pbe0dz/test362/coloumb
1624/76651 = submitted job /home/boittier/homeb/water_cluster/pbe0dz/test362/coloumb/test362_7_13.sh to Slurm scheduler
water_cluster/pbe0dz/test362/coloumb
1625/76651 = submitted job /home/boittier/homeb/water_cluster/pbe0dz/test362/coloumb/test362_7_14.sh to Slurm scheduler
water_cluster/pbe0dz/test362/coloumb
1626/76651 = submitted job /home/boittier/homeb/water_cluster/pbe0dz/test362/coloumb/test362_7_15.sh to Slurm scheduler
water_cluster/pbe0dz/test362/coloumb
1627/76651 = submitted job /home/boittier/homeb/water_cluster/pbe0dz/test362/coloumb/test362_7_16.sh to Slurm scheduler
water_cluster/pbe0dz/test362/coloumb
1628/76651 = submitted job /home/boittier/homeb/water_cluster/pbe0dz/test362/coloumb/test362_7_17.sh to Slurm scheduler
water_cluster/pbe0dz/test362/coloumb
1629/76651 = submitted job /home/boittier/homeb/water_cluster/pbe0dz/test362/coloumb/test362_7_18.sh to Slurm scheduler
water_cluster/pbe0dz/test362/coloumb
1630/76651 = submitted job /home/boittier/homeb/water_cluster/pbe0dz/test362/coloumb/test362_7_19.sh to Slurm scheduler
water_cluster/pbe0dz/test362/coloumb
1631/76651 = submitted job /home/boittier/homeb/water_cluster/pbe0dz/test362/coloumb/test362_7_20.sh to Slurm scheduler
water_cluster/pbe0dz/test362/coloumb
1632/76651 = submitted job /home/boittier/homeb/water_cluster/pbe0dz/test362/coloumb/test362_8_9.sh to Slurm scheduler
water_cluster/pbe0dz/test362/coloumb
1633/76651 = submitted job /home/boittier/homeb/water_cluster/pbe0dz/test362/coloumb/test362_8_10.sh to Slurm scheduler
water_cluster/pbe0dz/test362/coloumb
1634/76651 = submitted job /home/boittier/homeb/water_cluster/pbe0dz/test362/coloumb/test362_8_11.sh to Slurm scheduler
water_cluster/pbe0dz/test362/coloumb
1635/76651 = submitted job /home/boittier/homeb/water_cluster/pbe0dz/test362/coloumb/test362_8_12.sh to Slurm scheduler
water_cluster/pbe0dz/test362/coloumb
1636/76651 = submitted job /home/boittier/homeb/water_cluster/pbe0dz/test362/coloumb/test362_8_13.sh to Slurm scheduler
water_cluster/pbe0dz/test362/coloumb
1637/76651 = submitted job /home/boittier/homeb/water_cluster/pbe0dz/test362/coloumb/test362_8_14.sh to Slurm scheduler
water_cluster/pbe0dz/test362/coloumb
1638/76651 = submitted job /home/boittier/homeb/water_cluster/pbe0dz/test362/coloumb/test362_8_15.sh to Slurm scheduler
water_cluster/pbe0dz/test362/coloumb
1639/76651 = submitted job /home/boittier/homeb/water_cluster/pbe0dz/test362/coloumb/test362_8_16.sh to Slurm scheduler
water_cluster/pbe0dz/test362/coloumb
1640/76651 = submitted job /home/boittier/homeb/water_cluster/pbe0dz/test362/coloumb/test362_8_17.sh to Slurm scheduler
water_cluster/pbe0dz/test362/coloumb
1641/76651 = submitted job /home/boittier/homeb/water_cluster/pbe0dz/test362/coloumb/test362_8_18.sh to Slurm scheduler
water_cluster/pbe0dz/test362/coloumb
1642/76651 = submitted job /home/boittier/homeb/water_cluster/pbe0dz/test362/coloumb/test362_8_19.sh to Slurm scheduler
water_cluster/pbe0dz/test362/coloumb
1643/76651 = submitted job /home/boittier/homeb/water_cluster/pbe0dz/test362/coloumb/test362_8_20.sh to Slurm scheduler
water_cluster/pbe0dz/test362/coloumb
1644/76651 = submitted job /home/boittier/homeb/water_cluster/pbe0dz/test362/coloumb/test362_9_10.sh to Slurm scheduler
water_cluster/pbe0dz/test362/coloumb
1645/76651 = submitted job /home/boittier/homeb/water_cluster/pbe0dz/test362/coloumb/test362_9_11.sh to Slurm scheduler
water_cluster/pbe0dz/test362/coloumb
1646/76651 = submitted job /home/boittier/homeb/water_cluster/pbe0dz/test362/coloumb/test362_9_12.sh to Slurm scheduler
water_cluster/pbe0dz/test362/coloumb
1647/76651 = submitted job /home/boittier/homeb/water_cluster/pbe0dz/test362/coloumb/test362_9_13.sh to Slurm scheduler
water_cluster/pbe0dz/test362/coloumb
1648/76651 = submitted job /home/boittier/homeb/water_cluster/pbe0dz/test362/coloumb/test362_9_14.sh to Slurm scheduler
water_cluster/pbe0dz/test362/coloumb
1649/76651 = submitted job /home/boittier/homeb/water_cluster/pbe0dz/test362/coloumb/test362_9_15.sh to Slurm scheduler
water_cluster/pbe0dz/test362/coloumb
1650/76651 = submitted job /home/boittier/homeb/water_cluster/pbe0dz/test362/coloumb/test362_9_16.sh to Slurm scheduler
water_cluster/pbe0dz/test362/coloumb
1651/76651 = submitted job /home/boittier/homeb/water_cluster/pbe0dz/test362/coloumb/test362_9_17.sh to Slurm scheduler
water_cluster/pbe0dz/test362/coloumb
1652/76651 = submitted job /home/boittier/homeb/water_cluster/pbe0dz/test362/coloumb/test362_9_18.sh to Slurm scheduler
water_cluster/pbe0dz/test362/coloumb
1653/76651 = submitted job /home/boittier/homeb/water_cluster/pbe0dz/test362/coloumb/test362_9_19.sh to Slurm scheduler
water_cluster/pbe0dz/test362/coloumb
1654/76651 = submitted job /home/boittier/homeb/water_cluster/pbe0dz/test362/coloumb/test362_9_20.sh to Slurm scheduler
water_cluster/pbe0dz/test362/coloumb
1655/76651 = submitted job /home/boittier/homeb/water_cluster/pbe0dz/test362/coloumb/test362_10_11.sh to Slurm scheduler
water_cluster/pbe0dz/test362/coloumb
1656/76651 = submitted job /home/boittier/homeb/water_cluster/pbe0dz/test362/coloumb/test362_10_12.sh to Slurm scheduler
water_cluster/pbe0dz/test362/coloumb
1657/76651 = submitted job /home/boittier/homeb/water_cluster/pbe0dz/test362/coloumb/test362_10_13.sh to Slurm scheduler
water_cluster/pbe0dz/test362/coloumb
1658/76651 = submitted job /home/boittier/homeb/water_cluster/pbe0dz/test362/coloumb/test362_10_14.sh to Slurm scheduler
water_cluster/pbe0dz/test362/coloumb
1659/76651 = submitted job /home/boittier/homeb/water_cluster/pbe0dz/test362/coloumb/test362_10_15.sh to Slurm scheduler
water_cluster/pbe0dz/test362/coloumb
1660/76651 = submitted job /home/boittier/homeb/water_cluster/pbe0dz/test362/coloumb/test362_10_16.sh to Slurm scheduler
water_cluster/pbe0dz/test362/coloumb
1661/76651 = submitted job /home/boittier/homeb/water_cluster/pbe0dz/test362/coloumb/test362_10_17.sh to Slurm scheduler
water_cluster/pbe0dz/test362/coloumb
1662/76651 = submitted job /home/boittier/homeb/water_cluster/pbe0dz/test362/coloumb/test362_10_18.sh to Slurm scheduler
water_cluster/pbe0dz/test362/coloumb
1663/76651 = submitted job /home/boittier/homeb/water_cluster/pbe0dz/test362/coloumb/test362_10_19.sh to Slurm scheduler
water_cluster/pbe0dz/test362/coloumb
1664/76651 = submitted job /home/boittier/homeb/water_cluster/pbe0dz/test362/coloumb/test362_10_20.sh to Slurm scheduler
water_cluster/pbe0dz/test362/coloumb
1665/76651 = submitted job /home/boittier/homeb/water_cluster/pbe0dz/test362/coloumb/test362_11_12.sh to Slurm scheduler
water_cluster/pbe0dz/test362/coloumb
1666/76651 = submitted job /home/boittier/homeb/water_cluster/pbe0dz/test362/coloumb/test362_11_13.sh to Slurm scheduler
water_cluster/pbe0dz/test362/coloumb
1667/76651 = submitted job /home/boittier/homeb/water_cluster/pbe0dz/test362/coloumb/test362_11_14.sh to Slurm scheduler
water_cluster/pbe0dz/test362/coloumb
1668/76651 = submitted job /home/boittier/homeb/water_cluster/pbe0dz/test362/coloumb/test362_11_15.sh to Slurm scheduler
water_cluster/pbe0dz/test362/coloumb
1669/76651 = submitted job /home/boittier/homeb/water_cluster/pbe0dz/test362/coloumb/test362_11_16.sh to Slurm scheduler
water_cluster/pbe0dz/test362/coloumb
1670/76651 = submitted job /home/boittier/homeb/water_cluster/pbe0dz/test362/coloumb/test362_11_17.sh to Slurm scheduler
water_cluster/pbe0dz/test362/coloumb
1671/76651 = submitted job /home/boittier/homeb/water_cluster/pbe0dz/test362/coloumb/test362_11_18.sh to Slurm scheduler
water_cluster/pbe0dz/test362/coloumb
1672/76651 = submitted job /home/boittier/homeb/water_cluster/pbe0dz/test362/coloumb/test362_11_19.sh to Slurm scheduler
water_cluster/pbe0dz/test362/coloumb
1673/76651 = submitted job /home/boittier/homeb/water_cluster/pbe0dz/test362/coloumb/test362_11_20.sh to Slurm scheduler
water_cluster/pbe0dz/test362/coloumb
1674/76651 = submitted job /home/boittier/homeb/water_cluster/pbe0dz/test362/coloumb/test362_12_13.sh to Slurm scheduler
water_cluster/pbe0dz/test362/coloumb
1675/76651 = submitted job /home/boittier/homeb/water_cluster/pbe0dz/test362/coloumb/test362_12_14.sh to Slurm scheduler
water_cluster/pbe0dz/test362/coloumb
1676/76651 = submitted job /home/boittier/homeb/water_cluster/pbe0dz/test362/coloumb/test362_12_15.sh to Slurm scheduler
water_cluster/pbe0dz/test362/coloumb
1677/76651 = submitted job /home/boittier/homeb/water_cluster/pbe0dz/test362/coloumb/test362_12_16.sh to Slurm scheduler
water_cluster/pbe0dz/test362/coloumb
1678/76651 = submitted job /home/boittier/homeb/water_cluster/pbe0dz/test362/coloumb/test362_12_17.sh to Slurm scheduler
water_cluster/pbe0dz/test362/coloumb
1679/76651 = submitted job /home/boittier/homeb/water_cluster/pbe0dz/test362/coloumb/test362_12_18.sh to Slurm scheduler
water_cluster/pbe0dz/test362/coloumb
1680/76651 = submitted job /home/boittier/homeb/water_cluster/pbe0dz/test362/coloumb/test362_12_19.sh to Slurm scheduler
water_cluster/pbe0dz/test362/coloumb
1681/76651 = submitted job /home/boittier/homeb/water_cluster/pbe0dz/test362/coloumb/test362_12_20.sh to Slurm scheduler
water_cluster/pbe0dz/test362/coloumb
1682/76651 = submitted job /home/boittier/homeb/water_cluster/pbe0dz/test362/coloumb/test362_13_14.sh to Slurm scheduler
water_cluster/pbe0dz/test362/coloumb
1683/76651 = submitted job /home/boittier/homeb/water_cluster/pbe0dz/test362/coloumb/test362_13_15.sh to Slurm scheduler
water_cluster/pbe0dz/test362/coloumb
1684/76651 = submitted job /home/boittier/homeb/water_cluster/pbe0dz/test362/coloumb/test362_13_16.sh to Slurm scheduler
water_cluster/pbe0dz/test362/coloumb
1685/76651 = submitted job /home/boittier/homeb/water_cluster/pbe0dz/test362/coloumb/test362_13_17.sh to Slurm scheduler
water_cluster/pbe0dz/test362/coloumb
1686/76651 = submitted job /home/boittier/homeb/water_cluster/pbe0dz/test362/coloumb/test362_13_18.sh to Slurm scheduler
water_cluster/pbe0dz/test362/coloumb
1687/76651 = submitted job /home/boittier/homeb/water_cluster/pbe0dz/test362/coloumb/test362_13_19.sh to Slurm scheduler
water_cluster/pbe0dz/test362/coloumb
1688/76651 = submitted job /home/boittier/homeb/water_cluster/pbe0dz/test362/coloumb/test362_13_20.sh to Slurm scheduler
water_cluster/pbe0dz/test362/coloumb
1689/76651 = submitted job /home/boittier/homeb/water_cluster/pbe0dz/test362/coloumb/test362_14_15.sh to Slurm scheduler
water_cluster/pbe0dz/test362/coloumb
1690/76651 = submitted job /home/boittier/homeb/water_cluster/pbe0dz/test362/coloumb/test362_14_16.sh to Slurm scheduler
water_cluster/pbe0dz/test362/coloumb
1691/76651 = submitted job /home/boittier/homeb/water_cluster/pbe0dz/test362/coloumb/test362_14_17.sh to Slurm scheduler
water_cluster/pbe0dz/test362/coloumb
1692/76651 = submitted job /home/boittier/homeb/water_cluster/pbe0dz/test362/coloumb/test362_14_18.sh to Slurm scheduler
water_cluster/pbe0dz/test362/coloumb
1693/76651 = submitted job /home/boittier/homeb/water_cluster/pbe0dz/test362/coloumb/test362_14_19.sh to Slurm scheduler
water_cluster/pbe0dz/test362/coloumb
1694/76651 = submitted job /home/boittier/homeb/water_cluster/pbe0dz/test362/coloumb/test362_14_20.sh to Slurm scheduler
water_cluster/pbe0dz/test362/coloumb
1695/76651 = submitted job /home/boittier/homeb/water_cluster/pbe0dz/test362/coloumb/test362_15_16.sh to Slurm scheduler
water_cluster/pbe0dz/test362/coloumb
1696/76651 = submitted job /home/boittier/homeb/water_cluster/pbe0dz/test362/coloumb/test362_15_17.sh to Slurm scheduler
water_cluster/pbe0dz/test362/coloumb
1697/76651 = submitted job /home/boittier/homeb/water_cluster/pbe0dz/test362/coloumb/test362_15_18.sh to Slurm scheduler
water_cluster/pbe0dz/test362/coloumb
1698/76651 = submitted job /home/boittier/homeb/water_cluster/pbe0dz/test362/coloumb/test362_15_19.sh to Slurm scheduler
water_cluster/pbe0dz/test362/coloumb
1699/76651 = submitted job /home/boittier/homeb/water_cluster/pbe0dz/test362/coloumb/test362_15_20.sh to Slurm scheduler
water_cluster/pbe0dz/test362/coloumb
1700/76651 = submitted job /home/boittier/homeb/water_cluster/pbe0dz/test362/coloumb/test362_16_17.sh to Slurm scheduler
water_cluster/pbe0dz/test362/coloumb
1701/76651 = submitted job /home/boittier/homeb/water_cluster/pbe0dz/test362/coloumb/test362_16_18.sh to Slurm scheduler
water_cluster/pbe0dz/test362/coloumb
1702/76651 = submitted job /home/boittier/homeb/water_cluster/pbe0dz/test362/coloumb/test362_16_19.sh to Slurm scheduler
water_cluster/pbe0dz/test362/coloumb
1703/76651 = submitted job /home/boittier/homeb/water_cluster/pbe0dz/test362/coloumb/test362_16_20.sh to Slurm scheduler
water_cluster/pbe0dz/test362/coloumb
1704/76651 = submitted job /home/boittier/homeb/water_cluster/pbe0dz/test362/coloumb/test362_17_18.sh to Slurm scheduler
water_cluster/pbe0dz/test362/coloumb
1705/76651 = submitted job /home/boittier/homeb/water_cluster/pbe0dz/test362/coloumb/test362_17_19.sh to Slurm scheduler
water_cluster/pbe0dz/test362/coloumb
1706/76651 = submitted job /home/boittier/homeb/water_cluster/pbe0dz/test362/coloumb/test362_17_20.sh to Slurm scheduler
water_cluster/pbe0dz/test362/coloumb
1707/76651 = submitted job /home/boittier/homeb/water_cluster/pbe0dz/test362/coloumb/test362_18_19.sh to Slurm scheduler
water_cluster/pbe0dz/test362/coloumb
1708/76651 = submitted job /home/boittier/homeb/water_cluster/pbe0dz/test362/coloumb/test362_18_20.sh to Slurm scheduler
water_cluster/pbe0dz/test362/coloumb
1709/76651 = submitted job /home/boittier/homeb/water_cluster/pbe0dz/test362/coloumb/test362_19_20.sh to Slurm scheduler
water_cluster/pbe0dz/test93/coloumb
1710/76651 = submitted job /home/boittier/homeb/water_cluster/pbe0dz/test93/coloumb/test93_1_2.sh to Slurm scheduler
water_cluster/pbe0dz/test93/coloumb
1711/76651 = submitted job /home/boittier/homeb/water_cluster/pbe0dz/test93/coloumb/test93_1_3.sh to Slurm scheduler
water_cluster/pbe0dz/test93/coloumb
1712/76651 = submitted job /home/boittier/homeb/water_cluster/pbe0dz/test93/coloumb/test93_1_4.sh to Slurm scheduler
water_cluster/pbe0dz/test93/coloumb
1713/76651 = submitted job /home/boittier/homeb/water_cluster/pbe0dz/test93/coloumb/test93_1_5.sh to Slurm scheduler
water_cluster/pbe0dz/test93/coloumb
1714/76651 = submitted job /home/boittier/homeb/water_cluster/pbe0dz/test93/coloumb/test93_1_6.sh to Slurm scheduler
water_cluster/pbe0dz/test93/coloumb
1715/76651 = submitted job /home/boittier/homeb/water_cluster/pbe0dz/test93/coloumb/test93_1_7.sh to Slurm scheduler
water_cluster/pbe0dz/test93/coloumb
1716/76651 = submitted job /home/boittier/homeb/water_cluster/pbe0dz/test93/coloumb/test93_1_8.sh to Slurm scheduler
water_cluster/pbe0dz/test93/coloumb
1717/76651 = submitted job /home/boittier/homeb/water_cluster/pbe0dz/test93/coloumb/test93_1_9.sh to Slurm scheduler
water_cluster/pbe0dz/test93/coloumb
1718/76651 = submitted job /home/boittier/homeb/water_cluster/pbe0dz/test93/coloumb/test93_1_10.sh to Slurm scheduler
water_cluster/pbe0dz/test93/coloumb
1719/76651 = submitted job /home/boittier/homeb/water_cluster/pbe0dz/test93/coloumb/test93_1_11.sh to Slurm scheduler
water_cluster/pbe0dz/test93/coloumb
1720/76651 = submitted job /home/boittier/homeb/water_cluster/pbe0dz/test93/coloumb/test93_1_12.sh to Slurm scheduler
water_cluster/pbe0dz/test93/coloumb
1721/76651 = submitted job /home/boittier/homeb/water_cluster/pbe0dz/test93/coloumb/test93_1_13.sh to Slurm scheduler
water_cluster/pbe0dz/test93/coloumb
1722/76651 = submitted job /home/boittier/homeb/water_cluster/pbe0dz/test93/coloumb/test93_1_14.sh to Slurm scheduler
water_cluster/pbe0dz/test93/coloumb
1723/76651 = submitted job /home/boittier/homeb/water_cluster/pbe0dz/test93/coloumb/test93_1_15.sh to Slurm scheduler
water_cluster/pbe0dz/test93/coloumb
1724/76651 = submitted job /home/boittier/homeb/water_cluster/pbe0dz/test93/coloumb/test93_1_16.sh to Slurm scheduler
water_cluster/pbe0dz/test93/coloumb
1725/76651 = submitted job /home/boittier/homeb/water_cluster/pbe0dz/test93/coloumb/test93_1_17.sh to Slurm scheduler
water_cluster/pbe0dz/test93/coloumb
1726/76651 = submitted job /home/boittier/homeb/water_cluster/pbe0dz/test93/coloumb/test93_1_18.sh to Slurm scheduler
water_cluster/pbe0dz/test93/coloumb
1727/76651 = submitted job /home/boittier/homeb/water_cluster/pbe0dz/test93/coloumb/test93_1_19.sh to Slurm scheduler
water_cluster/pbe0dz/test93/coloumb
1728/76651 = submitted job /home/boittier/homeb/water_cluster/pbe0dz/test93/coloumb/test93_1_20.sh to Slurm scheduler
water_cluster/pbe0dz/test93/coloumb
1729/76651 = submitted job /home/boittier/homeb/water_cluster/pbe0dz/test93/coloumb/test93_2_3.sh to Slurm scheduler
water_cluster/pbe0dz/test93/coloumb
1730/76651 = submitted job /home/boittier/homeb/water_cluster/pbe0dz/test93/coloumb/test93_2_4.sh to Slurm scheduler
water_cluster/pbe0dz/test93/coloumb
1731/76651 = submitted job /home/boittier/homeb/water_cluster/pbe0dz/test93/coloumb/test93_2_5.sh to Slurm scheduler
water_cluster/pbe0dz/test93/coloumb
1732/76651 = submitted job /home/boittier/homeb/water_cluster/pbe0dz/test93/coloumb/test93_2_6.sh to Slurm scheduler
water_cluster/pbe0dz/test93/coloumb
1733/76651 = submitted job /home/boittier/homeb/water_cluster/pbe0dz/test93/coloumb/test93_2_7.sh to Slurm scheduler
water_cluster/pbe0dz/test93/coloumb
1734/76651 = submitted job /home/boittier/homeb/water_cluster/pbe0dz/test93/coloumb/test93_2_8.sh to Slurm scheduler
water_cluster/pbe0dz/test93/coloumb
1735/76651 = submitted job /home/boittier/homeb/water_cluster/pbe0dz/test93/coloumb/test93_2_9.sh to Slurm scheduler
water_cluster/pbe0dz/test93/coloumb
1736/76651 = submitted job /home/boittier/homeb/water_cluster/pbe0dz/test93/coloumb/test93_2_10.sh to Slurm scheduler
water_cluster/pbe0dz/test93/coloumb
1737/76651 = submitted job /home/boittier/homeb/water_cluster/pbe0dz/test93/coloumb/test93_2_11.sh to Slurm scheduler
water_cluster/pbe0dz/test93/coloumb
1738/76651 = submitted job /home/boittier/homeb/water_cluster/pbe0dz/test93/coloumb/test93_2_12.sh to Slurm scheduler
water_cluster/pbe0dz/test93/coloumb
1739/76651 = submitted job /home/boittier/homeb/water_cluster/pbe0dz/test93/coloumb/test93_2_13.sh to Slurm scheduler
water_cluster/pbe0dz/test93/coloumb
1740/76651 = submitted job /home/boittier/homeb/water_cluster/pbe0dz/test93/coloumb/test93_2_14.sh to Slurm scheduler
water_cluster/pbe0dz/test93/coloumb
1741/76651 = submitted job /home/boittier/homeb/water_cluster/pbe0dz/test93/coloumb/test93_2_15.sh to Slurm scheduler
water_cluster/pbe0dz/test93/coloumb
1742/76651 = submitted job /home/boittier/homeb/water_cluster/pbe0dz/test93/coloumb/test93_2_16.sh to Slurm scheduler
water_cluster/pbe0dz/test93/coloumb
1743/76651 = submitted job /home/boittier/homeb/water_cluster/pbe0dz/test93/coloumb/test93_2_17.sh to Slurm scheduler
water_cluster/pbe0dz/test93/coloumb
1744/76651 = submitted job /home/boittier/homeb/water_cluster/pbe0dz/test93/coloumb/test93_2_18.sh to Slurm scheduler
water_cluster/pbe0dz/test93/coloumb
1745/76651 = submitted job /home/boittier/homeb/water_cluster/pbe0dz/test93/coloumb/test93_2_19.sh to Slurm scheduler
water_cluster/pbe0dz/test93/coloumb
1746/76651 = submitted job /home/boittier/homeb/water_cluster/pbe0dz/test93/coloumb/test93_2_20.sh to Slurm scheduler
water_cluster/pbe0dz/test93/coloumb
1747/76651 = submitted job /home/boittier/homeb/water_cluster/pbe0dz/test93/coloumb/test93_3_4.sh to Slurm scheduler
water_cluster/pbe0dz/test93/coloumb
1748/76651 = submitted job /home/boittier/homeb/water_cluster/pbe0dz/test93/coloumb/test93_3_5.sh to Slurm scheduler
water_cluster/pbe0dz/test93/coloumb
1749/76651 = submitted job /home/boittier/homeb/water_cluster/pbe0dz/test93/coloumb/test93_3_6.sh to Slurm scheduler
water_cluster/pbe0dz/test93/coloumb
1750/76651 = submitted job /home/boittier/homeb/water_cluster/pbe0dz/test93/coloumb/test93_3_7.sh to Slurm scheduler
water_cluster/pbe0dz/test93/coloumb
1751/76651 = submitted job /home/boittier/homeb/water_cluster/pbe0dz/test93/coloumb/test93_3_8.sh to Slurm scheduler
water_cluster/pbe0dz/test93/coloumb
1752/76651 = submitted job /home/boittier/homeb/water_cluster/pbe0dz/test93/coloumb/test93_3_9.sh to Slurm scheduler
water_cluster/pbe0dz/test93/coloumb
1753/76651 = submitted job /home/boittier/homeb/water_cluster/pbe0dz/test93/coloumb/test93_3_10.sh to Slurm scheduler
water_cluster/pbe0dz/test93/coloumb
1754/76651 = submitted job /home/boittier/homeb/water_cluster/pbe0dz/test93/coloumb/test93_3_11.sh to Slurm scheduler
water_cluster/pbe0dz/test93/coloumb
1755/76651 = submitted job /home/boittier/homeb/water_cluster/pbe0dz/test93/coloumb/test93_3_12.sh to Slurm scheduler
water_cluster/pbe0dz/test93/coloumb
1756/76651 = submitted job /home/boittier/homeb/water_cluster/pbe0dz/test93/coloumb/test93_3_13.sh to Slurm scheduler
water_cluster/pbe0dz/test93/coloumb
1757/76651 = submitted job /home/boittier/homeb/water_cluster/pbe0dz/test93/coloumb/test93_3_14.sh to Slurm scheduler
water_cluster/pbe0dz/test93/coloumb
1758/76651 = submitted job /home/boittier/homeb/water_cluster/pbe0dz/test93/coloumb/test93_3_15.sh to Slurm scheduler
water_cluster/pbe0dz/test93/coloumb
1759/76651 = submitted job /home/boittier/homeb/water_cluster/pbe0dz/test93/coloumb/test93_3_16.sh to Slurm scheduler
water_cluster/pbe0dz/test93/coloumb
1760/76651 = submitted job /home/boittier/homeb/water_cluster/pbe0dz/test93/coloumb/test93_3_17.sh to Slurm scheduler
water_cluster/pbe0dz/test93/coloumb
1761/76651 = submitted job /home/boittier/homeb/water_cluster/pbe0dz/test93/coloumb/test93_3_18.sh to Slurm scheduler
water_cluster/pbe0dz/test93/coloumb
1762/76651 = submitted job /home/boittier/homeb/water_cluster/pbe0dz/test93/coloumb/test93_3_19.sh to Slurm scheduler
water_cluster/pbe0dz/test93/coloumb
1763/76651 = submitted job /home/boittier/homeb/water_cluster/pbe0dz/test93/coloumb/test93_3_20.sh to Slurm scheduler
water_cluster/pbe0dz/test93/coloumb
1764/76651 = submitted job /home/boittier/homeb/water_cluster/pbe0dz/test93/coloumb/test93_4_5.sh to Slurm scheduler
water_cluster/pbe0dz/test93/coloumb
1765/76651 = submitted job /home/boittier/homeb/water_cluster/pbe0dz/test93/coloumb/test93_4_6.sh to Slurm scheduler
water_cluster/pbe0dz/test93/coloumb
1766/76651 = submitted job /home/boittier/homeb/water_cluster/pbe0dz/test93/coloumb/test93_4_7.sh to Slurm scheduler
water_cluster/pbe0dz/test93/coloumb
1767/76651 = submitted job /home/boittier/homeb/water_cluster/pbe0dz/test93/coloumb/test93_4_8.sh to Slurm scheduler
water_cluster/pbe0dz/test93/coloumb
1768/76651 = submitted job /home/boittier/homeb/water_cluster/pbe0dz/test93/coloumb/test93_4_9.sh to Slurm scheduler
water_cluster/pbe0dz/test93/coloumb
1769/76651 = submitted job /home/boittier/homeb/water_cluster/pbe0dz/test93/coloumb/test93_4_10.sh to Slurm scheduler
water_cluster/pbe0dz/test93/coloumb
1770/76651 = submitted job /home/boittier/homeb/water_cluster/pbe0dz/test93/coloumb/test93_4_11.sh to Slurm scheduler
water_cluster/pbe0dz/test93/coloumb
1771/76651 = submitted job /home/boittier/homeb/water_cluster/pbe0dz/test93/coloumb/test93_4_12.sh to Slurm scheduler
water_cluster/pbe0dz/test93/coloumb
1772/76651 = submitted job /home/boittier/homeb/water_cluster/pbe0dz/test93/coloumb/test93_4_13.sh to Slurm scheduler
water_cluster/pbe0dz/test93/coloumb
1773/76651 = submitted job /home/boittier/homeb/water_cluster/pbe0dz/test93/coloumb/test93_4_14.sh to Slurm scheduler
water_cluster/pbe0dz/test93/coloumb
1774/76651 = submitted job /home/boittier/homeb/water_cluster/pbe0dz/test93/coloumb/test93_4_15.sh to Slurm scheduler
water_cluster/pbe0dz/test93/coloumb
1775/76651 = submitted job /home/boittier/homeb/water_cluster/pbe0dz/test93/coloumb/test93_4_16.sh to Slurm scheduler
water_cluster/pbe0dz/test93/coloumb
1776/76651 = submitted job /home/boittier/homeb/water_cluster/pbe0dz/test93/coloumb/test93_4_17.sh to Slurm scheduler
water_cluster/pbe0dz/test93/coloumb
1777/76651 = submitted job /home/boittier/homeb/water_cluster/pbe0dz/test93/coloumb/test93_4_18.sh to Slurm scheduler
water_cluster/pbe0dz/test93/coloumb
1778/76651 = submitted job /home/boittier/homeb/water_cluster/pbe0dz/test93/coloumb/test93_4_19.sh to Slurm scheduler
water_cluster/pbe0dz/test93/coloumb
1779/76651 = submitted job /home/boittier/homeb/water_cluster/pbe0dz/test93/coloumb/test93_4_20.sh to Slurm scheduler
water_cluster/pbe0dz/test93/coloumb
1780/76651 = submitted job /home/boittier/homeb/water_cluster/pbe0dz/test93/coloumb/test93_5_6.sh to Slurm scheduler
water_cluster/pbe0dz/test93/coloumb
1781/76651 = submitted job /home/boittier/homeb/water_cluster/pbe0dz/test93/coloumb/test93_5_7.sh to Slurm scheduler
water_cluster/pbe0dz/test93/coloumb
1782/76651 = submitted job /home/boittier/homeb/water_cluster/pbe0dz/test93/coloumb/test93_5_8.sh to Slurm scheduler
water_cluster/pbe0dz/test93/coloumb
1783/76651 = submitted job /home/boittier/homeb/water_cluster/pbe0dz/test93/coloumb/test93_5_9.sh to Slurm scheduler
water_cluster/pbe0dz/test93/coloumb
1784/76651 = submitted job /home/boittier/homeb/water_cluster/pbe0dz/test93/coloumb/test93_5_10.sh to Slurm scheduler
water_cluster/pbe0dz/test93/coloumb
1785/76651 = submitted job /home/boittier/homeb/water_cluster/pbe0dz/test93/coloumb/test93_5_11.sh to Slurm scheduler
water_cluster/pbe0dz/test93/coloumb
1786/76651 = submitted job /home/boittier/homeb/water_cluster/pbe0dz/test93/coloumb/test93_5_12.sh to Slurm scheduler
water_cluster/pbe0dz/test93/coloumb
1787/76651 = submitted job /home/boittier/homeb/water_cluster/pbe0dz/test93/coloumb/test93_5_13.sh to Slurm scheduler
water_cluster/pbe0dz/test93/coloumb
1788/76651 = submitted job /home/boittier/homeb/water_cluster/pbe0dz/test93/coloumb/test93_5_14.sh to Slurm scheduler
water_cluster/pbe0dz/test93/coloumb
1789/76651 = submitted job /home/boittier/homeb/water_cluster/pbe0dz/test93/coloumb/test93_5_15.sh to Slurm scheduler
water_cluster/pbe0dz/test93/coloumb
1790/76651 = submitted job /home/boittier/homeb/water_cluster/pbe0dz/test93/coloumb/test93_5_16.sh to Slurm scheduler
water_cluster/pbe0dz/test93/coloumb
1791/76651 = submitted job /home/boittier/homeb/water_cluster/pbe0dz/test93/coloumb/test93_5_17.sh to Slurm scheduler
water_cluster/pbe0dz/test93/coloumb
1792/76651 = submitted job /home/boittier/homeb/water_cluster/pbe0dz/test93/coloumb/test93_5_18.sh to Slurm scheduler
water_cluster/pbe0dz/test93/coloumb
1793/76651 = submitted job /home/boittier/homeb/water_cluster/pbe0dz/test93/coloumb/test93_5_19.sh to Slurm scheduler
water_cluster/pbe0dz/test93/coloumb
1794/76651 = submitted job /home/boittier/homeb/water_cluster/pbe0dz/test93/coloumb/test93_5_20.sh to Slurm scheduler
water_cluster/pbe0dz/test93/coloumb
1795/76651 = submitted job /home/boittier/homeb/water_cluster/pbe0dz/test93/coloumb/test93_6_7.sh to Slurm scheduler
water_cluster/pbe0dz/test93/coloumb
1796/76651 = submitted job /home/boittier/homeb/water_cluster/pbe0dz/test93/coloumb/test93_6_8.sh to Slurm scheduler
water_cluster/pbe0dz/test93/coloumb
1797/76651 = submitted job /home/boittier/homeb/water_cluster/pbe0dz/test93/coloumb/test93_6_9.sh to Slurm scheduler
water_cluster/pbe0dz/test93/coloumb
1798/76651 = submitted job /home/boittier/homeb/water_cluster/pbe0dz/test93/coloumb/test93_6_10.sh to Slurm scheduler
water_cluster/pbe0dz/test93/coloumb
1799/76651 = submitted job /home/boittier/homeb/water_cluster/pbe0dz/test93/coloumb/test93_6_11.sh to Slurm scheduler
water_cluster/pbe0dz/test93/coloumb
1800/76651 = submitted job /home/boittier/homeb/water_cluster/pbe0dz/test93/coloumb/test93_6_12.sh to Slurm scheduler
water_cluster/pbe0dz/test93/coloumb
1801/76651 = submitted job /home/boittier/homeb/water_cluster/pbe0dz/test93/coloumb/test93_6_13.sh to Slurm scheduler
water_cluster/pbe0dz/test93/coloumb
1802/76651 = submitted job /home/boittier/homeb/water_cluster/pbe0dz/test93/coloumb/test93_6_14.sh to Slurm scheduler
water_cluster/pbe0dz/test93/coloumb
1803/76651 = submitted job /home/boittier/homeb/water_cluster/pbe0dz/test93/coloumb/test93_6_15.sh to Slurm scheduler
water_cluster/pbe0dz/test93/coloumb
1804/76651 = submitted job /home/boittier/homeb/water_cluster/pbe0dz/test93/coloumb/test93_6_16.sh to Slurm scheduler
water_cluster/pbe0dz/test93/coloumb
1805/76651 = submitted job /home/boittier/homeb/water_cluster/pbe0dz/test93/coloumb/test93_6_17.sh to Slurm scheduler
water_cluster/pbe0dz/test93/coloumb
1806/76651 = submitted job /home/boittier/homeb/water_cluster/pbe0dz/test93/coloumb/test93_6_18.sh to Slurm scheduler
water_cluster/pbe0dz/test93/coloumb
1807/76651 = submitted job /home/boittier/homeb/water_cluster/pbe0dz/test93/coloumb/test93_6_19.sh to Slurm scheduler
water_cluster/pbe0dz/test93/coloumb
1808/76651 = submitted job /home/boittier/homeb/water_cluster/pbe0dz/test93/coloumb/test93_6_20.sh to Slurm scheduler
water_cluster/pbe0dz/test93/coloumb
1809/76651 = submitted job /home/boittier/homeb/water_cluster/pbe0dz/test93/coloumb/test93_7_8.sh to Slurm scheduler
water_cluster/pbe0dz/test93/coloumb
1810/76651 = submitted job /home/boittier/homeb/water_cluster/pbe0dz/test93/coloumb/test93_7_9.sh to Slurm scheduler
water_cluster/pbe0dz/test93/coloumb
1811/76651 = submitted job /home/boittier/homeb/water_cluster/pbe0dz/test93/coloumb/test93_7_10.sh to Slurm scheduler
water_cluster/pbe0dz/test93/coloumb
1812/76651 = submitted job /home/boittier/homeb/water_cluster/pbe0dz/test93/coloumb/test93_7_11.sh to Slurm scheduler
water_cluster/pbe0dz/test93/coloumb
1813/76651 = submitted job /home/boittier/homeb/water_cluster/pbe0dz/test93/coloumb/test93_7_12.sh to Slurm scheduler
water_cluster/pbe0dz/test93/coloumb
1814/76651 = submitted job /home/boittier/homeb/water_cluster/pbe0dz/test93/coloumb/test93_7_13.sh to Slurm scheduler
water_cluster/pbe0dz/test93/coloumb
1815/76651 = submitted job /home/boittier/homeb/water_cluster/pbe0dz/test93/coloumb/test93_7_14.sh to Slurm scheduler
water_cluster/pbe0dz/test93/coloumb
1816/76651 = submitted job /home/boittier/homeb/water_cluster/pbe0dz/test93/coloumb/test93_7_15.sh to Slurm scheduler
water_cluster/pbe0dz/test93/coloumb
1817/76651 = submitted job /home/boittier/homeb/water_cluster/pbe0dz/test93/coloumb/test93_7_16.sh to Slurm scheduler
water_cluster/pbe0dz/test93/coloumb
1818/76651 = submitted job /home/boittier/homeb/water_cluster/pbe0dz/test93/coloumb/test93_7_17.sh to Slurm scheduler
water_cluster/pbe0dz/test93/coloumb
1819/76651 = submitted job /home/boittier/homeb/water_cluster/pbe0dz/test93/coloumb/test93_7_18.sh to Slurm scheduler
water_cluster/pbe0dz/test93/coloumb
1820/76651 = submitted job /home/boittier/homeb/water_cluster/pbe0dz/test93/coloumb/test93_7_19.sh to Slurm scheduler
water_cluster/pbe0dz/test93/coloumb
1821/76651 = submitted job /home/boittier/homeb/water_cluster/pbe0dz/test93/coloumb/test93_7_20.sh to Slurm scheduler
water_cluster/pbe0dz/test93/coloumb
1822/76651 = submitted job /home/boittier/homeb/water_cluster/pbe0dz/test93/coloumb/test93_8_9.sh to Slurm scheduler
water_cluster/pbe0dz/test93/coloumb
1823/76651 = submitted job /home/boittier/homeb/water_cluster/pbe0dz/test93/coloumb/test93_8_10.sh to Slurm scheduler
water_cluster/pbe0dz/test93/coloumb
1824/76651 = submitted job /home/boittier/homeb/water_cluster/pbe0dz/test93/coloumb/test93_8_11.sh to Slurm scheduler
water_cluster/pbe0dz/test93/coloumb
1825/76651 = submitted job /home/boittier/homeb/water_cluster/pbe0dz/test93/coloumb/test93_8_12.sh to Slurm scheduler
water_cluster/pbe0dz/test93/coloumb
1826/76651 = submitted job /home/boittier/homeb/water_cluster/pbe0dz/test93/coloumb/test93_8_13.sh to Slurm scheduler
water_cluster/pbe0dz/test93/coloumb
1827/76651 = submitted job /home/boittier/homeb/water_cluster/pbe0dz/test93/coloumb/test93_8_14.sh to Slurm scheduler
water_cluster/pbe0dz/test93/coloumb
1828/76651 = submitted job /home/boittier/homeb/water_cluster/pbe0dz/test93/coloumb/test93_8_15.sh to Slurm scheduler
water_cluster/pbe0dz/test93/coloumb
1829/76651 = submitted job /home/boittier/homeb/water_cluster/pbe0dz/test93/coloumb/test93_8_16.sh to Slurm scheduler
water_cluster/pbe0dz/test93/coloumb
1830/76651 = submitted job /home/boittier/homeb/water_cluster/pbe0dz/test93/coloumb/test93_8_17.sh to Slurm scheduler
water_cluster/pbe0dz/test93/coloumb
1831/76651 = submitted job /home/boittier/homeb/water_cluster/pbe0dz/test93/coloumb/test93_8_18.sh to Slurm scheduler
water_cluster/pbe0dz/test93/coloumb
1832/76651 = submitted job /home/boittier/homeb/water_cluster/pbe0dz/test93/coloumb/test93_8_19.sh to Slurm scheduler
water_cluster/pbe0dz/test93/coloumb
1833/76651 = submitted job /home/boittier/homeb/water_cluster/pbe0dz/test93/coloumb/test93_8_20.sh to Slurm scheduler
water_cluster/pbe0dz/test93/coloumb
1834/76651 = submitted job /home/boittier/homeb/water_cluster/pbe0dz/test93/coloumb/test93_9_10.sh to Slurm scheduler
water_cluster/pbe0dz/test93/coloumb
1835/76651 = submitted job /home/boittier/homeb/water_cluster/pbe0dz/test93/coloumb/test93_9_11.sh to Slurm scheduler
water_cluster/pbe0dz/test93/coloumb
1836/76651 = submitted job /home/boittier/homeb/water_cluster/pbe0dz/test93/coloumb/test93_9_12.sh to Slurm scheduler
water_cluster/pbe0dz/test93/coloumb
1837/76651 = submitted job /home/boittier/homeb/water_cluster/pbe0dz/test93/coloumb/test93_9_13.sh to Slurm scheduler
water_cluster/pbe0dz/test93/coloumb
1838/76651 = submitted job /home/boittier/homeb/water_cluster/pbe0dz/test93/coloumb/test93_9_14.sh to Slurm scheduler
water_cluster/pbe0dz/test93/coloumb
1839/76651 = submitted job /home/boittier/homeb/water_cluster/pbe0dz/test93/coloumb/test93_9_15.sh to Slurm scheduler
water_cluster/pbe0dz/test93/coloumb
1840/76651 = submitted job /home/boittier/homeb/water_cluster/pbe0dz/test93/coloumb/test93_9_16.sh to Slurm scheduler
water_cluster/pbe0dz/test93/coloumb
1841/76651 = submitted job /home/boittier/homeb/water_cluster/pbe0dz/test93/coloumb/test93_9_17.sh to Slurm scheduler
water_cluster/pbe0dz/test93/coloumb
1842/76651 = submitted job /home/boittier/homeb/water_cluster/pbe0dz/test93/coloumb/test93_9_18.sh to Slurm scheduler
water_cluster/pbe0dz/test93/coloumb
1843/76651 = submitted job /home/boittier/homeb/water_cluster/pbe0dz/test93/coloumb/test93_9_19.sh to Slurm scheduler
water_cluster/pbe0dz/test93/coloumb
1844/76651 = submitted job /home/boittier/homeb/water_cluster/pbe0dz/test93/coloumb/test93_9_20.sh to Slurm scheduler
water_cluster/pbe0dz/test93/coloumb
1845/76651 = submitted job /home/boittier/homeb/water_cluster/pbe0dz/test93/coloumb/test93_10_11.sh to Slurm scheduler
water_cluster/pbe0dz/test93/coloumb
1846/76651 = submitted job /home/boittier/homeb/water_cluster/pbe0dz/test93/coloumb/test93_10_12.sh to Slurm scheduler
water_cluster/pbe0dz/test93/coloumb
1847/76651 = submitted job /home/boittier/homeb/water_cluster/pbe0dz/test93/coloumb/test93_10_13.sh to Slurm scheduler
water_cluster/pbe0dz/test93/coloumb
1848/76651 = submitted job /home/boittier/homeb/water_cluster/pbe0dz/test93/coloumb/test93_10_14.sh to Slurm scheduler
water_cluster/pbe0dz/test93/coloumb
1849/76651 = submitted job /home/boittier/homeb/water_cluster/pbe0dz/test93/coloumb/test93_10_15.sh to Slurm scheduler
water_cluster/pbe0dz/test93/coloumb
1850/76651 = submitted job /home/boittier/homeb/water_cluster/pbe0dz/test93/coloumb/test93_10_16.sh to Slurm scheduler
water_cluster/pbe0dz/test93/coloumb
1851/76651 = submitted job /home/boittier/homeb/water_cluster/pbe0dz/test93/coloumb/test93_10_17.sh to Slurm scheduler
water_cluster/pbe0dz/test93/coloumb
1852/76651 = submitted job /home/boittier/homeb/water_cluster/pbe0dz/test93/coloumb/test93_10_18.sh to Slurm scheduler
water_cluster/pbe0dz/test93/coloumb
1853/76651 = submitted job /home/boittier/homeb/water_cluster/pbe0dz/test93/coloumb/test93_10_19.sh to Slurm scheduler
water_cluster/pbe0dz/test93/coloumb
1854/76651 = submitted job /home/boittier/homeb/water_cluster/pbe0dz/test93/coloumb/test93_10_20.sh to Slurm scheduler
water_cluster/pbe0dz/test93/coloumb
1855/76651 = submitted job /home/boittier/homeb/water_cluster/pbe0dz/test93/coloumb/test93_11_12.sh to Slurm scheduler
water_cluster/pbe0dz/test93/coloumb
1856/76651 = submitted job /home/boittier/homeb/water_cluster/pbe0dz/test93/coloumb/test93_11_13.sh to Slurm scheduler
water_cluster/pbe0dz/test93/coloumb
1857/76651 = submitted job /home/boittier/homeb/water_cluster/pbe0dz/test93/coloumb/test93_11_14.sh to Slurm scheduler
water_cluster/pbe0dz/test93/coloumb
1858/76651 = submitted job /home/boittier/homeb/water_cluster/pbe0dz/test93/coloumb/test93_11_15.sh to Slurm scheduler
water_cluster/pbe0dz/test93/coloumb
1859/76651 = submitted job /home/boittier/homeb/water_cluster/pbe0dz/test93/coloumb/test93_11_16.sh to Slurm scheduler
water_cluster/pbe0dz/test93/coloumb
1860/76651 = submitted job /home/boittier/homeb/water_cluster/pbe0dz/test93/coloumb/test93_11_17.sh to Slurm scheduler
water_cluster/pbe0dz/test93/coloumb
1861/76651 = submitted job /home/boittier/homeb/water_cluster/pbe0dz/test93/coloumb/test93_11_18.sh to Slurm scheduler
water_cluster/pbe0dz/test93/coloumb
1862/76651 = submitted job /home/boittier/homeb/water_cluster/pbe0dz/test93/coloumb/test93_11_19.sh to Slurm scheduler
water_cluster/pbe0dz/test93/coloumb
1863/76651 = submitted job /home/boittier/homeb/water_cluster/pbe0dz/test93/coloumb/test93_11_20.sh to Slurm scheduler
water_cluster/pbe0dz/test93/coloumb
1864/76651 = submitted job /home/boittier/homeb/water_cluster/pbe0dz/test93/coloumb/test93_12_13.sh to Slurm scheduler
water_cluster/pbe0dz/test93/coloumb
1865/76651 = submitted job /home/boittier/homeb/water_cluster/pbe0dz/test93/coloumb/test93_12_14.sh to Slurm scheduler
water_cluster/pbe0dz/test93/coloumb
1866/76651 = submitted job /home/boittier/homeb/water_cluster/pbe0dz/test93/coloumb/test93_12_15.sh to Slurm scheduler
water_cluster/pbe0dz/test93/coloumb
1867/76651 = submitted job /home/boittier/homeb/water_cluster/pbe0dz/test93/coloumb/test93_12_16.sh to Slurm scheduler
water_cluster/pbe0dz/test93/coloumb
1868/76651 = submitted job /home/boittier/homeb/water_cluster/pbe0dz/test93/coloumb/test93_12_17.sh to Slurm scheduler
water_cluster/pbe0dz/test93/coloumb
1869/76651 = submitted job /home/boittier/homeb/water_cluster/pbe0dz/test93/coloumb/test93_12_18.sh to Slurm scheduler
water_cluster/pbe0dz/test93/coloumb
1870/76651 = submitted job /home/boittier/homeb/water_cluster/pbe0dz/test93/coloumb/test93_12_19.sh to Slurm scheduler
water_cluster/pbe0dz/test93/coloumb
1871/76651 = submitted job /home/boittier/homeb/water_cluster/pbe0dz/test93/coloumb/test93_12_20.sh to Slurm scheduler
water_cluster/pbe0dz/test93/coloumb
1872/76651 = submitted job /home/boittier/homeb/water_cluster/pbe0dz/test93/coloumb/test93_13_14.sh to Slurm scheduler
water_cluster/pbe0dz/test93/coloumb
1873/76651 = submitted job /home/boittier/homeb/water_cluster/pbe0dz/test93/coloumb/test93_13_15.sh to Slurm scheduler
water_cluster/pbe0dz/test93/coloumb
1874/76651 = submitted job /home/boittier/homeb/water_cluster/pbe0dz/test93/coloumb/test93_13_16.sh to Slurm scheduler
water_cluster/pbe0dz/test93/coloumb
1875/76651 = submitted job /home/boittier/homeb/water_cluster/pbe0dz/test93/coloumb/test93_13_17.sh to Slurm scheduler
water_cluster/pbe0dz/test93/coloumb
1876/76651 = submitted job /home/boittier/homeb/water_cluster/pbe0dz/test93/coloumb/test93_13_18.sh to Slurm scheduler
water_cluster/pbe0dz/test93/coloumb
1877/76651 = submitted job /home/boittier/homeb/water_cluster/pbe0dz/test93/coloumb/test93_13_19.sh to Slurm scheduler
water_cluster/pbe0dz/test93/coloumb
1878/76651 = submitted job /home/boittier/homeb/water_cluster/pbe0dz/test93/coloumb/test93_13_20.sh to Slurm scheduler
water_cluster/pbe0dz/test93/coloumb
1879/76651 = submitted job /home/boittier/homeb/water_cluster/pbe0dz/test93/coloumb/test93_14_15.sh to Slurm scheduler
water_cluster/pbe0dz/test93/coloumb
1880/76651 = submitted job /home/boittier/homeb/water_cluster/pbe0dz/test93/coloumb/test93_14_16.sh to Slurm scheduler
water_cluster/pbe0dz/test93/coloumb
1881/76651 = submitted job /home/boittier/homeb/water_cluster/pbe0dz/test93/coloumb/test93_14_17.sh to Slurm scheduler
water_cluster/pbe0dz/test93/coloumb
1882/76651 = submitted job /home/boittier/homeb/water_cluster/pbe0dz/test93/coloumb/test93_14_18.sh to Slurm scheduler
water_cluster/pbe0dz/test93/coloumb
1883/76651 = submitted job /home/boittier/homeb/water_cluster/pbe0dz/test93/coloumb/test93_14_19.sh to Slurm scheduler
water_cluster/pbe0dz/test93/coloumb
1884/76651 = submitted job /home/boittier/homeb/water_cluster/pbe0dz/test93/coloumb/test93_14_20.sh to Slurm scheduler
water_cluster/pbe0dz/test93/coloumb
1885/76651 = submitted job /home/boittier/homeb/water_cluster/pbe0dz/test93/coloumb/test93_15_16.sh to Slurm scheduler
water_cluster/pbe0dz/test93/coloumb
1886/76651 = submitted job /home/boittier/homeb/water_cluster/pbe0dz/test93/coloumb/test93_15_17.sh to Slurm scheduler
water_cluster/pbe0dz/test93/coloumb
1887/76651 = submitted job /home/boittier/homeb/water_cluster/pbe0dz/test93/coloumb/test93_15_18.sh to Slurm scheduler
water_cluster/pbe0dz/test93/coloumb
1888/76651 = submitted job /home/boittier/homeb/water_cluster/pbe0dz/test93/coloumb/test93_15_19.sh to Slurm scheduler
water_cluster/pbe0dz/test93/coloumb
1889/76651 = submitted job /home/boittier/homeb/water_cluster/pbe0dz/test93/coloumb/test93_15_20.sh to Slurm scheduler
water_cluster/pbe0dz/test93/coloumb
1890/76651 = submitted job /home/boittier/homeb/water_cluster/pbe0dz/test93/coloumb/test93_16_17.sh to Slurm scheduler
water_cluster/pbe0dz/test93/coloumb
1891/76651 = submitted job /home/boittier/homeb/water_cluster/pbe0dz/test93/coloumb/test93_16_18.sh to Slurm scheduler
water_cluster/pbe0dz/test93/coloumb
1892/76651 = submitted job /home/boittier/homeb/water_cluster/pbe0dz/test93/coloumb/test93_16_19.sh to Slurm scheduler
water_cluster/pbe0dz/test93/coloumb
1893/76651 = submitted job /home/boittier/homeb/water_cluster/pbe0dz/test93/coloumb/test93_16_20.sh to Slurm scheduler
water_cluster/pbe0dz/test93/coloumb
1894/76651 = submitted job /home/boittier/homeb/water_cluster/pbe0dz/test93/coloumb/test93_17_18.sh to Slurm scheduler
water_cluster/pbe0dz/test93/coloumb
1895/76651 = submitted job /home/boittier/homeb/water_cluster/pbe0dz/test93/coloumb/test93_17_19.sh to Slurm scheduler
water_cluster/pbe0dz/test93/coloumb
1896/76651 = submitted job /home/boittier/homeb/water_cluster/pbe0dz/test93/coloumb/test93_17_20.sh to Slurm scheduler
water_cluster/pbe0dz/test93/coloumb
1897/76651 = submitted job /home/boittier/homeb/water_cluster/pbe0dz/test93/coloumb/test93_18_19.sh to Slurm scheduler
water_cluster/pbe0dz/test93/coloumb
1898/76651 = submitted job /home/boittier/homeb/water_cluster/pbe0dz/test93/coloumb/test93_18_20.sh to Slurm scheduler
water_cluster/pbe0dz/test93/coloumb
1899/76651 = submitted job /home/boittier/homeb/water_cluster/pbe0dz/test93/coloumb/test93_19_20.sh to Slurm scheduler
water_cluster/pbe0dz/test482/coloumb
1900/76651 = submitted job /home/boittier/homeb/water_cluster/pbe0dz/test482/coloumb/test482_1_2.sh to Slurm scheduler
water_cluster/pbe0dz/test482/coloumb
1901/76651 = submitted job /home/boittier/homeb/water_cluster/pbe0dz/test482/coloumb/test482_1_3.sh to Slurm scheduler
water_cluster/pbe0dz/test482/coloumb
1902/76651 = submitted job /home/boittier/homeb/water_cluster/pbe0dz/test482/coloumb/test482_1_4.sh to Slurm scheduler
water_cluster/pbe0dz/test482/coloumb
1903/76651 = submitted job /home/boittier/homeb/water_cluster/pbe0dz/test482/coloumb/test482_1_5.sh to Slurm scheduler
water_cluster/pbe0dz/test482/coloumb
1904/76651 = submitted job /home/boittier/homeb/water_cluster/pbe0dz/test482/coloumb/test482_1_6.sh to Slurm scheduler
water_cluster/pbe0dz/test482/coloumb
1905/76651 = submitted job /home/boittier/homeb/water_cluster/pbe0dz/test482/coloumb/test482_1_7.sh to Slurm scheduler
water_cluster/pbe0dz/test482/coloumb
1906/76651 = submitted job /home/boittier/homeb/water_cluster/pbe0dz/test482/coloumb/test482_1_8.sh to Slurm scheduler
water_cluster/pbe0dz/test482/coloumb
1907/76651 = submitted job /home/boittier/homeb/water_cluster/pbe0dz/test482/coloumb/test482_1_9.sh to Slurm scheduler
water_cluster/pbe0dz/test482/coloumb
1908/76651 = submitted job /home/boittier/homeb/water_cluster/pbe0dz/test482/coloumb/test482_1_10.sh to Slurm scheduler
water_cluster/pbe0dz/test482/coloumb
1909/76651 = submitted job /home/boittier/homeb/water_cluster/pbe0dz/test482/coloumb/test482_1_11.sh to Slurm scheduler
water_cluster/pbe0dz/test482/coloumb
1910/76651 = submitted job /home/boittier/homeb/water_cluster/pbe0dz/test482/coloumb/test482_1_12.sh to Slurm scheduler
water_cluster/pbe0dz/test482/coloumb
1911/76651 = submitted job /home/boittier/homeb/water_cluster/pbe0dz/test482/coloumb/test482_1_13.sh to Slurm scheduler
water_cluster/pbe0dz/test482/coloumb
1912/76651 = submitted job /home/boittier/homeb/water_cluster/pbe0dz/test482/coloumb/test482_1_14.sh to Slurm scheduler
water_cluster/pbe0dz/test482/coloumb
1913/76651 = submitted job /home/boittier/homeb/water_cluster/pbe0dz/test482/coloumb/test482_1_15.sh to Slurm scheduler
water_cluster/pbe0dz/test482/coloumb
1914/76651 = submitted job /home/boittier/homeb/water_cluster/pbe0dz/test482/coloumb/test482_1_16.sh to Slurm scheduler
water_cluster/pbe0dz/test482/coloumb
1915/76651 = submitted job /home/boittier/homeb/water_cluster/pbe0dz/test482/coloumb/test482_1_17.sh to Slurm scheduler
water_cluster/pbe0dz/test482/coloumb
1916/76651 = submitted job /home/boittier/homeb/water_cluster/pbe0dz/test482/coloumb/test482_1_18.sh to Slurm scheduler
water_cluster/pbe0dz/test482/coloumb
1917/76651 = submitted job /home/boittier/homeb/water_cluster/pbe0dz/test482/coloumb/test482_1_19.sh to Slurm scheduler
water_cluster/pbe0dz/test482/coloumb
1918/76651 = submitted job /home/boittier/homeb/water_cluster/pbe0dz/test482/coloumb/test482_1_20.sh to Slurm scheduler
water_cluster/pbe0dz/test482/coloumb
1919/76651 = submitted job /home/boittier/homeb/water_cluster/pbe0dz/test482/coloumb/test482_2_3.sh to Slurm scheduler
water_cluster/pbe0dz/test482/coloumb
1920/76651 = submitted job /home/boittier/homeb/water_cluster/pbe0dz/test482/coloumb/test482_2_4.sh to Slurm scheduler
water_cluster/pbe0dz/test482/coloumb
1921/76651 = submitted job /home/boittier/homeb/water_cluster/pbe0dz/test482/coloumb/test482_2_5.sh to Slurm scheduler
water_cluster/pbe0dz/test482/coloumb
1922/76651 = submitted job /home/boittier/homeb/water_cluster/pbe0dz/test482/coloumb/test482_2_6.sh to Slurm scheduler
water_cluster/pbe0dz/test482/coloumb
1923/76651 = submitted job /home/boittier/homeb/water_cluster/pbe0dz/test482/coloumb/test482_2_7.sh to Slurm scheduler
water_cluster/pbe0dz/test482/coloumb
1924/76651 = submitted job /home/boittier/homeb/water_cluster/pbe0dz/test482/coloumb/test482_2_8.sh to Slurm scheduler
water_cluster/pbe0dz/test482/coloumb
1925/76651 = submitted job /home/boittier/homeb/water_cluster/pbe0dz/test482/coloumb/test482_2_9.sh to Slurm scheduler
water_cluster/pbe0dz/test482/coloumb
1926/76651 = submitted job /home/boittier/homeb/water_cluster/pbe0dz/test482/coloumb/test482_2_10.sh to Slurm scheduler
water_cluster/pbe0dz/test482/coloumb
1927/76651 = submitted job /home/boittier/homeb/water_cluster/pbe0dz/test482/coloumb/test482_2_11.sh to Slurm scheduler
water_cluster/pbe0dz/test482/coloumb
1928/76651 = submitted job /home/boittier/homeb/water_cluster/pbe0dz/test482/coloumb/test482_2_12.sh to Slurm scheduler
water_cluster/pbe0dz/test482/coloumb
1929/76651 = submitted job /home/boittier/homeb/water_cluster/pbe0dz/test482/coloumb/test482_2_13.sh to Slurm scheduler
water_cluster/pbe0dz/test482/coloumb
1930/76651 = submitted job /home/boittier/homeb/water_cluster/pbe0dz/test482/coloumb/test482_2_14.sh to Slurm scheduler
water_cluster/pbe0dz/test482/coloumb
1931/76651 = submitted job /home/boittier/homeb/water_cluster/pbe0dz/test482/coloumb/test482_2_15.sh to Slurm scheduler
water_cluster/pbe0dz/test482/coloumb
1932/76651 = submitted job /home/boittier/homeb/water_cluster/pbe0dz/test482/coloumb/test482_2_16.sh to Slurm scheduler
water_cluster/pbe0dz/test482/coloumb
1933/76651 = submitted job /home/boittier/homeb/water_cluster/pbe0dz/test482/coloumb/test482_2_17.sh to Slurm scheduler
water_cluster/pbe0dz/test482/coloumb
1934/76651 = submitted job /home/boittier/homeb/water_cluster/pbe0dz/test482/coloumb/test482_2_18.sh to Slurm scheduler
water_cluster/pbe0dz/test482/coloumb
1935/76651 = submitted job /home/boittier/homeb/water_cluster/pbe0dz/test482/coloumb/test482_2_19.sh to Slurm scheduler
water_cluster/pbe0dz/test482/coloumb
1936/76651 = submitted job /home/boittier/homeb/water_cluster/pbe0dz/test482/coloumb/test482_2_20.sh to Slurm scheduler
water_cluster/pbe0dz/test482/coloumb
1937/76651 = submitted job /home/boittier/homeb/water_cluster/pbe0dz/test482/coloumb/test482_3_4.sh to Slurm scheduler
water_cluster/pbe0dz/test482/coloumb
1938/76651 = submitted job /home/boittier/homeb/water_cluster/pbe0dz/test482/coloumb/test482_3_5.sh to Slurm scheduler
water_cluster/pbe0dz/test482/coloumb
1939/76651 = submitted job /home/boittier/homeb/water_cluster/pbe0dz/test482/coloumb/test482_3_6.sh to Slurm scheduler
water_cluster/pbe0dz/test482/coloumb
1940/76651 = submitted job /home/boittier/homeb/water_cluster/pbe0dz/test482/coloumb/test482_3_7.sh to Slurm scheduler
water_cluster/pbe0dz/test482/coloumb
1941/76651 = submitted job /home/boittier/homeb/water_cluster/pbe0dz/test482/coloumb/test482_3_8.sh to Slurm scheduler
water_cluster/pbe0dz/test482/coloumb
1942/76651 = submitted job /home/boittier/homeb/water_cluster/pbe0dz/test482/coloumb/test482_3_9.sh to Slurm scheduler
water_cluster/pbe0dz/test482/coloumb
1943/76651 = submitted job /home/boittier/homeb/water_cluster/pbe0dz/test482/coloumb/test482_3_10.sh to Slurm scheduler
water_cluster/pbe0dz/test482/coloumb
1944/76651 = submitted job /home/boittier/homeb/water_cluster/pbe0dz/test482/coloumb/test482_3_11.sh to Slurm scheduler
water_cluster/pbe0dz/test482/coloumb
1945/76651 = submitted job /home/boittier/homeb/water_cluster/pbe0dz/test482/coloumb/test482_3_12.sh to Slurm scheduler
water_cluster/pbe0dz/test482/coloumb
1946/76651 = submitted job /home/boittier/homeb/water_cluster/pbe0dz/test482/coloumb/test482_3_13.sh to Slurm scheduler
water_cluster/pbe0dz/test482/coloumb
1947/76651 = submitted job /home/boittier/homeb/water_cluster/pbe0dz/test482/coloumb/test482_3_14.sh to Slurm scheduler
water_cluster/pbe0dz/test482/coloumb
1948/76651 = submitted job /home/boittier/homeb/water_cluster/pbe0dz/test482/coloumb/test482_3_15.sh to Slurm scheduler
water_cluster/pbe0dz/test482/coloumb
1949/76651 = submitted job /home/boittier/homeb/water_cluster/pbe0dz/test482/coloumb/test482_3_16.sh to Slurm scheduler
water_cluster/pbe0dz/test482/coloumb
1950/76651 = submitted job /home/boittier/homeb/water_cluster/pbe0dz/test482/coloumb/test482_3_17.sh to Slurm scheduler
water_cluster/pbe0dz/test482/coloumb
1951/76651 = submitted job /home/boittier/homeb/water_cluster/pbe0dz/test482/coloumb/test482_3_18.sh to Slurm scheduler
water_cluster/pbe0dz/test482/coloumb
1952/76651 = submitted job /home/boittier/homeb/water_cluster/pbe0dz/test482/coloumb/test482_3_19.sh to Slurm scheduler
water_cluster/pbe0dz/test482/coloumb
1953/76651 = submitted job /home/boittier/homeb/water_cluster/pbe0dz/test482/coloumb/test482_3_20.sh to Slurm scheduler
water_cluster/pbe0dz/test482/coloumb
1954/76651 = submitted job /home/boittier/homeb/water_cluster/pbe0dz/test482/coloumb/test482_4_5.sh to Slurm scheduler
water_cluster/pbe0dz/test482/coloumb
1955/76651 = submitted job /home/boittier/homeb/water_cluster/pbe0dz/test482/coloumb/test482_4_6.sh to Slurm scheduler
water_cluster/pbe0dz/test482/coloumb
1956/76651 = submitted job /home/boittier/homeb/water_cluster/pbe0dz/test482/coloumb/test482_4_7.sh to Slurm scheduler
water_cluster/pbe0dz/test482/coloumb
1957/76651 = submitted job /home/boittier/homeb/water_cluster/pbe0dz/test482/coloumb/test482_4_8.sh to Slurm scheduler
water_cluster/pbe0dz/test482/coloumb
1958/76651 = submitted job /home/boittier/homeb/water_cluster/pbe0dz/test482/coloumb/test482_4_9.sh to Slurm scheduler
water_cluster/pbe0dz/test482/coloumb
1959/76651 = submitted job /home/boittier/homeb/water_cluster/pbe0dz/test482/coloumb/test482_4_10.sh to Slurm scheduler
water_cluster/pbe0dz/test482/coloumb
1960/76651 = submitted job /home/boittier/homeb/water_cluster/pbe0dz/test482/coloumb/test482_4_11.sh to Slurm scheduler
water_cluster/pbe0dz/test482/coloumb
1961/76651 = submitted job /home/boittier/homeb/water_cluster/pbe0dz/test482/coloumb/test482_4_12.sh to Slurm scheduler
water_cluster/pbe0dz/test482/coloumb
1962/76651 = submitted job /home/boittier/homeb/water_cluster/pbe0dz/test482/coloumb/test482_4_13.sh to Slurm scheduler
water_cluster/pbe0dz/test482/coloumb
1963/76651 = submitted job /home/boittier/homeb/water_cluster/pbe0dz/test482/coloumb/test482_4_14.sh to Slurm scheduler
water_cluster/pbe0dz/test482/coloumb
1964/76651 = submitted job /home/boittier/homeb/water_cluster/pbe0dz/test482/coloumb/test482_4_15.sh to Slurm scheduler
water_cluster/pbe0dz/test482/coloumb
1965/76651 = submitted job /home/boittier/homeb/water_cluster/pbe0dz/test482/coloumb/test482_4_16.sh to Slurm scheduler
water_cluster/pbe0dz/test482/coloumb
1966/76651 = submitted job /home/boittier/homeb/water_cluster/pbe0dz/test482/coloumb/test482_4_17.sh to Slurm scheduler
water_cluster/pbe0dz/test482/coloumb
1967/76651 = submitted job /home/boittier/homeb/water_cluster/pbe0dz/test482/coloumb/test482_4_18.sh to Slurm scheduler
water_cluster/pbe0dz/test482/coloumb
1968/76651 = submitted job /home/boittier/homeb/water_cluster/pbe0dz/test482/coloumb/test482_4_19.sh to Slurm scheduler
water_cluster/pbe0dz/test482/coloumb
1969/76651 = submitted job /home/boittier/homeb/water_cluster/pbe0dz/test482/coloumb/test482_4_20.sh to Slurm scheduler
water_cluster/pbe0dz/test482/coloumb
1970/76651 = submitted job /home/boittier/homeb/water_cluster/pbe0dz/test482/coloumb/test482_5_6.sh to Slurm scheduler
water_cluster/pbe0dz/test482/coloumb
1971/76651 = submitted job /home/boittier/homeb/water_cluster/pbe0dz/test482/coloumb/test482_5_7.sh to Slurm scheduler
water_cluster/pbe0dz/test482/coloumb
1972/76651 = submitted job /home/boittier/homeb/water_cluster/pbe0dz/test482/coloumb/test482_5_8.sh to Slurm scheduler
water_cluster/pbe0dz/test482/coloumb
1973/76651 = submitted job /home/boittier/homeb/water_cluster/pbe0dz/test482/coloumb/test482_5_9.sh to Slurm scheduler
water_cluster/pbe0dz/test482/coloumb
1974/76651 = submitted job /home/boittier/homeb/water_cluster/pbe0dz/test482/coloumb/test482_5_10.sh to Slurm scheduler
water_cluster/pbe0dz/test482/coloumb
1975/76651 = submitted job /home/boittier/homeb/water_cluster/pbe0dz/test482/coloumb/test482_5_11.sh to Slurm scheduler
water_cluster/pbe0dz/test482/coloumb
1976/76651 = submitted job /home/boittier/homeb/water_cluster/pbe0dz/test482/coloumb/test482_5_12.sh to Slurm scheduler
water_cluster/pbe0dz/test482/coloumb
1977/76651 = submitted job /home/boittier/homeb/water_cluster/pbe0dz/test482/coloumb/test482_5_13.sh to Slurm scheduler
water_cluster/pbe0dz/test482/coloumb
1978/76651 = submitted job /home/boittier/homeb/water_cluster/pbe0dz/test482/coloumb/test482_5_14.sh to Slurm scheduler
water_cluster/pbe0dz/test482/coloumb
1979/76651 = submitted job /home/boittier/homeb/water_cluster/pbe0dz/test482/coloumb/test482_5_15.sh to Slurm scheduler
water_cluster/pbe0dz/test482/coloumb
1980/76651 = submitted job /home/boittier/homeb/water_cluster/pbe0dz/test482/coloumb/test482_5_16.sh to Slurm scheduler
water_cluster/pbe0dz/test482/coloumb
1981/76651 = submitted job /home/boittier/homeb/water_cluster/pbe0dz/test482/coloumb/test482_5_17.sh to Slurm scheduler
water_cluster/pbe0dz/test482/coloumb
1982/76651 = submitted job /home/boittier/homeb/water_cluster/pbe0dz/test482/coloumb/test482_5_18.sh to Slurm scheduler
water_cluster/pbe0dz/test482/coloumb
1983/76651 = submitted job /home/boittier/homeb/water_cluster/pbe0dz/test482/coloumb/test482_5_19.sh to Slurm scheduler
water_cluster/pbe0dz/test482/coloumb
1984/76651 = submitted job /home/boittier/homeb/water_cluster/pbe0dz/test482/coloumb/test482_5_20.sh to Slurm scheduler
water_cluster/pbe0dz/test482/coloumb
1985/76651 = submitted job /home/boittier/homeb/water_cluster/pbe0dz/test482/coloumb/test482_6_7.sh to Slurm scheduler
water_cluster/pbe0dz/test482/coloumb
1986/76651 = submitted job /home/boittier/homeb/water_cluster/pbe0dz/test482/coloumb/test482_6_8.sh to Slurm scheduler
water_cluster/pbe0dz/test482/coloumb
1987/76651 = submitted job /home/boittier/homeb/water_cluster/pbe0dz/test482/coloumb/test482_6_9.sh to Slurm scheduler
water_cluster/pbe0dz/test482/coloumb
1988/76651 = submitted job /home/boittier/homeb/water_cluster/pbe0dz/test482/coloumb/test482_6_10.sh to Slurm scheduler
water_cluster/pbe0dz/test482/coloumb
1989/76651 = submitted job /home/boittier/homeb/water_cluster/pbe0dz/test482/coloumb/test482_6_11.sh to Slurm scheduler
water_cluster/pbe0dz/test482/coloumb
1990/76651 = submitted job /home/boittier/homeb/water_cluster/pbe0dz/test482/coloumb/test482_6_12.sh to Slurm scheduler
water_cluster/pbe0dz/test482/coloumb
1991/76651 = submitted job /home/boittier/homeb/water_cluster/pbe0dz/test482/coloumb/test482_6_13.sh to Slurm scheduler
water_cluster/pbe0dz/test482/coloumb
1992/76651 = submitted job /home/boittier/homeb/water_cluster/pbe0dz/test482/coloumb/test482_6_14.sh to Slurm scheduler
water_cluster/pbe0dz/test482/coloumb
1993/76651 = submitted job /home/boittier/homeb/water_cluster/pbe0dz/test482/coloumb/test482_6_15.sh to Slurm scheduler
water_cluster/pbe0dz/test482/coloumb
1994/76651 = submitted job /home/boittier/homeb/water_cluster/pbe0dz/test482/coloumb/test482_6_16.sh to Slurm scheduler
water_cluster/pbe0dz/test482/coloumb
1995/76651 = submitted job /home/boittier/homeb/water_cluster/pbe0dz/test482/coloumb/test482_6_17.sh to Slurm scheduler
water_cluster/pbe0dz/test482/coloumb
1996/76651 = submitted job /home/boittier/homeb/water_cluster/pbe0dz/test482/coloumb/test482_6_18.sh to Slurm scheduler
water_cluster/pbe0dz/test482/coloumb
1997/76651 = submitted job /home/boittier/homeb/water_cluster/pbe0dz/test482/coloumb/test482_6_19.sh to Slurm scheduler
water_cluster/pbe0dz/test482/coloumb
1998/76651 = submitted job /home/boittier/homeb/water_cluster/pbe0dz/test482/coloumb/test482_6_20.sh to Slurm scheduler
water_cluster/pbe0dz/test482/coloumb
1999/76651 = submitted job /home/boittier/homeb/water_cluster/pbe0dz/test482/coloumb/test482_7_8.sh to Slurm scheduler
water_cluster/pbe0dz/test482/coloumb
2000/76651 = submitted job /home/boittier/homeb/water_cluster/pbe0dz/test482/coloumb/test482_7_9.sh to Slurm scheduler
water_cluster/pbe0dz/test482/coloumb
2001/76651 = submitted job /home/boittier/homeb/water_cluster/pbe0dz/test482/coloumb/test482_7_10.sh to Slurm scheduler
water_cluster/pbe0dz/test482/coloumb
2002/76651 = submitted job /home/boittier/homeb/water_cluster/pbe0dz/test482/coloumb/test482_7_11.sh to Slurm scheduler
water_cluster/pbe0dz/test482/coloumb
2003/76651 = submitted job /home/boittier/homeb/water_cluster/pbe0dz/test482/coloumb/test482_7_12.sh to Slurm scheduler
water_cluster/pbe0dz/test482/coloumb
2004/76651 = submitted job /home/boittier/homeb/water_cluster/pbe0dz/test482/coloumb/test482_7_13.sh to Slurm scheduler
water_cluster/pbe0dz/test482/coloumb
2005/76651 = submitted job /home/boittier/homeb/water_cluster/pbe0dz/test482/coloumb/test482_7_14.sh to Slurm scheduler
water_cluster/pbe0dz/test482/coloumb
2006/76651 = submitted job /home/boittier/homeb/water_cluster/pbe0dz/test482/coloumb/test482_7_15.sh to Slurm scheduler
water_cluster/pbe0dz/test482/coloumb
2007/76651 = submitted job /home/boittier/homeb/water_cluster/pbe0dz/test482/coloumb/test482_7_16.sh to Slurm scheduler
water_cluster/pbe0dz/test482/coloumb
2008/76651 = submitted job /home/boittier/homeb/water_cluster/pbe0dz/test482/coloumb/test482_7_17.sh to Slurm scheduler
water_cluster/pbe0dz/test482/coloumb
2009/76651 = submitted job /home/boittier/homeb/water_cluster/pbe0dz/test482/coloumb/test482_7_18.sh to Slurm scheduler
water_cluster/pbe0dz/test482/coloumb
2010/76651 = submitted job /home/boittier/homeb/water_cluster/pbe0dz/test482/coloumb/test482_7_19.sh to Slurm scheduler
water_cluster/pbe0dz/test482/coloumb
2011/76651 = submitted job /home/boittier/homeb/water_cluster/pbe0dz/test482/coloumb/test482_7_20.sh to Slurm scheduler
water_cluster/pbe0dz/test482/coloumb
2012/76651 = submitted job /home/boittier/homeb/water_cluster/pbe0dz/test482/coloumb/test482_8_9.sh to Slurm scheduler
water_cluster/pbe0dz/test482/coloumb
2013/76651 = submitted job /home/boittier/homeb/water_cluster/pbe0dz/test482/coloumb/test482_8_10.sh to Slurm scheduler
water_cluster/pbe0dz/test482/coloumb
2014/76651 = submitted job /home/boittier/homeb/water_cluster/pbe0dz/test482/coloumb/test482_8_11.sh to Slurm scheduler
water_cluster/pbe0dz/test482/coloumb
2015/76651 = submitted job /home/boittier/homeb/water_cluster/pbe0dz/test482/coloumb/test482_8_12.sh to Slurm scheduler
water_cluster/pbe0dz/test482/coloumb
2016/76651 = submitted job /home/boittier/homeb/water_cluster/pbe0dz/test482/coloumb/test482_8_13.sh to Slurm scheduler
water_cluster/pbe0dz/test482/coloumb
2017/76651 = submitted job /home/boittier/homeb/water_cluster/pbe0dz/test482/coloumb/test482_8_14.sh to Slurm scheduler
water_cluster/pbe0dz/test482/coloumb
2018/76651 = submitted job /home/boittier/homeb/water_cluster/pbe0dz/test482/coloumb/test482_8_15.sh to Slurm scheduler
water_cluster/pbe0dz/test482/coloumb
2019/76651 = submitted job /home/boittier/homeb/water_cluster/pbe0dz/test482/coloumb/test482_8_16.sh to Slurm scheduler
water_cluster/pbe0dz/test482/coloumb
2020/76651 = submitted job /home/boittier/homeb/water_cluster/pbe0dz/test482/coloumb/test482_8_17.sh to Slurm scheduler
water_cluster/pbe0dz/test482/coloumb
2021/76651 = submitted job /home/boittier/homeb/water_cluster/pbe0dz/test482/coloumb/test482_8_18.sh to Slurm scheduler
water_cluster/pbe0dz/test482/coloumb
2022/76651 = submitted job /home/boittier/homeb/water_cluster/pbe0dz/test482/coloumb/test482_8_19.sh to Slurm scheduler
water_cluster/pbe0dz/test482/coloumb
2023/76651 = submitted job /home/boittier/homeb/water_cluster/pbe0dz/test482/coloumb/test482_8_20.sh to Slurm scheduler
water_cluster/pbe0dz/test482/coloumb
2024/76651 = submitted job /home/boittier/homeb/water_cluster/pbe0dz/test482/coloumb/test482_9_10.sh to Slurm scheduler
water_cluster/pbe0dz/test482/coloumb
2025/76651 = submitted job /home/boittier/homeb/water_cluster/pbe0dz/test482/coloumb/test482_9_11.sh to Slurm scheduler
water_cluster/pbe0dz/test482/coloumb
2026/76651 = submitted job /home/boittier/homeb/water_cluster/pbe0dz/test482/coloumb/test482_9_12.sh to Slurm scheduler
water_cluster/pbe0dz/test482/coloumb
2027/76651 = submitted job /home/boittier/homeb/water_cluster/pbe0dz/test482/coloumb/test482_9_13.sh to Slurm scheduler
water_cluster/pbe0dz/test482/coloumb
2028/76651 = submitted job /home/boittier/homeb/water_cluster/pbe0dz/test482/coloumb/test482_9_14.sh to Slurm scheduler
water_cluster/pbe0dz/test482/coloumb
2029/76651 = submitted job /home/boittier/homeb/water_cluster/pbe0dz/test482/coloumb/test482_9_15.sh to Slurm scheduler
water_cluster/pbe0dz/test482/coloumb
2030/76651 = submitted job /home/boittier/homeb/water_cluster/pbe0dz/test482/coloumb/test482_9_16.sh to Slurm scheduler
water_cluster/pbe0dz/test482/coloumb
2031/76651 = submitted job /home/boittier/homeb/water_cluster/pbe0dz/test482/coloumb/test482_9_17.sh to Slurm scheduler
water_cluster/pbe0dz/test482/coloumb
2032/76651 = submitted job /home/boittier/homeb/water_cluster/pbe0dz/test482/coloumb/test482_9_18.sh to Slurm scheduler
water_cluster/pbe0dz/test482/coloumb
2033/76651 = submitted job /home/boittier/homeb/water_cluster/pbe0dz/test482/coloumb/test482_9_19.sh to Slurm scheduler
water_cluster/pbe0dz/test482/coloumb
2034/76651 = submitted job /home/boittier/homeb/water_cluster/pbe0dz/test482/coloumb/test482_9_20.sh to Slurm scheduler
water_cluster/pbe0dz/test482/coloumb
2035/76651 = submitted job /home/boittier/homeb/water_cluster/pbe0dz/test482/coloumb/test482_10_11.sh to Slurm scheduler
water_cluster/pbe0dz/test482/coloumb
2036/76651 = submitted job /home/boittier/homeb/water_cluster/pbe0dz/test482/coloumb/test482_10_12.sh to Slurm scheduler
water_cluster/pbe0dz/test482/coloumb
2037/76651 = submitted job /home/boittier/homeb/water_cluster/pbe0dz/test482/coloumb/test482_10_13.sh to Slurm scheduler
water_cluster/pbe0dz/test482/coloumb
2038/76651 = submitted job /home/boittier/homeb/water_cluster/pbe0dz/test482/coloumb/test482_10_14.sh to Slurm scheduler
water_cluster/pbe0dz/test482/coloumb
2039/76651 = submitted job /home/boittier/homeb/water_cluster/pbe0dz/test482/coloumb/test482_10_15.sh to Slurm scheduler
water_cluster/pbe0dz/test482/coloumb
2040/76651 = submitted job /home/boittier/homeb/water_cluster/pbe0dz/test482/coloumb/test482_10_16.sh to Slurm scheduler
water_cluster/pbe0dz/test482/coloumb
2041/76651 = submitted job /home/boittier/homeb/water_cluster/pbe0dz/test482/coloumb/test482_10_17.sh to Slurm scheduler
water_cluster/pbe0dz/test482/coloumb
2042/76651 = submitted job /home/boittier/homeb/water_cluster/pbe0dz/test482/coloumb/test482_10_18.sh to Slurm scheduler
water_cluster/pbe0dz/test482/coloumb
2043/76651 = submitted job /home/boittier/homeb/water_cluster/pbe0dz/test482/coloumb/test482_10_19.sh to Slurm scheduler
water_cluster/pbe0dz/test482/coloumb
2044/76651 = submitted job /home/boittier/homeb/water_cluster/pbe0dz/test482/coloumb/test482_10_20.sh to Slurm scheduler
water_cluster/pbe0dz/test482/coloumb
2045/76651 = submitted job /home/boittier/homeb/water_cluster/pbe0dz/test482/coloumb/test482_11_12.sh to Slurm scheduler
water_cluster/pbe0dz/test482/coloumb
2046/76651 = submitted job /home/boittier/homeb/water_cluster/pbe0dz/test482/coloumb/test482_11_13.sh to Slurm scheduler
water_cluster/pbe0dz/test482/coloumb
2047/76651 = submitted job /home/boittier/homeb/water_cluster/pbe0dz/test482/coloumb/test482_11_14.sh to Slurm scheduler
water_cluster/pbe0dz/test482/coloumb
2048/76651 = submitted job /home/boittier/homeb/water_cluster/pbe0dz/test482/coloumb/test482_11_15.sh to Slurm scheduler
water_cluster/pbe0dz/test482/coloumb
2049/76651 = submitted job /home/boittier/homeb/water_cluster/pbe0dz/test482/coloumb/test482_11_16.sh to Slurm scheduler
water_cluster/pbe0dz/test482/coloumb
2050/76651 = submitted job /home/boittier/homeb/water_cluster/pbe0dz/test482/coloumb/test482_11_17.sh to Slurm scheduler
water_cluster/pbe0dz/test482/coloumb
2051/76651 = submitted job /home/boittier/homeb/water_cluster/pbe0dz/test482/coloumb/test482_11_18.sh to Slurm scheduler
water_cluster/pbe0dz/test482/coloumb
2052/76651 = submitted job /home/boittier/homeb/water_cluster/pbe0dz/test482/coloumb/test482_11_19.sh to Slurm scheduler
water_cluster/pbe0dz/test482/coloumb
2053/76651 = submitted job /home/boittier/homeb/water_cluster/pbe0dz/test482/coloumb/test482_11_20.sh to Slurm scheduler
water_cluster/pbe0dz/test482/coloumb
2054/76651 = submitted job /home/boittier/homeb/water_cluster/pbe0dz/test482/coloumb/test482_12_13.sh to Slurm scheduler
water_cluster/pbe0dz/test482/coloumb
2055/76651 = submitted job /home/boittier/homeb/water_cluster/pbe0dz/test482/coloumb/test482_12_14.sh to Slurm scheduler
water_cluster/pbe0dz/test482/coloumb
2056/76651 = submitted job /home/boittier/homeb/water_cluster/pbe0dz/test482/coloumb/test482_12_15.sh to Slurm scheduler
water_cluster/pbe0dz/test482/coloumb
2057/76651 = submitted job /home/boittier/homeb/water_cluster/pbe0dz/test482/coloumb/test482_12_16.sh to Slurm scheduler
water_cluster/pbe0dz/test482/coloumb
2058/76651 = submitted job /home/boittier/homeb/water_cluster/pbe0dz/test482/coloumb/test482_12_17.sh to Slurm scheduler
water_cluster/pbe0dz/test482/coloumb
2059/76651 = submitted job /home/boittier/homeb/water_cluster/pbe0dz/test482/coloumb/test482_12_18.sh to Slurm scheduler
water_cluster/pbe0dz/test482/coloumb
2060/76651 = submitted job /home/boittier/homeb/water_cluster/pbe0dz/test482/coloumb/test482_12_19.sh to Slurm scheduler
water_cluster/pbe0dz/test482/coloumb
2061/76651 = submitted job /home/boittier/homeb/water_cluster/pbe0dz/test482/coloumb/test482_12_20.sh to Slurm scheduler
water_cluster/pbe0dz/test482/coloumb
2062/76651 = submitted job /home/boittier/homeb/water_cluster/pbe0dz/test482/coloumb/test482_13_14.sh to Slurm scheduler
water_cluster/pbe0dz/test482/coloumb
2063/76651 = submitted job /home/boittier/homeb/water_cluster/pbe0dz/test482/coloumb/test482_13_15.sh to Slurm scheduler
water_cluster/pbe0dz/test482/coloumb
2064/76651 = submitted job /home/boittier/homeb/water_cluster/pbe0dz/test482/coloumb/test482_13_16.sh to Slurm scheduler
water_cluster/pbe0dz/test482/coloumb
2065/76651 = submitted job /home/boittier/homeb/water_cluster/pbe0dz/test482/coloumb/test482_13_17.sh to Slurm scheduler
water_cluster/pbe0dz/test482/coloumb
2066/76651 = submitted job /home/boittier/homeb/water_cluster/pbe0dz/test482/coloumb/test482_13_18.sh to Slurm scheduler
water_cluster/pbe0dz/test482/coloumb
2067/76651 = submitted job /home/boittier/homeb/water_cluster/pbe0dz/test482/coloumb/test482_13_19.sh to Slurm scheduler
water_cluster/pbe0dz/test482/coloumb
2068/76651 = submitted job /home/boittier/homeb/water_cluster/pbe0dz/test482/coloumb/test482_13_20.sh to Slurm scheduler
water_cluster/pbe0dz/test482/coloumb
2069/76651 = submitted job /home/boittier/homeb/water_cluster/pbe0dz/test482/coloumb/test482_14_15.sh to Slurm scheduler
water_cluster/pbe0dz/test482/coloumb
2070/76651 = submitted job /home/boittier/homeb/water_cluster/pbe0dz/test482/coloumb/test482_14_16.sh to Slurm scheduler
water_cluster/pbe0dz/test482/coloumb
2071/76651 = submitted job /home/boittier/homeb/water_cluster/pbe0dz/test482/coloumb/test482_14_17.sh to Slurm scheduler
water_cluster/pbe0dz/test482/coloumb
2072/76651 = submitted job /home/boittier/homeb/water_cluster/pbe0dz/test482/coloumb/test482_14_18.sh to Slurm scheduler
water_cluster/pbe0dz/test482/coloumb
2073/76651 = submitted job /home/boittier/homeb/water_cluster/pbe0dz/test482/coloumb/test482_14_19.sh to Slurm scheduler
water_cluster/pbe0dz/test482/coloumb
2074/76651 = submitted job /home/boittier/homeb/water_cluster/pbe0dz/test482/coloumb/test482_14_20.sh to Slurm scheduler
water_cluster/pbe0dz/test482/coloumb
2075/76651 = submitted job /home/boittier/homeb/water_cluster/pbe0dz/test482/coloumb/test482_15_16.sh to Slurm scheduler
water_cluster/pbe0dz/test482/coloumb
2076/76651 = submitted job /home/boittier/homeb/water_cluster/pbe0dz/test482/coloumb/test482_15_17.sh to Slurm scheduler
water_cluster/pbe0dz/test482/coloumb
2077/76651 = submitted job /home/boittier/homeb/water_cluster/pbe0dz/test482/coloumb/test482_15_18.sh to Slurm scheduler
water_cluster/pbe0dz/test482/coloumb
2078/76651 = submitted job /home/boittier/homeb/water_cluster/pbe0dz/test482/coloumb/test482_15_19.sh to Slurm scheduler
water_cluster/pbe0dz/test482/coloumb
2079/76651 = submitted job /home/boittier/homeb/water_cluster/pbe0dz/test482/coloumb/test482_15_20.sh to Slurm scheduler
water_cluster/pbe0dz/test482/coloumb
2080/76651 = submitted job /home/boittier/homeb/water_cluster/pbe0dz/test482/coloumb/test482_16_17.sh to Slurm scheduler
water_cluster/pbe0dz/test482/coloumb
2081/76651 = submitted job /home/boittier/homeb/water_cluster/pbe0dz/test482/coloumb/test482_16_18.sh to Slurm scheduler
water_cluster/pbe0dz/test482/coloumb
2082/76651 = submitted job /home/boittier/homeb/water_cluster/pbe0dz/test482/coloumb/test482_16_19.sh to Slurm scheduler
water_cluster/pbe0dz/test482/coloumb
2083/76651 = submitted job /home/boittier/homeb/water_cluster/pbe0dz/test482/coloumb/test482_16_20.sh to Slurm scheduler
water_cluster/pbe0dz/test482/coloumb
2084/76651 = submitted job /home/boittier/homeb/water_cluster/pbe0dz/test482/coloumb/test482_17_18.sh to Slurm scheduler
water_cluster/pbe0dz/test482/coloumb
2085/76651 = submitted job /home/boittier/homeb/water_cluster/pbe0dz/test482/coloumb/test482_17_19.sh to Slurm scheduler
water_cluster/pbe0dz/test482/coloumb
2086/76651 = submitted job /home/boittier/homeb/water_cluster/pbe0dz/test482/coloumb/test482_17_20.sh to Slurm scheduler
water_cluster/pbe0dz/test482/coloumb
2087/76651 = submitted job /home/boittier/homeb/water_cluster/pbe0dz/test482/coloumb/test482_18_19.sh to Slurm scheduler
water_cluster/pbe0dz/test482/coloumb
2088/76651 = submitted job /home/boittier/homeb/water_cluster/pbe0dz/test482/coloumb/test482_18_20.sh to Slurm scheduler
water_cluster/pbe0dz/test482/coloumb
2089/76651 = submitted job /home/boittier/homeb/water_cluster/pbe0dz/test482/coloumb/test482_19_20.sh to Slurm scheduler
water_cluster/pbe0dz/test30/coloumb
2090/76651 = submitted job /home/boittier/homeb/water_cluster/pbe0dz/test30/coloumb/test30_1_2.sh to Slurm scheduler
water_cluster/pbe0dz/test30/coloumb
2091/76651 = submitted job /home/boittier/homeb/water_cluster/pbe0dz/test30/coloumb/test30_1_3.sh to Slurm scheduler
water_cluster/pbe0dz/test30/coloumb
2092/76651 = submitted job /home/boittier/homeb/water_cluster/pbe0dz/test30/coloumb/test30_1_4.sh to Slurm scheduler
water_cluster/pbe0dz/test30/coloumb
2093/76651 = submitted job /home/boittier/homeb/water_cluster/pbe0dz/test30/coloumb/test30_1_5.sh to Slurm scheduler
water_cluster/pbe0dz/test30/coloumb
2094/76651 = submitted job /home/boittier/homeb/water_cluster/pbe0dz/test30/coloumb/test30_1_6.sh to Slurm scheduler
water_cluster/pbe0dz/test30/coloumb
2095/76651 = submitted job /home/boittier/homeb/water_cluster/pbe0dz/test30/coloumb/test30_1_7.sh to Slurm scheduler
water_cluster/pbe0dz/test30/coloumb
2096/76651 = submitted job /home/boittier/homeb/water_cluster/pbe0dz/test30/coloumb/test30_1_8.sh to Slurm scheduler
water_cluster/pbe0dz/test30/coloumb
2097/76651 = submitted job /home/boittier/homeb/water_cluster/pbe0dz/test30/coloumb/test30_1_9.sh to Slurm scheduler
water_cluster/pbe0dz/test30/coloumb
2098/76651 = submitted job /home/boittier/homeb/water_cluster/pbe0dz/test30/coloumb/test30_1_10.sh to Slurm scheduler
water_cluster/pbe0dz/test30/coloumb
2099/76651 = submitted job /home/boittier/homeb/water_cluster/pbe0dz/test30/coloumb/test30_1_11.sh to Slurm scheduler
water_cluster/pbe0dz/test30/coloumb
2100/76651 = submitted job /home/boittier/homeb/water_cluster/pbe0dz/test30/coloumb/test30_1_12.sh to Slurm scheduler
water_cluster/pbe0dz/test30/coloumb
2101/76651 = submitted job /home/boittier/homeb/water_cluster/pbe0dz/test30/coloumb/test30_1_13.sh to Slurm scheduler
water_cluster/pbe0dz/test30/coloumb
2102/76651 = submitted job /home/boittier/homeb/water_cluster/pbe0dz/test30/coloumb/test30_1_14.sh to Slurm scheduler
water_cluster/pbe0dz/test30/coloumb
2103/76651 = submitted job /home/boittier/homeb/water_cluster/pbe0dz/test30/coloumb/test30_1_15.sh to Slurm scheduler
water_cluster/pbe0dz/test30/coloumb
2104/76651 = submitted job /home/boittier/homeb/water_cluster/pbe0dz/test30/coloumb/test30_1_16.sh to Slurm scheduler
water_cluster/pbe0dz/test30/coloumb
2105/76651 = submitted job /home/boittier/homeb/water_cluster/pbe0dz/test30/coloumb/test30_1_17.sh to Slurm scheduler
water_cluster/pbe0dz/test30/coloumb
2106/76651 = submitted job /home/boittier/homeb/water_cluster/pbe0dz/test30/coloumb/test30_1_18.sh to Slurm scheduler
water_cluster/pbe0dz/test30/coloumb
2107/76651 = submitted job /home/boittier/homeb/water_cluster/pbe0dz/test30/coloumb/test30_1_19.sh to Slurm scheduler
water_cluster/pbe0dz/test30/coloumb
2108/76651 = submitted job /home/boittier/homeb/water_cluster/pbe0dz/test30/coloumb/test30_1_20.sh to Slurm scheduler
water_cluster/pbe0dz/test30/coloumb
2109/76651 = submitted job /home/boittier/homeb/water_cluster/pbe0dz/test30/coloumb/test30_2_3.sh to Slurm scheduler
water_cluster/pbe0dz/test30/coloumb
2110/76651 = submitted job /home/boittier/homeb/water_cluster/pbe0dz/test30/coloumb/test30_2_4.sh to Slurm scheduler
water_cluster/pbe0dz/test30/coloumb
2111/76651 = submitted job /home/boittier/homeb/water_cluster/pbe0dz/test30/coloumb/test30_2_5.sh to Slurm scheduler
water_cluster/pbe0dz/test30/coloumb
2112/76651 = submitted job /home/boittier/homeb/water_cluster/pbe0dz/test30/coloumb/test30_2_6.sh to Slurm scheduler
water_cluster/pbe0dz/test30/coloumb
2113/76651 = submitted job /home/boittier/homeb/water_cluster/pbe0dz/test30/coloumb/test30_2_7.sh to Slurm scheduler
water_cluster/pbe0dz/test30/coloumb
2114/76651 = submitted job /home/boittier/homeb/water_cluster/pbe0dz/test30/coloumb/test30_2_8.sh to Slurm scheduler
water_cluster/pbe0dz/test30/coloumb
2115/76651 = submitted job /home/boittier/homeb/water_cluster/pbe0dz/test30/coloumb/test30_2_9.sh to Slurm scheduler
water_cluster/pbe0dz/test30/coloumb
2116/76651 = submitted job /home/boittier/homeb/water_cluster/pbe0dz/test30/coloumb/test30_2_10.sh to Slurm scheduler
water_cluster/pbe0dz/test30/coloumb
2117/76651 = submitted job /home/boittier/homeb/water_cluster/pbe0dz/test30/coloumb/test30_2_11.sh to Slurm scheduler
water_cluster/pbe0dz/test30/coloumb
2118/76651 = submitted job /home/boittier/homeb/water_cluster/pbe0dz/test30/coloumb/test30_2_12.sh to Slurm scheduler
water_cluster/pbe0dz/test30/coloumb
2119/76651 = submitted job /home/boittier/homeb/water_cluster/pbe0dz/test30/coloumb/test30_2_13.sh to Slurm scheduler
water_cluster/pbe0dz/test30/coloumb
2120/76651 = submitted job /home/boittier/homeb/water_cluster/pbe0dz/test30/coloumb/test30_2_14.sh to Slurm scheduler
water_cluster/pbe0dz/test30/coloumb
2121/76651 = submitted job /home/boittier/homeb/water_cluster/pbe0dz/test30/coloumb/test30_2_15.sh to Slurm scheduler
water_cluster/pbe0dz/test30/coloumb
2122/76651 = submitted job /home/boittier/homeb/water_cluster/pbe0dz/test30/coloumb/test30_2_16.sh to Slurm scheduler
water_cluster/pbe0dz/test30/coloumb
2123/76651 = submitted job /home/boittier/homeb/water_cluster/pbe0dz/test30/coloumb/test30_2_17.sh to Slurm scheduler
water_cluster/pbe0dz/test30/coloumb
2124/76651 = submitted job /home/boittier/homeb/water_cluster/pbe0dz/test30/coloumb/test30_2_18.sh to Slurm scheduler
water_cluster/pbe0dz/test30/coloumb
2125/76651 = submitted job /home/boittier/homeb/water_cluster/pbe0dz/test30/coloumb/test30_2_19.sh to Slurm scheduler
water_cluster/pbe0dz/test30/coloumb
2126/76651 = submitted job /home/boittier/homeb/water_cluster/pbe0dz/test30/coloumb/test30_2_20.sh to Slurm scheduler
water_cluster/pbe0dz/test30/coloumb
2127/76651 = submitted job /home/boittier/homeb/water_cluster/pbe0dz/test30/coloumb/test30_3_4.sh to Slurm scheduler
water_cluster/pbe0dz/test30/coloumb
2128/76651 = submitted job /home/boittier/homeb/water_cluster/pbe0dz/test30/coloumb/test30_3_5.sh to Slurm scheduler
water_cluster/pbe0dz/test30/coloumb
2129/76651 = submitted job /home/boittier/homeb/water_cluster/pbe0dz/test30/coloumb/test30_3_6.sh to Slurm scheduler
water_cluster/pbe0dz/test30/coloumb
2130/76651 = submitted job /home/boittier/homeb/water_cluster/pbe0dz/test30/coloumb/test30_3_7.sh to Slurm scheduler
water_cluster/pbe0dz/test30/coloumb
2131/76651 = submitted job /home/boittier/homeb/water_cluster/pbe0dz/test30/coloumb/test30_3_8.sh to Slurm scheduler
water_cluster/pbe0dz/test30/coloumb
2132/76651 = submitted job /home/boittier/homeb/water_cluster/pbe0dz/test30/coloumb/test30_3_9.sh to Slurm scheduler
water_cluster/pbe0dz/test30/coloumb
2133/76651 = submitted job /home/boittier/homeb/water_cluster/pbe0dz/test30/coloumb/test30_3_10.sh to Slurm scheduler
water_cluster/pbe0dz/test30/coloumb
2134/76651 = submitted job /home/boittier/homeb/water_cluster/pbe0dz/test30/coloumb/test30_3_11.sh to Slurm scheduler
water_cluster/pbe0dz/test30/coloumb
2135/76651 = submitted job /home/boittier/homeb/water_cluster/pbe0dz/test30/coloumb/test30_3_12.sh to Slurm scheduler
water_cluster/pbe0dz/test30/coloumb
2136/76651 = submitted job /home/boittier/homeb/water_cluster/pbe0dz/test30/coloumb/test30_3_13.sh to Slurm scheduler
water_cluster/pbe0dz/test30/coloumb
2137/76651 = submitted job /home/boittier/homeb/water_cluster/pbe0dz/test30/coloumb/test30_3_14.sh to Slurm scheduler
water_cluster/pbe0dz/test30/coloumb
2138/76651 = submitted job /home/boittier/homeb/water_cluster/pbe0dz/test30/coloumb/test30_3_15.sh to Slurm scheduler
water_cluster/pbe0dz/test30/coloumb
2139/76651 = submitted job /home/boittier/homeb/water_cluster/pbe0dz/test30/coloumb/test30_3_16.sh to Slurm scheduler
water_cluster/pbe0dz/test30/coloumb
2140/76651 = submitted job /home/boittier/homeb/water_cluster/pbe0dz/test30/coloumb/test30_3_17.sh to Slurm scheduler
water_cluster/pbe0dz/test30/coloumb
2141/76651 = submitted job /home/boittier/homeb/water_cluster/pbe0dz/test30/coloumb/test30_3_18.sh to Slurm scheduler
water_cluster/pbe0dz/test30/coloumb
2142/76651 = submitted job /home/boittier/homeb/water_cluster/pbe0dz/test30/coloumb/test30_3_19.sh to Slurm scheduler
water_cluster/pbe0dz/test30/coloumb
2143/76651 = submitted job /home/boittier/homeb/water_cluster/pbe0dz/test30/coloumb/test30_3_20.sh to Slurm scheduler
water_cluster/pbe0dz/test30/coloumb
2144/76651 = submitted job /home/boittier/homeb/water_cluster/pbe0dz/test30/coloumb/test30_4_5.sh to Slurm scheduler
water_cluster/pbe0dz/test30/coloumb
2145/76651 = submitted job /home/boittier/homeb/water_cluster/pbe0dz/test30/coloumb/test30_4_6.sh to Slurm scheduler
water_cluster/pbe0dz/test30/coloumb
2146/76651 = submitted job /home/boittier/homeb/water_cluster/pbe0dz/test30/coloumb/test30_4_7.sh to Slurm scheduler
water_cluster/pbe0dz/test30/coloumb
2147/76651 = submitted job /home/boittier/homeb/water_cluster/pbe0dz/test30/coloumb/test30_4_8.sh to Slurm scheduler
water_cluster/pbe0dz/test30/coloumb
2148/76651 = submitted job /home/boittier/homeb/water_cluster/pbe0dz/test30/coloumb/test30_4_9.sh to Slurm scheduler
water_cluster/pbe0dz/test30/coloumb
2149/76651 = submitted job /home/boittier/homeb/water_cluster/pbe0dz/test30/coloumb/test30_4_10.sh to Slurm scheduler
water_cluster/pbe0dz/test30/coloumb
2150/76651 = submitted job /home/boittier/homeb/water_cluster/pbe0dz/test30/coloumb/test30_4_11.sh to Slurm scheduler
water_cluster/pbe0dz/test30/coloumb
2151/76651 = submitted job /home/boittier/homeb/water_cluster/pbe0dz/test30/coloumb/test30_4_12.sh to Slurm scheduler
water_cluster/pbe0dz/test30/coloumb
2152/76651 = submitted job /home/boittier/homeb/water_cluster/pbe0dz/test30/coloumb/test30_4_13.sh to Slurm scheduler
water_cluster/pbe0dz/test30/coloumb
2153/76651 = submitted job /home/boittier/homeb/water_cluster/pbe0dz/test30/coloumb/test30_4_14.sh to Slurm scheduler
water_cluster/pbe0dz/test30/coloumb
2154/76651 = submitted job /home/boittier/homeb/water_cluster/pbe0dz/test30/coloumb/test30_4_15.sh to Slurm scheduler
water_cluster/pbe0dz/test30/coloumb
2155/76651 = submitted job /home/boittier/homeb/water_cluster/pbe0dz/test30/coloumb/test30_4_16.sh to Slurm scheduler
water_cluster/pbe0dz/test30/coloumb
2156/76651 = submitted job /home/boittier/homeb/water_cluster/pbe0dz/test30/coloumb/test30_4_17.sh to Slurm scheduler
water_cluster/pbe0dz/test30/coloumb
2157/76651 = submitted job /home/boittier/homeb/water_cluster/pbe0dz/test30/coloumb/test30_4_18.sh to Slurm scheduler
water_cluster/pbe0dz/test30/coloumb
2158/76651 = submitted job /home/boittier/homeb/water_cluster/pbe0dz/test30/coloumb/test30_4_19.sh to Slurm scheduler
water_cluster/pbe0dz/test30/coloumb
2159/76651 = submitted job /home/boittier/homeb/water_cluster/pbe0dz/test30/coloumb/test30_4_20.sh to Slurm scheduler
water_cluster/pbe0dz/test30/coloumb
2160/76651 = submitted job /home/boittier/homeb/water_cluster/pbe0dz/test30/coloumb/test30_5_6.sh to Slurm scheduler
water_cluster/pbe0dz/test30/coloumb
2161/76651 = submitted job /home/boittier/homeb/water_cluster/pbe0dz/test30/coloumb/test30_5_7.sh to Slurm scheduler
water_cluster/pbe0dz/test30/coloumb
2162/76651 = submitted job /home/boittier/homeb/water_cluster/pbe0dz/test30/coloumb/test30_5_8.sh to Slurm scheduler
water_cluster/pbe0dz/test30/coloumb
2163/76651 = submitted job /home/boittier/homeb/water_cluster/pbe0dz/test30/coloumb/test30_5_9.sh to Slurm scheduler
water_cluster/pbe0dz/test30/coloumb
2164/76651 = submitted job /home/boittier/homeb/water_cluster/pbe0dz/test30/coloumb/test30_5_10.sh to Slurm scheduler
water_cluster/pbe0dz/test30/coloumb
2165/76651 = submitted job /home/boittier/homeb/water_cluster/pbe0dz/test30/coloumb/test30_5_11.sh to Slurm scheduler
water_cluster/pbe0dz/test30/coloumb
2166/76651 = submitted job /home/boittier/homeb/water_cluster/pbe0dz/test30/coloumb/test30_5_12.sh to Slurm scheduler
water_cluster/pbe0dz/test30/coloumb
2167/76651 = submitted job /home/boittier/homeb/water_cluster/pbe0dz/test30/coloumb/test30_5_13.sh to Slurm scheduler
water_cluster/pbe0dz/test30/coloumb
2168/76651 = submitted job /home/boittier/homeb/water_cluster/pbe0dz/test30/coloumb/test30_5_14.sh to Slurm scheduler
water_cluster/pbe0dz/test30/coloumb
2169/76651 = submitted job /home/boittier/homeb/water_cluster/pbe0dz/test30/coloumb/test30_5_15.sh to Slurm scheduler
water_cluster/pbe0dz/test30/coloumb
2170/76651 = submitted job /home/boittier/homeb/water_cluster/pbe0dz/test30/coloumb/test30_5_16.sh to Slurm scheduler
water_cluster/pbe0dz/test30/coloumb
2171/76651 = submitted job /home/boittier/homeb/water_cluster/pbe0dz/test30/coloumb/test30_5_17.sh to Slurm scheduler
water_cluster/pbe0dz/test30/coloumb
2172/76651 = submitted job /home/boittier/homeb/water_cluster/pbe0dz/test30/coloumb/test30_5_18.sh to Slurm scheduler
water_cluster/pbe0dz/test30/coloumb
2173/76651 = submitted job /home/boittier/homeb/water_cluster/pbe0dz/test30/coloumb/test30_5_19.sh to Slurm scheduler
water_cluster/pbe0dz/test30/coloumb
2174/76651 = submitted job /home/boittier/homeb/water_cluster/pbe0dz/test30/coloumb/test30_5_20.sh to Slurm scheduler
water_cluster/pbe0dz/test30/coloumb
2175/76651 = submitted job /home/boittier/homeb/water_cluster/pbe0dz/test30/coloumb/test30_6_7.sh to Slurm scheduler
water_cluster/pbe0dz/test30/coloumb
2176/76651 = submitted job /home/boittier/homeb/water_cluster/pbe0dz/test30/coloumb/test30_6_8.sh to Slurm scheduler
water_cluster/pbe0dz/test30/coloumb
2177/76651 = submitted job /home/boittier/homeb/water_cluster/pbe0dz/test30/coloumb/test30_6_9.sh to Slurm scheduler
water_cluster/pbe0dz/test30/coloumb
2178/76651 = submitted job /home/boittier/homeb/water_cluster/pbe0dz/test30/coloumb/test30_6_10.sh to Slurm scheduler
water_cluster/pbe0dz/test30/coloumb
2179/76651 = submitted job /home/boittier/homeb/water_cluster/pbe0dz/test30/coloumb/test30_6_11.sh to Slurm scheduler
water_cluster/pbe0dz/test30/coloumb
2180/76651 = submitted job /home/boittier/homeb/water_cluster/pbe0dz/test30/coloumb/test30_6_12.sh to Slurm scheduler
water_cluster/pbe0dz/test30/coloumb
2181/76651 = submitted job /home/boittier/homeb/water_cluster/pbe0dz/test30/coloumb/test30_6_13.sh to Slurm scheduler
water_cluster/pbe0dz/test30/coloumb
2182/76651 = submitted job /home/boittier/homeb/water_cluster/pbe0dz/test30/coloumb/test30_6_14.sh to Slurm scheduler
water_cluster/pbe0dz/test30/coloumb
2183/76651 = submitted job /home/boittier/homeb/water_cluster/pbe0dz/test30/coloumb/test30_6_15.sh to Slurm scheduler
water_cluster/pbe0dz/test30/coloumb
2184/76651 = submitted job /home/boittier/homeb/water_cluster/pbe0dz/test30/coloumb/test30_6_16.sh to Slurm scheduler
water_cluster/pbe0dz/test30/coloumb
2185/76651 = submitted job /home/boittier/homeb/water_cluster/pbe0dz/test30/coloumb/test30_6_17.sh to Slurm scheduler
water_cluster/pbe0dz/test30/coloumb
2186/76651 = submitted job /home/boittier/homeb/water_cluster/pbe0dz/test30/coloumb/test30_6_18.sh to Slurm scheduler
water_cluster/pbe0dz/test30/coloumb
2187/76651 = submitted job /home/boittier/homeb/water_cluster/pbe0dz/test30/coloumb/test30_6_19.sh to Slurm scheduler
water_cluster/pbe0dz/test30/coloumb
2188/76651 = submitted job /home/boittier/homeb/water_cluster/pbe0dz/test30/coloumb/test30_6_20.sh to Slurm scheduler
water_cluster/pbe0dz/test30/coloumb
2189/76651 = submitted job /home/boittier/homeb/water_cluster/pbe0dz/test30/coloumb/test30_7_8.sh to Slurm scheduler
water_cluster/pbe0dz/test30/coloumb
2190/76651 = submitted job /home/boittier/homeb/water_cluster/pbe0dz/test30/coloumb/test30_7_9.sh to Slurm scheduler
water_cluster/pbe0dz/test30/coloumb
2191/76651 = submitted job /home/boittier/homeb/water_cluster/pbe0dz/test30/coloumb/test30_7_10.sh to Slurm scheduler
water_cluster/pbe0dz/test30/coloumb
2192/76651 = submitted job /home/boittier/homeb/water_cluster/pbe0dz/test30/coloumb/test30_7_11.sh to Slurm scheduler
water_cluster/pbe0dz/test30/coloumb
2193/76651 = submitted job /home/boittier/homeb/water_cluster/pbe0dz/test30/coloumb/test30_7_12.sh to Slurm scheduler
water_cluster/pbe0dz/test30/coloumb
2194/76651 = submitted job /home/boittier/homeb/water_cluster/pbe0dz/test30/coloumb/test30_7_13.sh to Slurm scheduler
water_cluster/pbe0dz/test30/coloumb
2195/76651 = submitted job /home/boittier/homeb/water_cluster/pbe0dz/test30/coloumb/test30_7_14.sh to Slurm scheduler
water_cluster/pbe0dz/test30/coloumb
2196/76651 = submitted job /home/boittier/homeb/water_cluster/pbe0dz/test30/coloumb/test30_7_15.sh to Slurm scheduler
water_cluster/pbe0dz/test30/coloumb
2197/76651 = submitted job /home/boittier/homeb/water_cluster/pbe0dz/test30/coloumb/test30_7_16.sh to Slurm scheduler
water_cluster/pbe0dz/test30/coloumb
2198/76651 = submitted job /home/boittier/homeb/water_cluster/pbe0dz/test30/coloumb/test30_7_17.sh to Slurm scheduler
water_cluster/pbe0dz/test30/coloumb
2199/76651 = submitted job /home/boittier/homeb/water_cluster/pbe0dz/test30/coloumb/test30_7_18.sh to Slurm scheduler
water_cluster/pbe0dz/test30/coloumb
2200/76651 = submitted job /home/boittier/homeb/water_cluster/pbe0dz/test30/coloumb/test30_7_19.sh to Slurm scheduler
water_cluster/pbe0dz/test30/coloumb
2201/76651 = submitted job /home/boittier/homeb/water_cluster/pbe0dz/test30/coloumb/test30_7_20.sh to Slurm scheduler
water_cluster/pbe0dz/test30/coloumb
2202/76651 = submitted job /home/boittier/homeb/water_cluster/pbe0dz/test30/coloumb/test30_8_9.sh to Slurm scheduler
water_cluster/pbe0dz/test30/coloumb
2203/76651 = submitted job /home/boittier/homeb/water_cluster/pbe0dz/test30/coloumb/test30_8_10.sh to Slurm scheduler
water_cluster/pbe0dz/test30/coloumb
2204/76651 = submitted job /home/boittier/homeb/water_cluster/pbe0dz/test30/coloumb/test30_8_11.sh to Slurm scheduler
water_cluster/pbe0dz/test30/coloumb
2205/76651 = submitted job /home/boittier/homeb/water_cluster/pbe0dz/test30/coloumb/test30_8_12.sh to Slurm scheduler
water_cluster/pbe0dz/test30/coloumb
2206/76651 = submitted job /home/boittier/homeb/water_cluster/pbe0dz/test30/coloumb/test30_8_13.sh to Slurm scheduler
water_cluster/pbe0dz/test30/coloumb
2207/76651 = submitted job /home/boittier/homeb/water_cluster/pbe0dz/test30/coloumb/test30_8_14.sh to Slurm scheduler
water_cluster/pbe0dz/test30/coloumb
2208/76651 = submitted job /home/boittier/homeb/water_cluster/pbe0dz/test30/coloumb/test30_8_15.sh to Slurm scheduler
water_cluster/pbe0dz/test30/coloumb
2209/76651 = submitted job /home/boittier/homeb/water_cluster/pbe0dz/test30/coloumb/test30_8_16.sh to Slurm scheduler
water_cluster/pbe0dz/test30/coloumb
2210/76651 = submitted job /home/boittier/homeb/water_cluster/pbe0dz/test30/coloumb/test30_8_17.sh to Slurm scheduler
water_cluster/pbe0dz/test30/coloumb
2211/76651 = submitted job /home/boittier/homeb/water_cluster/pbe0dz/test30/coloumb/test30_8_18.sh to Slurm scheduler
water_cluster/pbe0dz/test30/coloumb
2212/76651 = submitted job /home/boittier/homeb/water_cluster/pbe0dz/test30/coloumb/test30_8_19.sh to Slurm scheduler
water_cluster/pbe0dz/test30/coloumb
2213/76651 = submitted job /home/boittier/homeb/water_cluster/pbe0dz/test30/coloumb/test30_8_20.sh to Slurm scheduler
water_cluster/pbe0dz/test30/coloumb
2214/76651 = submitted job /home/boittier/homeb/water_cluster/pbe0dz/test30/coloumb/test30_9_10.sh to Slurm scheduler
water_cluster/pbe0dz/test30/coloumb
2215/76651 = submitted job /home/boittier/homeb/water_cluster/pbe0dz/test30/coloumb/test30_9_11.sh to Slurm scheduler
water_cluster/pbe0dz/test30/coloumb
2216/76651 = submitted job /home/boittier/homeb/water_cluster/pbe0dz/test30/coloumb/test30_9_12.sh to Slurm scheduler
water_cluster/pbe0dz/test30/coloumb
2217/76651 = submitted job /home/boittier/homeb/water_cluster/pbe0dz/test30/coloumb/test30_9_13.sh to Slurm scheduler
water_cluster/pbe0dz/test30/coloumb
2218/76651 = submitted job /home/boittier/homeb/water_cluster/pbe0dz/test30/coloumb/test30_9_14.sh to Slurm scheduler
water_cluster/pbe0dz/test30/coloumb
2219/76651 = submitted job /home/boittier/homeb/water_cluster/pbe0dz/test30/coloumb/test30_9_15.sh to Slurm scheduler
water_cluster/pbe0dz/test30/coloumb
2220/76651 = submitted job /home/boittier/homeb/water_cluster/pbe0dz/test30/coloumb/test30_9_16.sh to Slurm scheduler
water_cluster/pbe0dz/test30/coloumb
2221/76651 = submitted job /home/boittier/homeb/water_cluster/pbe0dz/test30/coloumb/test30_9_17.sh to Slurm scheduler
water_cluster/pbe0dz/test30/coloumb
2222/76651 = submitted job /home/boittier/homeb/water_cluster/pbe0dz/test30/coloumb/test30_9_18.sh to Slurm scheduler
water_cluster/pbe0dz/test30/coloumb
2223/76651 = submitted job /home/boittier/homeb/water_cluster/pbe0dz/test30/coloumb/test30_9_19.sh to Slurm scheduler
water_cluster/pbe0dz/test30/coloumb
2224/76651 = submitted job /home/boittier/homeb/water_cluster/pbe0dz/test30/coloumb/test30_9_20.sh to Slurm scheduler
water_cluster/pbe0dz/test30/coloumb
2225/76651 = submitted job /home/boittier/homeb/water_cluster/pbe0dz/test30/coloumb/test30_10_11.sh to Slurm scheduler
water_cluster/pbe0dz/test30/coloumb
2226/76651 = submitted job /home/boittier/homeb/water_cluster/pbe0dz/test30/coloumb/test30_10_12.sh to Slurm scheduler
water_cluster/pbe0dz/test30/coloumb
2227/76651 = submitted job /home/boittier/homeb/water_cluster/pbe0dz/test30/coloumb/test30_10_13.sh to Slurm scheduler
water_cluster/pbe0dz/test30/coloumb
2228/76651 = submitted job /home/boittier/homeb/water_cluster/pbe0dz/test30/coloumb/test30_10_14.sh to Slurm scheduler
water_cluster/pbe0dz/test30/coloumb
2229/76651 = submitted job /home/boittier/homeb/water_cluster/pbe0dz/test30/coloumb/test30_10_15.sh to Slurm scheduler
water_cluster/pbe0dz/test30/coloumb
2230/76651 = submitted job /home/boittier/homeb/water_cluster/pbe0dz/test30/coloumb/test30_10_16.sh to Slurm scheduler
water_cluster/pbe0dz/test30/coloumb
2231/76651 = submitted job /home/boittier/homeb/water_cluster/pbe0dz/test30/coloumb/test30_10_17.sh to Slurm scheduler
water_cluster/pbe0dz/test30/coloumb
2232/76651 = submitted job /home/boittier/homeb/water_cluster/pbe0dz/test30/coloumb/test30_10_18.sh to Slurm scheduler
water_cluster/pbe0dz/test30/coloumb
2233/76651 = submitted job /home/boittier/homeb/water_cluster/pbe0dz/test30/coloumb/test30_10_19.sh to Slurm scheduler
water_cluster/pbe0dz/test30/coloumb
2234/76651 = submitted job /home/boittier/homeb/water_cluster/pbe0dz/test30/coloumb/test30_10_20.sh to Slurm scheduler
water_cluster/pbe0dz/test30/coloumb
2235/76651 = submitted job /home/boittier/homeb/water_cluster/pbe0dz/test30/coloumb/test30_11_12.sh to Slurm scheduler
water_cluster/pbe0dz/test30/coloumb
2236/76651 = submitted job /home/boittier/homeb/water_cluster/pbe0dz/test30/coloumb/test30_11_13.sh to Slurm scheduler
water_cluster/pbe0dz/test30/coloumb
2237/76651 = submitted job /home/boittier/homeb/water_cluster/pbe0dz/test30/coloumb/test30_11_14.sh to Slurm scheduler
water_cluster/pbe0dz/test30/coloumb
2238/76651 = submitted job /home/boittier/homeb/water_cluster/pbe0dz/test30/coloumb/test30_11_15.sh to Slurm scheduler
water_cluster/pbe0dz/test30/coloumb
2239/76651 = submitted job /home/boittier/homeb/water_cluster/pbe0dz/test30/coloumb/test30_11_16.sh to Slurm scheduler
water_cluster/pbe0dz/test30/coloumb
2240/76651 = submitted job /home/boittier/homeb/water_cluster/pbe0dz/test30/coloumb/test30_11_17.sh to Slurm scheduler
water_cluster/pbe0dz/test30/coloumb
2241/76651 = submitted job /home/boittier/homeb/water_cluster/pbe0dz/test30/coloumb/test30_11_18.sh to Slurm scheduler
water_cluster/pbe0dz/test30/coloumb
2242/76651 = submitted job /home/boittier/homeb/water_cluster/pbe0dz/test30/coloumb/test30_11_19.sh to Slurm scheduler
water_cluster/pbe0dz/test30/coloumb
2243/76651 = submitted job /home/boittier/homeb/water_cluster/pbe0dz/test30/coloumb/test30_11_20.sh to Slurm scheduler
water_cluster/pbe0dz/test30/coloumb
2244/76651 = submitted job /home/boittier/homeb/water_cluster/pbe0dz/test30/coloumb/test30_12_13.sh to Slurm scheduler
water_cluster/pbe0dz/test30/coloumb
2245/76651 = submitted job /home/boittier/homeb/water_cluster/pbe0dz/test30/coloumb/test30_12_14.sh to Slurm scheduler
water_cluster/pbe0dz/test30/coloumb
2246/76651 = submitted job /home/boittier/homeb/water_cluster/pbe0dz/test30/coloumb/test30_12_15.sh to Slurm scheduler
water_cluster/pbe0dz/test30/coloumb
2247/76651 = submitted job /home/boittier/homeb/water_cluster/pbe0dz/test30/coloumb/test30_12_16.sh to Slurm scheduler
water_cluster/pbe0dz/test30/coloumb
2248/76651 = submitted job /home/boittier/homeb/water_cluster/pbe0dz/test30/coloumb/test30_12_17.sh to Slurm scheduler
water_cluster/pbe0dz/test30/coloumb
2249/76651 = submitted job /home/boittier/homeb/water_cluster/pbe0dz/test30/coloumb/test30_12_18.sh to Slurm scheduler
water_cluster/pbe0dz/test30/coloumb
2250/76651 = submitted job /home/boittier/homeb/water_cluster/pbe0dz/test30/coloumb/test30_12_19.sh to Slurm scheduler
water_cluster/pbe0dz/test30/coloumb
2251/76651 = submitted job /home/boittier/homeb/water_cluster/pbe0dz/test30/coloumb/test30_12_20.sh to Slurm scheduler
water_cluster/pbe0dz/test30/coloumb
2252/76651 = submitted job /home/boittier/homeb/water_cluster/pbe0dz/test30/coloumb/test30_13_14.sh to Slurm scheduler
water_cluster/pbe0dz/test30/coloumb
2253/76651 = submitted job /home/boittier/homeb/water_cluster/pbe0dz/test30/coloumb/test30_13_15.sh to Slurm scheduler
water_cluster/pbe0dz/test30/coloumb
2254/76651 = submitted job /home/boittier/homeb/water_cluster/pbe0dz/test30/coloumb/test30_13_16.sh to Slurm scheduler
water_cluster/pbe0dz/test30/coloumb
2255/76651 = submitted job /home/boittier/homeb/water_cluster/pbe0dz/test30/coloumb/test30_13_17.sh to Slurm scheduler
water_cluster/pbe0dz/test30/coloumb
2256/76651 = submitted job /home/boittier/homeb/water_cluster/pbe0dz/test30/coloumb/test30_13_18.sh to Slurm scheduler
water_cluster/pbe0dz/test30/coloumb
2257/76651 = submitted job /home/boittier/homeb/water_cluster/pbe0dz/test30/coloumb/test30_13_19.sh to Slurm scheduler
water_cluster/pbe0dz/test30/coloumb
2258/76651 = submitted job /home/boittier/homeb/water_cluster/pbe0dz/test30/coloumb/test30_13_20.sh to Slurm scheduler
water_cluster/pbe0dz/test30/coloumb
2259/76651 = submitted job /home/boittier/homeb/water_cluster/pbe0dz/test30/coloumb/test30_14_15.sh to Slurm scheduler
water_cluster/pbe0dz/test30/coloumb
2260/76651 = submitted job /home/boittier/homeb/water_cluster/pbe0dz/test30/coloumb/test30_14_16.sh to Slurm scheduler
water_cluster/pbe0dz/test30/coloumb
2261/76651 = submitted job /home/boittier/homeb/water_cluster/pbe0dz/test30/coloumb/test30_14_17.sh to Slurm scheduler
water_cluster/pbe0dz/test30/coloumb
2262/76651 = submitted job /home/boittier/homeb/water_cluster/pbe0dz/test30/coloumb/test30_14_18.sh to Slurm scheduler
water_cluster/pbe0dz/test30/coloumb
2263/76651 = submitted job /home/boittier/homeb/water_cluster/pbe0dz/test30/coloumb/test30_14_19.sh to Slurm scheduler
water_cluster/pbe0dz/test30/coloumb
2264/76651 = submitted job /home/boittier/homeb/water_cluster/pbe0dz/test30/coloumb/test30_14_20.sh to Slurm scheduler
water_cluster/pbe0dz/test30/coloumb
2265/76651 = submitted job /home/boittier/homeb/water_cluster/pbe0dz/test30/coloumb/test30_15_16.sh to Slurm scheduler
water_cluster/pbe0dz/test30/coloumb
2266/76651 = submitted job /home/boittier/homeb/water_cluster/pbe0dz/test30/coloumb/test30_15_17.sh to Slurm scheduler
water_cluster/pbe0dz/test30/coloumb
2267/76651 = submitted job /home/boittier/homeb/water_cluster/pbe0dz/test30/coloumb/test30_15_18.sh to Slurm scheduler
water_cluster/pbe0dz/test30/coloumb
2268/76651 = submitted job /home/boittier/homeb/water_cluster/pbe0dz/test30/coloumb/test30_15_19.sh to Slurm scheduler
water_cluster/pbe0dz/test30/coloumb
2269/76651 = submitted job /home/boittier/homeb/water_cluster/pbe0dz/test30/coloumb/test30_15_20.sh to Slurm scheduler
water_cluster/pbe0dz/test30/coloumb
2270/76651 = submitted job /home/boittier/homeb/water_cluster/pbe0dz/test30/coloumb/test30_16_17.sh to Slurm scheduler
water_cluster/pbe0dz/test30/coloumb
2271/76651 = submitted job /home/boittier/homeb/water_cluster/pbe0dz/test30/coloumb/test30_16_18.sh to Slurm scheduler
water_cluster/pbe0dz/test30/coloumb
2272/76651 = submitted job /home/boittier/homeb/water_cluster/pbe0dz/test30/coloumb/test30_16_19.sh to Slurm scheduler
water_cluster/pbe0dz/test30/coloumb
2273/76651 = submitted job /home/boittier/homeb/water_cluster/pbe0dz/test30/coloumb/test30_16_20.sh to Slurm scheduler
water_cluster/pbe0dz/test30/coloumb
2274/76651 = submitted job /home/boittier/homeb/water_cluster/pbe0dz/test30/coloumb/test30_17_18.sh to Slurm scheduler
water_cluster/pbe0dz/test30/coloumb
2275/76651 = submitted job /home/boittier/homeb/water_cluster/pbe0dz/test30/coloumb/test30_17_19.sh to Slurm scheduler
water_cluster/pbe0dz/test30/coloumb
2276/76651 = submitted job /home/boittier/homeb/water_cluster/pbe0dz/test30/coloumb/test30_17_20.sh to Slurm scheduler
water_cluster/pbe0dz/test30/coloumb
2277/76651 = submitted job /home/boittier/homeb/water_cluster/pbe0dz/test30/coloumb/test30_18_19.sh to Slurm scheduler
water_cluster/pbe0dz/test30/coloumb
2278/76651 = submitted job /home/boittier/homeb/water_cluster/pbe0dz/test30/coloumb/test30_18_20.sh to Slurm scheduler
water_cluster/pbe0dz/test30/coloumb
2279/76651 = submitted job /home/boittier/homeb/water_cluster/pbe0dz/test30/coloumb/test30_19_20.sh to Slurm scheduler
water_cluster/pbe0dz/test274/coloumb
2280/76651 = submitted job /home/boittier/homeb/water_cluster/pbe0dz/test274/coloumb/test274_1_2.sh to Slurm scheduler
water_cluster/pbe0dz/test274/coloumb
2281/76651 = submitted job /home/boittier/homeb/water_cluster/pbe0dz/test274/coloumb/test274_1_3.sh to Slurm scheduler
water_cluster/pbe0dz/test274/coloumb
2282/76651 = submitted job /home/boittier/homeb/water_cluster/pbe0dz/test274/coloumb/test274_1_4.sh to Slurm scheduler
water_cluster/pbe0dz/test274/coloumb
2283/76651 = submitted job /home/boittier/homeb/water_cluster/pbe0dz/test274/coloumb/test274_1_5.sh to Slurm scheduler
water_cluster/pbe0dz/test274/coloumb
2284/76651 = submitted job /home/boittier/homeb/water_cluster/pbe0dz/test274/coloumb/test274_1_6.sh to Slurm scheduler
water_cluster/pbe0dz/test274/coloumb
2285/76651 = submitted job /home/boittier/homeb/water_cluster/pbe0dz/test274/coloumb/test274_1_7.sh to Slurm scheduler
water_cluster/pbe0dz/test274/coloumb
2286/76651 = submitted job /home/boittier/homeb/water_cluster/pbe0dz/test274/coloumb/test274_1_8.sh to Slurm scheduler
water_cluster/pbe0dz/test274/coloumb
2287/76651 = submitted job /home/boittier/homeb/water_cluster/pbe0dz/test274/coloumb/test274_1_9.sh to Slurm scheduler
water_cluster/pbe0dz/test274/coloumb
2288/76651 = submitted job /home/boittier/homeb/water_cluster/pbe0dz/test274/coloumb/test274_1_10.sh to Slurm scheduler
water_cluster/pbe0dz/test274/coloumb
2289/76651 = submitted job /home/boittier/homeb/water_cluster/pbe0dz/test274/coloumb/test274_1_11.sh to Slurm scheduler
water_cluster/pbe0dz/test274/coloumb
2290/76651 = submitted job /home/boittier/homeb/water_cluster/pbe0dz/test274/coloumb/test274_1_12.sh to Slurm scheduler
water_cluster/pbe0dz/test274/coloumb
2291/76651 = submitted job /home/boittier/homeb/water_cluster/pbe0dz/test274/coloumb/test274_1_13.sh to Slurm scheduler
water_cluster/pbe0dz/test274/coloumb
2292/76651 = submitted job /home/boittier/homeb/water_cluster/pbe0dz/test274/coloumb/test274_1_14.sh to Slurm scheduler
water_cluster/pbe0dz/test274/coloumb
2293/76651 = submitted job /home/boittier/homeb/water_cluster/pbe0dz/test274/coloumb/test274_1_15.sh to Slurm scheduler
water_cluster/pbe0dz/test274/coloumb
2294/76651 = submitted job /home/boittier/homeb/water_cluster/pbe0dz/test274/coloumb/test274_1_16.sh to Slurm scheduler
water_cluster/pbe0dz/test274/coloumb
2295/76651 = submitted job /home/boittier/homeb/water_cluster/pbe0dz/test274/coloumb/test274_1_17.sh to Slurm scheduler
water_cluster/pbe0dz/test274/coloumb
2296/76651 = submitted job /home/boittier/homeb/water_cluster/pbe0dz/test274/coloumb/test274_1_18.sh to Slurm scheduler
water_cluster/pbe0dz/test274/coloumb
2297/76651 = submitted job /home/boittier/homeb/water_cluster/pbe0dz/test274/coloumb/test274_1_19.sh to Slurm scheduler
water_cluster/pbe0dz/test274/coloumb
2298/76651 = submitted job /home/boittier/homeb/water_cluster/pbe0dz/test274/coloumb/test274_1_20.sh to Slurm scheduler
water_cluster/pbe0dz/test274/coloumb
2299/76651 = submitted job /home/boittier/homeb/water_cluster/pbe0dz/test274/coloumb/test274_2_3.sh to Slurm scheduler
water_cluster/pbe0dz/test274/coloumb
2300/76651 = submitted job /home/boittier/homeb/water_cluster/pbe0dz/test274/coloumb/test274_2_4.sh to Slurm scheduler
water_cluster/pbe0dz/test274/coloumb
2301/76651 = submitted job /home/boittier/homeb/water_cluster/pbe0dz/test274/coloumb/test274_2_5.sh to Slurm scheduler
water_cluster/pbe0dz/test274/coloumb
2302/76651 = submitted job /home/boittier/homeb/water_cluster/pbe0dz/test274/coloumb/test274_2_6.sh to Slurm scheduler
water_cluster/pbe0dz/test274/coloumb
2303/76651 = submitted job /home/boittier/homeb/water_cluster/pbe0dz/test274/coloumb/test274_2_7.sh to Slurm scheduler
water_cluster/pbe0dz/test274/coloumb
2304/76651 = submitted job /home/boittier/homeb/water_cluster/pbe0dz/test274/coloumb/test274_2_8.sh to Slurm scheduler
water_cluster/pbe0dz/test274/coloumb
2305/76651 = submitted job /home/boittier/homeb/water_cluster/pbe0dz/test274/coloumb/test274_2_9.sh to Slurm scheduler
water_cluster/pbe0dz/test274/coloumb
2306/76651 = submitted job /home/boittier/homeb/water_cluster/pbe0dz/test274/coloumb/test274_2_10.sh to Slurm scheduler
water_cluster/pbe0dz/test274/coloumb
2307/76651 = submitted job /home/boittier/homeb/water_cluster/pbe0dz/test274/coloumb/test274_2_11.sh to Slurm scheduler
water_cluster/pbe0dz/test274/coloumb
2308/76651 = submitted job /home/boittier/homeb/water_cluster/pbe0dz/test274/coloumb/test274_2_12.sh to Slurm scheduler
water_cluster/pbe0dz/test274/coloumb
2309/76651 = submitted job /home/boittier/homeb/water_cluster/pbe0dz/test274/coloumb/test274_2_13.sh to Slurm scheduler
water_cluster/pbe0dz/test274/coloumb
2310/76651 = submitted job /home/boittier/homeb/water_cluster/pbe0dz/test274/coloumb/test274_2_14.sh to Slurm scheduler
water_cluster/pbe0dz/test274/coloumb
2311/76651 = submitted job /home/boittier/homeb/water_cluster/pbe0dz/test274/coloumb/test274_2_15.sh to Slurm scheduler
water_cluster/pbe0dz/test274/coloumb
2312/76651 = submitted job /home/boittier/homeb/water_cluster/pbe0dz/test274/coloumb/test274_2_16.sh to Slurm scheduler
water_cluster/pbe0dz/test274/coloumb
2313/76651 = submitted job /home/boittier/homeb/water_cluster/pbe0dz/test274/coloumb/test274_2_17.sh to Slurm scheduler
water_cluster/pbe0dz/test274/coloumb
2314/76651 = submitted job /home/boittier/homeb/water_cluster/pbe0dz/test274/coloumb/test274_2_18.sh to Slurm scheduler
water_cluster/pbe0dz/test274/coloumb
2315/76651 = submitted job /home/boittier/homeb/water_cluster/pbe0dz/test274/coloumb/test274_2_19.sh to Slurm scheduler
water_cluster/pbe0dz/test274/coloumb
2316/76651 = submitted job /home/boittier/homeb/water_cluster/pbe0dz/test274/coloumb/test274_2_20.sh to Slurm scheduler
water_cluster/pbe0dz/test274/coloumb
2317/76651 = submitted job /home/boittier/homeb/water_cluster/pbe0dz/test274/coloumb/test274_3_4.sh to Slurm scheduler
water_cluster/pbe0dz/test274/coloumb
2318/76651 = submitted job /home/boittier/homeb/water_cluster/pbe0dz/test274/coloumb/test274_3_5.sh to Slurm scheduler
water_cluster/pbe0dz/test274/coloumb
2319/76651 = submitted job /home/boittier/homeb/water_cluster/pbe0dz/test274/coloumb/test274_3_6.sh to Slurm scheduler
water_cluster/pbe0dz/test274/coloumb
2320/76651 = submitted job /home/boittier/homeb/water_cluster/pbe0dz/test274/coloumb/test274_3_7.sh to Slurm scheduler
water_cluster/pbe0dz/test274/coloumb
2321/76651 = submitted job /home/boittier/homeb/water_cluster/pbe0dz/test274/coloumb/test274_3_8.sh to Slurm scheduler
water_cluster/pbe0dz/test274/coloumb
2322/76651 = submitted job /home/boittier/homeb/water_cluster/pbe0dz/test274/coloumb/test274_3_9.sh to Slurm scheduler
water_cluster/pbe0dz/test274/coloumb
2323/76651 = submitted job /home/boittier/homeb/water_cluster/pbe0dz/test274/coloumb/test274_3_10.sh to Slurm scheduler
water_cluster/pbe0dz/test274/coloumb
2324/76651 = submitted job /home/boittier/homeb/water_cluster/pbe0dz/test274/coloumb/test274_3_11.sh to Slurm scheduler
water_cluster/pbe0dz/test274/coloumb
2325/76651 = submitted job /home/boittier/homeb/water_cluster/pbe0dz/test274/coloumb/test274_3_12.sh to Slurm scheduler
water_cluster/pbe0dz/test274/coloumb
2326/76651 = submitted job /home/boittier/homeb/water_cluster/pbe0dz/test274/coloumb/test274_3_13.sh to Slurm scheduler
water_cluster/pbe0dz/test274/coloumb
2327/76651 = submitted job /home/boittier/homeb/water_cluster/pbe0dz/test274/coloumb/test274_3_14.sh to Slurm scheduler
water_cluster/pbe0dz/test274/coloumb
2328/76651 = submitted job /home/boittier/homeb/water_cluster/pbe0dz/test274/coloumb/test274_3_15.sh to Slurm scheduler
water_cluster/pbe0dz/test274/coloumb
2329/76651 = submitted job /home/boittier/homeb/water_cluster/pbe0dz/test274/coloumb/test274_3_16.sh to Slurm scheduler
water_cluster/pbe0dz/test274/coloumb
2330/76651 = submitted job /home/boittier/homeb/water_cluster/pbe0dz/test274/coloumb/test274_3_17.sh to Slurm scheduler
water_cluster/pbe0dz/test274/coloumb
2331/76651 = submitted job /home/boittier/homeb/water_cluster/pbe0dz/test274/coloumb/test274_3_18.sh to Slurm scheduler
water_cluster/pbe0dz/test274/coloumb
2332/76651 = submitted job /home/boittier/homeb/water_cluster/pbe0dz/test274/coloumb/test274_3_19.sh to Slurm scheduler
water_cluster/pbe0dz/test274/coloumb
2333/76651 = submitted job /home/boittier/homeb/water_cluster/pbe0dz/test274/coloumb/test274_3_20.sh to Slurm scheduler
water_cluster/pbe0dz/test274/coloumb
2334/76651 = submitted job /home/boittier/homeb/water_cluster/pbe0dz/test274/coloumb/test274_4_5.sh to Slurm scheduler
water_cluster/pbe0dz/test274/coloumb
2335/76651 = submitted job /home/boittier/homeb/water_cluster/pbe0dz/test274/coloumb/test274_4_6.sh to Slurm scheduler
water_cluster/pbe0dz/test274/coloumb
2336/76651 = submitted job /home/boittier/homeb/water_cluster/pbe0dz/test274/coloumb/test274_4_7.sh to Slurm scheduler
water_cluster/pbe0dz/test274/coloumb
2337/76651 = submitted job /home/boittier/homeb/water_cluster/pbe0dz/test274/coloumb/test274_4_8.sh to Slurm scheduler
water_cluster/pbe0dz/test274/coloumb
2338/76651 = submitted job /home/boittier/homeb/water_cluster/pbe0dz/test274/coloumb/test274_4_9.sh to Slurm scheduler
water_cluster/pbe0dz/test274/coloumb
2339/76651 = submitted job /home/boittier/homeb/water_cluster/pbe0dz/test274/coloumb/test274_4_10.sh to Slurm scheduler
water_cluster/pbe0dz/test274/coloumb
2340/76651 = submitted job /home/boittier/homeb/water_cluster/pbe0dz/test274/coloumb/test274_4_11.sh to Slurm scheduler
water_cluster/pbe0dz/test274/coloumb
2341/76651 = submitted job /home/boittier/homeb/water_cluster/pbe0dz/test274/coloumb/test274_4_12.sh to Slurm scheduler
water_cluster/pbe0dz/test274/coloumb
2342/76651 = submitted job /home/boittier/homeb/water_cluster/pbe0dz/test274/coloumb/test274_4_13.sh to Slurm scheduler
water_cluster/pbe0dz/test274/coloumb
2343/76651 = submitted job /home/boittier/homeb/water_cluster/pbe0dz/test274/coloumb/test274_4_14.sh to Slurm scheduler
water_cluster/pbe0dz/test274/coloumb
2344/76651 = submitted job /home/boittier/homeb/water_cluster/pbe0dz/test274/coloumb/test274_4_15.sh to Slurm scheduler
water_cluster/pbe0dz/test274/coloumb
2345/76651 = submitted job /home/boittier/homeb/water_cluster/pbe0dz/test274/coloumb/test274_4_16.sh to Slurm scheduler
water_cluster/pbe0dz/test274/coloumb
2346/76651 = submitted job /home/boittier/homeb/water_cluster/pbe0dz/test274/coloumb/test274_4_17.sh to Slurm scheduler
water_cluster/pbe0dz/test274/coloumb
2347/76651 = submitted job /home/boittier/homeb/water_cluster/pbe0dz/test274/coloumb/test274_4_18.sh to Slurm scheduler
water_cluster/pbe0dz/test274/coloumb
2348/76651 = submitted job /home/boittier/homeb/water_cluster/pbe0dz/test274/coloumb/test274_4_19.sh to Slurm scheduler
water_cluster/pbe0dz/test274/coloumb
2349/76651 = submitted job /home/boittier/homeb/water_cluster/pbe0dz/test274/coloumb/test274_4_20.sh to Slurm scheduler
water_cluster/pbe0dz/test274/coloumb
2350/76651 = submitted job /home/boittier/homeb/water_cluster/pbe0dz/test274/coloumb/test274_5_6.sh to Slurm scheduler
water_cluster/pbe0dz/test274/coloumb
2351/76651 = submitted job /home/boittier/homeb/water_cluster/pbe0dz/test274/coloumb/test274_5_7.sh to Slurm scheduler
water_cluster/pbe0dz/test274/coloumb
2352/76651 = submitted job /home/boittier/homeb/water_cluster/pbe0dz/test274/coloumb/test274_5_8.sh to Slurm scheduler
water_cluster/pbe0dz/test274/coloumb
2353/76651 = submitted job /home/boittier/homeb/water_cluster/pbe0dz/test274/coloumb/test274_5_9.sh to Slurm scheduler
water_cluster/pbe0dz/test274/coloumb
2354/76651 = submitted job /home/boittier/homeb/water_cluster/pbe0dz/test274/coloumb/test274_5_10.sh to Slurm scheduler
water_cluster/pbe0dz/test274/coloumb
2355/76651 = submitted job /home/boittier/homeb/water_cluster/pbe0dz/test274/coloumb/test274_5_11.sh to Slurm scheduler
water_cluster/pbe0dz/test274/coloumb
2356/76651 = submitted job /home/boittier/homeb/water_cluster/pbe0dz/test274/coloumb/test274_5_12.sh to Slurm scheduler
water_cluster/pbe0dz/test274/coloumb
2357/76651 = submitted job /home/boittier/homeb/water_cluster/pbe0dz/test274/coloumb/test274_5_13.sh to Slurm scheduler
water_cluster/pbe0dz/test274/coloumb
2358/76651 = submitted job /home/boittier/homeb/water_cluster/pbe0dz/test274/coloumb/test274_5_14.sh to Slurm scheduler
water_cluster/pbe0dz/test274/coloumb
2359/76651 = submitted job /home/boittier/homeb/water_cluster/pbe0dz/test274/coloumb/test274_5_15.sh to Slurm scheduler
water_cluster/pbe0dz/test274/coloumb
2360/76651 = submitted job /home/boittier/homeb/water_cluster/pbe0dz/test274/coloumb/test274_5_16.sh to Slurm scheduler
water_cluster/pbe0dz/test274/coloumb
2361/76651 = submitted job /home/boittier/homeb/water_cluster/pbe0dz/test274/coloumb/test274_5_17.sh to Slurm scheduler
water_cluster/pbe0dz/test274/coloumb
2362/76651 = submitted job /home/boittier/homeb/water_cluster/pbe0dz/test274/coloumb/test274_5_18.sh to Slurm scheduler
water_cluster/pbe0dz/test274/coloumb
2363/76651 = submitted job /home/boittier/homeb/water_cluster/pbe0dz/test274/coloumb/test274_5_19.sh to Slurm scheduler
water_cluster/pbe0dz/test274/coloumb
2364/76651 = submitted job /home/boittier/homeb/water_cluster/pbe0dz/test274/coloumb/test274_5_20.sh to Slurm scheduler
water_cluster/pbe0dz/test274/coloumb
2365/76651 = submitted job /home/boittier/homeb/water_cluster/pbe0dz/test274/coloumb/test274_6_7.sh to Slurm scheduler
water_cluster/pbe0dz/test274/coloumb
2366/76651 = submitted job /home/boittier/homeb/water_cluster/pbe0dz/test274/coloumb/test274_6_8.sh to Slurm scheduler
water_cluster/pbe0dz/test274/coloumb
2367/76651 = submitted job /home/boittier/homeb/water_cluster/pbe0dz/test274/coloumb/test274_6_9.sh to Slurm scheduler
water_cluster/pbe0dz/test274/coloumb
2368/76651 = submitted job /home/boittier/homeb/water_cluster/pbe0dz/test274/coloumb/test274_6_10.sh to Slurm scheduler
water_cluster/pbe0dz/test274/coloumb
2369/76651 = submitted job /home/boittier/homeb/water_cluster/pbe0dz/test274/coloumb/test274_6_11.sh to Slurm scheduler
water_cluster/pbe0dz/test274/coloumb
2370/76651 = submitted job /home/boittier/homeb/water_cluster/pbe0dz/test274/coloumb/test274_6_12.sh to Slurm scheduler
water_cluster/pbe0dz/test274/coloumb
2371/76651 = submitted job /home/boittier/homeb/water_cluster/pbe0dz/test274/coloumb/test274_6_13.sh to Slurm scheduler
water_cluster/pbe0dz/test274/coloumb
2372/76651 = submitted job /home/boittier/homeb/water_cluster/pbe0dz/test274/coloumb/test274_6_14.sh to Slurm scheduler
water_cluster/pbe0dz/test274/coloumb
2373/76651 = submitted job /home/boittier/homeb/water_cluster/pbe0dz/test274/coloumb/test274_6_15.sh to Slurm scheduler
water_cluster/pbe0dz/test274/coloumb
2374/76651 = submitted job /home/boittier/homeb/water_cluster/pbe0dz/test274/coloumb/test274_6_16.sh to Slurm scheduler
water_cluster/pbe0dz/test274/coloumb
2375/76651 = submitted job /home/boittier/homeb/water_cluster/pbe0dz/test274/coloumb/test274_6_17.sh to Slurm scheduler
water_cluster/pbe0dz/test274/coloumb
2376/76651 = submitted job /home/boittier/homeb/water_cluster/pbe0dz/test274/coloumb/test274_6_18.sh to Slurm scheduler
water_cluster/pbe0dz/test274/coloumb
2377/76651 = submitted job /home/boittier/homeb/water_cluster/pbe0dz/test274/coloumb/test274_6_19.sh to Slurm scheduler
water_cluster/pbe0dz/test274/coloumb
2378/76651 = submitted job /home/boittier/homeb/water_cluster/pbe0dz/test274/coloumb/test274_6_20.sh to Slurm scheduler
water_cluster/pbe0dz/test274/coloumb
2379/76651 = submitted job /home/boittier/homeb/water_cluster/pbe0dz/test274/coloumb/test274_7_8.sh to Slurm scheduler
water_cluster/pbe0dz/test274/coloumb
2380/76651 = submitted job /home/boittier/homeb/water_cluster/pbe0dz/test274/coloumb/test274_7_9.sh to Slurm scheduler
water_cluster/pbe0dz/test274/coloumb
2381/76651 = submitted job /home/boittier/homeb/water_cluster/pbe0dz/test274/coloumb/test274_7_10.sh to Slurm scheduler
water_cluster/pbe0dz/test274/coloumb
2382/76651 = submitted job /home/boittier/homeb/water_cluster/pbe0dz/test274/coloumb/test274_7_11.sh to Slurm scheduler
water_cluster/pbe0dz/test274/coloumb
2383/76651 = submitted job /home/boittier/homeb/water_cluster/pbe0dz/test274/coloumb/test274_7_12.sh to Slurm scheduler
water_cluster/pbe0dz/test274/coloumb
2384/76651 = submitted job /home/boittier/homeb/water_cluster/pbe0dz/test274/coloumb/test274_7_13.sh to Slurm scheduler
water_cluster/pbe0dz/test274/coloumb
2385/76651 = submitted job /home/boittier/homeb/water_cluster/pbe0dz/test274/coloumb/test274_7_14.sh to Slurm scheduler
water_cluster/pbe0dz/test274/coloumb
2386/76651 = submitted job /home/boittier/homeb/water_cluster/pbe0dz/test274/coloumb/test274_7_15.sh to Slurm scheduler
water_cluster/pbe0dz/test274/coloumb
2387/76651 = submitted job /home/boittier/homeb/water_cluster/pbe0dz/test274/coloumb/test274_7_16.sh to Slurm scheduler
water_cluster/pbe0dz/test274/coloumb
2388/76651 = submitted job /home/boittier/homeb/water_cluster/pbe0dz/test274/coloumb/test274_7_17.sh to Slurm scheduler
water_cluster/pbe0dz/test274/coloumb
2389/76651 = submitted job /home/boittier/homeb/water_cluster/pbe0dz/test274/coloumb/test274_7_18.sh to Slurm scheduler
water_cluster/pbe0dz/test274/coloumb
2390/76651 = submitted job /home/boittier/homeb/water_cluster/pbe0dz/test274/coloumb/test274_7_19.sh to Slurm scheduler
water_cluster/pbe0dz/test274/coloumb
2391/76651 = submitted job /home/boittier/homeb/water_cluster/pbe0dz/test274/coloumb/test274_7_20.sh to Slurm scheduler
water_cluster/pbe0dz/test274/coloumb
2392/76651 = submitted job /home/boittier/homeb/water_cluster/pbe0dz/test274/coloumb/test274_8_9.sh to Slurm scheduler
water_cluster/pbe0dz/test274/coloumb
2393/76651 = submitted job /home/boittier/homeb/water_cluster/pbe0dz/test274/coloumb/test274_8_10.sh to Slurm scheduler
water_cluster/pbe0dz/test274/coloumb
2394/76651 = submitted job /home/boittier/homeb/water_cluster/pbe0dz/test274/coloumb/test274_8_11.sh to Slurm scheduler
water_cluster/pbe0dz/test274/coloumb
2395/76651 = submitted job /home/boittier/homeb/water_cluster/pbe0dz/test274/coloumb/test274_8_12.sh to Slurm scheduler
water_cluster/pbe0dz/test274/coloumb
2396/76651 = submitted job /home/boittier/homeb/water_cluster/pbe0dz/test274/coloumb/test274_8_13.sh to Slurm scheduler
water_cluster/pbe0dz/test274/coloumb
2397/76651 = submitted job /home/boittier/homeb/water_cluster/pbe0dz/test274/coloumb/test274_8_14.sh to Slurm scheduler
water_cluster/pbe0dz/test274/coloumb
2398/76651 = submitted job /home/boittier/homeb/water_cluster/pbe0dz/test274/coloumb/test274_8_15.sh to Slurm scheduler
water_cluster/pbe0dz/test274/coloumb
2399/76651 = submitted job /home/boittier/homeb/water_cluster/pbe0dz/test274/coloumb/test274_8_16.sh to Slurm scheduler
water_cluster/pbe0dz/test274/coloumb
2400/76651 = submitted job /home/boittier/homeb/water_cluster/pbe0dz/test274/coloumb/test274_8_17.sh to Slurm scheduler
water_cluster/pbe0dz/test274/coloumb
2401/76651 = submitted job /home/boittier/homeb/water_cluster/pbe0dz/test274/coloumb/test274_8_18.sh to Slurm scheduler
water_cluster/pbe0dz/test274/coloumb
2402/76651 = submitted job /home/boittier/homeb/water_cluster/pbe0dz/test274/coloumb/test274_8_19.sh to Slurm scheduler
water_cluster/pbe0dz/test274/coloumb
2403/76651 = submitted job /home/boittier/homeb/water_cluster/pbe0dz/test274/coloumb/test274_8_20.sh to Slurm scheduler
water_cluster/pbe0dz/test274/coloumb
2404/76651 = submitted job /home/boittier/homeb/water_cluster/pbe0dz/test274/coloumb/test274_9_10.sh to Slurm scheduler
water_cluster/pbe0dz/test274/coloumb
2405/76651 = submitted job /home/boittier/homeb/water_cluster/pbe0dz/test274/coloumb/test274_9_11.sh to Slurm scheduler
water_cluster/pbe0dz/test274/coloumb
2406/76651 = submitted job /home/boittier/homeb/water_cluster/pbe0dz/test274/coloumb/test274_9_12.sh to Slurm scheduler
water_cluster/pbe0dz/test274/coloumb
2407/76651 = submitted job /home/boittier/homeb/water_cluster/pbe0dz/test274/coloumb/test274_9_13.sh to Slurm scheduler
water_cluster/pbe0dz/test274/coloumb
2408/76651 = submitted job /home/boittier/homeb/water_cluster/pbe0dz/test274/coloumb/test274_9_14.sh to Slurm scheduler
water_cluster/pbe0dz/test274/coloumb
2409/76651 = submitted job /home/boittier/homeb/water_cluster/pbe0dz/test274/coloumb/test274_9_15.sh to Slurm scheduler
water_cluster/pbe0dz/test274/coloumb
2410/76651 = submitted job /home/boittier/homeb/water_cluster/pbe0dz/test274/coloumb/test274_9_16.sh to Slurm scheduler
water_cluster/pbe0dz/test274/coloumb
2411/76651 = submitted job /home/boittier/homeb/water_cluster/pbe0dz/test274/coloumb/test274_9_17.sh to Slurm scheduler
water_cluster/pbe0dz/test274/coloumb
2412/76651 = submitted job /home/boittier/homeb/water_cluster/pbe0dz/test274/coloumb/test274_9_18.sh to Slurm scheduler
water_cluster/pbe0dz/test274/coloumb
2413/76651 = submitted job /home/boittier/homeb/water_cluster/pbe0dz/test274/coloumb/test274_9_19.sh to Slurm scheduler
water_cluster/pbe0dz/test274/coloumb
2414/76651 = submitted job /home/boittier/homeb/water_cluster/pbe0dz/test274/coloumb/test274_9_20.sh to Slurm scheduler
water_cluster/pbe0dz/test274/coloumb
2415/76651 = submitted job /home/boittier/homeb/water_cluster/pbe0dz/test274/coloumb/test274_10_11.sh to Slurm scheduler
water_cluster/pbe0dz/test274/coloumb
2416/76651 = submitted job /home/boittier/homeb/water_cluster/pbe0dz/test274/coloumb/test274_10_12.sh to Slurm scheduler
water_cluster/pbe0dz/test274/coloumb
2417/76651 = submitted job /home/boittier/homeb/water_cluster/pbe0dz/test274/coloumb/test274_10_13.sh to Slurm scheduler
water_cluster/pbe0dz/test274/coloumb
2418/76651 = submitted job /home/boittier/homeb/water_cluster/pbe0dz/test274/coloumb/test274_10_14.sh to Slurm scheduler
water_cluster/pbe0dz/test274/coloumb
2419/76651 = submitted job /home/boittier/homeb/water_cluster/pbe0dz/test274/coloumb/test274_10_15.sh to Slurm scheduler
water_cluster/pbe0dz/test274/coloumb
2420/76651 = submitted job /home/boittier/homeb/water_cluster/pbe0dz/test274/coloumb/test274_10_16.sh to Slurm scheduler
water_cluster/pbe0dz/test274/coloumb
2421/76651 = submitted job /home/boittier/homeb/water_cluster/pbe0dz/test274/coloumb/test274_10_17.sh to Slurm scheduler
water_cluster/pbe0dz/test274/coloumb
2422/76651 = submitted job /home/boittier/homeb/water_cluster/pbe0dz/test274/coloumb/test274_10_18.sh to Slurm scheduler
water_cluster/pbe0dz/test274/coloumb
2423/76651 = submitted job /home/boittier/homeb/water_cluster/pbe0dz/test274/coloumb/test274_10_19.sh to Slurm scheduler
water_cluster/pbe0dz/test274/coloumb
2424/76651 = submitted job /home/boittier/homeb/water_cluster/pbe0dz/test274/coloumb/test274_10_20.sh to Slurm scheduler
water_cluster/pbe0dz/test274/coloumb
2425/76651 = submitted job /home/boittier/homeb/water_cluster/pbe0dz/test274/coloumb/test274_11_12.sh to Slurm scheduler
water_cluster/pbe0dz/test274/coloumb
2426/76651 = submitted job /home/boittier/homeb/water_cluster/pbe0dz/test274/coloumb/test274_11_13.sh to Slurm scheduler
water_cluster/pbe0dz/test274/coloumb
2427/76651 = submitted job /home/boittier/homeb/water_cluster/pbe0dz/test274/coloumb/test274_11_14.sh to Slurm scheduler
water_cluster/pbe0dz/test274/coloumb
2428/76651 = submitted job /home/boittier/homeb/water_cluster/pbe0dz/test274/coloumb/test274_11_15.sh to Slurm scheduler
water_cluster/pbe0dz/test274/coloumb
2429/76651 = submitted job /home/boittier/homeb/water_cluster/pbe0dz/test274/coloumb/test274_11_16.sh to Slurm scheduler
water_cluster/pbe0dz/test274/coloumb
2430/76651 = submitted job /home/boittier/homeb/water_cluster/pbe0dz/test274/coloumb/test274_11_17.sh to Slurm scheduler
water_cluster/pbe0dz/test274/coloumb
2431/76651 = submitted job /home/boittier/homeb/water_cluster/pbe0dz/test274/coloumb/test274_11_18.sh to Slurm scheduler
water_cluster/pbe0dz/test274/coloumb
2432/76651 = submitted job /home/boittier/homeb/water_cluster/pbe0dz/test274/coloumb/test274_11_19.sh to Slurm scheduler
water_cluster/pbe0dz/test274/coloumb
2433/76651 = submitted job /home/boittier/homeb/water_cluster/pbe0dz/test274/coloumb/test274_11_20.sh to Slurm scheduler
water_cluster/pbe0dz/test274/coloumb
2434/76651 = submitted job /home/boittier/homeb/water_cluster/pbe0dz/test274/coloumb/test274_12_13.sh to Slurm scheduler
water_cluster/pbe0dz/test274/coloumb
2435/76651 = submitted job /home/boittier/homeb/water_cluster/pbe0dz/test274/coloumb/test274_12_14.sh to Slurm scheduler
water_cluster/pbe0dz/test274/coloumb
2436/76651 = submitted job /home/boittier/homeb/water_cluster/pbe0dz/test274/coloumb/test274_12_15.sh to Slurm scheduler
water_cluster/pbe0dz/test274/coloumb
2437/76651 = submitted job /home/boittier/homeb/water_cluster/pbe0dz/test274/coloumb/test274_12_16.sh to Slurm scheduler
water_cluster/pbe0dz/test274/coloumb
2438/76651 = submitted job /home/boittier/homeb/water_cluster/pbe0dz/test274/coloumb/test274_12_17.sh to Slurm scheduler
water_cluster/pbe0dz/test274/coloumb
2439/76651 = submitted job /home/boittier/homeb/water_cluster/pbe0dz/test274/coloumb/test274_12_18.sh to Slurm scheduler
water_cluster/pbe0dz/test274/coloumb
2440/76651 = submitted job /home/boittier/homeb/water_cluster/pbe0dz/test274/coloumb/test274_12_19.sh to Slurm scheduler
water_cluster/pbe0dz/test274/coloumb
2441/76651 = submitted job /home/boittier/homeb/water_cluster/pbe0dz/test274/coloumb/test274_12_20.sh to Slurm scheduler
water_cluster/pbe0dz/test274/coloumb
2442/76651 = submitted job /home/boittier/homeb/water_cluster/pbe0dz/test274/coloumb/test274_13_14.sh to Slurm scheduler
water_cluster/pbe0dz/test274/coloumb
2443/76651 = submitted job /home/boittier/homeb/water_cluster/pbe0dz/test274/coloumb/test274_13_15.sh to Slurm scheduler
water_cluster/pbe0dz/test274/coloumb
2444/76651 = submitted job /home/boittier/homeb/water_cluster/pbe0dz/test274/coloumb/test274_13_16.sh to Slurm scheduler
water_cluster/pbe0dz/test274/coloumb
2445/76651 = submitted job /home/boittier/homeb/water_cluster/pbe0dz/test274/coloumb/test274_13_17.sh to Slurm scheduler
water_cluster/pbe0dz/test274/coloumb
2446/76651 = submitted job /home/boittier/homeb/water_cluster/pbe0dz/test274/coloumb/test274_13_18.sh to Slurm scheduler
water_cluster/pbe0dz/test274/coloumb
2447/76651 = submitted job /home/boittier/homeb/water_cluster/pbe0dz/test274/coloumb/test274_13_19.sh to Slurm scheduler
water_cluster/pbe0dz/test274/coloumb
2448/76651 = submitted job /home/boittier/homeb/water_cluster/pbe0dz/test274/coloumb/test274_13_20.sh to Slurm scheduler
water_cluster/pbe0dz/test274/coloumb
2449/76651 = submitted job /home/boittier/homeb/water_cluster/pbe0dz/test274/coloumb/test274_14_15.sh to Slurm scheduler
water_cluster/pbe0dz/test274/coloumb
2450/76651 = submitted job /home/boittier/homeb/water_cluster/pbe0dz/test274/coloumb/test274_14_16.sh to Slurm scheduler
water_cluster/pbe0dz/test274/coloumb
2451/76651 = submitted job /home/boittier/homeb/water_cluster/pbe0dz/test274/coloumb/test274_14_17.sh to Slurm scheduler
water_cluster/pbe0dz/test274/coloumb
2452/76651 = submitted job /home/boittier/homeb/water_cluster/pbe0dz/test274/coloumb/test274_14_18.sh to Slurm scheduler
water_cluster/pbe0dz/test274/coloumb
2453/76651 = submitted job /home/boittier/homeb/water_cluster/pbe0dz/test274/coloumb/test274_14_19.sh to Slurm scheduler
water_cluster/pbe0dz/test274/coloumb
2454/76651 = submitted job /home/boittier/homeb/water_cluster/pbe0dz/test274/coloumb/test274_14_20.sh to Slurm scheduler
water_cluster/pbe0dz/test274/coloumb
2455/76651 = submitted job /home/boittier/homeb/water_cluster/pbe0dz/test274/coloumb/test274_15_16.sh to Slurm scheduler
water_cluster/pbe0dz/test274/coloumb
2456/76651 = submitted job /home/boittier/homeb/water_cluster/pbe0dz/test274/coloumb/test274_15_17.sh to Slurm scheduler
water_cluster/pbe0dz/test274/coloumb
2457/76651 = submitted job /home/boittier/homeb/water_cluster/pbe0dz/test274/coloumb/test274_15_18.sh to Slurm scheduler
water_cluster/pbe0dz/test274/coloumb
2458/76651 = submitted job /home/boittier/homeb/water_cluster/pbe0dz/test274/coloumb/test274_15_19.sh to Slurm scheduler
water_cluster/pbe0dz/test274/coloumb
2459/76651 = submitted job /home/boittier/homeb/water_cluster/pbe0dz/test274/coloumb/test274_15_20.sh to Slurm scheduler
water_cluster/pbe0dz/test274/coloumb
2460/76651 = submitted job /home/boittier/homeb/water_cluster/pbe0dz/test274/coloumb/test274_16_17.sh to Slurm scheduler
water_cluster/pbe0dz/test274/coloumb
2461/76651 = submitted job /home/boittier/homeb/water_cluster/pbe0dz/test274/coloumb/test274_16_18.sh to Slurm scheduler
water_cluster/pbe0dz/test274/coloumb
2462/76651 = submitted job /home/boittier/homeb/water_cluster/pbe0dz/test274/coloumb/test274_16_19.sh to Slurm scheduler
water_cluster/pbe0dz/test274/coloumb
2463/76651 = submitted job /home/boittier/homeb/water_cluster/pbe0dz/test274/coloumb/test274_16_20.sh to Slurm scheduler
water_cluster/pbe0dz/test274/coloumb
2464/76651 = submitted job /home/boittier/homeb/water_cluster/pbe0dz/test274/coloumb/test274_17_18.sh to Slurm scheduler
water_cluster/pbe0dz/test274/coloumb
2465/76651 = submitted job /home/boittier/homeb/water_cluster/pbe0dz/test274/coloumb/test274_17_19.sh to Slurm scheduler
water_cluster/pbe0dz/test274/coloumb
2466/76651 = submitted job /home/boittier/homeb/water_cluster/pbe0dz/test274/coloumb/test274_17_20.sh to Slurm scheduler
water_cluster/pbe0dz/test274/coloumb
2467/76651 = submitted job /home/boittier/homeb/water_cluster/pbe0dz/test274/coloumb/test274_18_19.sh to Slurm scheduler
water_cluster/pbe0dz/test274/coloumb
2468/76651 = submitted job /home/boittier/homeb/water_cluster/pbe0dz/test274/coloumb/test274_18_20.sh to Slurm scheduler
water_cluster/pbe0dz/test274/coloumb
2469/76651 = submitted job /home/boittier/homeb/water_cluster/pbe0dz/test274/coloumb/test274_19_20.sh to Slurm scheduler
water_cluster/pbe0dz/test96/coloumb
2470/76651 = submitted job /home/boittier/homeb/water_cluster/pbe0dz/test96/coloumb/test96_1_2.sh to Slurm scheduler
water_cluster/pbe0dz/test96/coloumb
2471/76651 = submitted job /home/boittier/homeb/water_cluster/pbe0dz/test96/coloumb/test96_1_3.sh to Slurm scheduler
water_cluster/pbe0dz/test96/coloumb
2472/76651 = submitted job /home/boittier/homeb/water_cluster/pbe0dz/test96/coloumb/test96_1_4.sh to Slurm scheduler
water_cluster/pbe0dz/test96/coloumb
2473/76651 = submitted job /home/boittier/homeb/water_cluster/pbe0dz/test96/coloumb/test96_1_5.sh to Slurm scheduler
water_cluster/pbe0dz/test96/coloumb
2474/76651 = submitted job /home/boittier/homeb/water_cluster/pbe0dz/test96/coloumb/test96_1_6.sh to Slurm scheduler
water_cluster/pbe0dz/test96/coloumb
2475/76651 = submitted job /home/boittier/homeb/water_cluster/pbe0dz/test96/coloumb/test96_1_7.sh to Slurm scheduler
water_cluster/pbe0dz/test96/coloumb
2476/76651 = submitted job /home/boittier/homeb/water_cluster/pbe0dz/test96/coloumb/test96_1_8.sh to Slurm scheduler
water_cluster/pbe0dz/test96/coloumb
2477/76651 = submitted job /home/boittier/homeb/water_cluster/pbe0dz/test96/coloumb/test96_1_9.sh to Slurm scheduler
water_cluster/pbe0dz/test96/coloumb
2478/76651 = submitted job /home/boittier/homeb/water_cluster/pbe0dz/test96/coloumb/test96_1_10.sh to Slurm scheduler
water_cluster/pbe0dz/test96/coloumb
2479/76651 = submitted job /home/boittier/homeb/water_cluster/pbe0dz/test96/coloumb/test96_1_11.sh to Slurm scheduler
water_cluster/pbe0dz/test96/coloumb
2480/76651 = submitted job /home/boittier/homeb/water_cluster/pbe0dz/test96/coloumb/test96_1_12.sh to Slurm scheduler
water_cluster/pbe0dz/test96/coloumb
2481/76651 = submitted job /home/boittier/homeb/water_cluster/pbe0dz/test96/coloumb/test96_1_13.sh to Slurm scheduler
water_cluster/pbe0dz/test96/coloumb
2482/76651 = submitted job /home/boittier/homeb/water_cluster/pbe0dz/test96/coloumb/test96_1_14.sh to Slurm scheduler
water_cluster/pbe0dz/test96/coloumb
2483/76651 = submitted job /home/boittier/homeb/water_cluster/pbe0dz/test96/coloumb/test96_1_15.sh to Slurm scheduler
water_cluster/pbe0dz/test96/coloumb
2484/76651 = submitted job /home/boittier/homeb/water_cluster/pbe0dz/test96/coloumb/test96_1_16.sh to Slurm scheduler
water_cluster/pbe0dz/test96/coloumb
2485/76651 = submitted job /home/boittier/homeb/water_cluster/pbe0dz/test96/coloumb/test96_1_17.sh to Slurm scheduler
water_cluster/pbe0dz/test96/coloumb
2486/76651 = submitted job /home/boittier/homeb/water_cluster/pbe0dz/test96/coloumb/test96_1_18.sh to Slurm scheduler
water_cluster/pbe0dz/test96/coloumb
2487/76651 = submitted job /home/boittier/homeb/water_cluster/pbe0dz/test96/coloumb/test96_1_19.sh to Slurm scheduler
water_cluster/pbe0dz/test96/coloumb
2488/76651 = submitted job /home/boittier/homeb/water_cluster/pbe0dz/test96/coloumb/test96_1_20.sh to Slurm scheduler
water_cluster/pbe0dz/test96/coloumb
2489/76651 = submitted job /home/boittier/homeb/water_cluster/pbe0dz/test96/coloumb/test96_2_3.sh to Slurm scheduler
water_cluster/pbe0dz/test96/coloumb
2490/76651 = submitted job /home/boittier/homeb/water_cluster/pbe0dz/test96/coloumb/test96_2_4.sh to Slurm scheduler
water_cluster/pbe0dz/test96/coloumb
2491/76651 = submitted job /home/boittier/homeb/water_cluster/pbe0dz/test96/coloumb/test96_2_5.sh to Slurm scheduler
water_cluster/pbe0dz/test96/coloumb
2492/76651 = submitted job /home/boittier/homeb/water_cluster/pbe0dz/test96/coloumb/test96_2_6.sh to Slurm scheduler
water_cluster/pbe0dz/test96/coloumb
2493/76651 = submitted job /home/boittier/homeb/water_cluster/pbe0dz/test96/coloumb/test96_2_7.sh to Slurm scheduler
water_cluster/pbe0dz/test96/coloumb
2494/76651 = submitted job /home/boittier/homeb/water_cluster/pbe0dz/test96/coloumb/test96_2_8.sh to Slurm scheduler
water_cluster/pbe0dz/test96/coloumb
2495/76651 = submitted job /home/boittier/homeb/water_cluster/pbe0dz/test96/coloumb/test96_2_9.sh to Slurm scheduler
water_cluster/pbe0dz/test96/coloumb
2496/76651 = submitted job /home/boittier/homeb/water_cluster/pbe0dz/test96/coloumb/test96_2_10.sh to Slurm scheduler
water_cluster/pbe0dz/test96/coloumb
2497/76651 = submitted job /home/boittier/homeb/water_cluster/pbe0dz/test96/coloumb/test96_2_11.sh to Slurm scheduler
water_cluster/pbe0dz/test96/coloumb
2498/76651 = submitted job /home/boittier/homeb/water_cluster/pbe0dz/test96/coloumb/test96_2_12.sh to Slurm scheduler
water_cluster/pbe0dz/test96/coloumb
2499/76651 = submitted job /home/boittier/homeb/water_cluster/pbe0dz/test96/coloumb/test96_2_13.sh to Slurm scheduler
water_cluster/pbe0dz/test96/coloumb
2500/76651 = submitted job /home/boittier/homeb/water_cluster/pbe0dz/test96/coloumb/test96_2_14.sh to Slurm scheduler
water_cluster/pbe0dz/test96/coloumb
2501/76651 = submitted job /home/boittier/homeb/water_cluster/pbe0dz/test96/coloumb/test96_2_15.sh to Slurm scheduler
water_cluster/pbe0dz/test96/coloumb
2502/76651 = submitted job /home/boittier/homeb/water_cluster/pbe0dz/test96/coloumb/test96_2_16.sh to Slurm scheduler
water_cluster/pbe0dz/test96/coloumb
2503/76651 = submitted job /home/boittier/homeb/water_cluster/pbe0dz/test96/coloumb/test96_2_17.sh to Slurm scheduler
water_cluster/pbe0dz/test96/coloumb
2504/76651 = submitted job /home/boittier/homeb/water_cluster/pbe0dz/test96/coloumb/test96_2_18.sh to Slurm scheduler
water_cluster/pbe0dz/test96/coloumb
2505/76651 = submitted job /home/boittier/homeb/water_cluster/pbe0dz/test96/coloumb/test96_2_19.sh to Slurm scheduler
water_cluster/pbe0dz/test96/coloumb
2506/76651 = submitted job /home/boittier/homeb/water_cluster/pbe0dz/test96/coloumb/test96_2_20.sh to Slurm scheduler
water_cluster/pbe0dz/test96/coloumb
2507/76651 = submitted job /home/boittier/homeb/water_cluster/pbe0dz/test96/coloumb/test96_3_4.sh to Slurm scheduler
water_cluster/pbe0dz/test96/coloumb
2508/76651 = submitted job /home/boittier/homeb/water_cluster/pbe0dz/test96/coloumb/test96_3_5.sh to Slurm scheduler
water_cluster/pbe0dz/test96/coloumb
2509/76651 = submitted job /home/boittier/homeb/water_cluster/pbe0dz/test96/coloumb/test96_3_6.sh to Slurm scheduler
water_cluster/pbe0dz/test96/coloumb
2510/76651 = submitted job /home/boittier/homeb/water_cluster/pbe0dz/test96/coloumb/test96_3_7.sh to Slurm scheduler
water_cluster/pbe0dz/test96/coloumb
2511/76651 = submitted job /home/boittier/homeb/water_cluster/pbe0dz/test96/coloumb/test96_3_8.sh to Slurm scheduler
water_cluster/pbe0dz/test96/coloumb
2512/76651 = submitted job /home/boittier/homeb/water_cluster/pbe0dz/test96/coloumb/test96_3_9.sh to Slurm scheduler
water_cluster/pbe0dz/test96/coloumb
2513/76651 = submitted job /home/boittier/homeb/water_cluster/pbe0dz/test96/coloumb/test96_3_10.sh to Slurm scheduler
water_cluster/pbe0dz/test96/coloumb
2514/76651 = submitted job /home/boittier/homeb/water_cluster/pbe0dz/test96/coloumb/test96_3_11.sh to Slurm scheduler
water_cluster/pbe0dz/test96/coloumb
2515/76651 = submitted job /home/boittier/homeb/water_cluster/pbe0dz/test96/coloumb/test96_3_12.sh to Slurm scheduler
water_cluster/pbe0dz/test96/coloumb
2516/76651 = submitted job /home/boittier/homeb/water_cluster/pbe0dz/test96/coloumb/test96_3_13.sh to Slurm scheduler
water_cluster/pbe0dz/test96/coloumb
2517/76651 = submitted job /home/boittier/homeb/water_cluster/pbe0dz/test96/coloumb/test96_3_14.sh to Slurm scheduler
water_cluster/pbe0dz/test96/coloumb
2518/76651 = submitted job /home/boittier/homeb/water_cluster/pbe0dz/test96/coloumb/test96_3_15.sh to Slurm scheduler
water_cluster/pbe0dz/test96/coloumb
2519/76651 = submitted job /home/boittier/homeb/water_cluster/pbe0dz/test96/coloumb/test96_3_16.sh to Slurm scheduler
water_cluster/pbe0dz/test96/coloumb
2520/76651 = submitted job /home/boittier/homeb/water_cluster/pbe0dz/test96/coloumb/test96_3_17.sh to Slurm scheduler
water_cluster/pbe0dz/test96/coloumb
2521/76651 = submitted job /home/boittier/homeb/water_cluster/pbe0dz/test96/coloumb/test96_3_18.sh to Slurm scheduler
water_cluster/pbe0dz/test96/coloumb
2522/76651 = submitted job /home/boittier/homeb/water_cluster/pbe0dz/test96/coloumb/test96_3_19.sh to Slurm scheduler
water_cluster/pbe0dz/test96/coloumb
2523/76651 = submitted job /home/boittier/homeb/water_cluster/pbe0dz/test96/coloumb/test96_3_20.sh to Slurm scheduler
water_cluster/pbe0dz/test96/coloumb
2524/76651 = submitted job /home/boittier/homeb/water_cluster/pbe0dz/test96/coloumb/test96_4_5.sh to Slurm scheduler
water_cluster/pbe0dz/test96/coloumb
2525/76651 = submitted job /home/boittier/homeb/water_cluster/pbe0dz/test96/coloumb/test96_4_6.sh to Slurm scheduler
water_cluster/pbe0dz/test96/coloumb
2526/76651 = submitted job /home/boittier/homeb/water_cluster/pbe0dz/test96/coloumb/test96_4_7.sh to Slurm scheduler
water_cluster/pbe0dz/test96/coloumb
2527/76651 = submitted job /home/boittier/homeb/water_cluster/pbe0dz/test96/coloumb/test96_4_8.sh to Slurm scheduler
water_cluster/pbe0dz/test96/coloumb
2528/76651 = submitted job /home/boittier/homeb/water_cluster/pbe0dz/test96/coloumb/test96_4_9.sh to Slurm scheduler
water_cluster/pbe0dz/test96/coloumb
2529/76651 = submitted job /home/boittier/homeb/water_cluster/pbe0dz/test96/coloumb/test96_4_10.sh to Slurm scheduler
water_cluster/pbe0dz/test96/coloumb
2530/76651 = submitted job /home/boittier/homeb/water_cluster/pbe0dz/test96/coloumb/test96_4_11.sh to Slurm scheduler
water_cluster/pbe0dz/test96/coloumb
2531/76651 = submitted job /home/boittier/homeb/water_cluster/pbe0dz/test96/coloumb/test96_4_12.sh to Slurm scheduler
water_cluster/pbe0dz/test96/coloumb
2532/76651 = submitted job /home/boittier/homeb/water_cluster/pbe0dz/test96/coloumb/test96_4_13.sh to Slurm scheduler
water_cluster/pbe0dz/test96/coloumb
2533/76651 = submitted job /home/boittier/homeb/water_cluster/pbe0dz/test96/coloumb/test96_4_14.sh to Slurm scheduler
water_cluster/pbe0dz/test96/coloumb
2534/76651 = submitted job /home/boittier/homeb/water_cluster/pbe0dz/test96/coloumb/test96_4_15.sh to Slurm scheduler
water_cluster/pbe0dz/test96/coloumb
2535/76651 = submitted job /home/boittier/homeb/water_cluster/pbe0dz/test96/coloumb/test96_4_16.sh to Slurm scheduler
water_cluster/pbe0dz/test96/coloumb
2536/76651 = submitted job /home/boittier/homeb/water_cluster/pbe0dz/test96/coloumb/test96_4_17.sh to Slurm scheduler
water_cluster/pbe0dz/test96/coloumb
2537/76651 = submitted job /home/boittier/homeb/water_cluster/pbe0dz/test96/coloumb/test96_4_18.sh to Slurm scheduler
water_cluster/pbe0dz/test96/coloumb
2538/76651 = submitted job /home/boittier/homeb/water_cluster/pbe0dz/test96/coloumb/test96_4_19.sh to Slurm scheduler
water_cluster/pbe0dz/test96/coloumb
2539/76651 = submitted job /home/boittier/homeb/water_cluster/pbe0dz/test96/coloumb/test96_4_20.sh to Slurm scheduler
water_cluster/pbe0dz/test96/coloumb
2540/76651 = submitted job /home/boittier/homeb/water_cluster/pbe0dz/test96/coloumb/test96_5_6.sh to Slurm scheduler
water_cluster/pbe0dz/test96/coloumb
2541/76651 = submitted job /home/boittier/homeb/water_cluster/pbe0dz/test96/coloumb/test96_5_7.sh to Slurm scheduler
water_cluster/pbe0dz/test96/coloumb
2542/76651 = submitted job /home/boittier/homeb/water_cluster/pbe0dz/test96/coloumb/test96_5_8.sh to Slurm scheduler
water_cluster/pbe0dz/test96/coloumb
2543/76651 = submitted job /home/boittier/homeb/water_cluster/pbe0dz/test96/coloumb/test96_5_9.sh to Slurm scheduler
water_cluster/pbe0dz/test96/coloumb
2544/76651 = submitted job /home/boittier/homeb/water_cluster/pbe0dz/test96/coloumb/test96_5_10.sh to Slurm scheduler
water_cluster/pbe0dz/test96/coloumb
2545/76651 = submitted job /home/boittier/homeb/water_cluster/pbe0dz/test96/coloumb/test96_5_11.sh to Slurm scheduler
water_cluster/pbe0dz/test96/coloumb
2546/76651 = submitted job /home/boittier/homeb/water_cluster/pbe0dz/test96/coloumb/test96_5_12.sh to Slurm scheduler
water_cluster/pbe0dz/test96/coloumb
2547/76651 = submitted job /home/boittier/homeb/water_cluster/pbe0dz/test96/coloumb/test96_5_13.sh to Slurm scheduler
water_cluster/pbe0dz/test96/coloumb
2548/76651 = submitted job /home/boittier/homeb/water_cluster/pbe0dz/test96/coloumb/test96_5_14.sh to Slurm scheduler
water_cluster/pbe0dz/test96/coloumb
2549/76651 = submitted job /home/boittier/homeb/water_cluster/pbe0dz/test96/coloumb/test96_5_15.sh to Slurm scheduler
water_cluster/pbe0dz/test96/coloumb
2550/76651 = submitted job /home/boittier/homeb/water_cluster/pbe0dz/test96/coloumb/test96_5_16.sh to Slurm scheduler
water_cluster/pbe0dz/test96/coloumb
2551/76651 = submitted job /home/boittier/homeb/water_cluster/pbe0dz/test96/coloumb/test96_5_17.sh to Slurm scheduler
water_cluster/pbe0dz/test96/coloumb
2552/76651 = submitted job /home/boittier/homeb/water_cluster/pbe0dz/test96/coloumb/test96_5_18.sh to Slurm scheduler
water_cluster/pbe0dz/test96/coloumb
2553/76651 = submitted job /home/boittier/homeb/water_cluster/pbe0dz/test96/coloumb/test96_5_19.sh to Slurm scheduler
water_cluster/pbe0dz/test96/coloumb
2554/76651 = submitted job /home/boittier/homeb/water_cluster/pbe0dz/test96/coloumb/test96_5_20.sh to Slurm scheduler
water_cluster/pbe0dz/test96/coloumb
2555/76651 = submitted job /home/boittier/homeb/water_cluster/pbe0dz/test96/coloumb/test96_6_7.sh to Slurm scheduler
water_cluster/pbe0dz/test96/coloumb
2556/76651 = submitted job /home/boittier/homeb/water_cluster/pbe0dz/test96/coloumb/test96_6_8.sh to Slurm scheduler
water_cluster/pbe0dz/test96/coloumb
2557/76651 = submitted job /home/boittier/homeb/water_cluster/pbe0dz/test96/coloumb/test96_6_9.sh to Slurm scheduler
water_cluster/pbe0dz/test96/coloumb
2558/76651 = submitted job /home/boittier/homeb/water_cluster/pbe0dz/test96/coloumb/test96_6_10.sh to Slurm scheduler
water_cluster/pbe0dz/test96/coloumb
2559/76651 = submitted job /home/boittier/homeb/water_cluster/pbe0dz/test96/coloumb/test96_6_11.sh to Slurm scheduler
water_cluster/pbe0dz/test96/coloumb
2560/76651 = submitted job /home/boittier/homeb/water_cluster/pbe0dz/test96/coloumb/test96_6_12.sh to Slurm scheduler
water_cluster/pbe0dz/test96/coloumb
2561/76651 = submitted job /home/boittier/homeb/water_cluster/pbe0dz/test96/coloumb/test96_6_13.sh to Slurm scheduler
water_cluster/pbe0dz/test96/coloumb
2562/76651 = submitted job /home/boittier/homeb/water_cluster/pbe0dz/test96/coloumb/test96_6_14.sh to Slurm scheduler
water_cluster/pbe0dz/test96/coloumb
2563/76651 = submitted job /home/boittier/homeb/water_cluster/pbe0dz/test96/coloumb/test96_6_15.sh to Slurm scheduler
water_cluster/pbe0dz/test96/coloumb
2564/76651 = submitted job /home/boittier/homeb/water_cluster/pbe0dz/test96/coloumb/test96_6_16.sh to Slurm scheduler
water_cluster/pbe0dz/test96/coloumb
2565/76651 = submitted job /home/boittier/homeb/water_cluster/pbe0dz/test96/coloumb/test96_6_17.sh to Slurm scheduler
water_cluster/pbe0dz/test96/coloumb
2566/76651 = submitted job /home/boittier/homeb/water_cluster/pbe0dz/test96/coloumb/test96_6_18.sh to Slurm scheduler
water_cluster/pbe0dz/test96/coloumb
2567/76651 = submitted job /home/boittier/homeb/water_cluster/pbe0dz/test96/coloumb/test96_6_19.sh to Slurm scheduler
water_cluster/pbe0dz/test96/coloumb
2568/76651 = submitted job /home/boittier/homeb/water_cluster/pbe0dz/test96/coloumb/test96_6_20.sh to Slurm scheduler
water_cluster/pbe0dz/test96/coloumb
2569/76651 = submitted job /home/boittier/homeb/water_cluster/pbe0dz/test96/coloumb/test96_7_8.sh to Slurm scheduler
water_cluster/pbe0dz/test96/coloumb
2570/76651 = submitted job /home/boittier/homeb/water_cluster/pbe0dz/test96/coloumb/test96_7_9.sh to Slurm scheduler
water_cluster/pbe0dz/test96/coloumb
2571/76651 = submitted job /home/boittier/homeb/water_cluster/pbe0dz/test96/coloumb/test96_7_10.sh to Slurm scheduler
water_cluster/pbe0dz/test96/coloumb
2572/76651 = submitted job /home/boittier/homeb/water_cluster/pbe0dz/test96/coloumb/test96_7_11.sh to Slurm scheduler
water_cluster/pbe0dz/test96/coloumb
2573/76651 = submitted job /home/boittier/homeb/water_cluster/pbe0dz/test96/coloumb/test96_7_12.sh to Slurm scheduler
water_cluster/pbe0dz/test96/coloumb
2574/76651 = submitted job /home/boittier/homeb/water_cluster/pbe0dz/test96/coloumb/test96_7_13.sh to Slurm scheduler
water_cluster/pbe0dz/test96/coloumb
2575/76651 = submitted job /home/boittier/homeb/water_cluster/pbe0dz/test96/coloumb/test96_7_14.sh to Slurm scheduler
water_cluster/pbe0dz/test96/coloumb
2576/76651 = submitted job /home/boittier/homeb/water_cluster/pbe0dz/test96/coloumb/test96_7_15.sh to Slurm scheduler
water_cluster/pbe0dz/test96/coloumb
2577/76651 = submitted job /home/boittier/homeb/water_cluster/pbe0dz/test96/coloumb/test96_7_16.sh to Slurm scheduler
water_cluster/pbe0dz/test96/coloumb
2578/76651 = submitted job /home/boittier/homeb/water_cluster/pbe0dz/test96/coloumb/test96_7_17.sh to Slurm scheduler
water_cluster/pbe0dz/test96/coloumb
2579/76651 = submitted job /home/boittier/homeb/water_cluster/pbe0dz/test96/coloumb/test96_7_18.sh to Slurm scheduler
water_cluster/pbe0dz/test96/coloumb
2580/76651 = submitted job /home/boittier/homeb/water_cluster/pbe0dz/test96/coloumb/test96_7_19.sh to Slurm scheduler
water_cluster/pbe0dz/test96/coloumb
2581/76651 = submitted job /home/boittier/homeb/water_cluster/pbe0dz/test96/coloumb/test96_7_20.sh to Slurm scheduler
water_cluster/pbe0dz/test96/coloumb
2582/76651 = submitted job /home/boittier/homeb/water_cluster/pbe0dz/test96/coloumb/test96_8_9.sh to Slurm scheduler
water_cluster/pbe0dz/test96/coloumb
2583/76651 = submitted job /home/boittier/homeb/water_cluster/pbe0dz/test96/coloumb/test96_8_10.sh to Slurm scheduler
water_cluster/pbe0dz/test96/coloumb
2584/76651 = submitted job /home/boittier/homeb/water_cluster/pbe0dz/test96/coloumb/test96_8_11.sh to Slurm scheduler
water_cluster/pbe0dz/test96/coloumb
2585/76651 = submitted job /home/boittier/homeb/water_cluster/pbe0dz/test96/coloumb/test96_8_12.sh to Slurm scheduler
water_cluster/pbe0dz/test96/coloumb
2586/76651 = submitted job /home/boittier/homeb/water_cluster/pbe0dz/test96/coloumb/test96_8_13.sh to Slurm scheduler
water_cluster/pbe0dz/test96/coloumb
2587/76651 = submitted job /home/boittier/homeb/water_cluster/pbe0dz/test96/coloumb/test96_8_14.sh to Slurm scheduler
water_cluster/pbe0dz/test96/coloumb
2588/76651 = submitted job /home/boittier/homeb/water_cluster/pbe0dz/test96/coloumb/test96_8_15.sh to Slurm scheduler
water_cluster/pbe0dz/test96/coloumb
2589/76651 = submitted job /home/boittier/homeb/water_cluster/pbe0dz/test96/coloumb/test96_8_16.sh to Slurm scheduler
water_cluster/pbe0dz/test96/coloumb
2590/76651 = submitted job /home/boittier/homeb/water_cluster/pbe0dz/test96/coloumb/test96_8_17.sh to Slurm scheduler
water_cluster/pbe0dz/test96/coloumb
2591/76651 = submitted job /home/boittier/homeb/water_cluster/pbe0dz/test96/coloumb/test96_8_18.sh to Slurm scheduler
water_cluster/pbe0dz/test96/coloumb
2592/76651 = submitted job /home/boittier/homeb/water_cluster/pbe0dz/test96/coloumb/test96_8_19.sh to Slurm scheduler
water_cluster/pbe0dz/test96/coloumb
2593/76651 = submitted job /home/boittier/homeb/water_cluster/pbe0dz/test96/coloumb/test96_8_20.sh to Slurm scheduler
water_cluster/pbe0dz/test96/coloumb
2594/76651 = submitted job /home/boittier/homeb/water_cluster/pbe0dz/test96/coloumb/test96_9_10.sh to Slurm scheduler
water_cluster/pbe0dz/test96/coloumb
2595/76651 = submitted job /home/boittier/homeb/water_cluster/pbe0dz/test96/coloumb/test96_9_11.sh to Slurm scheduler
water_cluster/pbe0dz/test96/coloumb
2596/76651 = submitted job /home/boittier/homeb/water_cluster/pbe0dz/test96/coloumb/test96_9_12.sh to Slurm scheduler
water_cluster/pbe0dz/test96/coloumb
2597/76651 = submitted job /home/boittier/homeb/water_cluster/pbe0dz/test96/coloumb/test96_9_13.sh to Slurm scheduler
water_cluster/pbe0dz/test96/coloumb
2598/76651 = submitted job /home/boittier/homeb/water_cluster/pbe0dz/test96/coloumb/test96_9_14.sh to Slurm scheduler
water_cluster/pbe0dz/test96/coloumb
2599/76651 = submitted job /home/boittier/homeb/water_cluster/pbe0dz/test96/coloumb/test96_9_15.sh to Slurm scheduler
water_cluster/pbe0dz/test96/coloumb
2600/76651 = submitted job /home/boittier/homeb/water_cluster/pbe0dz/test96/coloumb/test96_9_16.sh to Slurm scheduler
water_cluster/pbe0dz/test96/coloumb
2601/76651 = submitted job /home/boittier/homeb/water_cluster/pbe0dz/test96/coloumb/test96_9_17.sh to Slurm scheduler
water_cluster/pbe0dz/test96/coloumb
2602/76651 = submitted job /home/boittier/homeb/water_cluster/pbe0dz/test96/coloumb/test96_9_18.sh to Slurm scheduler
water_cluster/pbe0dz/test96/coloumb
2603/76651 = submitted job /home/boittier/homeb/water_cluster/pbe0dz/test96/coloumb/test96_9_19.sh to Slurm scheduler
water_cluster/pbe0dz/test96/coloumb
2604/76651 = submitted job /home/boittier/homeb/water_cluster/pbe0dz/test96/coloumb/test96_9_20.sh to Slurm scheduler
water_cluster/pbe0dz/test96/coloumb
2605/76651 = submitted job /home/boittier/homeb/water_cluster/pbe0dz/test96/coloumb/test96_10_11.sh to Slurm scheduler
water_cluster/pbe0dz/test96/coloumb
2606/76651 = submitted job /home/boittier/homeb/water_cluster/pbe0dz/test96/coloumb/test96_10_12.sh to Slurm scheduler
water_cluster/pbe0dz/test96/coloumb
2607/76651 = submitted job /home/boittier/homeb/water_cluster/pbe0dz/test96/coloumb/test96_10_13.sh to Slurm scheduler
water_cluster/pbe0dz/test96/coloumb
2608/76651 = submitted job /home/boittier/homeb/water_cluster/pbe0dz/test96/coloumb/test96_10_14.sh to Slurm scheduler
water_cluster/pbe0dz/test96/coloumb
2609/76651 = submitted job /home/boittier/homeb/water_cluster/pbe0dz/test96/coloumb/test96_10_15.sh to Slurm scheduler
water_cluster/pbe0dz/test96/coloumb
2610/76651 = submitted job /home/boittier/homeb/water_cluster/pbe0dz/test96/coloumb/test96_10_16.sh to Slurm scheduler
water_cluster/pbe0dz/test96/coloumb
2611/76651 = submitted job /home/boittier/homeb/water_cluster/pbe0dz/test96/coloumb/test96_10_17.sh to Slurm scheduler
water_cluster/pbe0dz/test96/coloumb
2612/76651 = submitted job /home/boittier/homeb/water_cluster/pbe0dz/test96/coloumb/test96_10_18.sh to Slurm scheduler
water_cluster/pbe0dz/test96/coloumb
2613/76651 = submitted job /home/boittier/homeb/water_cluster/pbe0dz/test96/coloumb/test96_10_19.sh to Slurm scheduler
water_cluster/pbe0dz/test96/coloumb
2614/76651 = submitted job /home/boittier/homeb/water_cluster/pbe0dz/test96/coloumb/test96_10_20.sh to Slurm scheduler
water_cluster/pbe0dz/test96/coloumb
2615/76651 = submitted job /home/boittier/homeb/water_cluster/pbe0dz/test96/coloumb/test96_11_12.sh to Slurm scheduler
water_cluster/pbe0dz/test96/coloumb
2616/76651 = submitted job /home/boittier/homeb/water_cluster/pbe0dz/test96/coloumb/test96_11_13.sh to Slurm scheduler
water_cluster/pbe0dz/test96/coloumb
2617/76651 = submitted job /home/boittier/homeb/water_cluster/pbe0dz/test96/coloumb/test96_11_14.sh to Slurm scheduler
water_cluster/pbe0dz/test96/coloumb
2618/76651 = submitted job /home/boittier/homeb/water_cluster/pbe0dz/test96/coloumb/test96_11_15.sh to Slurm scheduler
water_cluster/pbe0dz/test96/coloumb
2619/76651 = submitted job /home/boittier/homeb/water_cluster/pbe0dz/test96/coloumb/test96_11_16.sh to Slurm scheduler
water_cluster/pbe0dz/test96/coloumb
2620/76651 = submitted job /home/boittier/homeb/water_cluster/pbe0dz/test96/coloumb/test96_11_17.sh to Slurm scheduler
water_cluster/pbe0dz/test96/coloumb
2621/76651 = submitted job /home/boittier/homeb/water_cluster/pbe0dz/test96/coloumb/test96_11_18.sh to Slurm scheduler
water_cluster/pbe0dz/test96/coloumb
2622/76651 = submitted job /home/boittier/homeb/water_cluster/pbe0dz/test96/coloumb/test96_11_19.sh to Slurm scheduler
water_cluster/pbe0dz/test96/coloumb
2623/76651 = submitted job /home/boittier/homeb/water_cluster/pbe0dz/test96/coloumb/test96_11_20.sh to Slurm scheduler
water_cluster/pbe0dz/test96/coloumb
2624/76651 = submitted job /home/boittier/homeb/water_cluster/pbe0dz/test96/coloumb/test96_12_13.sh to Slurm scheduler
water_cluster/pbe0dz/test96/coloumb
2625/76651 = submitted job /home/boittier/homeb/water_cluster/pbe0dz/test96/coloumb/test96_12_14.sh to Slurm scheduler
water_cluster/pbe0dz/test96/coloumb
2626/76651 = submitted job /home/boittier/homeb/water_cluster/pbe0dz/test96/coloumb/test96_12_15.sh to Slurm scheduler
water_cluster/pbe0dz/test96/coloumb
2627/76651 = submitted job /home/boittier/homeb/water_cluster/pbe0dz/test96/coloumb/test96_12_16.sh to Slurm scheduler
water_cluster/pbe0dz/test96/coloumb
2628/76651 = submitted job /home/boittier/homeb/water_cluster/pbe0dz/test96/coloumb/test96_12_17.sh to Slurm scheduler
water_cluster/pbe0dz/test96/coloumb
2629/76651 = submitted job /home/boittier/homeb/water_cluster/pbe0dz/test96/coloumb/test96_12_18.sh to Slurm scheduler
water_cluster/pbe0dz/test96/coloumb
2630/76651 = submitted job /home/boittier/homeb/water_cluster/pbe0dz/test96/coloumb/test96_12_19.sh to Slurm scheduler
water_cluster/pbe0dz/test96/coloumb
2631/76651 = submitted job /home/boittier/homeb/water_cluster/pbe0dz/test96/coloumb/test96_12_20.sh to Slurm scheduler
water_cluster/pbe0dz/test96/coloumb
2632/76651 = submitted job /home/boittier/homeb/water_cluster/pbe0dz/test96/coloumb/test96_13_14.sh to Slurm scheduler
water_cluster/pbe0dz/test96/coloumb
2633/76651 = submitted job /home/boittier/homeb/water_cluster/pbe0dz/test96/coloumb/test96_13_15.sh to Slurm scheduler
water_cluster/pbe0dz/test96/coloumb
2634/76651 = submitted job /home/boittier/homeb/water_cluster/pbe0dz/test96/coloumb/test96_13_16.sh to Slurm scheduler
water_cluster/pbe0dz/test96/coloumb
2635/76651 = submitted job /home/boittier/homeb/water_cluster/pbe0dz/test96/coloumb/test96_13_17.sh to Slurm scheduler
water_cluster/pbe0dz/test96/coloumb
2636/76651 = submitted job /home/boittier/homeb/water_cluster/pbe0dz/test96/coloumb/test96_13_18.sh to Slurm scheduler
water_cluster/pbe0dz/test96/coloumb
2637/76651 = submitted job /home/boittier/homeb/water_cluster/pbe0dz/test96/coloumb/test96_13_19.sh to Slurm scheduler
water_cluster/pbe0dz/test96/coloumb
2638/76651 = submitted job /home/boittier/homeb/water_cluster/pbe0dz/test96/coloumb/test96_13_20.sh to Slurm scheduler
water_cluster/pbe0dz/test96/coloumb
2639/76651 = submitted job /home/boittier/homeb/water_cluster/pbe0dz/test96/coloumb/test96_14_15.sh to Slurm scheduler
water_cluster/pbe0dz/test96/coloumb
2640/76651 = submitted job /home/boittier/homeb/water_cluster/pbe0dz/test96/coloumb/test96_14_16.sh to Slurm scheduler
water_cluster/pbe0dz/test96/coloumb
2641/76651 = submitted job /home/boittier/homeb/water_cluster/pbe0dz/test96/coloumb/test96_14_17.sh to Slurm scheduler
water_cluster/pbe0dz/test96/coloumb
2642/76651 = submitted job /home/boittier/homeb/water_cluster/pbe0dz/test96/coloumb/test96_14_18.sh to Slurm scheduler
water_cluster/pbe0dz/test96/coloumb
2643/76651 = submitted job /home/boittier/homeb/water_cluster/pbe0dz/test96/coloumb/test96_14_19.sh to Slurm scheduler
water_cluster/pbe0dz/test96/coloumb
2644/76651 = submitted job /home/boittier/homeb/water_cluster/pbe0dz/test96/coloumb/test96_14_20.sh to Slurm scheduler
water_cluster/pbe0dz/test96/coloumb
2645/76651 = submitted job /home/boittier/homeb/water_cluster/pbe0dz/test96/coloumb/test96_15_16.sh to Slurm scheduler
water_cluster/pbe0dz/test96/coloumb
2646/76651 = submitted job /home/boittier/homeb/water_cluster/pbe0dz/test96/coloumb/test96_15_17.sh to Slurm scheduler
water_cluster/pbe0dz/test96/coloumb
2647/76651 = submitted job /home/boittier/homeb/water_cluster/pbe0dz/test96/coloumb/test96_15_18.sh to Slurm scheduler
water_cluster/pbe0dz/test96/coloumb
2648/76651 = submitted job /home/boittier/homeb/water_cluster/pbe0dz/test96/coloumb/test96_15_19.sh to Slurm scheduler
water_cluster/pbe0dz/test96/coloumb
2649/76651 = submitted job /home/boittier/homeb/water_cluster/pbe0dz/test96/coloumb/test96_15_20.sh to Slurm scheduler
water_cluster/pbe0dz/test96/coloumb
2650/76651 = submitted job /home/boittier/homeb/water_cluster/pbe0dz/test96/coloumb/test96_16_17.sh to Slurm scheduler
water_cluster/pbe0dz/test96/coloumb
2651/76651 = submitted job /home/boittier/homeb/water_cluster/pbe0dz/test96/coloumb/test96_16_18.sh to Slurm scheduler
water_cluster/pbe0dz/test96/coloumb
2652/76651 = submitted job /home/boittier/homeb/water_cluster/pbe0dz/test96/coloumb/test96_16_19.sh to Slurm scheduler
water_cluster/pbe0dz/test96/coloumb
2653/76651 = submitted job /home/boittier/homeb/water_cluster/pbe0dz/test96/coloumb/test96_16_20.sh to Slurm scheduler
water_cluster/pbe0dz/test96/coloumb
2654/76651 = submitted job /home/boittier/homeb/water_cluster/pbe0dz/test96/coloumb/test96_17_18.sh to Slurm scheduler
water_cluster/pbe0dz/test96/coloumb
2655/76651 = submitted job /home/boittier/homeb/water_cluster/pbe0dz/test96/coloumb/test96_17_19.sh to Slurm scheduler
water_cluster/pbe0dz/test96/coloumb
2656/76651 = submitted job /home/boittier/homeb/water_cluster/pbe0dz/test96/coloumb/test96_17_20.sh to Slurm scheduler
water_cluster/pbe0dz/test96/coloumb
2657/76651 = submitted job /home/boittier/homeb/water_cluster/pbe0dz/test96/coloumb/test96_18_19.sh to Slurm scheduler
water_cluster/pbe0dz/test96/coloumb
2658/76651 = submitted job /home/boittier/homeb/water_cluster/pbe0dz/test96/coloumb/test96_18_20.sh to Slurm scheduler
water_cluster/pbe0dz/test96/coloumb
2659/76651 = submitted job /home/boittier/homeb/water_cluster/pbe0dz/test96/coloumb/test96_19_20.sh to Slurm scheduler
water_cluster/pbe0dz/test347/coloumb
2660/76651 = submitted job /home/boittier/homeb/water_cluster/pbe0dz/test347/coloumb/test347_1_2.sh to Slurm scheduler
water_cluster/pbe0dz/test347/coloumb
2661/76651 = submitted job /home/boittier/homeb/water_cluster/pbe0dz/test347/coloumb/test347_1_3.sh to Slurm scheduler
water_cluster/pbe0dz/test347/coloumb
2662/76651 = submitted job /home/boittier/homeb/water_cluster/pbe0dz/test347/coloumb/test347_1_4.sh to Slurm scheduler
water_cluster/pbe0dz/test347/coloumb
2663/76651 = submitted job /home/boittier/homeb/water_cluster/pbe0dz/test347/coloumb/test347_1_5.sh to Slurm scheduler
water_cluster/pbe0dz/test347/coloumb
2664/76651 = submitted job /home/boittier/homeb/water_cluster/pbe0dz/test347/coloumb/test347_1_6.sh to Slurm scheduler
water_cluster/pbe0dz/test347/coloumb
2665/76651 = submitted job /home/boittier/homeb/water_cluster/pbe0dz/test347/coloumb/test347_1_7.sh to Slurm scheduler
water_cluster/pbe0dz/test347/coloumb
2666/76651 = submitted job /home/boittier/homeb/water_cluster/pbe0dz/test347/coloumb/test347_1_8.sh to Slurm scheduler
water_cluster/pbe0dz/test347/coloumb
2667/76651 = submitted job /home/boittier/homeb/water_cluster/pbe0dz/test347/coloumb/test347_1_9.sh to Slurm scheduler
water_cluster/pbe0dz/test347/coloumb
2668/76651 = submitted job /home/boittier/homeb/water_cluster/pbe0dz/test347/coloumb/test347_1_10.sh to Slurm scheduler
water_cluster/pbe0dz/test347/coloumb
2669/76651 = submitted job /home/boittier/homeb/water_cluster/pbe0dz/test347/coloumb/test347_1_11.sh to Slurm scheduler
water_cluster/pbe0dz/test347/coloumb
2670/76651 = submitted job /home/boittier/homeb/water_cluster/pbe0dz/test347/coloumb/test347_1_12.sh to Slurm scheduler
water_cluster/pbe0dz/test347/coloumb
2671/76651 = submitted job /home/boittier/homeb/water_cluster/pbe0dz/test347/coloumb/test347_1_13.sh to Slurm scheduler
water_cluster/pbe0dz/test347/coloumb
2672/76651 = submitted job /home/boittier/homeb/water_cluster/pbe0dz/test347/coloumb/test347_1_14.sh to Slurm scheduler
water_cluster/pbe0dz/test347/coloumb
2673/76651 = submitted job /home/boittier/homeb/water_cluster/pbe0dz/test347/coloumb/test347_1_15.sh to Slurm scheduler
water_cluster/pbe0dz/test347/coloumb
2674/76651 = submitted job /home/boittier/homeb/water_cluster/pbe0dz/test347/coloumb/test347_1_16.sh to Slurm scheduler
water_cluster/pbe0dz/test347/coloumb
2675/76651 = submitted job /home/boittier/homeb/water_cluster/pbe0dz/test347/coloumb/test347_1_17.sh to Slurm scheduler
water_cluster/pbe0dz/test347/coloumb
2676/76651 = submitted job /home/boittier/homeb/water_cluster/pbe0dz/test347/coloumb/test347_1_18.sh to Slurm scheduler
water_cluster/pbe0dz/test347/coloumb
2677/76651 = submitted job /home/boittier/homeb/water_cluster/pbe0dz/test347/coloumb/test347_1_19.sh to Slurm scheduler
water_cluster/pbe0dz/test347/coloumb
2678/76651 = submitted job /home/boittier/homeb/water_cluster/pbe0dz/test347/coloumb/test347_1_20.sh to Slurm scheduler
water_cluster/pbe0dz/test347/coloumb
2679/76651 = submitted job /home/boittier/homeb/water_cluster/pbe0dz/test347/coloumb/test347_2_3.sh to Slurm scheduler
water_cluster/pbe0dz/test347/coloumb
2680/76651 = submitted job /home/boittier/homeb/water_cluster/pbe0dz/test347/coloumb/test347_2_4.sh to Slurm scheduler
water_cluster/pbe0dz/test347/coloumb
2681/76651 = submitted job /home/boittier/homeb/water_cluster/pbe0dz/test347/coloumb/test347_2_5.sh to Slurm scheduler
water_cluster/pbe0dz/test347/coloumb
2682/76651 = submitted job /home/boittier/homeb/water_cluster/pbe0dz/test347/coloumb/test347_2_6.sh to Slurm scheduler
water_cluster/pbe0dz/test347/coloumb
2683/76651 = submitted job /home/boittier/homeb/water_cluster/pbe0dz/test347/coloumb/test347_2_7.sh to Slurm scheduler
water_cluster/pbe0dz/test347/coloumb
2684/76651 = submitted job /home/boittier/homeb/water_cluster/pbe0dz/test347/coloumb/test347_2_8.sh to Slurm scheduler
water_cluster/pbe0dz/test347/coloumb
2685/76651 = submitted job /home/boittier/homeb/water_cluster/pbe0dz/test347/coloumb/test347_2_9.sh to Slurm scheduler
water_cluster/pbe0dz/test347/coloumb
2686/76651 = submitted job /home/boittier/homeb/water_cluster/pbe0dz/test347/coloumb/test347_2_10.sh to Slurm scheduler
water_cluster/pbe0dz/test347/coloumb
2687/76651 = submitted job /home/boittier/homeb/water_cluster/pbe0dz/test347/coloumb/test347_2_11.sh to Slurm scheduler
water_cluster/pbe0dz/test347/coloumb
2688/76651 = submitted job /home/boittier/homeb/water_cluster/pbe0dz/test347/coloumb/test347_2_12.sh to Slurm scheduler
water_cluster/pbe0dz/test347/coloumb
2689/76651 = submitted job /home/boittier/homeb/water_cluster/pbe0dz/test347/coloumb/test347_2_13.sh to Slurm scheduler
water_cluster/pbe0dz/test347/coloumb
2690/76651 = submitted job /home/boittier/homeb/water_cluster/pbe0dz/test347/coloumb/test347_2_14.sh to Slurm scheduler
water_cluster/pbe0dz/test347/coloumb
2691/76651 = submitted job /home/boittier/homeb/water_cluster/pbe0dz/test347/coloumb/test347_2_15.sh to Slurm scheduler
water_cluster/pbe0dz/test347/coloumb
2692/76651 = submitted job /home/boittier/homeb/water_cluster/pbe0dz/test347/coloumb/test347_2_16.sh to Slurm scheduler
water_cluster/pbe0dz/test347/coloumb
2693/76651 = submitted job /home/boittier/homeb/water_cluster/pbe0dz/test347/coloumb/test347_2_17.sh to Slurm scheduler
water_cluster/pbe0dz/test347/coloumb
2694/76651 = submitted job /home/boittier/homeb/water_cluster/pbe0dz/test347/coloumb/test347_2_18.sh to Slurm scheduler
water_cluster/pbe0dz/test347/coloumb
2695/76651 = submitted job /home/boittier/homeb/water_cluster/pbe0dz/test347/coloumb/test347_2_19.sh to Slurm scheduler
water_cluster/pbe0dz/test347/coloumb
2696/76651 = submitted job /home/boittier/homeb/water_cluster/pbe0dz/test347/coloumb/test347_2_20.sh to Slurm scheduler
water_cluster/pbe0dz/test347/coloumb
2697/76651 = submitted job /home/boittier/homeb/water_cluster/pbe0dz/test347/coloumb/test347_3_4.sh to Slurm scheduler
water_cluster/pbe0dz/test347/coloumb
2698/76651 = submitted job /home/boittier/homeb/water_cluster/pbe0dz/test347/coloumb/test347_3_5.sh to Slurm scheduler
water_cluster/pbe0dz/test347/coloumb
2699/76651 = submitted job /home/boittier/homeb/water_cluster/pbe0dz/test347/coloumb/test347_3_6.sh to Slurm scheduler
water_cluster/pbe0dz/test347/coloumb
2700/76651 = submitted job /home/boittier/homeb/water_cluster/pbe0dz/test347/coloumb/test347_3_7.sh to Slurm scheduler
water_cluster/pbe0dz/test347/coloumb
2701/76651 = submitted job /home/boittier/homeb/water_cluster/pbe0dz/test347/coloumb/test347_3_8.sh to Slurm scheduler
water_cluster/pbe0dz/test347/coloumb
2702/76651 = submitted job /home/boittier/homeb/water_cluster/pbe0dz/test347/coloumb/test347_3_9.sh to Slurm scheduler
water_cluster/pbe0dz/test347/coloumb
2703/76651 = submitted job /home/boittier/homeb/water_cluster/pbe0dz/test347/coloumb/test347_3_10.sh to Slurm scheduler
water_cluster/pbe0dz/test347/coloumb
2704/76651 = submitted job /home/boittier/homeb/water_cluster/pbe0dz/test347/coloumb/test347_3_11.sh to Slurm scheduler
water_cluster/pbe0dz/test347/coloumb
2705/76651 = submitted job /home/boittier/homeb/water_cluster/pbe0dz/test347/coloumb/test347_3_12.sh to Slurm scheduler
water_cluster/pbe0dz/test347/coloumb
2706/76651 = submitted job /home/boittier/homeb/water_cluster/pbe0dz/test347/coloumb/test347_3_13.sh to Slurm scheduler
water_cluster/pbe0dz/test347/coloumb
2707/76651 = submitted job /home/boittier/homeb/water_cluster/pbe0dz/test347/coloumb/test347_3_14.sh to Slurm scheduler
water_cluster/pbe0dz/test347/coloumb
2708/76651 = submitted job /home/boittier/homeb/water_cluster/pbe0dz/test347/coloumb/test347_3_15.sh to Slurm scheduler
water_cluster/pbe0dz/test347/coloumb
2709/76651 = submitted job /home/boittier/homeb/water_cluster/pbe0dz/test347/coloumb/test347_3_16.sh to Slurm scheduler
water_cluster/pbe0dz/test347/coloumb
2710/76651 = submitted job /home/boittier/homeb/water_cluster/pbe0dz/test347/coloumb/test347_3_17.sh to Slurm scheduler
water_cluster/pbe0dz/test347/coloumb
2711/76651 = submitted job /home/boittier/homeb/water_cluster/pbe0dz/test347/coloumb/test347_3_18.sh to Slurm scheduler
water_cluster/pbe0dz/test347/coloumb
2712/76651 = submitted job /home/boittier/homeb/water_cluster/pbe0dz/test347/coloumb/test347_3_19.sh to Slurm scheduler
water_cluster/pbe0dz/test347/coloumb
2713/76651 = submitted job /home/boittier/homeb/water_cluster/pbe0dz/test347/coloumb/test347_3_20.sh to Slurm scheduler
water_cluster/pbe0dz/test347/coloumb
2714/76651 = submitted job /home/boittier/homeb/water_cluster/pbe0dz/test347/coloumb/test347_4_5.sh to Slurm scheduler
water_cluster/pbe0dz/test347/coloumb
2715/76651 = submitted job /home/boittier/homeb/water_cluster/pbe0dz/test347/coloumb/test347_4_6.sh to Slurm scheduler
water_cluster/pbe0dz/test347/coloumb
2716/76651 = submitted job /home/boittier/homeb/water_cluster/pbe0dz/test347/coloumb/test347_4_7.sh to Slurm scheduler
water_cluster/pbe0dz/test347/coloumb
2717/76651 = submitted job /home/boittier/homeb/water_cluster/pbe0dz/test347/coloumb/test347_4_8.sh to Slurm scheduler
water_cluster/pbe0dz/test347/coloumb
2718/76651 = submitted job /home/boittier/homeb/water_cluster/pbe0dz/test347/coloumb/test347_4_9.sh to Slurm scheduler
water_cluster/pbe0dz/test347/coloumb
2719/76651 = submitted job /home/boittier/homeb/water_cluster/pbe0dz/test347/coloumb/test347_4_10.sh to Slurm scheduler
water_cluster/pbe0dz/test347/coloumb
2720/76651 = submitted job /home/boittier/homeb/water_cluster/pbe0dz/test347/coloumb/test347_4_11.sh to Slurm scheduler
water_cluster/pbe0dz/test347/coloumb
2721/76651 = submitted job /home/boittier/homeb/water_cluster/pbe0dz/test347/coloumb/test347_4_12.sh to Slurm scheduler
water_cluster/pbe0dz/test347/coloumb
2722/76651 = submitted job /home/boittier/homeb/water_cluster/pbe0dz/test347/coloumb/test347_4_13.sh to Slurm scheduler
water_cluster/pbe0dz/test347/coloumb
2723/76651 = submitted job /home/boittier/homeb/water_cluster/pbe0dz/test347/coloumb/test347_4_14.sh to Slurm scheduler
water_cluster/pbe0dz/test347/coloumb
2724/76651 = submitted job /home/boittier/homeb/water_cluster/pbe0dz/test347/coloumb/test347_4_15.sh to Slurm scheduler
water_cluster/pbe0dz/test347/coloumb
2725/76651 = submitted job /home/boittier/homeb/water_cluster/pbe0dz/test347/coloumb/test347_4_16.sh to Slurm scheduler
water_cluster/pbe0dz/test347/coloumb
2726/76651 = submitted job /home/boittier/homeb/water_cluster/pbe0dz/test347/coloumb/test347_4_17.sh to Slurm scheduler
water_cluster/pbe0dz/test347/coloumb
2727/76651 = submitted job /home/boittier/homeb/water_cluster/pbe0dz/test347/coloumb/test347_4_18.sh to Slurm scheduler
water_cluster/pbe0dz/test347/coloumb
2728/76651 = submitted job /home/boittier/homeb/water_cluster/pbe0dz/test347/coloumb/test347_4_19.sh to Slurm scheduler
water_cluster/pbe0dz/test347/coloumb
2729/76651 = submitted job /home/boittier/homeb/water_cluster/pbe0dz/test347/coloumb/test347_4_20.sh to Slurm scheduler
water_cluster/pbe0dz/test347/coloumb
2730/76651 = submitted job /home/boittier/homeb/water_cluster/pbe0dz/test347/coloumb/test347_5_6.sh to Slurm scheduler
water_cluster/pbe0dz/test347/coloumb
2731/76651 = submitted job /home/boittier/homeb/water_cluster/pbe0dz/test347/coloumb/test347_5_7.sh to Slurm scheduler
water_cluster/pbe0dz/test347/coloumb
2732/76651 = submitted job /home/boittier/homeb/water_cluster/pbe0dz/test347/coloumb/test347_5_8.sh to Slurm scheduler
water_cluster/pbe0dz/test347/coloumb
2733/76651 = submitted job /home/boittier/homeb/water_cluster/pbe0dz/test347/coloumb/test347_5_9.sh to Slurm scheduler
water_cluster/pbe0dz/test347/coloumb
2734/76651 = submitted job /home/boittier/homeb/water_cluster/pbe0dz/test347/coloumb/test347_5_10.sh to Slurm scheduler
water_cluster/pbe0dz/test347/coloumb
2735/76651 = submitted job /home/boittier/homeb/water_cluster/pbe0dz/test347/coloumb/test347_5_11.sh to Slurm scheduler
water_cluster/pbe0dz/test347/coloumb
2736/76651 = submitted job /home/boittier/homeb/water_cluster/pbe0dz/test347/coloumb/test347_5_12.sh to Slurm scheduler
water_cluster/pbe0dz/test347/coloumb
2737/76651 = submitted job /home/boittier/homeb/water_cluster/pbe0dz/test347/coloumb/test347_5_13.sh to Slurm scheduler
water_cluster/pbe0dz/test347/coloumb
2738/76651 = submitted job /home/boittier/homeb/water_cluster/pbe0dz/test347/coloumb/test347_5_14.sh to Slurm scheduler
water_cluster/pbe0dz/test347/coloumb
2739/76651 = submitted job /home/boittier/homeb/water_cluster/pbe0dz/test347/coloumb/test347_5_15.sh to Slurm scheduler
water_cluster/pbe0dz/test347/coloumb
2740/76651 = submitted job /home/boittier/homeb/water_cluster/pbe0dz/test347/coloumb/test347_5_16.sh to Slurm scheduler
water_cluster/pbe0dz/test347/coloumb
2741/76651 = submitted job /home/boittier/homeb/water_cluster/pbe0dz/test347/coloumb/test347_5_17.sh to Slurm scheduler
water_cluster/pbe0dz/test347/coloumb
2742/76651 = submitted job /home/boittier/homeb/water_cluster/pbe0dz/test347/coloumb/test347_5_18.sh to Slurm scheduler
water_cluster/pbe0dz/test347/coloumb
2743/76651 = submitted job /home/boittier/homeb/water_cluster/pbe0dz/test347/coloumb/test347_5_19.sh to Slurm scheduler
water_cluster/pbe0dz/test347/coloumb
2744/76651 = submitted job /home/boittier/homeb/water_cluster/pbe0dz/test347/coloumb/test347_5_20.sh to Slurm scheduler
water_cluster/pbe0dz/test347/coloumb
2745/76651 = submitted job /home/boittier/homeb/water_cluster/pbe0dz/test347/coloumb/test347_6_7.sh to Slurm scheduler
water_cluster/pbe0dz/test347/coloumb
2746/76651 = submitted job /home/boittier/homeb/water_cluster/pbe0dz/test347/coloumb/test347_6_8.sh to Slurm scheduler
water_cluster/pbe0dz/test347/coloumb
2747/76651 = submitted job /home/boittier/homeb/water_cluster/pbe0dz/test347/coloumb/test347_6_9.sh to Slurm scheduler
water_cluster/pbe0dz/test347/coloumb
2748/76651 = submitted job /home/boittier/homeb/water_cluster/pbe0dz/test347/coloumb/test347_6_10.sh to Slurm scheduler
water_cluster/pbe0dz/test347/coloumb
2749/76651 = submitted job /home/boittier/homeb/water_cluster/pbe0dz/test347/coloumb/test347_6_11.sh to Slurm scheduler
water_cluster/pbe0dz/test347/coloumb
2750/76651 = submitted job /home/boittier/homeb/water_cluster/pbe0dz/test347/coloumb/test347_6_12.sh to Slurm scheduler
water_cluster/pbe0dz/test347/coloumb
2751/76651 = submitted job /home/boittier/homeb/water_cluster/pbe0dz/test347/coloumb/test347_6_13.sh to Slurm scheduler
water_cluster/pbe0dz/test347/coloumb
2752/76651 = submitted job /home/boittier/homeb/water_cluster/pbe0dz/test347/coloumb/test347_6_14.sh to Slurm scheduler
water_cluster/pbe0dz/test347/coloumb
2753/76651 = submitted job /home/boittier/homeb/water_cluster/pbe0dz/test347/coloumb/test347_6_15.sh to Slurm scheduler
water_cluster/pbe0dz/test347/coloumb
2754/76651 = submitted job /home/boittier/homeb/water_cluster/pbe0dz/test347/coloumb/test347_6_16.sh to Slurm scheduler
water_cluster/pbe0dz/test347/coloumb
2755/76651 = submitted job /home/boittier/homeb/water_cluster/pbe0dz/test347/coloumb/test347_6_17.sh to Slurm scheduler
water_cluster/pbe0dz/test347/coloumb
2756/76651 = submitted job /home/boittier/homeb/water_cluster/pbe0dz/test347/coloumb/test347_6_18.sh to Slurm scheduler
water_cluster/pbe0dz/test347/coloumb
2757/76651 = submitted job /home/boittier/homeb/water_cluster/pbe0dz/test347/coloumb/test347_6_19.sh to Slurm scheduler
water_cluster/pbe0dz/test347/coloumb
2758/76651 = submitted job /home/boittier/homeb/water_cluster/pbe0dz/test347/coloumb/test347_6_20.sh to Slurm scheduler
water_cluster/pbe0dz/test347/coloumb
2759/76651 = submitted job /home/boittier/homeb/water_cluster/pbe0dz/test347/coloumb/test347_7_8.sh to Slurm scheduler
water_cluster/pbe0dz/test347/coloumb
2760/76651 = submitted job /home/boittier/homeb/water_cluster/pbe0dz/test347/coloumb/test347_7_9.sh to Slurm scheduler
water_cluster/pbe0dz/test347/coloumb
2761/76651 = submitted job /home/boittier/homeb/water_cluster/pbe0dz/test347/coloumb/test347_7_10.sh to Slurm scheduler
water_cluster/pbe0dz/test347/coloumb
2762/76651 = submitted job /home/boittier/homeb/water_cluster/pbe0dz/test347/coloumb/test347_7_11.sh to Slurm scheduler
water_cluster/pbe0dz/test347/coloumb
2763/76651 = submitted job /home/boittier/homeb/water_cluster/pbe0dz/test347/coloumb/test347_7_12.sh to Slurm scheduler
water_cluster/pbe0dz/test347/coloumb
2764/76651 = submitted job /home/boittier/homeb/water_cluster/pbe0dz/test347/coloumb/test347_7_13.sh to Slurm scheduler
water_cluster/pbe0dz/test347/coloumb
2765/76651 = submitted job /home/boittier/homeb/water_cluster/pbe0dz/test347/coloumb/test347_7_14.sh to Slurm scheduler
water_cluster/pbe0dz/test347/coloumb
2766/76651 = submitted job /home/boittier/homeb/water_cluster/pbe0dz/test347/coloumb/test347_7_15.sh to Slurm scheduler
water_cluster/pbe0dz/test347/coloumb
2767/76651 = submitted job /home/boittier/homeb/water_cluster/pbe0dz/test347/coloumb/test347_7_16.sh to Slurm scheduler
water_cluster/pbe0dz/test347/coloumb
2768/76651 = submitted job /home/boittier/homeb/water_cluster/pbe0dz/test347/coloumb/test347_7_17.sh to Slurm scheduler
water_cluster/pbe0dz/test347/coloumb
2769/76651 = submitted job /home/boittier/homeb/water_cluster/pbe0dz/test347/coloumb/test347_7_18.sh to Slurm scheduler
water_cluster/pbe0dz/test347/coloumb
2770/76651 = submitted job /home/boittier/homeb/water_cluster/pbe0dz/test347/coloumb/test347_7_19.sh to Slurm scheduler
water_cluster/pbe0dz/test347/coloumb
2771/76651 = submitted job /home/boittier/homeb/water_cluster/pbe0dz/test347/coloumb/test347_7_20.sh to Slurm scheduler
water_cluster/pbe0dz/test347/coloumb
2772/76651 = submitted job /home/boittier/homeb/water_cluster/pbe0dz/test347/coloumb/test347_8_9.sh to Slurm scheduler
water_cluster/pbe0dz/test347/coloumb
2773/76651 = submitted job /home/boittier/homeb/water_cluster/pbe0dz/test347/coloumb/test347_8_10.sh to Slurm scheduler
water_cluster/pbe0dz/test347/coloumb
2774/76651 = submitted job /home/boittier/homeb/water_cluster/pbe0dz/test347/coloumb/test347_8_11.sh to Slurm scheduler
water_cluster/pbe0dz/test347/coloumb
2775/76651 = submitted job /home/boittier/homeb/water_cluster/pbe0dz/test347/coloumb/test347_8_12.sh to Slurm scheduler
water_cluster/pbe0dz/test347/coloumb
2776/76651 = submitted job /home/boittier/homeb/water_cluster/pbe0dz/test347/coloumb/test347_8_13.sh to Slurm scheduler
water_cluster/pbe0dz/test347/coloumb
2777/76651 = submitted job /home/boittier/homeb/water_cluster/pbe0dz/test347/coloumb/test347_8_14.sh to Slurm scheduler
water_cluster/pbe0dz/test347/coloumb
2778/76651 = submitted job /home/boittier/homeb/water_cluster/pbe0dz/test347/coloumb/test347_8_15.sh to Slurm scheduler
water_cluster/pbe0dz/test347/coloumb
2779/76651 = submitted job /home/boittier/homeb/water_cluster/pbe0dz/test347/coloumb/test347_8_16.sh to Slurm scheduler
water_cluster/pbe0dz/test347/coloumb
2780/76651 = submitted job /home/boittier/homeb/water_cluster/pbe0dz/test347/coloumb/test347_8_17.sh to Slurm scheduler
water_cluster/pbe0dz/test347/coloumb
2781/76651 = submitted job /home/boittier/homeb/water_cluster/pbe0dz/test347/coloumb/test347_8_18.sh to Slurm scheduler
water_cluster/pbe0dz/test347/coloumb
2782/76651 = submitted job /home/boittier/homeb/water_cluster/pbe0dz/test347/coloumb/test347_8_19.sh to Slurm scheduler
water_cluster/pbe0dz/test347/coloumb
2783/76651 = submitted job /home/boittier/homeb/water_cluster/pbe0dz/test347/coloumb/test347_8_20.sh to Slurm scheduler
water_cluster/pbe0dz/test347/coloumb
2784/76651 = submitted job /home/boittier/homeb/water_cluster/pbe0dz/test347/coloumb/test347_9_10.sh to Slurm scheduler
water_cluster/pbe0dz/test347/coloumb
2785/76651 = submitted job /home/boittier/homeb/water_cluster/pbe0dz/test347/coloumb/test347_9_11.sh to Slurm scheduler
water_cluster/pbe0dz/test347/coloumb
2786/76651 = submitted job /home/boittier/homeb/water_cluster/pbe0dz/test347/coloumb/test347_9_12.sh to Slurm scheduler
water_cluster/pbe0dz/test347/coloumb
2787/76651 = submitted job /home/boittier/homeb/water_cluster/pbe0dz/test347/coloumb/test347_9_13.sh to Slurm scheduler
water_cluster/pbe0dz/test347/coloumb
2788/76651 = submitted job /home/boittier/homeb/water_cluster/pbe0dz/test347/coloumb/test347_9_14.sh to Slurm scheduler
water_cluster/pbe0dz/test347/coloumb
2789/76651 = submitted job /home/boittier/homeb/water_cluster/pbe0dz/test347/coloumb/test347_9_15.sh to Slurm scheduler
water_cluster/pbe0dz/test347/coloumb
2790/76651 = submitted job /home/boittier/homeb/water_cluster/pbe0dz/test347/coloumb/test347_9_16.sh to Slurm scheduler
water_cluster/pbe0dz/test347/coloumb
2791/76651 = submitted job /home/boittier/homeb/water_cluster/pbe0dz/test347/coloumb/test347_9_17.sh to Slurm scheduler
water_cluster/pbe0dz/test347/coloumb
2792/76651 = submitted job /home/boittier/homeb/water_cluster/pbe0dz/test347/coloumb/test347_9_18.sh to Slurm scheduler
water_cluster/pbe0dz/test347/coloumb
2793/76651 = submitted job /home/boittier/homeb/water_cluster/pbe0dz/test347/coloumb/test347_9_19.sh to Slurm scheduler
water_cluster/pbe0dz/test347/coloumb
2794/76651 = submitted job /home/boittier/homeb/water_cluster/pbe0dz/test347/coloumb/test347_9_20.sh to Slurm scheduler
water_cluster/pbe0dz/test347/coloumb
2795/76651 = submitted job /home/boittier/homeb/water_cluster/pbe0dz/test347/coloumb/test347_10_11.sh to Slurm scheduler
water_cluster/pbe0dz/test347/coloumb
2796/76651 = submitted job /home/boittier/homeb/water_cluster/pbe0dz/test347/coloumb/test347_10_12.sh to Slurm scheduler
water_cluster/pbe0dz/test347/coloumb
2797/76651 = submitted job /home/boittier/homeb/water_cluster/pbe0dz/test347/coloumb/test347_10_13.sh to Slurm scheduler
water_cluster/pbe0dz/test347/coloumb
2798/76651 = submitted job /home/boittier/homeb/water_cluster/pbe0dz/test347/coloumb/test347_10_14.sh to Slurm scheduler
water_cluster/pbe0dz/test347/coloumb
2799/76651 = submitted job /home/boittier/homeb/water_cluster/pbe0dz/test347/coloumb/test347_10_15.sh to Slurm scheduler
water_cluster/pbe0dz/test347/coloumb
2800/76651 = submitted job /home/boittier/homeb/water_cluster/pbe0dz/test347/coloumb/test347_10_16.sh to Slurm scheduler
water_cluster/pbe0dz/test347/coloumb
2801/76651 = submitted job /home/boittier/homeb/water_cluster/pbe0dz/test347/coloumb/test347_10_17.sh to Slurm scheduler
water_cluster/pbe0dz/test347/coloumb
2802/76651 = submitted job /home/boittier/homeb/water_cluster/pbe0dz/test347/coloumb/test347_10_18.sh to Slurm scheduler
water_cluster/pbe0dz/test347/coloumb
2803/76651 = submitted job /home/boittier/homeb/water_cluster/pbe0dz/test347/coloumb/test347_10_19.sh to Slurm scheduler
water_cluster/pbe0dz/test347/coloumb
2804/76651 = submitted job /home/boittier/homeb/water_cluster/pbe0dz/test347/coloumb/test347_10_20.sh to Slurm scheduler
water_cluster/pbe0dz/test347/coloumb
2805/76651 = submitted job /home/boittier/homeb/water_cluster/pbe0dz/test347/coloumb/test347_11_12.sh to Slurm scheduler
water_cluster/pbe0dz/test347/coloumb
2806/76651 = submitted job /home/boittier/homeb/water_cluster/pbe0dz/test347/coloumb/test347_11_13.sh to Slurm scheduler
water_cluster/pbe0dz/test347/coloumb
2807/76651 = submitted job /home/boittier/homeb/water_cluster/pbe0dz/test347/coloumb/test347_11_14.sh to Slurm scheduler
water_cluster/pbe0dz/test347/coloumb
2808/76651 = submitted job /home/boittier/homeb/water_cluster/pbe0dz/test347/coloumb/test347_11_15.sh to Slurm scheduler
water_cluster/pbe0dz/test347/coloumb
2809/76651 = submitted job /home/boittier/homeb/water_cluster/pbe0dz/test347/coloumb/test347_11_16.sh to Slurm scheduler
water_cluster/pbe0dz/test347/coloumb
2810/76651 = submitted job /home/boittier/homeb/water_cluster/pbe0dz/test347/coloumb/test347_11_17.sh to Slurm scheduler
water_cluster/pbe0dz/test347/coloumb
2811/76651 = submitted job /home/boittier/homeb/water_cluster/pbe0dz/test347/coloumb/test347_11_18.sh to Slurm scheduler
water_cluster/pbe0dz/test347/coloumb
2812/76651 = submitted job /home/boittier/homeb/water_cluster/pbe0dz/test347/coloumb/test347_11_19.sh to Slurm scheduler
water_cluster/pbe0dz/test347/coloumb
2813/76651 = submitted job /home/boittier/homeb/water_cluster/pbe0dz/test347/coloumb/test347_11_20.sh to Slurm scheduler
water_cluster/pbe0dz/test347/coloumb
2814/76651 = submitted job /home/boittier/homeb/water_cluster/pbe0dz/test347/coloumb/test347_12_13.sh to Slurm scheduler
water_cluster/pbe0dz/test347/coloumb
2815/76651 = submitted job /home/boittier/homeb/water_cluster/pbe0dz/test347/coloumb/test347_12_14.sh to Slurm scheduler
water_cluster/pbe0dz/test347/coloumb
2816/76651 = submitted job /home/boittier/homeb/water_cluster/pbe0dz/test347/coloumb/test347_12_15.sh to Slurm scheduler
water_cluster/pbe0dz/test347/coloumb
2817/76651 = submitted job /home/boittier/homeb/water_cluster/pbe0dz/test347/coloumb/test347_12_16.sh to Slurm scheduler
water_cluster/pbe0dz/test347/coloumb
2818/76651 = submitted job /home/boittier/homeb/water_cluster/pbe0dz/test347/coloumb/test347_12_17.sh to Slurm scheduler
water_cluster/pbe0dz/test347/coloumb
2819/76651 = submitted job /home/boittier/homeb/water_cluster/pbe0dz/test347/coloumb/test347_12_18.sh to Slurm scheduler
water_cluster/pbe0dz/test347/coloumb
2820/76651 = submitted job /home/boittier/homeb/water_cluster/pbe0dz/test347/coloumb/test347_12_19.sh to Slurm scheduler
water_cluster/pbe0dz/test347/coloumb
2821/76651 = submitted job /home/boittier/homeb/water_cluster/pbe0dz/test347/coloumb/test347_12_20.sh to Slurm scheduler
water_cluster/pbe0dz/test347/coloumb
2822/76651 = submitted job /home/boittier/homeb/water_cluster/pbe0dz/test347/coloumb/test347_13_14.sh to Slurm scheduler
water_cluster/pbe0dz/test347/coloumb
2823/76651 = submitted job /home/boittier/homeb/water_cluster/pbe0dz/test347/coloumb/test347_13_15.sh to Slurm scheduler
water_cluster/pbe0dz/test347/coloumb
2824/76651 = submitted job /home/boittier/homeb/water_cluster/pbe0dz/test347/coloumb/test347_13_16.sh to Slurm scheduler
water_cluster/pbe0dz/test347/coloumb
2825/76651 = submitted job /home/boittier/homeb/water_cluster/pbe0dz/test347/coloumb/test347_13_17.sh to Slurm scheduler
water_cluster/pbe0dz/test347/coloumb
2826/76651 = submitted job /home/boittier/homeb/water_cluster/pbe0dz/test347/coloumb/test347_13_18.sh to Slurm scheduler
water_cluster/pbe0dz/test347/coloumb
2827/76651 = submitted job /home/boittier/homeb/water_cluster/pbe0dz/test347/coloumb/test347_13_19.sh to Slurm scheduler
water_cluster/pbe0dz/test347/coloumb
2828/76651 = submitted job /home/boittier/homeb/water_cluster/pbe0dz/test347/coloumb/test347_13_20.sh to Slurm scheduler
water_cluster/pbe0dz/test347/coloumb
2829/76651 = submitted job /home/boittier/homeb/water_cluster/pbe0dz/test347/coloumb/test347_14_15.sh to Slurm scheduler
water_cluster/pbe0dz/test347/coloumb
2830/76651 = submitted job /home/boittier/homeb/water_cluster/pbe0dz/test347/coloumb/test347_14_16.sh to Slurm scheduler
water_cluster/pbe0dz/test347/coloumb
2831/76651 = submitted job /home/boittier/homeb/water_cluster/pbe0dz/test347/coloumb/test347_14_17.sh to Slurm scheduler
water_cluster/pbe0dz/test347/coloumb
2832/76651 = submitted job /home/boittier/homeb/water_cluster/pbe0dz/test347/coloumb/test347_14_18.sh to Slurm scheduler
water_cluster/pbe0dz/test347/coloumb
2833/76651 = submitted job /home/boittier/homeb/water_cluster/pbe0dz/test347/coloumb/test347_14_19.sh to Slurm scheduler
water_cluster/pbe0dz/test347/coloumb
2834/76651 = submitted job /home/boittier/homeb/water_cluster/pbe0dz/test347/coloumb/test347_14_20.sh to Slurm scheduler
water_cluster/pbe0dz/test347/coloumb
2835/76651 = submitted job /home/boittier/homeb/water_cluster/pbe0dz/test347/coloumb/test347_15_16.sh to Slurm scheduler
water_cluster/pbe0dz/test347/coloumb
2836/76651 = submitted job /home/boittier/homeb/water_cluster/pbe0dz/test347/coloumb/test347_15_17.sh to Slurm scheduler
water_cluster/pbe0dz/test347/coloumb
2837/76651 = submitted job /home/boittier/homeb/water_cluster/pbe0dz/test347/coloumb/test347_15_18.sh to Slurm scheduler
water_cluster/pbe0dz/test347/coloumb
2838/76651 = submitted job /home/boittier/homeb/water_cluster/pbe0dz/test347/coloumb/test347_15_19.sh to Slurm scheduler
water_cluster/pbe0dz/test347/coloumb
2839/76651 = submitted job /home/boittier/homeb/water_cluster/pbe0dz/test347/coloumb/test347_15_20.sh to Slurm scheduler
water_cluster/pbe0dz/test347/coloumb
2840/76651 = submitted job /home/boittier/homeb/water_cluster/pbe0dz/test347/coloumb/test347_16_17.sh to Slurm scheduler
water_cluster/pbe0dz/test347/coloumb
2841/76651 = submitted job /home/boittier/homeb/water_cluster/pbe0dz/test347/coloumb/test347_16_18.sh to Slurm scheduler
water_cluster/pbe0dz/test347/coloumb
2842/76651 = submitted job /home/boittier/homeb/water_cluster/pbe0dz/test347/coloumb/test347_16_19.sh to Slurm scheduler
water_cluster/pbe0dz/test347/coloumb
2843/76651 = submitted job /home/boittier/homeb/water_cluster/pbe0dz/test347/coloumb/test347_16_20.sh to Slurm scheduler
water_cluster/pbe0dz/test347/coloumb
2844/76651 = submitted job /home/boittier/homeb/water_cluster/pbe0dz/test347/coloumb/test347_17_18.sh to Slurm scheduler
water_cluster/pbe0dz/test347/coloumb
2845/76651 = submitted job /home/boittier/homeb/water_cluster/pbe0dz/test347/coloumb/test347_17_19.sh to Slurm scheduler
water_cluster/pbe0dz/test347/coloumb
2846/76651 = submitted job /home/boittier/homeb/water_cluster/pbe0dz/test347/coloumb/test347_17_20.sh to Slurm scheduler
water_cluster/pbe0dz/test347/coloumb
2847/76651 = submitted job /home/boittier/homeb/water_cluster/pbe0dz/test347/coloumb/test347_18_19.sh to Slurm scheduler
water_cluster/pbe0dz/test347/coloumb
2848/76651 = submitted job /home/boittier/homeb/water_cluster/pbe0dz/test347/coloumb/test347_18_20.sh to Slurm scheduler
water_cluster/pbe0dz/test347/coloumb
2849/76651 = submitted job /home/boittier/homeb/water_cluster/pbe0dz/test347/coloumb/test347_19_20.sh to Slurm scheduler
water_cluster/pbe0dz/test375/coloumb
2850/76651 = submitted job /home/boittier/homeb/water_cluster/pbe0dz/test375/coloumb/test375_1_2.sh to Slurm scheduler
water_cluster/pbe0dz/test375/coloumb
2851/76651 = submitted job /home/boittier/homeb/water_cluster/pbe0dz/test375/coloumb/test375_1_3.sh to Slurm scheduler
water_cluster/pbe0dz/test375/coloumb
2852/76651 = submitted job /home/boittier/homeb/water_cluster/pbe0dz/test375/coloumb/test375_1_4.sh to Slurm scheduler
water_cluster/pbe0dz/test375/coloumb
2853/76651 = submitted job /home/boittier/homeb/water_cluster/pbe0dz/test375/coloumb/test375_1_5.sh to Slurm scheduler
water_cluster/pbe0dz/test375/coloumb
2854/76651 = submitted job /home/boittier/homeb/water_cluster/pbe0dz/test375/coloumb/test375_1_6.sh to Slurm scheduler
water_cluster/pbe0dz/test375/coloumb
2855/76651 = submitted job /home/boittier/homeb/water_cluster/pbe0dz/test375/coloumb/test375_1_7.sh to Slurm scheduler
water_cluster/pbe0dz/test375/coloumb
2856/76651 = submitted job /home/boittier/homeb/water_cluster/pbe0dz/test375/coloumb/test375_1_8.sh to Slurm scheduler
water_cluster/pbe0dz/test375/coloumb
2857/76651 = submitted job /home/boittier/homeb/water_cluster/pbe0dz/test375/coloumb/test375_1_9.sh to Slurm scheduler
water_cluster/pbe0dz/test375/coloumb
2858/76651 = submitted job /home/boittier/homeb/water_cluster/pbe0dz/test375/coloumb/test375_1_10.sh to Slurm scheduler
water_cluster/pbe0dz/test375/coloumb
2859/76651 = submitted job /home/boittier/homeb/water_cluster/pbe0dz/test375/coloumb/test375_1_11.sh to Slurm scheduler
water_cluster/pbe0dz/test375/coloumb
2860/76651 = submitted job /home/boittier/homeb/water_cluster/pbe0dz/test375/coloumb/test375_1_12.sh to Slurm scheduler
water_cluster/pbe0dz/test375/coloumb
2861/76651 = submitted job /home/boittier/homeb/water_cluster/pbe0dz/test375/coloumb/test375_1_13.sh to Slurm scheduler
water_cluster/pbe0dz/test375/coloumb
2862/76651 = submitted job /home/boittier/homeb/water_cluster/pbe0dz/test375/coloumb/test375_1_14.sh to Slurm scheduler
water_cluster/pbe0dz/test375/coloumb
2863/76651 = submitted job /home/boittier/homeb/water_cluster/pbe0dz/test375/coloumb/test375_1_15.sh to Slurm scheduler
water_cluster/pbe0dz/test375/coloumb
2864/76651 = submitted job /home/boittier/homeb/water_cluster/pbe0dz/test375/coloumb/test375_1_16.sh to Slurm scheduler
water_cluster/pbe0dz/test375/coloumb
2865/76651 = submitted job /home/boittier/homeb/water_cluster/pbe0dz/test375/coloumb/test375_1_17.sh to Slurm scheduler
water_cluster/pbe0dz/test375/coloumb
2866/76651 = submitted job /home/boittier/homeb/water_cluster/pbe0dz/test375/coloumb/test375_1_18.sh to Slurm scheduler
water_cluster/pbe0dz/test375/coloumb
2867/76651 = submitted job /home/boittier/homeb/water_cluster/pbe0dz/test375/coloumb/test375_1_19.sh to Slurm scheduler
water_cluster/pbe0dz/test375/coloumb
2868/76651 = submitted job /home/boittier/homeb/water_cluster/pbe0dz/test375/coloumb/test375_1_20.sh to Slurm scheduler
water_cluster/pbe0dz/test375/coloumb
2869/76651 = submitted job /home/boittier/homeb/water_cluster/pbe0dz/test375/coloumb/test375_2_3.sh to Slurm scheduler
water_cluster/pbe0dz/test375/coloumb
2870/76651 = submitted job /home/boittier/homeb/water_cluster/pbe0dz/test375/coloumb/test375_2_4.sh to Slurm scheduler
water_cluster/pbe0dz/test375/coloumb
2871/76651 = submitted job /home/boittier/homeb/water_cluster/pbe0dz/test375/coloumb/test375_2_5.sh to Slurm scheduler
water_cluster/pbe0dz/test375/coloumb
2872/76651 = submitted job /home/boittier/homeb/water_cluster/pbe0dz/test375/coloumb/test375_2_6.sh to Slurm scheduler
water_cluster/pbe0dz/test375/coloumb
2873/76651 = submitted job /home/boittier/homeb/water_cluster/pbe0dz/test375/coloumb/test375_2_7.sh to Slurm scheduler
water_cluster/pbe0dz/test375/coloumb
2874/76651 = submitted job /home/boittier/homeb/water_cluster/pbe0dz/test375/coloumb/test375_2_8.sh to Slurm scheduler
water_cluster/pbe0dz/test375/coloumb
2875/76651 = submitted job /home/boittier/homeb/water_cluster/pbe0dz/test375/coloumb/test375_2_9.sh to Slurm scheduler
water_cluster/pbe0dz/test375/coloumb
2876/76651 = submitted job /home/boittier/homeb/water_cluster/pbe0dz/test375/coloumb/test375_2_10.sh to Slurm scheduler
water_cluster/pbe0dz/test375/coloumb
2877/76651 = submitted job /home/boittier/homeb/water_cluster/pbe0dz/test375/coloumb/test375_2_11.sh to Slurm scheduler
water_cluster/pbe0dz/test375/coloumb
2878/76651 = submitted job /home/boittier/homeb/water_cluster/pbe0dz/test375/coloumb/test375_2_12.sh to Slurm scheduler
water_cluster/pbe0dz/test375/coloumb
2879/76651 = submitted job /home/boittier/homeb/water_cluster/pbe0dz/test375/coloumb/test375_2_13.sh to Slurm scheduler
water_cluster/pbe0dz/test375/coloumb
2880/76651 = submitted job /home/boittier/homeb/water_cluster/pbe0dz/test375/coloumb/test375_2_14.sh to Slurm scheduler
water_cluster/pbe0dz/test375/coloumb
2881/76651 = submitted job /home/boittier/homeb/water_cluster/pbe0dz/test375/coloumb/test375_2_15.sh to Slurm scheduler
water_cluster/pbe0dz/test375/coloumb
2882/76651 = submitted job /home/boittier/homeb/water_cluster/pbe0dz/test375/coloumb/test375_2_16.sh to Slurm scheduler
water_cluster/pbe0dz/test375/coloumb
2883/76651 = submitted job /home/boittier/homeb/water_cluster/pbe0dz/test375/coloumb/test375_2_17.sh to Slurm scheduler
water_cluster/pbe0dz/test375/coloumb
2884/76651 = submitted job /home/boittier/homeb/water_cluster/pbe0dz/test375/coloumb/test375_2_18.sh to Slurm scheduler
water_cluster/pbe0dz/test375/coloumb
2885/76651 = submitted job /home/boittier/homeb/water_cluster/pbe0dz/test375/coloumb/test375_2_19.sh to Slurm scheduler
water_cluster/pbe0dz/test375/coloumb
2886/76651 = submitted job /home/boittier/homeb/water_cluster/pbe0dz/test375/coloumb/test375_2_20.sh to Slurm scheduler
water_cluster/pbe0dz/test375/coloumb
2887/76651 = submitted job /home/boittier/homeb/water_cluster/pbe0dz/test375/coloumb/test375_3_4.sh to Slurm scheduler
water_cluster/pbe0dz/test375/coloumb
2888/76651 = submitted job /home/boittier/homeb/water_cluster/pbe0dz/test375/coloumb/test375_3_5.sh to Slurm scheduler
water_cluster/pbe0dz/test375/coloumb
2889/76651 = submitted job /home/boittier/homeb/water_cluster/pbe0dz/test375/coloumb/test375_3_6.sh to Slurm scheduler
water_cluster/pbe0dz/test375/coloumb
2890/76651 = submitted job /home/boittier/homeb/water_cluster/pbe0dz/test375/coloumb/test375_3_7.sh to Slurm scheduler
water_cluster/pbe0dz/test375/coloumb
2891/76651 = submitted job /home/boittier/homeb/water_cluster/pbe0dz/test375/coloumb/test375_3_8.sh to Slurm scheduler
water_cluster/pbe0dz/test375/coloumb
2892/76651 = submitted job /home/boittier/homeb/water_cluster/pbe0dz/test375/coloumb/test375_3_9.sh to Slurm scheduler
water_cluster/pbe0dz/test375/coloumb
2893/76651 = submitted job /home/boittier/homeb/water_cluster/pbe0dz/test375/coloumb/test375_3_10.sh to Slurm scheduler
water_cluster/pbe0dz/test375/coloumb
2894/76651 = submitted job /home/boittier/homeb/water_cluster/pbe0dz/test375/coloumb/test375_3_11.sh to Slurm scheduler
water_cluster/pbe0dz/test375/coloumb
2895/76651 = submitted job /home/boittier/homeb/water_cluster/pbe0dz/test375/coloumb/test375_3_12.sh to Slurm scheduler
water_cluster/pbe0dz/test375/coloumb
2896/76651 = submitted job /home/boittier/homeb/water_cluster/pbe0dz/test375/coloumb/test375_3_13.sh to Slurm scheduler
water_cluster/pbe0dz/test375/coloumb
2897/76651 = submitted job /home/boittier/homeb/water_cluster/pbe0dz/test375/coloumb/test375_3_14.sh to Slurm scheduler
water_cluster/pbe0dz/test375/coloumb
2898/76651 = submitted job /home/boittier/homeb/water_cluster/pbe0dz/test375/coloumb/test375_3_15.sh to Slurm scheduler
water_cluster/pbe0dz/test375/coloumb
2899/76651 = submitted job /home/boittier/homeb/water_cluster/pbe0dz/test375/coloumb/test375_3_16.sh to Slurm scheduler
water_cluster/pbe0dz/test375/coloumb
2900/76651 = submitted job /home/boittier/homeb/water_cluster/pbe0dz/test375/coloumb/test375_3_17.sh to Slurm scheduler
water_cluster/pbe0dz/test375/coloumb
2901/76651 = submitted job /home/boittier/homeb/water_cluster/pbe0dz/test375/coloumb/test375_3_18.sh to Slurm scheduler
water_cluster/pbe0dz/test375/coloumb
2902/76651 = submitted job /home/boittier/homeb/water_cluster/pbe0dz/test375/coloumb/test375_3_19.sh to Slurm scheduler
water_cluster/pbe0dz/test375/coloumb
2903/76651 = submitted job /home/boittier/homeb/water_cluster/pbe0dz/test375/coloumb/test375_3_20.sh to Slurm scheduler
water_cluster/pbe0dz/test375/coloumb
2904/76651 = submitted job /home/boittier/homeb/water_cluster/pbe0dz/test375/coloumb/test375_4_5.sh to Slurm scheduler
water_cluster/pbe0dz/test375/coloumb
2905/76651 = submitted job /home/boittier/homeb/water_cluster/pbe0dz/test375/coloumb/test375_4_6.sh to Slurm scheduler
water_cluster/pbe0dz/test375/coloumb
2906/76651 = submitted job /home/boittier/homeb/water_cluster/pbe0dz/test375/coloumb/test375_4_7.sh to Slurm scheduler
water_cluster/pbe0dz/test375/coloumb
2907/76651 = submitted job /home/boittier/homeb/water_cluster/pbe0dz/test375/coloumb/test375_4_8.sh to Slurm scheduler
water_cluster/pbe0dz/test375/coloumb
2908/76651 = submitted job /home/boittier/homeb/water_cluster/pbe0dz/test375/coloumb/test375_4_9.sh to Slurm scheduler
water_cluster/pbe0dz/test375/coloumb
2909/76651 = submitted job /home/boittier/homeb/water_cluster/pbe0dz/test375/coloumb/test375_4_10.sh to Slurm scheduler
water_cluster/pbe0dz/test375/coloumb
2910/76651 = submitted job /home/boittier/homeb/water_cluster/pbe0dz/test375/coloumb/test375_4_11.sh to Slurm scheduler
water_cluster/pbe0dz/test375/coloumb
2911/76651 = submitted job /home/boittier/homeb/water_cluster/pbe0dz/test375/coloumb/test375_4_12.sh to Slurm scheduler
water_cluster/pbe0dz/test375/coloumb
2912/76651 = submitted job /home/boittier/homeb/water_cluster/pbe0dz/test375/coloumb/test375_4_13.sh to Slurm scheduler
water_cluster/pbe0dz/test375/coloumb
2913/76651 = submitted job /home/boittier/homeb/water_cluster/pbe0dz/test375/coloumb/test375_4_14.sh to Slurm scheduler
water_cluster/pbe0dz/test375/coloumb
2914/76651 = submitted job /home/boittier/homeb/water_cluster/pbe0dz/test375/coloumb/test375_4_15.sh to Slurm scheduler
water_cluster/pbe0dz/test375/coloumb
2915/76651 = submitted job /home/boittier/homeb/water_cluster/pbe0dz/test375/coloumb/test375_4_16.sh to Slurm scheduler
water_cluster/pbe0dz/test375/coloumb
2916/76651 = submitted job /home/boittier/homeb/water_cluster/pbe0dz/test375/coloumb/test375_4_17.sh to Slurm scheduler
water_cluster/pbe0dz/test375/coloumb
2917/76651 = submitted job /home/boittier/homeb/water_cluster/pbe0dz/test375/coloumb/test375_4_18.sh to Slurm scheduler
water_cluster/pbe0dz/test375/coloumb
2918/76651 = submitted job /home/boittier/homeb/water_cluster/pbe0dz/test375/coloumb/test375_4_19.sh to Slurm scheduler
water_cluster/pbe0dz/test375/coloumb
2919/76651 = submitted job /home/boittier/homeb/water_cluster/pbe0dz/test375/coloumb/test375_4_20.sh to Slurm scheduler
water_cluster/pbe0dz/test375/coloumb
2920/76651 = submitted job /home/boittier/homeb/water_cluster/pbe0dz/test375/coloumb/test375_5_6.sh to Slurm scheduler
water_cluster/pbe0dz/test375/coloumb
2921/76651 = submitted job /home/boittier/homeb/water_cluster/pbe0dz/test375/coloumb/test375_5_7.sh to Slurm scheduler
water_cluster/pbe0dz/test375/coloumb
2922/76651 = submitted job /home/boittier/homeb/water_cluster/pbe0dz/test375/coloumb/test375_5_8.sh to Slurm scheduler
water_cluster/pbe0dz/test375/coloumb
2923/76651 = submitted job /home/boittier/homeb/water_cluster/pbe0dz/test375/coloumb/test375_5_9.sh to Slurm scheduler
water_cluster/pbe0dz/test375/coloumb
2924/76651 = submitted job /home/boittier/homeb/water_cluster/pbe0dz/test375/coloumb/test375_5_10.sh to Slurm scheduler
water_cluster/pbe0dz/test375/coloumb
2925/76651 = submitted job /home/boittier/homeb/water_cluster/pbe0dz/test375/coloumb/test375_5_11.sh to Slurm scheduler
water_cluster/pbe0dz/test375/coloumb
2926/76651 = submitted job /home/boittier/homeb/water_cluster/pbe0dz/test375/coloumb/test375_5_12.sh to Slurm scheduler
water_cluster/pbe0dz/test375/coloumb
2927/76651 = submitted job /home/boittier/homeb/water_cluster/pbe0dz/test375/coloumb/test375_5_13.sh to Slurm scheduler
water_cluster/pbe0dz/test375/coloumb
2928/76651 = submitted job /home/boittier/homeb/water_cluster/pbe0dz/test375/coloumb/test375_5_14.sh to Slurm scheduler
water_cluster/pbe0dz/test375/coloumb
2929/76651 = submitted job /home/boittier/homeb/water_cluster/pbe0dz/test375/coloumb/test375_5_15.sh to Slurm scheduler
water_cluster/pbe0dz/test375/coloumb
2930/76651 = submitted job /home/boittier/homeb/water_cluster/pbe0dz/test375/coloumb/test375_5_16.sh to Slurm scheduler
water_cluster/pbe0dz/test375/coloumb
2931/76651 = submitted job /home/boittier/homeb/water_cluster/pbe0dz/test375/coloumb/test375_5_17.sh to Slurm scheduler
water_cluster/pbe0dz/test375/coloumb
2932/76651 = submitted job /home/boittier/homeb/water_cluster/pbe0dz/test375/coloumb/test375_5_18.sh to Slurm scheduler
water_cluster/pbe0dz/test375/coloumb
2933/76651 = submitted job /home/boittier/homeb/water_cluster/pbe0dz/test375/coloumb/test375_5_19.sh to Slurm scheduler
water_cluster/pbe0dz/test375/coloumb
2934/76651 = submitted job /home/boittier/homeb/water_cluster/pbe0dz/test375/coloumb/test375_5_20.sh to Slurm scheduler
water_cluster/pbe0dz/test375/coloumb
2935/76651 = submitted job /home/boittier/homeb/water_cluster/pbe0dz/test375/coloumb/test375_6_7.sh to Slurm scheduler
water_cluster/pbe0dz/test375/coloumb
2936/76651 = submitted job /home/boittier/homeb/water_cluster/pbe0dz/test375/coloumb/test375_6_8.sh to Slurm scheduler
water_cluster/pbe0dz/test375/coloumb
2937/76651 = submitted job /home/boittier/homeb/water_cluster/pbe0dz/test375/coloumb/test375_6_9.sh to Slurm scheduler
water_cluster/pbe0dz/test375/coloumb
2938/76651 = submitted job /home/boittier/homeb/water_cluster/pbe0dz/test375/coloumb/test375_6_10.sh to Slurm scheduler
water_cluster/pbe0dz/test375/coloumb
2939/76651 = submitted job /home/boittier/homeb/water_cluster/pbe0dz/test375/coloumb/test375_6_11.sh to Slurm scheduler
water_cluster/pbe0dz/test375/coloumb
2940/76651 = submitted job /home/boittier/homeb/water_cluster/pbe0dz/test375/coloumb/test375_6_12.sh to Slurm scheduler
water_cluster/pbe0dz/test375/coloumb
2941/76651 = submitted job /home/boittier/homeb/water_cluster/pbe0dz/test375/coloumb/test375_6_13.sh to Slurm scheduler
water_cluster/pbe0dz/test375/coloumb
2942/76651 = submitted job /home/boittier/homeb/water_cluster/pbe0dz/test375/coloumb/test375_6_14.sh to Slurm scheduler
water_cluster/pbe0dz/test375/coloumb
2943/76651 = submitted job /home/boittier/homeb/water_cluster/pbe0dz/test375/coloumb/test375_6_15.sh to Slurm scheduler
water_cluster/pbe0dz/test375/coloumb
2944/76651 = submitted job /home/boittier/homeb/water_cluster/pbe0dz/test375/coloumb/test375_6_16.sh to Slurm scheduler
water_cluster/pbe0dz/test375/coloumb
2945/76651 = submitted job /home/boittier/homeb/water_cluster/pbe0dz/test375/coloumb/test375_6_17.sh to Slurm scheduler
water_cluster/pbe0dz/test375/coloumb
2946/76651 = submitted job /home/boittier/homeb/water_cluster/pbe0dz/test375/coloumb/test375_6_18.sh to Slurm scheduler
water_cluster/pbe0dz/test375/coloumb
2947/76651 = submitted job /home/boittier/homeb/water_cluster/pbe0dz/test375/coloumb/test375_6_19.sh to Slurm scheduler
water_cluster/pbe0dz/test375/coloumb
2948/76651 = submitted job /home/boittier/homeb/water_cluster/pbe0dz/test375/coloumb/test375_6_20.sh to Slurm scheduler
water_cluster/pbe0dz/test375/coloumb
2949/76651 = submitted job /home/boittier/homeb/water_cluster/pbe0dz/test375/coloumb/test375_7_8.sh to Slurm scheduler
water_cluster/pbe0dz/test375/coloumb
2950/76651 = submitted job /home/boittier/homeb/water_cluster/pbe0dz/test375/coloumb/test375_7_9.sh to Slurm scheduler
water_cluster/pbe0dz/test375/coloumb
2951/76651 = submitted job /home/boittier/homeb/water_cluster/pbe0dz/test375/coloumb/test375_7_10.sh to Slurm scheduler
water_cluster/pbe0dz/test375/coloumb
2952/76651 = submitted job /home/boittier/homeb/water_cluster/pbe0dz/test375/coloumb/test375_7_11.sh to Slurm scheduler
water_cluster/pbe0dz/test375/coloumb
2953/76651 = submitted job /home/boittier/homeb/water_cluster/pbe0dz/test375/coloumb/test375_7_12.sh to Slurm scheduler
water_cluster/pbe0dz/test375/coloumb
2954/76651 = submitted job /home/boittier/homeb/water_cluster/pbe0dz/test375/coloumb/test375_7_13.sh to Slurm scheduler
water_cluster/pbe0dz/test375/coloumb
2955/76651 = submitted job /home/boittier/homeb/water_cluster/pbe0dz/test375/coloumb/test375_7_14.sh to Slurm scheduler
water_cluster/pbe0dz/test375/coloumb
2956/76651 = submitted job /home/boittier/homeb/water_cluster/pbe0dz/test375/coloumb/test375_7_15.sh to Slurm scheduler
water_cluster/pbe0dz/test375/coloumb
2957/76651 = submitted job /home/boittier/homeb/water_cluster/pbe0dz/test375/coloumb/test375_7_16.sh to Slurm scheduler
water_cluster/pbe0dz/test375/coloumb
2958/76651 = submitted job /home/boittier/homeb/water_cluster/pbe0dz/test375/coloumb/test375_7_17.sh to Slurm scheduler
water_cluster/pbe0dz/test375/coloumb
2959/76651 = submitted job /home/boittier/homeb/water_cluster/pbe0dz/test375/coloumb/test375_7_18.sh to Slurm scheduler
water_cluster/pbe0dz/test375/coloumb
2960/76651 = submitted job /home/boittier/homeb/water_cluster/pbe0dz/test375/coloumb/test375_7_19.sh to Slurm scheduler
water_cluster/pbe0dz/test375/coloumb
2961/76651 = submitted job /home/boittier/homeb/water_cluster/pbe0dz/test375/coloumb/test375_7_20.sh to Slurm scheduler
water_cluster/pbe0dz/test375/coloumb
2962/76651 = submitted job /home/boittier/homeb/water_cluster/pbe0dz/test375/coloumb/test375_8_9.sh to Slurm scheduler
water_cluster/pbe0dz/test375/coloumb
2963/76651 = submitted job /home/boittier/homeb/water_cluster/pbe0dz/test375/coloumb/test375_8_10.sh to Slurm scheduler
water_cluster/pbe0dz/test375/coloumb
2964/76651 = submitted job /home/boittier/homeb/water_cluster/pbe0dz/test375/coloumb/test375_8_11.sh to Slurm scheduler
water_cluster/pbe0dz/test375/coloumb
2965/76651 = submitted job /home/boittier/homeb/water_cluster/pbe0dz/test375/coloumb/test375_8_12.sh to Slurm scheduler
water_cluster/pbe0dz/test375/coloumb
2966/76651 = submitted job /home/boittier/homeb/water_cluster/pbe0dz/test375/coloumb/test375_8_13.sh to Slurm scheduler
water_cluster/pbe0dz/test375/coloumb
2967/76651 = submitted job /home/boittier/homeb/water_cluster/pbe0dz/test375/coloumb/test375_8_14.sh to Slurm scheduler
water_cluster/pbe0dz/test375/coloumb
2968/76651 = submitted job /home/boittier/homeb/water_cluster/pbe0dz/test375/coloumb/test375_8_15.sh to Slurm scheduler
water_cluster/pbe0dz/test375/coloumb
2969/76651 = submitted job /home/boittier/homeb/water_cluster/pbe0dz/test375/coloumb/test375_8_16.sh to Slurm scheduler
water_cluster/pbe0dz/test375/coloumb
2970/76651 = submitted job /home/boittier/homeb/water_cluster/pbe0dz/test375/coloumb/test375_8_17.sh to Slurm scheduler
water_cluster/pbe0dz/test375/coloumb
2971/76651 = submitted job /home/boittier/homeb/water_cluster/pbe0dz/test375/coloumb/test375_8_18.sh to Slurm scheduler
water_cluster/pbe0dz/test375/coloumb
2972/76651 = submitted job /home/boittier/homeb/water_cluster/pbe0dz/test375/coloumb/test375_8_19.sh to Slurm scheduler
water_cluster/pbe0dz/test375/coloumb
2973/76651 = submitted job /home/boittier/homeb/water_cluster/pbe0dz/test375/coloumb/test375_8_20.sh to Slurm scheduler
water_cluster/pbe0dz/test375/coloumb
2974/76651 = submitted job /home/boittier/homeb/water_cluster/pbe0dz/test375/coloumb/test375_9_10.sh to Slurm scheduler
water_cluster/pbe0dz/test375/coloumb
2975/76651 = submitted job /home/boittier/homeb/water_cluster/pbe0dz/test375/coloumb/test375_9_11.sh to Slurm scheduler
water_cluster/pbe0dz/test375/coloumb
2976/76651 = submitted job /home/boittier/homeb/water_cluster/pbe0dz/test375/coloumb/test375_9_12.sh to Slurm scheduler
water_cluster/pbe0dz/test375/coloumb
2977/76651 = submitted job /home/boittier/homeb/water_cluster/pbe0dz/test375/coloumb/test375_9_13.sh to Slurm scheduler
water_cluster/pbe0dz/test375/coloumb
2978/76651 = submitted job /home/boittier/homeb/water_cluster/pbe0dz/test375/coloumb/test375_9_14.sh to Slurm scheduler
water_cluster/pbe0dz/test375/coloumb
2979/76651 = submitted job /home/boittier/homeb/water_cluster/pbe0dz/test375/coloumb/test375_9_15.sh to Slurm scheduler
water_cluster/pbe0dz/test375/coloumb
2980/76651 = submitted job /home/boittier/homeb/water_cluster/pbe0dz/test375/coloumb/test375_9_16.sh to Slurm scheduler
water_cluster/pbe0dz/test375/coloumb
2981/76651 = submitted job /home/boittier/homeb/water_cluster/pbe0dz/test375/coloumb/test375_9_17.sh to Slurm scheduler
water_cluster/pbe0dz/test375/coloumb
2982/76651 = submitted job /home/boittier/homeb/water_cluster/pbe0dz/test375/coloumb/test375_9_18.sh to Slurm scheduler
water_cluster/pbe0dz/test375/coloumb
2983/76651 = submitted job /home/boittier/homeb/water_cluster/pbe0dz/test375/coloumb/test375_9_19.sh to Slurm scheduler
water_cluster/pbe0dz/test375/coloumb
2984/76651 = submitted job /home/boittier/homeb/water_cluster/pbe0dz/test375/coloumb/test375_9_20.sh to Slurm scheduler
water_cluster/pbe0dz/test375/coloumb
2985/76651 = submitted job /home/boittier/homeb/water_cluster/pbe0dz/test375/coloumb/test375_10_11.sh to Slurm scheduler
water_cluster/pbe0dz/test375/coloumb
2986/76651 = submitted job /home/boittier/homeb/water_cluster/pbe0dz/test375/coloumb/test375_10_12.sh to Slurm scheduler
water_cluster/pbe0dz/test375/coloumb
2987/76651 = submitted job /home/boittier/homeb/water_cluster/pbe0dz/test375/coloumb/test375_10_13.sh to Slurm scheduler
water_cluster/pbe0dz/test375/coloumb
2988/76651 = submitted job /home/boittier/homeb/water_cluster/pbe0dz/test375/coloumb/test375_10_14.sh to Slurm scheduler
water_cluster/pbe0dz/test375/coloumb
2989/76651 = submitted job /home/boittier/homeb/water_cluster/pbe0dz/test375/coloumb/test375_10_15.sh to Slurm scheduler
water_cluster/pbe0dz/test375/coloumb
2990/76651 = submitted job /home/boittier/homeb/water_cluster/pbe0dz/test375/coloumb/test375_10_16.sh to Slurm scheduler
water_cluster/pbe0dz/test375/coloumb
2991/76651 = submitted job /home/boittier/homeb/water_cluster/pbe0dz/test375/coloumb/test375_10_17.sh to Slurm scheduler
water_cluster/pbe0dz/test375/coloumb
2992/76651 = submitted job /home/boittier/homeb/water_cluster/pbe0dz/test375/coloumb/test375_10_18.sh to Slurm scheduler
water_cluster/pbe0dz/test375/coloumb
2993/76651 = submitted job /home/boittier/homeb/water_cluster/pbe0dz/test375/coloumb/test375_10_19.sh to Slurm scheduler
water_cluster/pbe0dz/test375/coloumb
2994/76651 = submitted job /home/boittier/homeb/water_cluster/pbe0dz/test375/coloumb/test375_10_20.sh to Slurm scheduler
water_cluster/pbe0dz/test375/coloumb
2995/76651 = submitted job /home/boittier/homeb/water_cluster/pbe0dz/test375/coloumb/test375_11_12.sh to Slurm scheduler
water_cluster/pbe0dz/test375/coloumb
2996/76651 = submitted job /home/boittier/homeb/water_cluster/pbe0dz/test375/coloumb/test375_11_13.sh to Slurm scheduler
water_cluster/pbe0dz/test375/coloumb
2997/76651 = submitted job /home/boittier/homeb/water_cluster/pbe0dz/test375/coloumb/test375_11_14.sh to Slurm scheduler
water_cluster/pbe0dz/test375/coloumb
2998/76651 = submitted job /home/boittier/homeb/water_cluster/pbe0dz/test375/coloumb/test375_11_15.sh to Slurm scheduler
water_cluster/pbe0dz/test375/coloumb
2999/76651 = submitted job /home/boittier/homeb/water_cluster/pbe0dz/test375/coloumb/test375_11_16.sh to Slurm scheduler
water_cluster/pbe0dz/test375/coloumb
3000/76651 = submitted job /home/boittier/homeb/water_cluster/pbe0dz/test375/coloumb/test375_11_17.sh to Slurm scheduler
water_cluster/pbe0dz/test375/coloumb
3001/76651 = submitted job /home/boittier/homeb/water_cluster/pbe0dz/test375/coloumb/test375_11_18.sh to Slurm scheduler
water_cluster/pbe0dz/test375/coloumb
3002/76651 = submitted job /home/boittier/homeb/water_cluster/pbe0dz/test375/coloumb/test375_11_19.sh to Slurm scheduler
water_cluster/pbe0dz/test375/coloumb
3003/76651 = submitted job /home/boittier/homeb/water_cluster/pbe0dz/test375/coloumb/test375_11_20.sh to Slurm scheduler
water_cluster/pbe0dz/test375/coloumb
3004/76651 = submitted job /home/boittier/homeb/water_cluster/pbe0dz/test375/coloumb/test375_12_13.sh to Slurm scheduler
water_cluster/pbe0dz/test375/coloumb
3005/76651 = submitted job /home/boittier/homeb/water_cluster/pbe0dz/test375/coloumb/test375_12_14.sh to Slurm scheduler
water_cluster/pbe0dz/test375/coloumb
3006/76651 = submitted job /home/boittier/homeb/water_cluster/pbe0dz/test375/coloumb/test375_12_15.sh to Slurm scheduler
water_cluster/pbe0dz/test375/coloumb
3007/76651 = submitted job /home/boittier/homeb/water_cluster/pbe0dz/test375/coloumb/test375_12_16.sh to Slurm scheduler
water_cluster/pbe0dz/test375/coloumb
3008/76651 = submitted job /home/boittier/homeb/water_cluster/pbe0dz/test375/coloumb/test375_12_17.sh to Slurm scheduler
water_cluster/pbe0dz/test375/coloumb
3009/76651 = submitted job /home/boittier/homeb/water_cluster/pbe0dz/test375/coloumb/test375_12_18.sh to Slurm scheduler
water_cluster/pbe0dz/test375/coloumb
3010/76651 = submitted job /home/boittier/homeb/water_cluster/pbe0dz/test375/coloumb/test375_12_19.sh to Slurm scheduler
water_cluster/pbe0dz/test375/coloumb
3011/76651 = submitted job /home/boittier/homeb/water_cluster/pbe0dz/test375/coloumb/test375_12_20.sh to Slurm scheduler
water_cluster/pbe0dz/test375/coloumb
3012/76651 = submitted job /home/boittier/homeb/water_cluster/pbe0dz/test375/coloumb/test375_13_14.sh to Slurm scheduler
water_cluster/pbe0dz/test375/coloumb
3013/76651 = submitted job /home/boittier/homeb/water_cluster/pbe0dz/test375/coloumb/test375_13_15.sh to Slurm scheduler
water_cluster/pbe0dz/test375/coloumb
3014/76651 = submitted job /home/boittier/homeb/water_cluster/pbe0dz/test375/coloumb/test375_13_16.sh to Slurm scheduler
water_cluster/pbe0dz/test375/coloumb
3015/76651 = submitted job /home/boittier/homeb/water_cluster/pbe0dz/test375/coloumb/test375_13_17.sh to Slurm scheduler
water_cluster/pbe0dz/test375/coloumb
3016/76651 = submitted job /home/boittier/homeb/water_cluster/pbe0dz/test375/coloumb/test375_13_18.sh to Slurm scheduler
water_cluster/pbe0dz/test375/coloumb
3017/76651 = submitted job /home/boittier/homeb/water_cluster/pbe0dz/test375/coloumb/test375_13_19.sh to Slurm scheduler
water_cluster/pbe0dz/test375/coloumb
3018/76651 = submitted job /home/boittier/homeb/water_cluster/pbe0dz/test375/coloumb/test375_13_20.sh to Slurm scheduler
water_cluster/pbe0dz/test375/coloumb
3019/76651 = submitted job /home/boittier/homeb/water_cluster/pbe0dz/test375/coloumb/test375_14_15.sh to Slurm scheduler
water_cluster/pbe0dz/test375/coloumb
3020/76651 = submitted job /home/boittier/homeb/water_cluster/pbe0dz/test375/coloumb/test375_14_16.sh to Slurm scheduler
water_cluster/pbe0dz/test375/coloumb
3021/76651 = submitted job /home/boittier/homeb/water_cluster/pbe0dz/test375/coloumb/test375_14_17.sh to Slurm scheduler
water_cluster/pbe0dz/test375/coloumb
3022/76651 = submitted job /home/boittier/homeb/water_cluster/pbe0dz/test375/coloumb/test375_14_18.sh to Slurm scheduler
water_cluster/pbe0dz/test375/coloumb
3023/76651 = submitted job /home/boittier/homeb/water_cluster/pbe0dz/test375/coloumb/test375_14_19.sh to Slurm scheduler
water_cluster/pbe0dz/test375/coloumb
3024/76651 = submitted job /home/boittier/homeb/water_cluster/pbe0dz/test375/coloumb/test375_14_20.sh to Slurm scheduler
water_cluster/pbe0dz/test375/coloumb
3025/76651 = submitted job /home/boittier/homeb/water_cluster/pbe0dz/test375/coloumb/test375_15_16.sh to Slurm scheduler
water_cluster/pbe0dz/test375/coloumb
3026/76651 = submitted job /home/boittier/homeb/water_cluster/pbe0dz/test375/coloumb/test375_15_17.sh to Slurm scheduler
water_cluster/pbe0dz/test375/coloumb
3027/76651 = submitted job /home/boittier/homeb/water_cluster/pbe0dz/test375/coloumb/test375_15_18.sh to Slurm scheduler
water_cluster/pbe0dz/test375/coloumb
3028/76651 = submitted job /home/boittier/homeb/water_cluster/pbe0dz/test375/coloumb/test375_15_19.sh to Slurm scheduler
water_cluster/pbe0dz/test375/coloumb
3029/76651 = submitted job /home/boittier/homeb/water_cluster/pbe0dz/test375/coloumb/test375_15_20.sh to Slurm scheduler
water_cluster/pbe0dz/test375/coloumb
3030/76651 = submitted job /home/boittier/homeb/water_cluster/pbe0dz/test375/coloumb/test375_16_17.sh to Slurm scheduler
water_cluster/pbe0dz/test375/coloumb
3031/76651 = submitted job /home/boittier/homeb/water_cluster/pbe0dz/test375/coloumb/test375_16_18.sh to Slurm scheduler
water_cluster/pbe0dz/test375/coloumb
3032/76651 = submitted job /home/boittier/homeb/water_cluster/pbe0dz/test375/coloumb/test375_16_19.sh to Slurm scheduler
water_cluster/pbe0dz/test375/coloumb
3033/76651 = submitted job /home/boittier/homeb/water_cluster/pbe0dz/test375/coloumb/test375_16_20.sh to Slurm scheduler
water_cluster/pbe0dz/test375/coloumb
3034/76651 = submitted job /home/boittier/homeb/water_cluster/pbe0dz/test375/coloumb/test375_17_18.sh to Slurm scheduler
water_cluster/pbe0dz/test375/coloumb
3035/76651 = submitted job /home/boittier/homeb/water_cluster/pbe0dz/test375/coloumb/test375_17_19.sh to Slurm scheduler
water_cluster/pbe0dz/test375/coloumb
3036/76651 = submitted job /home/boittier/homeb/water_cluster/pbe0dz/test375/coloumb/test375_17_20.sh to Slurm scheduler
water_cluster/pbe0dz/test375/coloumb
3037/76651 = submitted job /home/boittier/homeb/water_cluster/pbe0dz/test375/coloumb/test375_18_19.sh to Slurm scheduler
water_cluster/pbe0dz/test375/coloumb
3038/76651 = submitted job /home/boittier/homeb/water_cluster/pbe0dz/test375/coloumb/test375_18_20.sh to Slurm scheduler
water_cluster/pbe0dz/test375/coloumb
3039/76651 = submitted job /home/boittier/homeb/water_cluster/pbe0dz/test375/coloumb/test375_19_20.sh to Slurm scheduler
water_cluster/pbe0dz/test227/coloumb
3040/76651 = submitted job /home/boittier/homeb/water_cluster/pbe0dz/test227/coloumb/test227_1_2.sh to Slurm scheduler
water_cluster/pbe0dz/test227/coloumb
3041/76651 = submitted job /home/boittier/homeb/water_cluster/pbe0dz/test227/coloumb/test227_1_3.sh to Slurm scheduler
water_cluster/pbe0dz/test227/coloumb
3042/76651 = submitted job /home/boittier/homeb/water_cluster/pbe0dz/test227/coloumb/test227_1_4.sh to Slurm scheduler
water_cluster/pbe0dz/test227/coloumb
3043/76651 = submitted job /home/boittier/homeb/water_cluster/pbe0dz/test227/coloumb/test227_1_5.sh to Slurm scheduler
water_cluster/pbe0dz/test227/coloumb
3044/76651 = submitted job /home/boittier/homeb/water_cluster/pbe0dz/test227/coloumb/test227_1_6.sh to Slurm scheduler
water_cluster/pbe0dz/test227/coloumb
3045/76651 = submitted job /home/boittier/homeb/water_cluster/pbe0dz/test227/coloumb/test227_1_7.sh to Slurm scheduler
water_cluster/pbe0dz/test227/coloumb
3046/76651 = submitted job /home/boittier/homeb/water_cluster/pbe0dz/test227/coloumb/test227_1_8.sh to Slurm scheduler
water_cluster/pbe0dz/test227/coloumb
3047/76651 = submitted job /home/boittier/homeb/water_cluster/pbe0dz/test227/coloumb/test227_1_9.sh to Slurm scheduler
water_cluster/pbe0dz/test227/coloumb
3048/76651 = submitted job /home/boittier/homeb/water_cluster/pbe0dz/test227/coloumb/test227_1_10.sh to Slurm scheduler
water_cluster/pbe0dz/test227/coloumb
3049/76651 = submitted job /home/boittier/homeb/water_cluster/pbe0dz/test227/coloumb/test227_1_11.sh to Slurm scheduler
water_cluster/pbe0dz/test227/coloumb
3050/76651 = submitted job /home/boittier/homeb/water_cluster/pbe0dz/test227/coloumb/test227_1_12.sh to Slurm scheduler
water_cluster/pbe0dz/test227/coloumb
3051/76651 = submitted job /home/boittier/homeb/water_cluster/pbe0dz/test227/coloumb/test227_1_13.sh to Slurm scheduler
water_cluster/pbe0dz/test227/coloumb
3052/76651 = submitted job /home/boittier/homeb/water_cluster/pbe0dz/test227/coloumb/test227_1_14.sh to Slurm scheduler
water_cluster/pbe0dz/test227/coloumb
3053/76651 = submitted job /home/boittier/homeb/water_cluster/pbe0dz/test227/coloumb/test227_1_15.sh to Slurm scheduler
water_cluster/pbe0dz/test227/coloumb
3054/76651 = submitted job /home/boittier/homeb/water_cluster/pbe0dz/test227/coloumb/test227_1_16.sh to Slurm scheduler
water_cluster/pbe0dz/test227/coloumb
3055/76651 = submitted job /home/boittier/homeb/water_cluster/pbe0dz/test227/coloumb/test227_1_17.sh to Slurm scheduler
water_cluster/pbe0dz/test227/coloumb
3056/76651 = submitted job /home/boittier/homeb/water_cluster/pbe0dz/test227/coloumb/test227_1_18.sh to Slurm scheduler
water_cluster/pbe0dz/test227/coloumb
3057/76651 = submitted job /home/boittier/homeb/water_cluster/pbe0dz/test227/coloumb/test227_1_19.sh to Slurm scheduler
water_cluster/pbe0dz/test227/coloumb
3058/76651 = submitted job /home/boittier/homeb/water_cluster/pbe0dz/test227/coloumb/test227_1_20.sh to Slurm scheduler
water_cluster/pbe0dz/test227/coloumb
3059/76651 = submitted job /home/boittier/homeb/water_cluster/pbe0dz/test227/coloumb/test227_2_3.sh to Slurm scheduler
water_cluster/pbe0dz/test227/coloumb
3060/76651 = submitted job /home/boittier/homeb/water_cluster/pbe0dz/test227/coloumb/test227_2_4.sh to Slurm scheduler
water_cluster/pbe0dz/test227/coloumb
3061/76651 = submitted job /home/boittier/homeb/water_cluster/pbe0dz/test227/coloumb/test227_2_5.sh to Slurm scheduler
water_cluster/pbe0dz/test227/coloumb
3062/76651 = submitted job /home/boittier/homeb/water_cluster/pbe0dz/test227/coloumb/test227_2_6.sh to Slurm scheduler
water_cluster/pbe0dz/test227/coloumb
3063/76651 = submitted job /home/boittier/homeb/water_cluster/pbe0dz/test227/coloumb/test227_2_7.sh to Slurm scheduler
water_cluster/pbe0dz/test227/coloumb
3064/76651 = submitted job /home/boittier/homeb/water_cluster/pbe0dz/test227/coloumb/test227_2_8.sh to Slurm scheduler
water_cluster/pbe0dz/test227/coloumb
3065/76651 = submitted job /home/boittier/homeb/water_cluster/pbe0dz/test227/coloumb/test227_2_9.sh to Slurm scheduler
water_cluster/pbe0dz/test227/coloumb
3066/76651 = submitted job /home/boittier/homeb/water_cluster/pbe0dz/test227/coloumb/test227_2_10.sh to Slurm scheduler
water_cluster/pbe0dz/test227/coloumb
3067/76651 = submitted job /home/boittier/homeb/water_cluster/pbe0dz/test227/coloumb/test227_2_11.sh to Slurm scheduler
water_cluster/pbe0dz/test227/coloumb
3068/76651 = submitted job /home/boittier/homeb/water_cluster/pbe0dz/test227/coloumb/test227_2_12.sh to Slurm scheduler
water_cluster/pbe0dz/test227/coloumb
3069/76651 = submitted job /home/boittier/homeb/water_cluster/pbe0dz/test227/coloumb/test227_2_13.sh to Slurm scheduler
water_cluster/pbe0dz/test227/coloumb
3070/76651 = submitted job /home/boittier/homeb/water_cluster/pbe0dz/test227/coloumb/test227_2_14.sh to Slurm scheduler
water_cluster/pbe0dz/test227/coloumb
3071/76651 = submitted job /home/boittier/homeb/water_cluster/pbe0dz/test227/coloumb/test227_2_15.sh to Slurm scheduler
water_cluster/pbe0dz/test227/coloumb
3072/76651 = submitted job /home/boittier/homeb/water_cluster/pbe0dz/test227/coloumb/test227_2_16.sh to Slurm scheduler
water_cluster/pbe0dz/test227/coloumb
3073/76651 = submitted job /home/boittier/homeb/water_cluster/pbe0dz/test227/coloumb/test227_2_17.sh to Slurm scheduler
water_cluster/pbe0dz/test227/coloumb
3074/76651 = submitted job /home/boittier/homeb/water_cluster/pbe0dz/test227/coloumb/test227_2_18.sh to Slurm scheduler
water_cluster/pbe0dz/test227/coloumb
3075/76651 = submitted job /home/boittier/homeb/water_cluster/pbe0dz/test227/coloumb/test227_2_19.sh to Slurm scheduler
water_cluster/pbe0dz/test227/coloumb
3076/76651 = submitted job /home/boittier/homeb/water_cluster/pbe0dz/test227/coloumb/test227_2_20.sh to Slurm scheduler
water_cluster/pbe0dz/test227/coloumb
3077/76651 = submitted job /home/boittier/homeb/water_cluster/pbe0dz/test227/coloumb/test227_3_4.sh to Slurm scheduler
water_cluster/pbe0dz/test227/coloumb
3078/76651 = submitted job /home/boittier/homeb/water_cluster/pbe0dz/test227/coloumb/test227_3_5.sh to Slurm scheduler
water_cluster/pbe0dz/test227/coloumb
3079/76651 = submitted job /home/boittier/homeb/water_cluster/pbe0dz/test227/coloumb/test227_3_6.sh to Slurm scheduler
water_cluster/pbe0dz/test227/coloumb
3080/76651 = submitted job /home/boittier/homeb/water_cluster/pbe0dz/test227/coloumb/test227_3_7.sh to Slurm scheduler
water_cluster/pbe0dz/test227/coloumb
3081/76651 = submitted job /home/boittier/homeb/water_cluster/pbe0dz/test227/coloumb/test227_3_8.sh to Slurm scheduler
water_cluster/pbe0dz/test227/coloumb
3082/76651 = submitted job /home/boittier/homeb/water_cluster/pbe0dz/test227/coloumb/test227_3_9.sh to Slurm scheduler
water_cluster/pbe0dz/test227/coloumb
3083/76651 = submitted job /home/boittier/homeb/water_cluster/pbe0dz/test227/coloumb/test227_3_10.sh to Slurm scheduler
water_cluster/pbe0dz/test227/coloumb
3084/76651 = submitted job /home/boittier/homeb/water_cluster/pbe0dz/test227/coloumb/test227_3_11.sh to Slurm scheduler
water_cluster/pbe0dz/test227/coloumb
3085/76651 = submitted job /home/boittier/homeb/water_cluster/pbe0dz/test227/coloumb/test227_3_12.sh to Slurm scheduler
water_cluster/pbe0dz/test227/coloumb
3086/76651 = submitted job /home/boittier/homeb/water_cluster/pbe0dz/test227/coloumb/test227_3_13.sh to Slurm scheduler
water_cluster/pbe0dz/test227/coloumb
3087/76651 = submitted job /home/boittier/homeb/water_cluster/pbe0dz/test227/coloumb/test227_3_14.sh to Slurm scheduler
water_cluster/pbe0dz/test227/coloumb
3088/76651 = submitted job /home/boittier/homeb/water_cluster/pbe0dz/test227/coloumb/test227_3_15.sh to Slurm scheduler
water_cluster/pbe0dz/test227/coloumb
3089/76651 = submitted job /home/boittier/homeb/water_cluster/pbe0dz/test227/coloumb/test227_3_16.sh to Slurm scheduler
water_cluster/pbe0dz/test227/coloumb
3090/76651 = submitted job /home/boittier/homeb/water_cluster/pbe0dz/test227/coloumb/test227_3_17.sh to Slurm scheduler
water_cluster/pbe0dz/test227/coloumb
3091/76651 = submitted job /home/boittier/homeb/water_cluster/pbe0dz/test227/coloumb/test227_3_18.sh to Slurm scheduler
water_cluster/pbe0dz/test227/coloumb
3092/76651 = submitted job /home/boittier/homeb/water_cluster/pbe0dz/test227/coloumb/test227_3_19.sh to Slurm scheduler
water_cluster/pbe0dz/test227/coloumb
3093/76651 = submitted job /home/boittier/homeb/water_cluster/pbe0dz/test227/coloumb/test227_3_20.sh to Slurm scheduler
water_cluster/pbe0dz/test227/coloumb
3094/76651 = submitted job /home/boittier/homeb/water_cluster/pbe0dz/test227/coloumb/test227_4_5.sh to Slurm scheduler
water_cluster/pbe0dz/test227/coloumb
3095/76651 = submitted job /home/boittier/homeb/water_cluster/pbe0dz/test227/coloumb/test227_4_6.sh to Slurm scheduler
water_cluster/pbe0dz/test227/coloumb
3096/76651 = submitted job /home/boittier/homeb/water_cluster/pbe0dz/test227/coloumb/test227_4_7.sh to Slurm scheduler
water_cluster/pbe0dz/test227/coloumb
3097/76651 = submitted job /home/boittier/homeb/water_cluster/pbe0dz/test227/coloumb/test227_4_8.sh to Slurm scheduler
water_cluster/pbe0dz/test227/coloumb
3098/76651 = submitted job /home/boittier/homeb/water_cluster/pbe0dz/test227/coloumb/test227_4_9.sh to Slurm scheduler
water_cluster/pbe0dz/test227/coloumb
3099/76651 = submitted job /home/boittier/homeb/water_cluster/pbe0dz/test227/coloumb/test227_4_10.sh to Slurm scheduler
water_cluster/pbe0dz/test227/coloumb
3100/76651 = submitted job /home/boittier/homeb/water_cluster/pbe0dz/test227/coloumb/test227_4_11.sh to Slurm scheduler
water_cluster/pbe0dz/test227/coloumb
3101/76651 = submitted job /home/boittier/homeb/water_cluster/pbe0dz/test227/coloumb/test227_4_12.sh to Slurm scheduler
water_cluster/pbe0dz/test227/coloumb
3102/76651 = submitted job /home/boittier/homeb/water_cluster/pbe0dz/test227/coloumb/test227_4_13.sh to Slurm scheduler
water_cluster/pbe0dz/test227/coloumb
3103/76651 = submitted job /home/boittier/homeb/water_cluster/pbe0dz/test227/coloumb/test227_4_14.sh to Slurm scheduler
water_cluster/pbe0dz/test227/coloumb
3104/76651 = submitted job /home/boittier/homeb/water_cluster/pbe0dz/test227/coloumb/test227_4_15.sh to Slurm scheduler
water_cluster/pbe0dz/test227/coloumb
3105/76651 = submitted job /home/boittier/homeb/water_cluster/pbe0dz/test227/coloumb/test227_4_16.sh to Slurm scheduler
water_cluster/pbe0dz/test227/coloumb
3106/76651 = submitted job /home/boittier/homeb/water_cluster/pbe0dz/test227/coloumb/test227_4_17.sh to Slurm scheduler
water_cluster/pbe0dz/test227/coloumb
3107/76651 = submitted job /home/boittier/homeb/water_cluster/pbe0dz/test227/coloumb/test227_4_18.sh to Slurm scheduler
water_cluster/pbe0dz/test227/coloumb
3108/76651 = submitted job /home/boittier/homeb/water_cluster/pbe0dz/test227/coloumb/test227_4_19.sh to Slurm scheduler
water_cluster/pbe0dz/test227/coloumb
3109/76651 = submitted job /home/boittier/homeb/water_cluster/pbe0dz/test227/coloumb/test227_4_20.sh to Slurm scheduler
water_cluster/pbe0dz/test227/coloumb
3110/76651 = submitted job /home/boittier/homeb/water_cluster/pbe0dz/test227/coloumb/test227_5_6.sh to Slurm scheduler
water_cluster/pbe0dz/test227/coloumb
3111/76651 = submitted job /home/boittier/homeb/water_cluster/pbe0dz/test227/coloumb/test227_5_7.sh to Slurm scheduler
water_cluster/pbe0dz/test227/coloumb
3112/76651 = submitted job /home/boittier/homeb/water_cluster/pbe0dz/test227/coloumb/test227_5_8.sh to Slurm scheduler
water_cluster/pbe0dz/test227/coloumb
3113/76651 = submitted job /home/boittier/homeb/water_cluster/pbe0dz/test227/coloumb/test227_5_9.sh to Slurm scheduler
water_cluster/pbe0dz/test227/coloumb
3114/76651 = submitted job /home/boittier/homeb/water_cluster/pbe0dz/test227/coloumb/test227_5_10.sh to Slurm scheduler
water_cluster/pbe0dz/test227/coloumb
3115/76651 = submitted job /home/boittier/homeb/water_cluster/pbe0dz/test227/coloumb/test227_5_11.sh to Slurm scheduler
water_cluster/pbe0dz/test227/coloumb
3116/76651 = submitted job /home/boittier/homeb/water_cluster/pbe0dz/test227/coloumb/test227_5_12.sh to Slurm scheduler
water_cluster/pbe0dz/test227/coloumb
3117/76651 = submitted job /home/boittier/homeb/water_cluster/pbe0dz/test227/coloumb/test227_5_13.sh to Slurm scheduler
water_cluster/pbe0dz/test227/coloumb
3118/76651 = submitted job /home/boittier/homeb/water_cluster/pbe0dz/test227/coloumb/test227_5_14.sh to Slurm scheduler
water_cluster/pbe0dz/test227/coloumb
3119/76651 = submitted job /home/boittier/homeb/water_cluster/pbe0dz/test227/coloumb/test227_5_15.sh to Slurm scheduler
water_cluster/pbe0dz/test227/coloumb
3120/76651 = submitted job /home/boittier/homeb/water_cluster/pbe0dz/test227/coloumb/test227_5_16.sh to Slurm scheduler
water_cluster/pbe0dz/test227/coloumb
3121/76651 = submitted job /home/boittier/homeb/water_cluster/pbe0dz/test227/coloumb/test227_5_17.sh to Slurm scheduler
water_cluster/pbe0dz/test227/coloumb
3122/76651 = submitted job /home/boittier/homeb/water_cluster/pbe0dz/test227/coloumb/test227_5_18.sh to Slurm scheduler
water_cluster/pbe0dz/test227/coloumb
3123/76651 = submitted job /home/boittier/homeb/water_cluster/pbe0dz/test227/coloumb/test227_5_19.sh to Slurm scheduler
water_cluster/pbe0dz/test227/coloumb
3124/76651 = submitted job /home/boittier/homeb/water_cluster/pbe0dz/test227/coloumb/test227_5_20.sh to Slurm scheduler
water_cluster/pbe0dz/test227/coloumb
3125/76651 = submitted job /home/boittier/homeb/water_cluster/pbe0dz/test227/coloumb/test227_6_7.sh to Slurm scheduler
water_cluster/pbe0dz/test227/coloumb
3126/76651 = submitted job /home/boittier/homeb/water_cluster/pbe0dz/test227/coloumb/test227_6_8.sh to Slurm scheduler
water_cluster/pbe0dz/test227/coloumb
3127/76651 = submitted job /home/boittier/homeb/water_cluster/pbe0dz/test227/coloumb/test227_6_9.sh to Slurm scheduler
water_cluster/pbe0dz/test227/coloumb
3128/76651 = submitted job /home/boittier/homeb/water_cluster/pbe0dz/test227/coloumb/test227_6_10.sh to Slurm scheduler
water_cluster/pbe0dz/test227/coloumb
3129/76651 = submitted job /home/boittier/homeb/water_cluster/pbe0dz/test227/coloumb/test227_6_11.sh to Slurm scheduler
water_cluster/pbe0dz/test227/coloumb
3130/76651 = submitted job /home/boittier/homeb/water_cluster/pbe0dz/test227/coloumb/test227_6_12.sh to Slurm scheduler
water_cluster/pbe0dz/test227/coloumb
3131/76651 = submitted job /home/boittier/homeb/water_cluster/pbe0dz/test227/coloumb/test227_6_13.sh to Slurm scheduler
water_cluster/pbe0dz/test227/coloumb
3132/76651 = submitted job /home/boittier/homeb/water_cluster/pbe0dz/test227/coloumb/test227_6_14.sh to Slurm scheduler
water_cluster/pbe0dz/test227/coloumb
3133/76651 = submitted job /home/boittier/homeb/water_cluster/pbe0dz/test227/coloumb/test227_6_15.sh to Slurm scheduler
water_cluster/pbe0dz/test227/coloumb
3134/76651 = submitted job /home/boittier/homeb/water_cluster/pbe0dz/test227/coloumb/test227_6_16.sh to Slurm scheduler
water_cluster/pbe0dz/test227/coloumb
3135/76651 = submitted job /home/boittier/homeb/water_cluster/pbe0dz/test227/coloumb/test227_6_17.sh to Slurm scheduler
water_cluster/pbe0dz/test227/coloumb
3136/76651 = submitted job /home/boittier/homeb/water_cluster/pbe0dz/test227/coloumb/test227_6_18.sh to Slurm scheduler
water_cluster/pbe0dz/test227/coloumb
3137/76651 = submitted job /home/boittier/homeb/water_cluster/pbe0dz/test227/coloumb/test227_6_19.sh to Slurm scheduler
water_cluster/pbe0dz/test227/coloumb
3138/76651 = submitted job /home/boittier/homeb/water_cluster/pbe0dz/test227/coloumb/test227_6_20.sh to Slurm scheduler
water_cluster/pbe0dz/test227/coloumb
3139/76651 = submitted job /home/boittier/homeb/water_cluster/pbe0dz/test227/coloumb/test227_7_8.sh to Slurm scheduler
water_cluster/pbe0dz/test227/coloumb
3140/76651 = submitted job /home/boittier/homeb/water_cluster/pbe0dz/test227/coloumb/test227_7_9.sh to Slurm scheduler
water_cluster/pbe0dz/test227/coloumb
3141/76651 = submitted job /home/boittier/homeb/water_cluster/pbe0dz/test227/coloumb/test227_7_10.sh to Slurm scheduler
water_cluster/pbe0dz/test227/coloumb
3142/76651 = submitted job /home/boittier/homeb/water_cluster/pbe0dz/test227/coloumb/test227_7_11.sh to Slurm scheduler
water_cluster/pbe0dz/test227/coloumb
3143/76651 = submitted job /home/boittier/homeb/water_cluster/pbe0dz/test227/coloumb/test227_7_12.sh to Slurm scheduler
water_cluster/pbe0dz/test227/coloumb
3144/76651 = submitted job /home/boittier/homeb/water_cluster/pbe0dz/test227/coloumb/test227_7_13.sh to Slurm scheduler
water_cluster/pbe0dz/test227/coloumb
3145/76651 = submitted job /home/boittier/homeb/water_cluster/pbe0dz/test227/coloumb/test227_7_14.sh to Slurm scheduler
water_cluster/pbe0dz/test227/coloumb
3146/76651 = submitted job /home/boittier/homeb/water_cluster/pbe0dz/test227/coloumb/test227_7_15.sh to Slurm scheduler
water_cluster/pbe0dz/test227/coloumb
3147/76651 = submitted job /home/boittier/homeb/water_cluster/pbe0dz/test227/coloumb/test227_7_16.sh to Slurm scheduler
water_cluster/pbe0dz/test227/coloumb
3148/76651 = submitted job /home/boittier/homeb/water_cluster/pbe0dz/test227/coloumb/test227_7_17.sh to Slurm scheduler
water_cluster/pbe0dz/test227/coloumb
3149/76651 = submitted job /home/boittier/homeb/water_cluster/pbe0dz/test227/coloumb/test227_7_18.sh to Slurm scheduler
water_cluster/pbe0dz/test227/coloumb
3150/76651 = submitted job /home/boittier/homeb/water_cluster/pbe0dz/test227/coloumb/test227_7_19.sh to Slurm scheduler
water_cluster/pbe0dz/test227/coloumb
3151/76651 = submitted job /home/boittier/homeb/water_cluster/pbe0dz/test227/coloumb/test227_7_20.sh to Slurm scheduler
water_cluster/pbe0dz/test227/coloumb
3152/76651 = submitted job /home/boittier/homeb/water_cluster/pbe0dz/test227/coloumb/test227_8_9.sh to Slurm scheduler
water_cluster/pbe0dz/test227/coloumb
3153/76651 = submitted job /home/boittier/homeb/water_cluster/pbe0dz/test227/coloumb/test227_8_10.sh to Slurm scheduler
water_cluster/pbe0dz/test227/coloumb
3154/76651 = submitted job /home/boittier/homeb/water_cluster/pbe0dz/test227/coloumb/test227_8_11.sh to Slurm scheduler
water_cluster/pbe0dz/test227/coloumb
3155/76651 = submitted job /home/boittier/homeb/water_cluster/pbe0dz/test227/coloumb/test227_8_12.sh to Slurm scheduler
water_cluster/pbe0dz/test227/coloumb
3156/76651 = submitted job /home/boittier/homeb/water_cluster/pbe0dz/test227/coloumb/test227_8_13.sh to Slurm scheduler
water_cluster/pbe0dz/test227/coloumb
3157/76651 = submitted job /home/boittier/homeb/water_cluster/pbe0dz/test227/coloumb/test227_8_14.sh to Slurm scheduler
water_cluster/pbe0dz/test227/coloumb
3158/76651 = submitted job /home/boittier/homeb/water_cluster/pbe0dz/test227/coloumb/test227_8_15.sh to Slurm scheduler
water_cluster/pbe0dz/test227/coloumb
3159/76651 = submitted job /home/boittier/homeb/water_cluster/pbe0dz/test227/coloumb/test227_8_16.sh to Slurm scheduler
water_cluster/pbe0dz/test227/coloumb
3160/76651 = submitted job /home/boittier/homeb/water_cluster/pbe0dz/test227/coloumb/test227_8_17.sh to Slurm scheduler
water_cluster/pbe0dz/test227/coloumb
3161/76651 = submitted job /home/boittier/homeb/water_cluster/pbe0dz/test227/coloumb/test227_8_18.sh to Slurm scheduler
water_cluster/pbe0dz/test227/coloumb
3162/76651 = submitted job /home/boittier/homeb/water_cluster/pbe0dz/test227/coloumb/test227_8_19.sh to Slurm scheduler
water_cluster/pbe0dz/test227/coloumb
3163/76651 = submitted job /home/boittier/homeb/water_cluster/pbe0dz/test227/coloumb/test227_8_20.sh to Slurm scheduler
water_cluster/pbe0dz/test227/coloumb
3164/76651 = submitted job /home/boittier/homeb/water_cluster/pbe0dz/test227/coloumb/test227_9_10.sh to Slurm scheduler
water_cluster/pbe0dz/test227/coloumb
3165/76651 = submitted job /home/boittier/homeb/water_cluster/pbe0dz/test227/coloumb/test227_9_11.sh to Slurm scheduler
water_cluster/pbe0dz/test227/coloumb
3166/76651 = submitted job /home/boittier/homeb/water_cluster/pbe0dz/test227/coloumb/test227_9_12.sh to Slurm scheduler
water_cluster/pbe0dz/test227/coloumb
3167/76651 = submitted job /home/boittier/homeb/water_cluster/pbe0dz/test227/coloumb/test227_9_13.sh to Slurm scheduler
water_cluster/pbe0dz/test227/coloumb
3168/76651 = submitted job /home/boittier/homeb/water_cluster/pbe0dz/test227/coloumb/test227_9_14.sh to Slurm scheduler
water_cluster/pbe0dz/test227/coloumb
3169/76651 = submitted job /home/boittier/homeb/water_cluster/pbe0dz/test227/coloumb/test227_9_15.sh to Slurm scheduler
water_cluster/pbe0dz/test227/coloumb
3170/76651 = submitted job /home/boittier/homeb/water_cluster/pbe0dz/test227/coloumb/test227_9_16.sh to Slurm scheduler
water_cluster/pbe0dz/test227/coloumb
3171/76651 = submitted job /home/boittier/homeb/water_cluster/pbe0dz/test227/coloumb/test227_9_17.sh to Slurm scheduler
water_cluster/pbe0dz/test227/coloumb
3172/76651 = submitted job /home/boittier/homeb/water_cluster/pbe0dz/test227/coloumb/test227_9_18.sh to Slurm scheduler
water_cluster/pbe0dz/test227/coloumb
3173/76651 = submitted job /home/boittier/homeb/water_cluster/pbe0dz/test227/coloumb/test227_9_19.sh to Slurm scheduler
water_cluster/pbe0dz/test227/coloumb
3174/76651 = submitted job /home/boittier/homeb/water_cluster/pbe0dz/test227/coloumb/test227_9_20.sh to Slurm scheduler
water_cluster/pbe0dz/test227/coloumb
3175/76651 = submitted job /home/boittier/homeb/water_cluster/pbe0dz/test227/coloumb/test227_10_11.sh to Slurm scheduler
water_cluster/pbe0dz/test227/coloumb
3176/76651 = submitted job /home/boittier/homeb/water_cluster/pbe0dz/test227/coloumb/test227_10_12.sh to Slurm scheduler
water_cluster/pbe0dz/test227/coloumb
3177/76651 = submitted job /home/boittier/homeb/water_cluster/pbe0dz/test227/coloumb/test227_10_13.sh to Slurm scheduler
water_cluster/pbe0dz/test227/coloumb
3178/76651 = submitted job /home/boittier/homeb/water_cluster/pbe0dz/test227/coloumb/test227_10_14.sh to Slurm scheduler
water_cluster/pbe0dz/test227/coloumb
3179/76651 = submitted job /home/boittier/homeb/water_cluster/pbe0dz/test227/coloumb/test227_10_15.sh to Slurm scheduler
water_cluster/pbe0dz/test227/coloumb
3180/76651 = submitted job /home/boittier/homeb/water_cluster/pbe0dz/test227/coloumb/test227_10_16.sh to Slurm scheduler
water_cluster/pbe0dz/test227/coloumb
3181/76651 = submitted job /home/boittier/homeb/water_cluster/pbe0dz/test227/coloumb/test227_10_17.sh to Slurm scheduler
water_cluster/pbe0dz/test227/coloumb
3182/76651 = submitted job /home/boittier/homeb/water_cluster/pbe0dz/test227/coloumb/test227_10_18.sh to Slurm scheduler
water_cluster/pbe0dz/test227/coloumb
3183/76651 = submitted job /home/boittier/homeb/water_cluster/pbe0dz/test227/coloumb/test227_10_19.sh to Slurm scheduler
water_cluster/pbe0dz/test227/coloumb
3184/76651 = submitted job /home/boittier/homeb/water_cluster/pbe0dz/test227/coloumb/test227_10_20.sh to Slurm scheduler
water_cluster/pbe0dz/test227/coloumb
3185/76651 = submitted job /home/boittier/homeb/water_cluster/pbe0dz/test227/coloumb/test227_11_12.sh to Slurm scheduler
water_cluster/pbe0dz/test227/coloumb
